******************************************************************************
                  TI ARM Linker PC v20.2.4                     
******************************************************************************
>> Linked Fri Jul 30 13:50:26 2021

OUTPUT FILE NAME:   <BijuBotIMUtesto.out>
ENTRY POINT SYMBOL: "_c_int00_noargs"  address: 00002ad1


MEMORY CONFIGURATION

         name            origin    length      used     unused   attr    fill
----------------------  --------  ---------  --------  --------  ----  --------
  FLASH                 00000000   00040000  00003016  0003cfea  R  X
  SRAM                  20000000   00008000  000003c9  00007c37  RW X


SEGMENT ALLOCATION MAP

run origin  load origin   length   init length attrs members
----------  ----------- ---------- ----------- ----- -------
00000000    00000000    00003020   00003020    r-x
  00000000    00000000    0000026c   0000026c    r-- .intvecs
  0000026c    0000026c    00002b26   00002b26    r-x .text
  00002d98    00002d98    00000254   00000254    r-- .const
  00002ff0    00002ff0    00000030   00000030    r-- .cinit
20000000    20000000    000003cc   00000000    rw-
  20000000    20000000    00000200   00000000    rw- .stack
  20000200    20000200    000001b1   00000000    rw- .bss
  200003b4    200003b4    00000018   00000000    rw- .data


SECTION ALLOCATION MAP

 output                                  attributes/
section   page    origin      length       input sections
--------  ----  ----------  ----------   ----------------
.intvecs   0    00000000    0000026c     
                  00000000    0000026c     tm4c123gh6pm_startup_ccs.obj (.intvecs)

.text      0    0000026c    00002b26     
                  0000026c    00000600     main.obj (.text)
                  0000086c    000004dc     uartstdio.obj (.text)
                  00000d48    000002ec     rtsv7M4_T_le_v4SPD16_eabi.lib : s_atan.c.obj (.text:atan)
                  00001034    000001e8     motor.obj (.text)
                  0000121c    000001d8     rtsv7M4_T_le_v4SPD16_eabi.lib : e_atan2.c.obj (.text:atan2)
                  000013f4    000001c8     encoder.obj (.text)
                  000015bc    000001b6     rtsv7M4_T_le_v4SPD16_eabi.lib : fd_add_t2.asm.obj (.text)
                  00001772    00000002                                   : div0.asm.obj (.text)
                  00001774    00000158                                   : e_sqrt.c.obj (.text:sqrt)
                  000018cc    00000136                                   : fd_div_t2.asm.obj (.text)
                  00001a02    00000132     driverlib.lib : gpio.obj (.text:GPIOPadConfigSet)
                  00001b34    00000110                   : sysctl.obj (.text:SysCtlClockGet)
                  00001c44    000000fc     rtsv7M4_T_le_v4SPD16_eabi.lib : fd_mul_t2.asm.obj (.text)
                  00001d40    000000f2     sensorlib.lib : i2cm_drv.obj (.text:I2CMIntHandler)
                  00001e32    00000002     --HOLE-- [fill = 0]
                  00001e34    000000f0                   : mpu6050.obj (.text:MPU6050Callback)
                  00001f24    0000009c     rtsv7M4_T_le_v4SPD16_eabi.lib : memcpy_t2.asm.obj (.text)
                  00001fc0    00000098     sensorlib.lib : i2cm_drv.obj (.text:I2CMStateIdle)
                  00002058    00000088                   : i2cm_drv.obj (.text:I2CMCommand)
                  000020e0    00000086     rtsv7M4_T_le_v4SPD16_eabi.lib : fd_cmp_t2.asm.obj (.text:__aeabi_cdrcmple)
                  00002166    00000002     --HOLE-- [fill = 0]
                  00002168    00000078     sensorlib.lib : i2cm_drv.obj (.text:I2CMReadModifyWrite8)
                  000021e0    00000070                   : mpu6050.obj (.text:MPU6050DataAccelGetFloat)
                  00002250    00000070                   : mpu6050.obj (.text:MPU6050DataGyroGetFloat)
                  000022c0    0000006e     rtsv7M4_T_le_v4SPD16_eabi.lib : fd_tos_t2.asm.obj (.text)
                  0000232e    00000002     --HOLE-- [fill = 0]
                  00002330    00000068     driverlib.lib : interrupt.obj (.text:IntDisable)
                  00002398    00000068                   : interrupt.obj (.text:IntEnable)
                  00002400    00000068     rtsv7M4_T_le_v4SPD16_eabi.lib : copy_decompress_lzss.c.obj (.text:decompress:lzss:__TI_decompress_lzss)
                  00002468    00000064     driverlib.lib : interrupt.obj (.text:IntIsEnabled)
                  000024cc    00000060     sensorlib.lib : i2cm_drv.obj (.text:I2CMReadModifyWrite8Callback)
                  0000252c    00000060     driverlib.lib : timer.obj (.text:TimerConfigure)
                  0000258c    0000005e     sensorlib.lib : i2cm_drv.obj (.text:I2CMStateWritePause)
                  000025ea    00000002     --HOLE-- [fill = 0]
                  000025ec    0000005c                   : mpu6050.obj (.text:MPU6050Init)
                  00002648    00000054                   : mpu6050.obj (.text:MPU6050DataRead)
                  0000269c    00000050                   : i2cm_drv.obj (.text:I2CMStateWriteFinal)
                  000026ec    00000050     driverlib.lib : sysctl.obj (.text:SysCtlPeripheralReset)
                  0000273c    0000004c                   : i2c.obj (.text:I2CMasterInitExpClk)
                  00002788    0000004c     sensorlib.lib : mpu6050.obj (.text:MPU6050ReadModifyWrite)
                  000027d4    0000004a                   : i2cm_drv.obj (.text:I2CMStateReadNext)
                  0000281e    00000002     --HOLE-- [fill = 0]
                  00002820    00000048     driverlib.lib : gpio.obj (.text:GPIOPinConfigure)
                  00002868    00000048     sensorlib.lib : i2cm_drv.obj (.text:I2CMStateWriteNext)
                  000028b0    00000044                   : i2cm_drv.obj (.text:I2CMStateCallback)
                  000028f4    00000044     rtsv7M4_T_le_v4SPD16_eabi.lib : autoinit.c.obj (.text:__TI_auto_init_nobinit_nopinit:__TI_auto_init_nobinit_nopinit)
                  00002938    00000042     sensorlib.lib : i2cm_drv.obj (.text:I2CMStateReadFinal)
                  0000297a    00000040     rtsv7M4_T_le_v4SPD16_eabi.lib : u_divt2.asm.obj (.text)
                  000029ba    0000003e     sensorlib.lib : i2cm_drv.obj (.text:I2CMStateReadPause)
                  000029f8    00000038     driverlib.lib : sysctl.obj (.text:SysCtlPeripheralReady)
                  00002a30    00000038     rtsv7M4_T_le_v4SPD16_eabi.lib : fs_tod_t2.asm.obj (.text)
                  00002a68    00000034     sensorlib.lib : i2cm_drv.obj (.text:I2CMInit)
                  00002a9c    00000034     driverlib.lib : sysctl.obj (.text:SysCtlPeripheralEnable)
                  00002ad0    00000034     rtsv7M4_T_le_v4SPD16_eabi.lib : boot_cortex_m.c.obj (.text:_c_int00_noargs:_c_int00_noargs)
                  00002b04    0000002a     driverlib.lib : gpio.obj (.text:GPIODirModeSet)
                  00002b2e    0000002a     sensorlib.lib : i2cm_drv.obj (.text:I2CMStateReadFirst)
                  00002b58    00000022     driverlib.lib : pwm.obj (.text:PWMGenConfigure)
                  00002b7a    00000020     sensorlib.lib : i2cm_drv.obj (.text:I2CMStateReadOne)
                  00002b9a    0000001e     driverlib.lib : pwm.obj (.text:PWMPulseWidthSet)
                  00002bb8    0000001c     rtsv7M4_T_le_v4SPD16_eabi.lib : copy_zero_init.c.obj (.text:decompress:ZI:__TI_zero_init_nomemset:__TI_zero_init_nomemset)
                  00002bd4    0000001a     sensorlib.lib : i2cm_drv.obj (.text:I2CMStateReadWait)
                  00002bee    00000002     --HOLE-- [fill = 0]
                  00002bf0    00000014     driverlib.lib : sysctl.obj (.text:SysCtlPWMClockSet)
                  00002c04    00000012                   : gpio.obj (.text:GPIOPinTypeI2C)
                  00002c16    00000012                   : gpio.obj (.text:GPIOPinTypeI2CSCL)
                  00002c28    00000012                   : gpio.obj (.text:GPIOPinTypePWM)
                  00002c3a    00000012                   : gpio.obj (.text:GPIOPinTypeQEI)
                  00002c4c    00000012                   : gpio.obj (.text:GPIOPinTypeUART)
                  00002c5e    00000012                   : pwm.obj (.text:PWMOutputState)
                  00002c70    00000012                   : timer.obj (.text:TimerLoadSet)
                  00002c82    00000010                   : interrupt.obj (.text:IntMasterEnable)
                  00002c92    00000010                   : pwm.obj (.text:PWMGenPeriodSet)
                  00002ca2    0000000e                   : qei.obj (.text:QEIConfigure)
                  00002cb0    0000000e                   : timer.obj (.text:TimerEnable)
                  00002cbe    0000000e     rtsv7M4_T_le_v4SPD16_eabi.lib : copy_decompress_none.c.obj (.text:decompress:none:__TI_decompress_none)
                  00002ccc    0000000c     driverlib.lib : cpu.obj (.text:CPUcpsie)
                  00002cd8    0000000c                   : interrupt.obj (.text:IntTrigger)
                  00002ce4    0000000c                   : pwm.obj (.text:PWMGenEnable)
                  00002cf0    0000000c                   : qei.obj (.text:QEIFilterConfigure)
                  00002cfc    0000000c     tm4c123gh6pm_startup_ccs.obj (.text)
                  00002d08    0000000a     driverlib.lib : i2c.obj (.text:I2CMasterEnable)
                  00002d12    0000000a                   : qei.obj (.text:QEIDisable)
                  00002d1c    0000000a                   : qei.obj (.text:QEIEnable)
                  00002d26    0000000a                   : qei.obj (.text:QEIFilterDisable)
                  00002d30    0000000a                   : qei.obj (.text:QEIFilterEnable)
                  00002d3a    0000000a                   : qei.obj (.text:QEIIntDisable)
                  00002d44    00000008                   : i2c.obj (.text:I2CMasterIntClear)
                  00002d4c    00000008                   : i2c.obj (.text:I2CMasterIntEnableEx)
                  00002d54    00000008                   : i2c.obj (.text:I2CMasterSlaveAddrSet)
                  00002d5c    00000008                   : timer.obj (.text:TimerIntEnable)
                  00002d64    00000008     rtsv7M4_T_le_v4SPD16_eabi.lib : errno.c.obj (.text:__aeabi_errno_addr)
                  00002d6c    00000006     driverlib.lib : uart.obj (.text:UARTClockSourceSet)
                  00002d72    00000004                   : i2c.obj (.text:I2CMasterControl)
                  00002d76    00000004                   : i2c.obj (.text:I2CMasterDataGet)
                  00002d7a    00000004                   : i2c.obj (.text:I2CMasterDataPut)
                  00002d7e    00000004                   : qei.obj (.text:QEIPositionGet)
                  00002d82    00000004                   : qei.obj (.text:QEIPositionSet)
                  00002d86    00000004                   : timer.obj (.text:TimerIntClear)
                  00002d8a    00000004     rtsv7M4_T_le_v4SPD16_eabi.lib : pre_init.c.obj (.text:_system_pre_init)
                  00002d8e    00000004                                   : exit.c.obj (.text:abort:abort)

.const     0    00002d98    00000254     
                  00002d98    00000098     rtsv7M4_T_le_v4SPD16_eabi.lib : s_atan.c.obj (.const:$O1$$)
                  00002e30    00000090     driverlib.lib : gpio.obj (.const:g_pui32GPIOBaseAddrs)
                  00002ec0    00000070                   : interrupt.obj (.const)
                  00002f30    0000006c                   : sysctl.obj (.const:g_pui32Xtals)
                  00002f9c    00000020     sensorlib.lib : mpu6050.obj (.const)
                  00002fbc    00000012     uartstdio.obj (.const:.string)
                  00002fce    00000002     --HOLE-- [fill = 0]
                  00002fd0    0000000c     uartstdio.obj (.const:g_ui32UARTBase)
                  00002fdc    0000000c     uartstdio.obj (.const:g_ui32UARTPeriph)
                  00002fe8    00000004     uartstdio.obj (.const)

.cinit     0    00002ff0    00000030     
                  00002ff0    0000000c     (.cinit..data.load) [load image, compression = lzss]
                  00002ffc    0000000c     (__TI_handler_table)
                  00003008    00000008     (.cinit..bss.load) [load image, compression = zero_init]
                  00003010    00000010     (__TI_cinit_table)

.init_array 
*          0    00000000    00000000     UNINITIALIZED

.bss       0    20000200    000001b1     UNINITIALIZED
                  20000200    00000124     (.common:g_sI2CMSimpleInst)
                  20000324    00000038     (.common:sMPU6050)
                  2000035c    0000000c     (.common:fAccel)
                  20000368    0000000c     (.common:fGyro)
                  20000374    00000004     (.common:E_k_1)
                  20000378    00000004     (.common:axuraw)
                  2000037c    00000004     (.common:ayuraw)
                  20000380    00000004     (.common:azuraw)
                  20000384    00000004     (.common:e_k)
                  20000388    00000004     (.common:e_k_1)
                  2000038c    00000004     (.common:encoder1_pos)
                  20000390    00000004     (.common:encoder1go)
                  20000394    00000004     (.common:inservo)
                  20000398    00000004     (.common:outtoservo)
                  2000039c    00000004     (.common:u_k)
                  200003a0    00000004     (.common:ui32Load)
                  200003a4    00000004     (.common:ui32PWMClock)
                  200003a8    00000004     (.common:ui32Period)
                  200003ac    00000004     (.common:w_k)
                  200003b0    00000001     (.common:g_bMPU6050Done)

.data      0    200003b4    00000018     UNINITIALIZED
                  200003b4    0000000c     main.obj (.data)
                  200003c0    00000005     uartstdio.obj (.data)
                  200003c5    00000003     --HOLE--
                  200003c8    00000004     rtsv7M4_T_le_v4SPD16_eabi.lib : errno.c.obj (.data)

.stack     0    20000000    00000200     UNINITIALIZED
                  20000000    00000004     rtsv7M4_T_le_v4SPD16_eabi.lib : boot_cortex_m.c.obj (.stack)
                  20000004    000001fc     --HOLE--

__llvm_prf_cnts 
*          0    20000000    00000000     UNINITIALIZED

MODULE SUMMARY

       Module                         code    ro data   rw data
       ------                         ----    -------   -------
    .\
       main.obj                       1536    0         445    
       uartstdio.obj                  1244    46        5      
       tm4c123gh6pm_startup_ccs.obj   12      620       0      
       motor.obj                      488     0         0      
       encoder.obj                    456     0         0      
    +--+------------------------------+-------+---------+---------+
       Total:                         3736    666       450    
                                                               
    C:/ti/TivaWare_C_Series-2.1.4.178/driverlib/ccs/Debug/driverlib.lib
       gpio.obj                       510     144       0      
       sysctl.obj                     480     108       0      
       interrupt.obj                  336     112       0      
       timer.obj                      140     0         0      
       i2c.obj                        122     0         0      
       pwm.obj                        110     0         0      
       qei.obj                        84      0         0      
       cpu.obj                        12      0         0      
       uart.obj                       6       0         0      
    +--+------------------------------+-------+---------+---------+
       Total:                         1800    364       0      
                                                               
    C:/ti/TivaWare_C_Series-2.1.4.178/sensorlib/ccs/Debug/sensorlib.lib
       i2cm_drv.obj                   1414    0         0      
       mpu6050.obj                    716     32        0      
    +--+------------------------------+-------+---------+---------+
       Total:                         2130    32        0      
                                                               
    C:\ti\ccs1031\ccs\tools\compiler\ti-cgt-arm_20.2.4.LTS\lib\rtsv7M4_T_le_v4SPD16_eabi.lib
       s_atan.c.obj                   748     152       0      
       e_atan2.c.obj                  472     0         0      
       fd_add_t2.asm.obj              438     0         0      
       e_sqrt.c.obj                   344     0         0      
       fd_div_t2.asm.obj              310     0         0      
       fd_mul_t2.asm.obj              252     0         0      
       memcpy_t2.asm.obj              156     0         0      
       fd_cmp_t2.asm.obj              134     0         0      
       fd_tos_t2.asm.obj              110     0         0      
       copy_decompress_lzss.c.obj     104     0         0      
       autoinit.c.obj                 68      0         0      
       u_divt2.asm.obj                64      0         0      
       fs_tod_t2.asm.obj              56      0         0      
       boot_cortex_m.c.obj            52      0         0      
       copy_zero_init.c.obj           28      0         0      
       copy_decompress_none.c.obj     14      0         0      
       errno.c.obj                    8       0         4      
       exit.c.obj                     4       0         0      
       pre_init.c.obj                 4       0         0      
       div0.asm.obj                   2       0         0      
    +--+------------------------------+-------+---------+---------+
       Total:                         3368    152       4      
                                                               
       Stack:                         0       0         512    
       Linker Generated:              0       48        0      
    +--+------------------------------+-------+---------+---------+
       Grand Total:                   11034   1262      966    


LINKER GENERATED COPY TABLES

__TI_cinit_table @ 00003010 records: 2, size/record: 8, table size: 16
	.data: load addr=00002ff0, load size=0000000c bytes, run addr=200003b4, run size=00000018 bytes, compression=lzss
	.bss: load addr=00003008, load size=00000008 bytes, run addr=20000200, run size=000001b1 bytes, compression=zero_init


LINKER GENERATED HANDLER TABLE

__TI_handler_table @ 00002ffc records: 3, size/record: 4, table size: 12
	index: 0, handler: __TI_decompress_lzss
	index: 1, handler: __TI_decompress_none
	index: 2, handler: __TI_zero_init


GLOBAL SYMBOLS: SORTED ALPHABETICALLY BY Name 

address   name                          
-------   ----                          
00002d8f  C$$EXIT                       
00002ccd  CPUcpsie                      
00000377  ConfigureUART                 
20000374  E_k_1                         
200003b4  Ek_1f                         
00002b05  GPIODirModeSet                
00001a03  GPIOPadConfigSet              
00002821  GPIOPinConfigure              
00002c05  GPIOPinTypeI2C                
00002c17  GPIOPinTypeI2CSCL             
00002c29  GPIOPinTypePWM                
00002c3b  GPIOPinTypeQEI                
00002c4d  GPIOPinTypeUART               
00002059  I2CMCommand                   
00002a69  I2CMInit                      
00001d41  I2CMIntHandler                
00002169  I2CMReadModifyWrite8          
0000027d  I2CMSimpleIntHandler          
00002d73  I2CMasterControl              
00002d77  I2CMasterDataGet              
00002d7b  I2CMasterDataPut              
00002d09  I2CMasterEnable               
0000273d  I2CMasterInitExpClk           
00002d45  I2CMasterIntClear             
00002d4d  I2CMasterIntEnableEx          
00002d55  I2CMasterSlaveAddrSet         
0000031b  InitI2C0                      
00002331  IntDisable                    
00002399  IntEnable                     
00002469  IntIsEnabled                  
00002c83  IntMasterEnable               
00002cd9  IntTrigger                    
000003b3  MPU6050Callback               
000021e1  MPU6050DataAccelGetFloat      
00002251  MPU6050DataGyroGetFloat       
00002649  MPU6050DataRead               
000025ed  MPU6050Init                   
00002789  MPU6050ReadModifyWrite        
00000409  MPU6050init                   
000003c5  PIDblock                      
200003b6  PIDflag                       
00002b59  PWMGenConfigure               
00002ce5  PWMGenEnable                  
00002c93  PWMGenPeriodSet               
00002c5f  PWMOutputState                
00002b9b  PWMPulseWidthSet              
000002c9  PWMinit                       
00002ca3  QEIConfigure                  
00002d13  QEIDisable                    
00002d1d  QEIEnable                     
00002cf1  QEIFilterConfigure            
00002d27  QEIFilterDisable              
00002d31  QEIFilterEnable               
00002d3b  QEIIntDisable                 
00002d7f  QEIPositionGet                
00002d83  QEIPositionSet                
00002cfd  ResetISR                      
00001b35  SysCtlClockGet                
00002bf1  SysCtlPWMClockSet             
00002a9d  SysCtlPeripheralEnable        
000029f9  SysCtlPeripheralReady         
000026ed  SysCtlPeripheralReset         
00000303  TIMER0en                      
00000287  TIMER0init                    
0000026d  Timer0IntHandlerA             
0000252d  TimerConfigure                
00002cb1  TimerEnable                   
00002d87  TimerIntClear                 
00002d5d  TimerIntEnable                
00002c71  TimerLoadSet                  
00002d6d  UARTClockSourceSet            
0000086d  UARTStdioConfig               
000009e5  UARTgetc                      
0000091f  UARTgets                      
00000d13  UARTprintf                    
00000a19  UARTvprintf                   
000008cd  UARTwrite                     
20000200  __STACK_END                   
00000200  __STACK_SIZE                  
20000200  __STACK_TOP                   
00003010  __TI_CINIT_Base               
00003020  __TI_CINIT_Limit              
00002ffc  __TI_Handler_Table_Base       
00003008  __TI_Handler_Table_Limit      
000028f5  __TI_auto_init_nobinit_nopinit
00002401  __TI_decompress_lzss          
00002cbf  __TI_decompress_none          
ffffffff  __TI_pprof_out_hndl           
ffffffff  __TI_prof_data_size           
ffffffff  __TI_prof_data_start          
00000000  __TI_static_base__            
00002bb9  __TI_zero_init_nomemset       
000020e1  __aeabi_cdrcmple              
000022c1  __aeabi_d2f                   
000015c7  __aeabi_dadd                  
000018cd  __aeabi_ddiv                  
00001c45  __aeabi_dmul                  
000015bd  __aeabi_dsub                  
00002d65  __aeabi_errno_addr            
00002a31  __aeabi_f2d                   
00001773  __aeabi_idiv0                 
00001773  __aeabi_ldiv0                 
00001f25  __aeabi_memcpy                
00001f25  __aeabi_memcpy4               
00001f25  __aeabi_memcpy8               
0000297b  __aeabi_uidiv                 
0000297b  __aeabi_uidivmod              
ffffffff  __binit__                     
ffffffff  __c_args__                    
UNDEFED   __mpu_init                    
20000000  __stack                       
20000000  __start___llvm_prf_cnts       
20000000  __stop___llvm_prf_cnts        
00002ad1  _c_int00_noargs               
UNDEFED   _system_post_cinit            
00002d8b  _system_pre_init              
00002d8f  abort                         
00000d49  atan                          
0000121d  atan2                         
0000121d  atan2l                        
00000d49  atanl                         
20000378  axuraw                        
2000037c  ayuraw                        
20000380  azuraw                        
ffffffff  binit                         
20000384  e_k                           
20000388  e_k_1                         
200003b5  ek_1f                         
2000038c  encoder1_pos                  
20000390  encoder1go                    
200003c8  errno                         
2000035c  fAccel                        
20000368  fGyro                         
200003b0  g_bMPU6050Done                
00000000  g_pfnVectors                  
20000200  g_sI2CMSimpleInst             
00001537  get_position_in_degrees       
20000394  inservo                       
00000519  main                          
00001f25  memcpy                        
00001035  motor1_configure              
000010a7  motor2_configure              
00001119  motor_velocity_write          
20000398  outtoservo                    
000013f5  qei_module0_config            
000014a1  qei_module1_config            
20000324  sMPU6050                      
00001775  sqrt                          
00001775  sqrtl                         
2000039c  u_k                           
200003a0  ui32Load                      
200003a4  ui32PWMClock                  
200003a8  ui32Period                    
200003ac  w_k                           
200003b8  x                             
200003bc  y                             


GLOBAL SYMBOLS: SORTED BY Symbol Address 

address   name                          
-------   ----                          
00000000  __TI_static_base__            
00000000  g_pfnVectors                  
00000200  __STACK_SIZE                  
0000026d  Timer0IntHandlerA             
0000027d  I2CMSimpleIntHandler          
00000287  TIMER0init                    
000002c9  PWMinit                       
00000303  TIMER0en                      
0000031b  InitI2C0                      
00000377  ConfigureUART                 
000003b3  MPU6050Callback               
000003c5  PIDblock                      
00000409  MPU6050init                   
00000519  main                          
0000086d  UARTStdioConfig               
000008cd  UARTwrite                     
0000091f  UARTgets                      
000009e5  UARTgetc                      
00000a19  UARTvprintf                   
00000d13  UARTprintf                    
00000d49  atan                          
00000d49  atanl                         
00001035  motor1_configure              
000010a7  motor2_configure              
00001119  motor_velocity_write          
0000121d  atan2                         
0000121d  atan2l                        
000013f5  qei_module0_config            
000014a1  qei_module1_config            
00001537  get_position_in_degrees       
000015bd  __aeabi_dsub                  
000015c7  __aeabi_dadd                  
00001773  __aeabi_idiv0                 
00001773  __aeabi_ldiv0                 
00001775  sqrt                          
00001775  sqrtl                         
000018cd  __aeabi_ddiv                  
00001a03  GPIOPadConfigSet              
00001b35  SysCtlClockGet                
00001c45  __aeabi_dmul                  
00001d41  I2CMIntHandler                
00001f25  __aeabi_memcpy                
00001f25  __aeabi_memcpy4               
00001f25  __aeabi_memcpy8               
00001f25  memcpy                        
00002059  I2CMCommand                   
000020e1  __aeabi_cdrcmple              
00002169  I2CMReadModifyWrite8          
000021e1  MPU6050DataAccelGetFloat      
00002251  MPU6050DataGyroGetFloat       
000022c1  __aeabi_d2f                   
00002331  IntDisable                    
00002399  IntEnable                     
00002401  __TI_decompress_lzss          
00002469  IntIsEnabled                  
0000252d  TimerConfigure                
000025ed  MPU6050Init                   
00002649  MPU6050DataRead               
000026ed  SysCtlPeripheralReset         
0000273d  I2CMasterInitExpClk           
00002789  MPU6050ReadModifyWrite        
00002821  GPIOPinConfigure              
000028f5  __TI_auto_init_nobinit_nopinit
0000297b  __aeabi_uidiv                 
0000297b  __aeabi_uidivmod              
000029f9  SysCtlPeripheralReady         
00002a31  __aeabi_f2d                   
00002a69  I2CMInit                      
00002a9d  SysCtlPeripheralEnable        
00002ad1  _c_int00_noargs               
00002b05  GPIODirModeSet                
00002b59  PWMGenConfigure               
00002b9b  PWMPulseWidthSet              
00002bb9  __TI_zero_init_nomemset       
00002bf1  SysCtlPWMClockSet             
00002c05  GPIOPinTypeI2C                
00002c17  GPIOPinTypeI2CSCL             
00002c29  GPIOPinTypePWM                
00002c3b  GPIOPinTypeQEI                
00002c4d  GPIOPinTypeUART               
00002c5f  PWMOutputState                
00002c71  TimerLoadSet                  
00002c83  IntMasterEnable               
00002c93  PWMGenPeriodSet               
00002ca3  QEIConfigure                  
00002cb1  TimerEnable                   
00002cbf  __TI_decompress_none          
00002ccd  CPUcpsie                      
00002cd9  IntTrigger                    
00002ce5  PWMGenEnable                  
00002cf1  QEIFilterConfigure            
00002cfd  ResetISR                      
00002d09  I2CMasterEnable               
00002d13  QEIDisable                    
00002d1d  QEIEnable                     
00002d27  QEIFilterDisable              
00002d31  QEIFilterEnable               
00002d3b  QEIIntDisable                 
00002d45  I2CMasterIntClear             
00002d4d  I2CMasterIntEnableEx          
00002d55  I2CMasterSlaveAddrSet         
00002d5d  TimerIntEnable                
00002d65  __aeabi_errno_addr            
00002d6d  UARTClockSourceSet            
00002d73  I2CMasterControl              
00002d77  I2CMasterDataGet              
00002d7b  I2CMasterDataPut              
00002d7f  QEIPositionGet                
00002d83  QEIPositionSet                
00002d87  TimerIntClear                 
00002d8b  _system_pre_init              
00002d8f  C$$EXIT                       
00002d8f  abort                         
00002ffc  __TI_Handler_Table_Base       
00003008  __TI_Handler_Table_Limit      
00003010  __TI_CINIT_Base               
00003020  __TI_CINIT_Limit              
20000000  __stack                       
20000000  __start___llvm_prf_cnts       
20000000  __stop___llvm_prf_cnts        
20000200  __STACK_END                   
20000200  __STACK_TOP                   
20000200  g_sI2CMSimpleInst             
20000324  sMPU6050                      
2000035c  fAccel                        
20000368  fGyro                         
20000374  E_k_1                         
20000378  axuraw                        
2000037c  ayuraw                        
20000380  azuraw                        
20000384  e_k                           
20000388  e_k_1                         
2000038c  encoder1_pos                  
20000390  encoder1go                    
20000394  inservo                       
20000398  outtoservo                    
2000039c  u_k                           
200003a0  ui32Load                      
200003a4  ui32PWMClock                  
200003a8  ui32Period                    
200003ac  w_k                           
200003b0  g_bMPU6050Done                
200003b4  Ek_1f                         
200003b5  ek_1f                         
200003b6  PIDflag                       
200003b8  x                             
200003bc  y                             
200003c8  errno                         
ffffffff  __TI_pprof_out_hndl           
ffffffff  __TI_prof_data_size           
ffffffff  __TI_prof_data_start          
ffffffff  __binit__                     
ffffffff  __c_args__                    
ffffffff  binit                         
UNDEFED   __mpu_init                    
UNDEFED   _system_post_cinit            

[156 symbols]
