******************************************************************************
                  TI ARM Linker PC v20.2.4                     
******************************************************************************
>> Linked Tue Sep 28 23:22:44 2021

OUTPUT FILE NAME:   <BijuBotIMUtesto.out>
ENTRY POINT SYMBOL: "_c_int00_noargs"  address: 00004291


MEMORY CONFIGURATION

         name            origin    length      used     unused   attr    fill
----------------------  --------  ---------  --------  --------  ----  --------
  FLASH                 00000000   00040000  000049aa  0003b656  R  X
  SRAM                  20000000   00008000  000003d9  00007c27  RW X


SEGMENT ALLOCATION MAP

run origin  load origin   length   init length attrs members
----------  ----------- ---------- ----------- ----- -------
00000000    00000000    000049b0   000049b0    r-x
  00000000    00000000    0000026c   0000026c    r-- .intvecs
  0000026c    0000026c    0000434e   0000434e    r-x .text
  000045c0    000045c0    000003c0   000003c0    r-- .const
  00004980    00004980    00000030   00000030    r-- .cinit
20000000    20000000    000003dc   00000000    rw-
  20000000    20000000    00000200   00000000    rw- .stack
  20000200    20000200    000001c5   00000000    rw- .bss
  200003c8    200003c8    00000014   00000000    rw- .data


SECTION ALLOCATION MAP

 output                                  attributes/
section   page    origin      length       input sections
--------  ----  ----------  ----------   ----------------
.intvecs   0    00000000    0000026c     
                  00000000    0000026c     tm4c123gh6pm_startup_ccs.obj (.intvecs)

.text      0    0000026c    0000434e     
                  0000026c    00000738     rtsv7M4_T_le_v4SPD16_eabi.lib : k_rem_pio2.c.obj (.text:__kernel_rem_pio2)
                  000009a4    00000684     main.obj (.text)
                  00001028    000005dc     rtsv7M4_T_le_v4SPD16_eabi.lib : s_cos.c.obj (.text:cos)
                  00001604    000005c4                                   : s_sin.c.obj (.text:sin)
                  00001bc8    000004dc     uartstdio.obj (.text)
                  000020a4    000002ec     rtsv7M4_T_le_v4SPD16_eabi.lib : s_atan.c.obj (.text:atan)
                  00002390    000001e8     motor.obj (.text)
                  00002578    000001d8     rtsv7M4_T_le_v4SPD16_eabi.lib : e_atan2.c.obj (.text:atan2)
                  00002750    000001d0     encoder.obj (.text)
                  00002920    000001b6     rtsv7M4_T_le_v4SPD16_eabi.lib : fd_add_t2.asm.obj (.text)
                  00002ad6    00000002                                   : div0.asm.obj (.text)
                  00002ad8    00000174                                   : k_sin.c.obj (.text:__kernel_sin)
                  00002c4c    0000016c                                   : k_cos.c.obj (.text:__kernel_cos)
                  00002db8    00000136                                   : fd_div_t2.asm.obj (.text)
                  00002eee    00000132     driverlib.lib : gpio.obj (.text:GPIOPadConfigSet)
                  00003020    00000110                   : sysctl.obj (.text:SysCtlClockGet)
                  00003130    00000110     rtsv7M4_T_le_v4SPD16_eabi.lib : s_scalbn.c.obj (.text:scalbn)
                  00003240    000000fc                                   : fd_mul_t2.asm.obj (.text)
                  0000333c    000000f8                                   : s_floor.c.obj (.text:floor)
                  00003434    000000f2     sensorlib.lib : i2cm_drv.obj (.text:I2CMIntHandler)
                  00003526    00000002     --HOLE-- [fill = 0]
                  00003528    000000f0                   : mpu6050.obj (.text:MPU6050Callback)
                  00003618    0000009c     rtsv7M4_T_le_v4SPD16_eabi.lib : memcpy_t2.asm.obj (.text)
                  000036b4    00000098     sensorlib.lib : i2cm_drv.obj (.text:I2CMStateIdle)
                  0000374c    00000088                   : i2cm_drv.obj (.text:I2CMCommand)
                  000037d4    00000086     rtsv7M4_T_le_v4SPD16_eabi.lib : fd_cmp_t2.asm.obj (.text:__aeabi_cdcmple)
                  0000385a    00000086                                   : fd_cmp_t2.asm.obj (.text:__aeabi_cdrcmple)
                  000038e0    00000078     sensorlib.lib : i2cm_drv.obj (.text:I2CMReadModifyWrite8)
                  00003958    00000070                   : mpu6050.obj (.text:MPU6050DataAccelGetFloat)
                  000039c8    00000070                   : mpu6050.obj (.text:MPU6050DataGyroGetFloat)
                  00003a38    0000006e     rtsv7M4_T_le_v4SPD16_eabi.lib : fd_tos_t2.asm.obj (.text)
                  00003aa6    00000002     --HOLE-- [fill = 0]
                  00003aa8    00000068     driverlib.lib : interrupt.obj (.text:IntDisable)
                  00003b10    00000068                   : interrupt.obj (.text:IntEnable)
                  00003b78    00000068     rtsv7M4_T_le_v4SPD16_eabi.lib : copy_decompress_lzss.c.obj (.text:decompress:lzss:__TI_decompress_lzss)
                  00003be0    00000064     driverlib.lib : interrupt.obj (.text:IntIsEnabled)
                  00003c44    00000060     sensorlib.lib : i2cm_drv.obj (.text:I2CMReadModifyWrite8Callback)
                  00003ca4    00000060     driverlib.lib : timer.obj (.text:TimerConfigure)
                  00003d04    0000005e     sensorlib.lib : i2cm_drv.obj (.text:I2CMStateWritePause)
                  00003d62    00000002     --HOLE-- [fill = 0]
                  00003d64    0000005c                   : mpu6050.obj (.text:MPU6050Init)
                  00003dc0    00000054                   : mpu6050.obj (.text:MPU6050DataRead)
                  00003e14    00000050                   : i2cm_drv.obj (.text:I2CMStateWriteFinal)
                  00003e64    00000050     driverlib.lib : sysctl.obj (.text:SysCtlPeripheralReset)
                  00003eb4    0000004c                   : i2c.obj (.text:I2CMasterInitExpClk)
                  00003f00    0000004c     sensorlib.lib : mpu6050.obj (.text:MPU6050ReadModifyWrite)
                  00003f4c    0000004a                   : i2cm_drv.obj (.text:I2CMStateReadNext)
                  00003f96    00000002     --HOLE-- [fill = 0]
                  00003f98    00000048     driverlib.lib : gpio.obj (.text:GPIOPinConfigure)
                  00003fe0    00000048     sensorlib.lib : i2cm_drv.obj (.text:I2CMStateWriteNext)
                  00004028    00000048     rtsv7M4_T_le_v4SPD16_eabi.lib : fd_toi_t2.asm.obj (.text)
                  00004070    00000044     sensorlib.lib : i2cm_drv.obj (.text:I2CMStateCallback)
                  000040b4    00000044     rtsv7M4_T_le_v4SPD16_eabi.lib : autoinit.c.obj (.text:__TI_auto_init_nobinit_nopinit:__TI_auto_init_nobinit_nopinit)
                  000040f8    00000042     sensorlib.lib : i2cm_drv.obj (.text:I2CMStateReadFinal)
                  0000413a    00000040     rtsv7M4_T_le_v4SPD16_eabi.lib : u_divt2.asm.obj (.text)
                  0000417a    0000003e     sensorlib.lib : i2cm_drv.obj (.text:I2CMStateReadPause)
                  000041b8    00000038     driverlib.lib : sysctl.obj (.text:SysCtlPeripheralReady)
                  000041f0    00000038     rtsv7M4_T_le_v4SPD16_eabi.lib : fs_tod_t2.asm.obj (.text)
                  00004228    00000034     sensorlib.lib : i2cm_drv.obj (.text:I2CMInit)
                  0000425c    00000034     driverlib.lib : sysctl.obj (.text:SysCtlPeripheralEnable)
                  00004290    00000034     rtsv7M4_T_le_v4SPD16_eabi.lib : boot_cortex_m.c.obj (.text:_c_int00_noargs:_c_int00_noargs)
                  000042c4    0000002e                                   : i_tofd_t2.asm.obj (.text)
                  000042f2    0000002a     driverlib.lib : gpio.obj (.text:GPIODirModeSet)
                  0000431c    0000002a     sensorlib.lib : i2cm_drv.obj (.text:I2CMStateReadFirst)
                  00004346    00000022     driverlib.lib : pwm.obj (.text:PWMGenConfigure)
                  00004368    00000020     sensorlib.lib : i2cm_drv.obj (.text:I2CMStateReadOne)
                  00004388    00000020     rtsv7M4_T_le_v4SPD16_eabi.lib : u_tofd_t2.asm.obj (.text)
                  000043a8    0000001e     driverlib.lib : pwm.obj (.text:PWMPulseWidthSet)
                  000043c6    0000001c     rtsv7M4_T_le_v4SPD16_eabi.lib : copy_zero_init.c.obj (.text:decompress:ZI:__TI_zero_init_nomemset:__TI_zero_init_nomemset)
                  000043e2    0000001a     sensorlib.lib : i2cm_drv.obj (.text:I2CMStateReadWait)
                  000043fc    0000001a     rtsv7M4_T_le_v4SPD16_eabi.lib : s_copysign.c.obj (.text:copysign)
                  00004416    00000002     --HOLE-- [fill = 0]
                  00004418    00000014     driverlib.lib : sysctl.obj (.text:SysCtlPWMClockSet)
                  0000442c    00000012                   : gpio.obj (.text:GPIOPinTypeI2C)
                  0000443e    00000012                   : gpio.obj (.text:GPIOPinTypeI2CSCL)
                  00004450    00000012                   : gpio.obj (.text:GPIOPinTypePWM)
                  00004462    00000012                   : gpio.obj (.text:GPIOPinTypeQEI)
                  00004474    00000012                   : gpio.obj (.text:GPIOPinTypeUART)
                  00004486    00000012                   : pwm.obj (.text:PWMOutputState)
                  00004498    00000012                   : timer.obj (.text:TimerLoadSet)
                  000044aa    00000010                   : interrupt.obj (.text:IntMasterEnable)
                  000044ba    00000010                   : pwm.obj (.text:PWMGenPeriodSet)
                  000044ca    0000000e                   : qei.obj (.text:QEIConfigure)
                  000044d8    0000000e                   : timer.obj (.text:TimerEnable)
                  000044e6    0000000e     rtsv7M4_T_le_v4SPD16_eabi.lib : copy_decompress_none.c.obj (.text:decompress:none:__TI_decompress_none)
                  000044f4    0000000c     driverlib.lib : cpu.obj (.text:CPUcpsie)
                  00004500    0000000c                   : interrupt.obj (.text:IntTrigger)
                  0000450c    0000000c                   : pwm.obj (.text:PWMGenEnable)
                  00004518    0000000c                   : qei.obj (.text:QEIFilterConfigure)
                  00004524    0000000c     tm4c123gh6pm_startup_ccs.obj (.text)
                  00004530    0000000a     driverlib.lib : i2c.obj (.text:I2CMasterEnable)
                  0000453a    0000000a                   : qei.obj (.text:QEIDisable)
                  00004544    0000000a                   : qei.obj (.text:QEIEnable)
                  0000454e    0000000a                   : qei.obj (.text:QEIFilterDisable)
                  00004558    0000000a                   : qei.obj (.text:QEIFilterEnable)
                  00004562    0000000a                   : qei.obj (.text:QEIIntDisable)
                  0000456c    00000008                   : i2c.obj (.text:I2CMasterIntClear)
                  00004574    00000008                   : i2c.obj (.text:I2CMasterIntEnableEx)
                  0000457c    00000008                   : i2c.obj (.text:I2CMasterSlaveAddrSet)
                  00004584    00000008                   : timer.obj (.text:TimerIntEnable)
                  0000458c    00000008     rtsv7M4_T_le_v4SPD16_eabi.lib : errno.c.obj (.text:__aeabi_errno_addr)
                  00004594    00000006     driverlib.lib : uart.obj (.text:UARTClockSourceSet)
                  0000459a    00000004                   : i2c.obj (.text:I2CMasterControl)
                  0000459e    00000004                   : i2c.obj (.text:I2CMasterDataGet)
                  000045a2    00000004                   : i2c.obj (.text:I2CMasterDataPut)
                  000045a6    00000004                   : qei.obj (.text:QEIPositionGet)
                  000045aa    00000004                   : qei.obj (.text:QEIPositionSet)
                  000045ae    00000004                   : timer.obj (.text:TimerIntClear)
                  000045b2    00000004     rtsv7M4_T_le_v4SPD16_eabi.lib : pre_init.c.obj (.text:_system_pre_init)
                  000045b6    00000004                                   : exit.c.obj (.text:abort:abort)

.const     0    000045c0    000003c0     
                  000045c0    00000158     rtsv7M4_T_le_v4SPD16_eabi.lib : k_rem_pio2.c.obj (.const:$O1$$)
                  00004718    00000098                                   : s_atan.c.obj (.const:$O1$$)
                  000047b0    00000090     driverlib.lib : gpio.obj (.const:g_pui32GPIOBaseAddrs)
                  00004840    00000070                   : interrupt.obj (.const)
                  000048b0    0000006c                   : sysctl.obj (.const:g_pui32Xtals)
                  0000491c    00000020     sensorlib.lib : mpu6050.obj (.const)
                  0000493c    00000014     main.obj (.const)
                  00004950    00000012     uartstdio.obj (.const:.string)
                  00004962    00000002     --HOLE-- [fill = 0]
                  00004964    0000000c     uartstdio.obj (.const:g_ui32UARTBase)
                  00004970    0000000c     uartstdio.obj (.const:g_ui32UARTPeriph)
                  0000497c    00000004     uartstdio.obj (.const)

.cinit     0    00004980    00000030     
                  00004980    0000000c     (__TI_handler_table)
                  0000498c    0000000a     (.cinit..data.load) [load image, compression = lzss]
                  00004996    00000002     --HOLE-- [fill = 0]
                  00004998    00000008     (.cinit..bss.load) [load image, compression = zero_init]
                  000049a0    00000010     (__TI_cinit_table)

.init_array 
*          0    00000000    00000000     UNINITIALIZED

.bss       0    20000200    000001c5     UNINITIALIZED
                  20000200    00000124     (.common:g_sI2CMSimpleInst)
                  20000324    00000038     (.common:sMPU6050)
                  2000035c    0000000c     (.common:fAccel)
                  20000368    0000000c     (.common:fGyro)
                  20000374    00000004     (.common:E_k)
                  20000378    00000004     (.common:E_k_1)
                  2000037c    00000004     (.common:HPF)
                  20000380    00000004     (.common:HPF_1)
                  20000384    00000004     (.common:LPF)
                  20000388    00000004     (.common:LPF_1)
                  2000038c    00000004     (.common:e_d)
                  20000390    00000004     (.common:e_k)
                  20000394    00000004     (.common:e_k_1)
                  20000398    00000004     (.common:encoder1_pos)
                  2000039c    00000004     (.common:encoder1go)
                  200003a0    00000004     (.common:outtoservo)
                  200003a4    00000004     (.common:thetagiro)
                  200003a8    00000004     (.common:thetagiro_1)
                  200003ac    00000004     (.common:u_k)
                  200003b0    00000004     (.common:ui32Load)
                  200003b4    00000004     (.common:ui32PWMClock)
                  200003b8    00000004     (.common:ui32Period)
                  200003bc    00000004     (.common:w_k)
                  200003c0    00000004     (.common:y)
                  200003c4    00000001     (.common:g_bMPU6050Done)

.data      0    200003c8    00000014     UNINITIALIZED
                  200003c8    00000006     main.obj (.data)
                  200003ce    00000002     --HOLE--
                  200003d0    00000005     uartstdio.obj (.data)
                  200003d5    00000003     --HOLE--
                  200003d8    00000004     rtsv7M4_T_le_v4SPD16_eabi.lib : errno.c.obj (.data)

.stack     0    20000000    00000200     UNINITIALIZED
                  20000000    00000004     rtsv7M4_T_le_v4SPD16_eabi.lib : boot_cortex_m.c.obj (.stack)
                  20000004    000001fc     --HOLE--

__llvm_prf_cnts 
*          0    20000000    00000000     UNINITIALIZED

MODULE SUMMARY

       Module                         code    ro data   rw data
       ------                         ----    -------   -------
    .\
       main.obj                       1668    20        459    
       uartstdio.obj                  1244    46        5      
       tm4c123gh6pm_startup_ccs.obj   12      620       0      
       motor.obj                      488     0         0      
       encoder.obj                    464     0         0      
    +--+------------------------------+-------+---------+---------+
       Total:                         3876    686       464    
                                                               
    C:/ti/TivaWare_C_Series-2.1.4.178/driverlib/ccs/Debug/driverlib.lib
       gpio.obj                       510     144       0      
       sysctl.obj                     480     108       0      
       interrupt.obj                  336     112       0      
       timer.obj                      140     0         0      
       i2c.obj                        122     0         0      
       pwm.obj                        110     0         0      
       qei.obj                        84      0         0      
       cpu.obj                        12      0         0      
       uart.obj                       6       0         0      
    +--+------------------------------+-------+---------+---------+
       Total:                         1800    364       0      
                                                               
    C:/ti/TivaWare_C_Series-2.1.4.178/sensorlib/ccs/Debug/sensorlib.lib
       i2cm_drv.obj                   1414    0         0      
       mpu6050.obj                    716     32        0      
    +--+------------------------------+-------+---------+---------+
       Total:                         2130    32        0      
                                                               
    C:\ti\ccs1031\ccs\tools\compiler\ti-cgt-arm_20.2.4.LTS\lib\rtsv7M4_T_le_v4SPD16_eabi.lib
       k_rem_pio2.c.obj               1848    344       0      
       s_cos.c.obj                    1500    0         0      
       s_sin.c.obj                    1476    0         0      
       s_atan.c.obj                   748     152       0      
       e_atan2.c.obj                  472     0         0      
       fd_add_t2.asm.obj              438     0         0      
       k_sin.c.obj                    372     0         0      
       k_cos.c.obj                    364     0         0      
       fd_div_t2.asm.obj              310     0         0      
       s_scalbn.c.obj                 272     0         0      
       fd_cmp_t2.asm.obj              268     0         0      
       fd_mul_t2.asm.obj              252     0         0      
       s_floor.c.obj                  248     0         0      
       memcpy_t2.asm.obj              156     0         0      
       fd_tos_t2.asm.obj              110     0         0      
       copy_decompress_lzss.c.obj     104     0         0      
       fd_toi_t2.asm.obj              72      0         0      
       autoinit.c.obj                 68      0         0      
       u_divt2.asm.obj                64      0         0      
       fs_tod_t2.asm.obj              56      0         0      
       boot_cortex_m.c.obj            52      0         0      
       i_tofd_t2.asm.obj              46      0         0      
       u_tofd_t2.asm.obj              32      0         0      
       copy_zero_init.c.obj           28      0         0      
       s_copysign.c.obj               26      0         0      
       copy_decompress_none.c.obj     14      0         0      
       errno.c.obj                    8       0         4      
       exit.c.obj                     4       0         0      
       pre_init.c.obj                 4       0         0      
       div0.asm.obj                   2       0         0      
    +--+------------------------------+-------+---------+---------+
       Total:                         9414    496       4      
                                                               
       Stack:                         0       0         512    
       Linker Generated:              0       46        0      
    +--+------------------------------+-------+---------+---------+
       Grand Total:                   17220   1624      980    


LINKER GENERATED COPY TABLES

__TI_cinit_table @ 000049a0 records: 2, size/record: 8, table size: 16
	.data: load addr=0000498c, load size=0000000a bytes, run addr=200003c8, run size=00000014 bytes, compression=lzss
	.bss: load addr=00004998, load size=00000008 bytes, run addr=20000200, run size=000001c5 bytes, compression=zero_init


LINKER GENERATED HANDLER TABLE

__TI_handler_table @ 00004980 records: 3, size/record: 4, table size: 12
	index: 0, handler: __TI_decompress_lzss
	index: 1, handler: __TI_decompress_none
	index: 2, handler: __TI_zero_init


GLOBAL SYMBOLS: SORTED ALPHABETICALLY BY Name 

address   name                          
-------   ----                          
000045b7  C$$EXIT                       
000044f5  CPUcpsie                      
00000abb  ConfigureUART                 
20000374  E_k                           
20000378  E_k_1                         
200003c8  Ek_1f                         
000042f3  GPIODirModeSet                
00002eef  GPIOPadConfigSet              
00003f99  GPIOPinConfigure              
0000442d  GPIOPinTypeI2C                
0000443f  GPIOPinTypeI2CSCL             
00004451  GPIOPinTypePWM                
00004463  GPIOPinTypeQEI                
00004475  GPIOPinTypeUART               
2000037c  HPF                           
20000380  HPF_1                         
200003cc  HPF_1f                        
0000374d  I2CMCommand                   
00004229  I2CMInit                      
00003435  I2CMIntHandler                
000038e1  I2CMReadModifyWrite8          
000009b7  I2CMSimpleIntHandler          
0000459b  I2CMasterControl              
0000459f  I2CMasterDataGet              
000045a3  I2CMasterDataPut              
00004531  I2CMasterEnable               
00003eb5  I2CMasterInitExpClk           
0000456d  I2CMasterIntClear             
00004575  I2CMasterIntEnableEx          
0000457d  I2CMasterSlaveAddrSet         
00000a5f  InitI2C0                      
00003aa9  IntDisable                    
00003b11  IntEnable                     
00003be1  IntIsEnabled                  
000044ab  IntMasterEnable               
00004501  IntTrigger                    
00004944  KI                            
00004948  Kd                            
00004940  Kp                            
20000384  LPF                           
20000388  LPF_1                         
200003cd  LPF_1f                        
00000af7  MPU6050Callback               
00003959  MPU6050DataAccelGetFloat      
000039c9  MPU6050DataGyroGetFloat       
00003dc1  MPU6050DataRead               
00003d65  MPU6050Init                   
00003f01  MPU6050ReadModifyWrite        
00000d41  MPU6050init                   
00000b09  PIDblock                      
200003ca  PIDflag                       
00004347  PWMGenConfigure               
0000450d  PWMGenEnable                  
000044bb  PWMGenPeriodSet               
00004487  PWMOutputState                
000043a9  PWMPulseWidthSet              
00000a03  PWMinit                       
000044cb  QEIConfigure                  
0000453b  QEIDisable                    
00004545  QEIEnable                     
00004519  QEIFilterConfigure            
0000454f  QEIFilterDisable              
00004559  QEIFilterEnable               
00004563  QEIIntDisable                 
000045a7  QEIPositionGet                
000045ab  QEIPositionSet                
00004525  ResetISR                      
00003021  SysCtlClockGet                
00004419  SysCtlPWMClockSet             
0000425d  SysCtlPeripheralEnable        
000041b9  SysCtlPeripheralReady         
00003e65  SysCtlPeripheralReset         
00000a47  TIMER0en                      
000009c1  TIMER0init                    
000009a5  Timer0IntHandlerA             
00003ca5  TimerConfigure                
000044d9  TimerEnable                   
000045af  TimerIntClear                 
00004585  TimerIntEnable                
00004499  TimerLoadSet                  
00004595  UARTClockSourceSet            
00001bc9  UARTStdioConfig               
00001d41  UARTgetc                      
00001c7b  UARTgets                      
0000206f  UARTprintf                    
00001d75  UARTvprintf                   
00001c29  UARTwrite                     
20000200  __STACK_END                   
00000200  __STACK_SIZE                  
20000200  __STACK_TOP                   
000049a0  __TI_CINIT_Base               
000049b0  __TI_CINIT_Limit              
00004980  __TI_Handler_Table_Base       
0000498c  __TI_Handler_Table_Limit      
000040b5  __TI_auto_init_nobinit_nopinit
00003b79  __TI_decompress_lzss          
000044e7  __TI_decompress_none          
ffffffff  __TI_pprof_out_hndl           
ffffffff  __TI_prof_data_size           
ffffffff  __TI_prof_data_start          
00000000  __TI_static_base__            
000043c7  __TI_zero_init_nomemset       
000037d5  __aeabi_cdcmpeq               
000037d5  __aeabi_cdcmple               
0000385b  __aeabi_cdrcmple              
00003a39  __aeabi_d2f                   
00004029  __aeabi_d2iz                  
0000292b  __aeabi_dadd                  
00002db9  __aeabi_ddiv                  
00003241  __aeabi_dmul                  
00002921  __aeabi_dsub                  
0000458d  __aeabi_errno_addr            
000041f1  __aeabi_f2d                   
000042c5  __aeabi_i2d                   
00002ad7  __aeabi_idiv0                 
00002ad7  __aeabi_ldiv0                 
00003619  __aeabi_memcpy                
00003619  __aeabi_memcpy4               
00003619  __aeabi_memcpy8               
00004389  __aeabi_ui2d                  
0000413b  __aeabi_uidiv                 
0000413b  __aeabi_uidivmod              
ffffffff  __binit__                     
ffffffff  __c_args__                    
00002c4d  __kernel_cos                  
0000026d  __kernel_rem_pio2             
00002ad9  __kernel_sin                  
UNDEFED   __mpu_init                    
20000000  __stack                       
20000000  __start___llvm_prf_cnts       
20000000  __stop___llvm_prf_cnts        
00004291  _c_int00_noargs               
UNDEFED   _system_post_cinit            
000045b3  _system_pre_init              
000045b7  abort                         
000020a5  atan                          
00002579  atan2                         
00002579  atan2l                        
000020a5  atanl                         
ffffffff  binit                         
00000be5  compfiltering                 
000043fd  copysign                      
000043fd  copysignl                     
00001029  cos                           
00001029  cosl                          
0000493c  deltat                        
2000038c  e_d                           
20000390  e_k                           
20000394  e_k_1                         
200003c9  ek_1f                         
20000398  encoder1_pos                  
2000039c  encoder1go                    
200003d8  errno                         
2000035c  fAccel                        
20000368  fGyro                         
0000333d  floor                         
0000333d  floorl                        
200003c4  g_bMPU6050Done                
00000000  g_pfnVectors                  
20000200  g_sI2CMSimpleInst             
00002887  get_position_in_degrees       
0000494c  lambda                        
00003131  ldexp                         
00003131  ldexpl                        
00000e55  main                          
00003619  memcpy                        
00002391  motor1_configure              
00002403  motor2_configure              
00002475  motor_velocity_write          
200003a0  outtoservo                    
00002751  qei_module0_config            
000027f7  qei_module1_config            
20000324  sMPU6050                      
00003131  scalbn                        
00003131  scalbnl                       
00001605  sin                           
00001605  sinl                          
200003a4  thetagiro                     
200003a8  thetagiro_1                   
200003cb  thetagiro_1f                  
200003ac  u_k                           
200003b0  ui32Load                      
200003b4  ui32PWMClock                  
200003b8  ui32Period                    
200003bc  w_k                           
200003c0  y                             


GLOBAL SYMBOLS: SORTED BY Symbol Address 

address   name                          
-------   ----                          
00000000  __TI_static_base__            
00000000  g_pfnVectors                  
00000200  __STACK_SIZE                  
0000026d  __kernel_rem_pio2             
000009a5  Timer0IntHandlerA             
000009b7  I2CMSimpleIntHandler          
000009c1  TIMER0init                    
00000a03  PWMinit                       
00000a47  TIMER0en                      
00000a5f  InitI2C0                      
00000abb  ConfigureUART                 
00000af7  MPU6050Callback               
00000b09  PIDblock                      
00000be5  compfiltering                 
00000d41  MPU6050init                   
00000e55  main                          
00001029  cos                           
00001029  cosl                          
00001605  sin                           
00001605  sinl                          
00001bc9  UARTStdioConfig               
00001c29  UARTwrite                     
00001c7b  UARTgets                      
00001d41  UARTgetc                      
00001d75  UARTvprintf                   
0000206f  UARTprintf                    
000020a5  atan                          
000020a5  atanl                         
00002391  motor1_configure              
00002403  motor2_configure              
00002475  motor_velocity_write          
00002579  atan2                         
00002579  atan2l                        
00002751  qei_module0_config            
000027f7  qei_module1_config            
00002887  get_position_in_degrees       
00002921  __aeabi_dsub                  
0000292b  __aeabi_dadd                  
00002ad7  __aeabi_idiv0                 
00002ad7  __aeabi_ldiv0                 
00002ad9  __kernel_sin                  
00002c4d  __kernel_cos                  
00002db9  __aeabi_ddiv                  
00002eef  GPIOPadConfigSet              
00003021  SysCtlClockGet                
00003131  ldexp                         
00003131  ldexpl                        
00003131  scalbn                        
00003131  scalbnl                       
00003241  __aeabi_dmul                  
0000333d  floor                         
0000333d  floorl                        
00003435  I2CMIntHandler                
00003619  __aeabi_memcpy                
00003619  __aeabi_memcpy4               
00003619  __aeabi_memcpy8               
00003619  memcpy                        
0000374d  I2CMCommand                   
000037d5  __aeabi_cdcmpeq               
000037d5  __aeabi_cdcmple               
0000385b  __aeabi_cdrcmple              
000038e1  I2CMReadModifyWrite8          
00003959  MPU6050DataAccelGetFloat      
000039c9  MPU6050DataGyroGetFloat       
00003a39  __aeabi_d2f                   
00003aa9  IntDisable                    
00003b11  IntEnable                     
00003b79  __TI_decompress_lzss          
00003be1  IntIsEnabled                  
00003ca5  TimerConfigure                
00003d65  MPU6050Init                   
00003dc1  MPU6050DataRead               
00003e65  SysCtlPeripheralReset         
00003eb5  I2CMasterInitExpClk           
00003f01  MPU6050ReadModifyWrite        
00003f99  GPIOPinConfigure              
00004029  __aeabi_d2iz                  
000040b5  __TI_auto_init_nobinit_nopinit
0000413b  __aeabi_uidiv                 
0000413b  __aeabi_uidivmod              
000041b9  SysCtlPeripheralReady         
000041f1  __aeabi_f2d                   
00004229  I2CMInit                      
0000425d  SysCtlPeripheralEnable        
00004291  _c_int00_noargs               
000042c5  __aeabi_i2d                   
000042f3  GPIODirModeSet                
00004347  PWMGenConfigure               
00004389  __aeabi_ui2d                  
000043a9  PWMPulseWidthSet              
000043c7  __TI_zero_init_nomemset       
000043fd  copysign                      
000043fd  copysignl                     
00004419  SysCtlPWMClockSet             
0000442d  GPIOPinTypeI2C                
0000443f  GPIOPinTypeI2CSCL             
00004451  GPIOPinTypePWM                
00004463  GPIOPinTypeQEI                
00004475  GPIOPinTypeUART               
00004487  PWMOutputState                
00004499  TimerLoadSet                  
000044ab  IntMasterEnable               
000044bb  PWMGenPeriodSet               
000044cb  QEIConfigure                  
000044d9  TimerEnable                   
000044e7  __TI_decompress_none          
000044f5  CPUcpsie                      
00004501  IntTrigger                    
0000450d  PWMGenEnable                  
00004519  QEIFilterConfigure            
00004525  ResetISR                      
00004531  I2CMasterEnable               
0000453b  QEIDisable                    
00004545  QEIEnable                     
0000454f  QEIFilterDisable              
00004559  QEIFilterEnable               
00004563  QEIIntDisable                 
0000456d  I2CMasterIntClear             
00004575  I2CMasterIntEnableEx          
0000457d  I2CMasterSlaveAddrSet         
00004585  TimerIntEnable                
0000458d  __aeabi_errno_addr            
00004595  UARTClockSourceSet            
0000459b  I2CMasterControl              
0000459f  I2CMasterDataGet              
000045a3  I2CMasterDataPut              
000045a7  QEIPositionGet                
000045ab  QEIPositionSet                
000045af  TimerIntClear                 
000045b3  _system_pre_init              
000045b7  C$$EXIT                       
000045b7  abort                         
0000493c  deltat                        
00004940  Kp                            
00004944  KI                            
00004948  Kd                            
0000494c  lambda                        
00004980  __TI_Handler_Table_Base       
0000498c  __TI_Handler_Table_Limit      
000049a0  __TI_CINIT_Base               
000049b0  __TI_CINIT_Limit              
20000000  __stack                       
20000000  __start___llvm_prf_cnts       
20000000  __stop___llvm_prf_cnts        
20000200  __STACK_END                   
20000200  __STACK_TOP                   
20000200  g_sI2CMSimpleInst             
20000324  sMPU6050                      
2000035c  fAccel                        
20000368  fGyro                         
20000374  E_k                           
20000378  E_k_1                         
2000037c  HPF                           
20000380  HPF_1                         
20000384  LPF                           
20000388  LPF_1                         
2000038c  e_d                           
20000390  e_k                           
20000394  e_k_1                         
20000398  encoder1_pos                  
2000039c  encoder1go                    
200003a0  outtoservo                    
200003a4  thetagiro                     
200003a8  thetagiro_1                   
200003ac  u_k                           
200003b0  ui32Load                      
200003b4  ui32PWMClock                  
200003b8  ui32Period                    
200003bc  w_k                           
200003c0  y                             
200003c4  g_bMPU6050Done                
200003c8  Ek_1f                         
200003c9  ek_1f                         
200003ca  PIDflag                       
200003cb  thetagiro_1f                  
200003cc  HPF_1f                        
200003cd  LPF_1f                        
200003d8  errno                         
ffffffff  __TI_pprof_out_hndl           
ffffffff  __TI_prof_data_size           
ffffffff  __TI_prof_data_start          
ffffffff  __binit__                     
ffffffff  __c_args__                    
ffffffff  binit                         
UNDEFED   __mpu_init                    
UNDEFED   _system_post_cinit            

[186 symbols]
