******************************************************************************
                  TI ARM Linker PC v20.2.4                     
******************************************************************************
>> Linked Thu Oct 14 22:06:43 2021

OUTPUT FILE NAME:   <BijuBotIMUtesto.out>
ENTRY POINT SYMBOL: "_c_int00_noargs"  address: 0000432d


MEMORY CONFIGURATION

         name            origin    length      used     unused   attr    fill
----------------------  --------  ---------  --------  --------  ----  --------
  FLASH                 00000000   00040000  00004a5e  0003b5a2  R  X
  SRAM                  20000000   00008000  000003de  00007c22  RW X


SEGMENT ALLOCATION MAP

run origin  load origin   length   init length attrs members
----------  ----------- ---------- ----------- ----- -------
00000000    00000000    00004a60   00004a60    r-x
  00000000    00000000    0000026c   0000026c    r-- .intvecs
  0000026c    0000026c    00004402   00004402    r-x .text
  00004670    00004670    000003c0   000003c0    r-- .const
  00004a30    00004a30    00000030   00000030    r-- .cinit
20000000    20000000    000003e0   00000000    rw-
  20000000    20000000    00000200   00000000    rw- .stack
  20000200    20000200    000001ca   00000000    rw- .bss
  200003cc    200003cc    00000014   00000000    rw- .data


SECTION ALLOCATION MAP

 output                                  attributes/
section   page    origin      length       input sections
--------  ----  ----------  ----------   ----------------
.intvecs   0    00000000    0000026c     
                  00000000    0000026c     tm4c123gh6pm_startup_ccs.obj (.intvecs)

.text      0    0000026c    00004402     
                  0000026c    00000738     rtsv7M4_T_le_v4SPD16_eabi.lib : k_rem_pio2.c.obj (.text:__kernel_rem_pio2)
                  000009a4    00000720     main.obj (.text)
                  000010c4    000005dc     rtsv7M4_T_le_v4SPD16_eabi.lib : s_cos.c.obj (.text:cos)
                  000016a0    000005c4                                   : s_sin.c.obj (.text:sin)
                  00001c64    000004dc     uartstdio.obj (.text)
                  00002140    000002ec     rtsv7M4_T_le_v4SPD16_eabi.lib : s_atan.c.obj (.text:atan)
                  0000242c    000001e8     motor.obj (.text)
                  00002614    000001d8     rtsv7M4_T_le_v4SPD16_eabi.lib : e_atan2.c.obj (.text:atan2)
                  000027ec    000001d0     encoder.obj (.text)
                  000029bc    000001b6     rtsv7M4_T_le_v4SPD16_eabi.lib : fd_add_t2.asm.obj (.text)
                  00002b72    00000002                                   : div0.asm.obj (.text)
                  00002b74    00000174                                   : k_sin.c.obj (.text:__kernel_sin)
                  00002ce8    0000016c                                   : k_cos.c.obj (.text:__kernel_cos)
                  00002e54    00000136                                   : fd_div_t2.asm.obj (.text)
                  00002f8a    00000132     driverlib.lib : gpio.obj (.text:GPIOPadConfigSet)
                  000030bc    00000110                   : sysctl.obj (.text:SysCtlClockGet)
                  000031cc    00000110     rtsv7M4_T_le_v4SPD16_eabi.lib : s_scalbn.c.obj (.text:scalbn)
                  000032dc    000000fc                                   : fd_mul_t2.asm.obj (.text)
                  000033d8    000000f8                                   : s_floor.c.obj (.text:floor)
                  000034d0    000000f2     sensorlib.lib : i2cm_drv.obj (.text:I2CMIntHandler)
                  000035c2    00000002     --HOLE-- [fill = 0]
                  000035c4    000000f0                   : mpu6050.obj (.text:MPU6050Callback)
                  000036b4    0000009c     rtsv7M4_T_le_v4SPD16_eabi.lib : memcpy_t2.asm.obj (.text)
                  00003750    00000098     sensorlib.lib : i2cm_drv.obj (.text:I2CMStateIdle)
                  000037e8    00000088                   : i2cm_drv.obj (.text:I2CMCommand)
                  00003870    00000086     rtsv7M4_T_le_v4SPD16_eabi.lib : fd_cmp_t2.asm.obj (.text:__aeabi_cdcmple)
                  000038f6    00000086                                   : fd_cmp_t2.asm.obj (.text:__aeabi_cdrcmple)
                  0000397c    00000078     sensorlib.lib : i2cm_drv.obj (.text:I2CMReadModifyWrite8)
                  000039f4    00000070                   : mpu6050.obj (.text:MPU6050DataAccelGetFloat)
                  00003a64    00000070                   : mpu6050.obj (.text:MPU6050DataGyroGetFloat)
                  00003ad4    0000006e     rtsv7M4_T_le_v4SPD16_eabi.lib : fd_tos_t2.asm.obj (.text)
                  00003b42    00000002     --HOLE-- [fill = 0]
                  00003b44    00000068     driverlib.lib : interrupt.obj (.text:IntDisable)
                  00003bac    00000068                   : interrupt.obj (.text:IntEnable)
                  00003c14    00000068     rtsv7M4_T_le_v4SPD16_eabi.lib : copy_decompress_lzss.c.obj (.text:decompress:lzss:__TI_decompress_lzss)
                  00003c7c    00000064     driverlib.lib : interrupt.obj (.text:IntIsEnabled)
                  00003ce0    00000060     sensorlib.lib : i2cm_drv.obj (.text:I2CMReadModifyWrite8Callback)
                  00003d40    00000060     driverlib.lib : timer.obj (.text:TimerConfigure)
                  00003da0    0000005e     sensorlib.lib : i2cm_drv.obj (.text:I2CMStateWritePause)
                  00003dfe    00000002     --HOLE-- [fill = 0]
                  00003e00    0000005c                   : mpu6050.obj (.text:MPU6050Init)
                  00003e5c    00000054                   : mpu6050.obj (.text:MPU6050DataRead)
                  00003eb0    00000050                   : i2cm_drv.obj (.text:I2CMStateWriteFinal)
                  00003f00    00000050     driverlib.lib : sysctl.obj (.text:SysCtlPeripheralReset)
                  00003f50    0000004c                   : i2c.obj (.text:I2CMasterInitExpClk)
                  00003f9c    0000004c     sensorlib.lib : mpu6050.obj (.text:MPU6050ReadModifyWrite)
                  00003fe8    0000004a                   : i2cm_drv.obj (.text:I2CMStateReadNext)
                  00004032    00000002     --HOLE-- [fill = 0]
                  00004034    00000048     driverlib.lib : gpio.obj (.text:GPIOPinConfigure)
                  0000407c    00000048     sensorlib.lib : i2cm_drv.obj (.text:I2CMStateWriteNext)
                  000040c4    00000048     rtsv7M4_T_le_v4SPD16_eabi.lib : fd_toi_t2.asm.obj (.text)
                  0000410c    00000044     sensorlib.lib : i2cm_drv.obj (.text:I2CMStateCallback)
                  00004150    00000044     rtsv7M4_T_le_v4SPD16_eabi.lib : autoinit.c.obj (.text:__TI_auto_init_nobinit_nopinit:__TI_auto_init_nobinit_nopinit)
                  00004194    00000042     sensorlib.lib : i2cm_drv.obj (.text:I2CMStateReadFinal)
                  000041d6    00000040     rtsv7M4_T_le_v4SPD16_eabi.lib : u_divt2.asm.obj (.text)
                  00004216    0000003e     sensorlib.lib : i2cm_drv.obj (.text:I2CMStateReadPause)
                  00004254    00000038     driverlib.lib : sysctl.obj (.text:SysCtlPeripheralReady)
                  0000428c    00000038     rtsv7M4_T_le_v4SPD16_eabi.lib : fs_tod_t2.asm.obj (.text)
                  000042c4    00000034     sensorlib.lib : i2cm_drv.obj (.text:I2CMInit)
                  000042f8    00000034     driverlib.lib : sysctl.obj (.text:SysCtlPeripheralEnable)
                  0000432c    00000034     rtsv7M4_T_le_v4SPD16_eabi.lib : boot_cortex_m.c.obj (.text:_c_int00_noargs:_c_int00_noargs)
                  00004360    0000002e                                   : i_tofd_t2.asm.obj (.text)
                  0000438e    0000002a     driverlib.lib : gpio.obj (.text:GPIODirModeSet)
                  000043b8    0000002a     sensorlib.lib : i2cm_drv.obj (.text:I2CMStateReadFirst)
                  000043e2    00000022     driverlib.lib : pwm.obj (.text:PWMGenConfigure)
                  00004404    00000020     sensorlib.lib : i2cm_drv.obj (.text:I2CMStateReadOne)
                  00004424    00000020     rtsv7M4_T_le_v4SPD16_eabi.lib : u_tofd_t2.asm.obj (.text)
                  00004444    0000001e     driverlib.lib : pwm.obj (.text:PWMPulseWidthSet)
                  00004462    0000001c     rtsv7M4_T_le_v4SPD16_eabi.lib : copy_zero_init.c.obj (.text:decompress:ZI:__TI_zero_init_nomemset:__TI_zero_init_nomemset)
                  0000447e    0000001a     sensorlib.lib : i2cm_drv.obj (.text:I2CMStateReadWait)
                  00004498    0000001a     rtsv7M4_T_le_v4SPD16_eabi.lib : s_copysign.c.obj (.text:copysign)
                  000044b2    00000002     --HOLE-- [fill = 0]
                  000044b4    00000014     driverlib.lib : sysctl.obj (.text:SysCtlPWMClockSet)
                  000044c8    00000012                   : gpio.obj (.text:GPIOPinTypeI2C)
                  000044da    00000012                   : gpio.obj (.text:GPIOPinTypeI2CSCL)
                  000044ec    00000012                   : gpio.obj (.text:GPIOPinTypePWM)
                  000044fe    00000012                   : gpio.obj (.text:GPIOPinTypeQEI)
                  00004510    00000012                   : gpio.obj (.text:GPIOPinTypeUART)
                  00004522    00000012                   : pwm.obj (.text:PWMOutputState)
                  00004534    00000012                   : timer.obj (.text:TimerLoadSet)
                  00004546    00000010                   : interrupt.obj (.text:IntMasterEnable)
                  00004556    00000010                   : pwm.obj (.text:PWMGenPeriodSet)
                  00004566    0000000e                   : qei.obj (.text:QEIConfigure)
                  00004574    0000000e                   : timer.obj (.text:TimerEnable)
                  00004582    0000000e     rtsv7M4_T_le_v4SPD16_eabi.lib : copy_decompress_none.c.obj (.text:decompress:none:__TI_decompress_none)
                  00004590    0000000c     driverlib.lib : cpu.obj (.text:CPUcpsie)
                  0000459c    0000000c                   : interrupt.obj (.text:IntTrigger)
                  000045a8    0000000c                   : pwm.obj (.text:PWMGenEnable)
                  000045b4    0000000c                   : qei.obj (.text:QEIFilterConfigure)
                  000045c0    0000000c     tm4c123gh6pm_startup_ccs.obj (.text)
                  000045cc    0000000a     driverlib.lib : i2c.obj (.text:I2CMasterEnable)
                  000045d6    0000000a                   : qei.obj (.text:QEIDisable)
                  000045e0    0000000a                   : qei.obj (.text:QEIEnable)
                  000045ea    0000000a                   : qei.obj (.text:QEIFilterDisable)
                  000045f4    0000000a                   : qei.obj (.text:QEIFilterEnable)
                  000045fe    0000000a                   : qei.obj (.text:QEIIntDisable)
                  00004608    0000000a                   : uart.obj (.text:UARTCharGet)
                  00004612    0000000a                   : uart.obj (.text:UARTIntStatus)
                  0000461c    00000008                   : i2c.obj (.text:I2CMasterIntClear)
                  00004624    00000008                   : i2c.obj (.text:I2CMasterIntEnableEx)
                  0000462c    00000008                   : i2c.obj (.text:I2CMasterSlaveAddrSet)
                  00004634    00000008                   : timer.obj (.text:TimerIntEnable)
                  0000463c    00000008     rtsv7M4_T_le_v4SPD16_eabi.lib : errno.c.obj (.text:__aeabi_errno_addr)
                  00004644    00000006     driverlib.lib : uart.obj (.text:UARTClockSourceSet)
                  0000464a    00000004                   : i2c.obj (.text:I2CMasterControl)
                  0000464e    00000004                   : i2c.obj (.text:I2CMasterDataGet)
                  00004652    00000004                   : i2c.obj (.text:I2CMasterDataPut)
                  00004656    00000004                   : qei.obj (.text:QEIPositionGet)
                  0000465a    00000004                   : qei.obj (.text:QEIPositionSet)
                  0000465e    00000004                   : timer.obj (.text:TimerIntClear)
                  00004662    00000004                   : uart.obj (.text:UARTIntClear)
                  00004666    00000004     rtsv7M4_T_le_v4SPD16_eabi.lib : pre_init.c.obj (.text:_system_pre_init)
                  0000466a    00000004                                   : exit.c.obj (.text:abort:abort)

.const     0    00004670    000003c0     
                  00004670    00000158     rtsv7M4_T_le_v4SPD16_eabi.lib : k_rem_pio2.c.obj (.const:$O1$$)
                  000047c8    00000098                                   : s_atan.c.obj (.const:$O1$$)
                  00004860    00000090     driverlib.lib : gpio.obj (.const:g_pui32GPIOBaseAddrs)
                  000048f0    00000070                   : interrupt.obj (.const)
                  00004960    0000006c                   : sysctl.obj (.const:g_pui32Xtals)
                  000049cc    00000020     sensorlib.lib : mpu6050.obj (.const)
                  000049ec    00000014     main.obj (.const)
                  00004a00    00000012     uartstdio.obj (.const:.string)
                  00004a12    00000002     --HOLE-- [fill = 0]
                  00004a14    0000000c     uartstdio.obj (.const:g_ui32UARTBase)
                  00004a20    0000000c     uartstdio.obj (.const:g_ui32UARTPeriph)
                  00004a2c    00000004     uartstdio.obj (.const)

.cinit     0    00004a30    00000030     
                  00004a30    0000000c     (__TI_handler_table)
                  00004a3c    0000000a     (.cinit..data.load) [load image, compression = lzss]
                  00004a46    00000002     --HOLE-- [fill = 0]
                  00004a48    00000008     (.cinit..bss.load) [load image, compression = zero_init]
                  00004a50    00000010     (__TI_cinit_table)

.init_array 
*          0    00000000    00000000     UNINITIALIZED

.bss       0    20000200    000001ca     UNINITIALIZED
                  20000200    00000124     (.common:g_sI2CMSimpleInst)
                  20000324    00000038     (.common:sMPU6050)
                  2000035c    0000000c     (.common:fAccel)
                  20000368    0000000c     (.common:fGyro)
                  20000374    00000004     (.common:E_k)
                  20000378    00000004     (.common:E_k_1)
                  2000037c    00000004     (.common:HPF)
                  20000380    00000004     (.common:HPF_1)
                  20000384    00000004     (.common:LPF)
                  20000388    00000004     (.common:LPF_1)
                  2000038c    00000004     (.common:e_d)
                  20000390    00000004     (.common:e_k)
                  20000394    00000004     (.common:e_k_1)
                  20000398    00000004     (.common:encoder1_pos)
                  2000039c    00000004     (.common:encoder1go)
                  200003a0    00000004     (.common:outtoservo)
                  200003a4    00000004     (.common:serial)
                  200003a8    00000004     (.common:thetagiro)
                  200003ac    00000004     (.common:thetagiro_1)
                  200003b0    00000004     (.common:u_k)
                  200003b4    00000004     (.common:ui32Load)
                  200003b8    00000004     (.common:ui32PWMClock)
                  200003bc    00000004     (.common:ui32Period)
                  200003c0    00000004     (.common:w_k)
                  200003c4    00000004     (.common:y)
                  200003c8    00000001     (.common:g_bMPU6050Done)
                  200003c9    00000001     (.common:n)

.data      0    200003cc    00000014     UNINITIALIZED
                  200003cc    00000006     main.obj (.data)
                  200003d2    00000002     --HOLE--
                  200003d4    00000005     uartstdio.obj (.data)
                  200003d9    00000003     --HOLE--
                  200003dc    00000004     rtsv7M4_T_le_v4SPD16_eabi.lib : errno.c.obj (.data)

.stack     0    20000000    00000200     UNINITIALIZED
                  20000000    00000004     rtsv7M4_T_le_v4SPD16_eabi.lib : boot_cortex_m.c.obj (.stack)
                  20000004    000001fc     --HOLE--

__llvm_prf_cnts 
*          0    20000000    00000000     UNINITIALIZED

MODULE SUMMARY

       Module                         code    ro data   rw data
       ------                         ----    -------   -------
    .\
       main.obj                       1824    20        464    
       uartstdio.obj                  1244    46        5      
       tm4c123gh6pm_startup_ccs.obj   12      620       0      
       motor.obj                      488     0         0      
       encoder.obj                    464     0         0      
    +--+------------------------------+-------+---------+---------+
       Total:                         4032    686       469    
                                                               
    C:/ti/TivaWare_C_Series-2.1.4.178/driverlib/ccs/Debug/driverlib.lib
       gpio.obj                       510     144       0      
       sysctl.obj                     480     108       0      
       interrupt.obj                  336     112       0      
       timer.obj                      140     0         0      
       i2c.obj                        122     0         0      
       pwm.obj                        110     0         0      
       qei.obj                        84      0         0      
       uart.obj                       30      0         0      
       cpu.obj                        12      0         0      
    +--+------------------------------+-------+---------+---------+
       Total:                         1824    364       0      
                                                               
    C:/ti/TivaWare_C_Series-2.1.4.178/sensorlib/ccs/Debug/sensorlib.lib
       i2cm_drv.obj                   1414    0         0      
       mpu6050.obj                    716     32        0      
    +--+------------------------------+-------+---------+---------+
       Total:                         2130    32        0      
                                                               
    C:\ti\ccs1031\ccs\tools\compiler\ti-cgt-arm_20.2.4.LTS\lib\rtsv7M4_T_le_v4SPD16_eabi.lib
       k_rem_pio2.c.obj               1848    344       0      
       s_cos.c.obj                    1500    0         0      
       s_sin.c.obj                    1476    0         0      
       s_atan.c.obj                   748     152       0      
       e_atan2.c.obj                  472     0         0      
       fd_add_t2.asm.obj              438     0         0      
       k_sin.c.obj                    372     0         0      
       k_cos.c.obj                    364     0         0      
       fd_div_t2.asm.obj              310     0         0      
       s_scalbn.c.obj                 272     0         0      
       fd_cmp_t2.asm.obj              268     0         0      
       fd_mul_t2.asm.obj              252     0         0      
       s_floor.c.obj                  248     0         0      
       memcpy_t2.asm.obj              156     0         0      
       fd_tos_t2.asm.obj              110     0         0      
       copy_decompress_lzss.c.obj     104     0         0      
       fd_toi_t2.asm.obj              72      0         0      
       autoinit.c.obj                 68      0         0      
       u_divt2.asm.obj                64      0         0      
       fs_tod_t2.asm.obj              56      0         0      
       boot_cortex_m.c.obj            52      0         0      
       i_tofd_t2.asm.obj              46      0         0      
       u_tofd_t2.asm.obj              32      0         0      
       copy_zero_init.c.obj           28      0         0      
       s_copysign.c.obj               26      0         0      
       copy_decompress_none.c.obj     14      0         0      
       errno.c.obj                    8       0         4      
       exit.c.obj                     4       0         0      
       pre_init.c.obj                 4       0         0      
       div0.asm.obj                   2       0         0      
    +--+------------------------------+-------+---------+---------+
       Total:                         9414    496       4      
                                                               
       Stack:                         0       0         512    
       Linker Generated:              0       46        0      
    +--+------------------------------+-------+---------+---------+
       Grand Total:                   17400   1624      985    


LINKER GENERATED COPY TABLES

__TI_cinit_table @ 00004a50 records: 2, size/record: 8, table size: 16
	.data: load addr=00004a3c, load size=0000000a bytes, run addr=200003cc, run size=00000014 bytes, compression=lzss
	.bss: load addr=00004a48, load size=00000008 bytes, run addr=20000200, run size=000001ca bytes, compression=zero_init


LINKER GENERATED HANDLER TABLE

__TI_handler_table @ 00004a30 records: 3, size/record: 4, table size: 12
	index: 0, handler: __TI_decompress_lzss
	index: 1, handler: __TI_decompress_none
	index: 2, handler: __TI_zero_init


GLOBAL SYMBOLS: SORTED ALPHABETICALLY BY Name 

address   name                          
-------   ----                          
0000466b  C$$EXIT                       
00004591  CPUcpsie                      
00000adb  ConfigureUART                 
20000374  E_k                           
20000378  E_k_1                         
200003cc  Ek_1f                         
0000438f  GPIODirModeSet                
00002f8b  GPIOPadConfigSet              
00004035  GPIOPinConfigure              
000044c9  GPIOPinTypeI2C                
000044db  GPIOPinTypeI2CSCL             
000044ed  GPIOPinTypePWM                
000044ff  GPIOPinTypeQEI                
00004511  GPIOPinTypeUART               
2000037c  HPF                           
20000380  HPF_1                         
200003d0  HPF_1f                        
000037e9  I2CMCommand                   
000042c5  I2CMInit                      
000034d1  I2CMIntHandler                
0000397d  I2CMReadModifyWrite8          
000009db  I2CMSimpleIntHandler          
0000464b  I2CMasterControl              
0000464f  I2CMasterDataGet              
00004653  I2CMasterDataPut              
000045cd  I2CMasterEnable               
00003f51  I2CMasterInitExpClk           
0000461d  I2CMasterIntClear             
00004625  I2CMasterIntEnableEx          
0000462d  I2CMasterSlaveAddrSet         
00000a7f  InitI2C0                      
00003b45  IntDisable                    
00003bad  IntEnable                     
00003c7d  IntIsEnabled                  
00004547  IntMasterEnable               
0000459d  IntTrigger                    
000049f4  KI                            
000049f8  Kd                            
000049f0  Kp                            
20000384  LPF                           
20000388  LPF_1                         
200003d1  LPF_1f                        
00000b17  MPU6050Callback               
000039f5  MPU6050DataAccelGetFloat      
00003a65  MPU6050DataGyroGetFloat       
00003e5d  MPU6050DataRead               
00003e01  MPU6050Init                   
00003f9d  MPU6050ReadModifyWrite        
00000d6d  MPU6050init                   
00000b29  PIDblock                      
200003ce  PIDflag                       
000043e3  PWMGenConfigure               
000045a9  PWMGenEnable                  
00004557  PWMGenPeriodSet               
00004523  PWMOutputState                
00004445  PWMPulseWidthSet              
00000a27  PWMinit                       
00004567  QEIConfigure                  
000045d7  QEIDisable                    
000045e1  QEIEnable                     
000045b5  QEIFilterConfigure            
000045eb  QEIFilterDisable              
000045f5  QEIFilterEnable               
000045ff  QEIIntDisable                 
00004657  QEIPositionGet                
0000465b  QEIPositionSet                
000045c1  ResetISR                      
000030bd  SysCtlClockGet                
000044b5  SysCtlPWMClockSet             
000042f9  SysCtlPeripheralEnable        
00004255  SysCtlPeripheralReady         
00003f01  SysCtlPeripheralReset         
00000a67  TIMER0en                      
000009e5  TIMER0init                    
000009c9  Timer0IntHandlerA             
00003d41  TimerConfigure                
00004575  TimerEnable                   
0000465f  TimerIntClear                 
00004635  TimerIntEnable                
00004535  TimerLoadSet                  
000009a5  UART0IntHandler               
00004609  UARTCharGet                   
00004645  UARTClockSourceSet            
00004663  UARTIntClear                  
00004613  UARTIntStatus                 
00001c65  UARTStdioConfig               
00001ddd  UARTgetc                      
00001d17  UARTgets                      
0000210b  UARTprintf                    
00001e11  UARTvprintf                   
00001cc5  UARTwrite                     
20000200  __STACK_END                   
00000200  __STACK_SIZE                  
20000200  __STACK_TOP                   
00004a50  __TI_CINIT_Base               
00004a60  __TI_CINIT_Limit              
00004a30  __TI_Handler_Table_Base       
00004a3c  __TI_Handler_Table_Limit      
00004151  __TI_auto_init_nobinit_nopinit
00003c15  __TI_decompress_lzss          
00004583  __TI_decompress_none          
ffffffff  __TI_pprof_out_hndl           
ffffffff  __TI_prof_data_size           
ffffffff  __TI_prof_data_start          
00000000  __TI_static_base__            
00004463  __TI_zero_init_nomemset       
00003871  __aeabi_cdcmpeq               
00003871  __aeabi_cdcmple               
000038f7  __aeabi_cdrcmple              
00003ad5  __aeabi_d2f                   
000040c5  __aeabi_d2iz                  
000029c7  __aeabi_dadd                  
00002e55  __aeabi_ddiv                  
000032dd  __aeabi_dmul                  
000029bd  __aeabi_dsub                  
0000463d  __aeabi_errno_addr            
0000428d  __aeabi_f2d                   
00004361  __aeabi_i2d                   
00002b73  __aeabi_idiv0                 
00002b73  __aeabi_ldiv0                 
000036b5  __aeabi_memcpy                
000036b5  __aeabi_memcpy4               
000036b5  __aeabi_memcpy8               
00004425  __aeabi_ui2d                  
000041d7  __aeabi_uidiv                 
000041d7  __aeabi_uidivmod              
ffffffff  __binit__                     
ffffffff  __c_args__                    
00002ce9  __kernel_cos                  
0000026d  __kernel_rem_pio2             
00002b75  __kernel_sin                  
UNDEFED   __mpu_init                    
20000000  __stack                       
20000000  __start___llvm_prf_cnts       
20000000  __stop___llvm_prf_cnts        
0000432d  _c_int00_noargs               
UNDEFED   _system_post_cinit            
00004667  _system_pre_init              
0000466b  abort                         
00002141  atan                          
00002615  atan2                         
00002615  atan2l                        
00002141  atanl                         
ffffffff  binit                         
00000c11  compfiltering                 
00004499  copysign                      
00004499  copysignl                     
000010c5  cos                           
000010c5  cosl                          
000049ec  deltat                        
2000038c  e_d                           
20000390  e_k                           
20000394  e_k_1                         
200003cd  ek_1f                         
20000398  encoder1_pos                  
2000039c  encoder1go                    
200003dc  errno                         
2000035c  fAccel                        
20000368  fGyro                         
000033d9  floor                         
000033d9  floorl                        
200003c8  g_bMPU6050Done                
00000000  g_pfnVectors                  
20000200  g_sI2CMSimpleInst             
00002923  get_position_in_degrees       
000049fc  lambda                        
000031cd  ldexp                         
000031cd  ldexpl                        
00000e85  main                          
000036b5  memcpy                        
0000242d  motor1_configure              
0000249f  motor2_configure              
00002511  motor_velocity_write          
200003c9  n                             
200003a0  outtoservo                    
000027ed  qei_module0_config            
00002893  qei_module1_config            
20000324  sMPU6050                      
000031cd  scalbn                        
000031cd  scalbnl                       
200003a4  serial                        
000016a1  sin                           
000016a1  sinl                          
200003a8  thetagiro                     
200003ac  thetagiro_1                   
200003cf  thetagiro_1f                  
200003b0  u_k                           
200003b4  ui32Load                      
200003b8  ui32PWMClock                  
200003bc  ui32Period                    
200003c0  w_k                           
200003c4  y                             


GLOBAL SYMBOLS: SORTED BY Symbol Address 

address   name                          
-------   ----                          
00000000  __TI_static_base__            
00000000  g_pfnVectors                  
00000200  __STACK_SIZE                  
0000026d  __kernel_rem_pio2             
000009a5  UART0IntHandler               
000009c9  Timer0IntHandlerA             
000009db  I2CMSimpleIntHandler          
000009e5  TIMER0init                    
00000a27  PWMinit                       
00000a67  TIMER0en                      
00000a7f  InitI2C0                      
00000adb  ConfigureUART                 
00000b17  MPU6050Callback               
00000b29  PIDblock                      
00000c11  compfiltering                 
00000d6d  MPU6050init                   
00000e85  main                          
000010c5  cos                           
000010c5  cosl                          
000016a1  sin                           
000016a1  sinl                          
00001c65  UARTStdioConfig               
00001cc5  UARTwrite                     
00001d17  UARTgets                      
00001ddd  UARTgetc                      
00001e11  UARTvprintf                   
0000210b  UARTprintf                    
00002141  atan                          
00002141  atanl                         
0000242d  motor1_configure              
0000249f  motor2_configure              
00002511  motor_velocity_write          
00002615  atan2                         
00002615  atan2l                        
000027ed  qei_module0_config            
00002893  qei_module1_config            
00002923  get_position_in_degrees       
000029bd  __aeabi_dsub                  
000029c7  __aeabi_dadd                  
00002b73  __aeabi_idiv0                 
00002b73  __aeabi_ldiv0                 
00002b75  __kernel_sin                  
00002ce9  __kernel_cos                  
00002e55  __aeabi_ddiv                  
00002f8b  GPIOPadConfigSet              
000030bd  SysCtlClockGet                
000031cd  ldexp                         
000031cd  ldexpl                        
000031cd  scalbn                        
000031cd  scalbnl                       
000032dd  __aeabi_dmul                  
000033d9  floor                         
000033d9  floorl                        
000034d1  I2CMIntHandler                
000036b5  __aeabi_memcpy                
000036b5  __aeabi_memcpy4               
000036b5  __aeabi_memcpy8               
000036b5  memcpy                        
000037e9  I2CMCommand                   
00003871  __aeabi_cdcmpeq               
00003871  __aeabi_cdcmple               
000038f7  __aeabi_cdrcmple              
0000397d  I2CMReadModifyWrite8          
000039f5  MPU6050DataAccelGetFloat      
00003a65  MPU6050DataGyroGetFloat       
00003ad5  __aeabi_d2f                   
00003b45  IntDisable                    
00003bad  IntEnable                     
00003c15  __TI_decompress_lzss          
00003c7d  IntIsEnabled                  
00003d41  TimerConfigure                
00003e01  MPU6050Init                   
00003e5d  MPU6050DataRead               
00003f01  SysCtlPeripheralReset         
00003f51  I2CMasterInitExpClk           
00003f9d  MPU6050ReadModifyWrite        
00004035  GPIOPinConfigure              
000040c5  __aeabi_d2iz                  
00004151  __TI_auto_init_nobinit_nopinit
000041d7  __aeabi_uidiv                 
000041d7  __aeabi_uidivmod              
00004255  SysCtlPeripheralReady         
0000428d  __aeabi_f2d                   
000042c5  I2CMInit                      
000042f9  SysCtlPeripheralEnable        
0000432d  _c_int00_noargs               
00004361  __aeabi_i2d                   
0000438f  GPIODirModeSet                
000043e3  PWMGenConfigure               
00004425  __aeabi_ui2d                  
00004445  PWMPulseWidthSet              
00004463  __TI_zero_init_nomemset       
00004499  copysign                      
00004499  copysignl                     
000044b5  SysCtlPWMClockSet             
000044c9  GPIOPinTypeI2C                
000044db  GPIOPinTypeI2CSCL             
000044ed  GPIOPinTypePWM                
000044ff  GPIOPinTypeQEI                
00004511  GPIOPinTypeUART               
00004523  PWMOutputState                
00004535  TimerLoadSet                  
00004547  IntMasterEnable               
00004557  PWMGenPeriodSet               
00004567  QEIConfigure                  
00004575  TimerEnable                   
00004583  __TI_decompress_none          
00004591  CPUcpsie                      
0000459d  IntTrigger                    
000045a9  PWMGenEnable                  
000045b5  QEIFilterConfigure            
000045c1  ResetISR                      
000045cd  I2CMasterEnable               
000045d7  QEIDisable                    
000045e1  QEIEnable                     
000045eb  QEIFilterDisable              
000045f5  QEIFilterEnable               
000045ff  QEIIntDisable                 
00004609  UARTCharGet                   
00004613  UARTIntStatus                 
0000461d  I2CMasterIntClear             
00004625  I2CMasterIntEnableEx          
0000462d  I2CMasterSlaveAddrSet         
00004635  TimerIntEnable                
0000463d  __aeabi_errno_addr            
00004645  UARTClockSourceSet            
0000464b  I2CMasterControl              
0000464f  I2CMasterDataGet              
00004653  I2CMasterDataPut              
00004657  QEIPositionGet                
0000465b  QEIPositionSet                
0000465f  TimerIntClear                 
00004663  UARTIntClear                  
00004667  _system_pre_init              
0000466b  C$$EXIT                       
0000466b  abort                         
000049ec  deltat                        
000049f0  Kp                            
000049f4  KI                            
000049f8  Kd                            
000049fc  lambda                        
00004a30  __TI_Handler_Table_Base       
00004a3c  __TI_Handler_Table_Limit      
00004a50  __TI_CINIT_Base               
00004a60  __TI_CINIT_Limit              
20000000  __stack                       
20000000  __start___llvm_prf_cnts       
20000000  __stop___llvm_prf_cnts        
20000200  __STACK_END                   
20000200  __STACK_TOP                   
20000200  g_sI2CMSimpleInst             
20000324  sMPU6050                      
2000035c  fAccel                        
20000368  fGyro                         
20000374  E_k                           
20000378  E_k_1                         
2000037c  HPF                           
20000380  HPF_1                         
20000384  LPF                           
20000388  LPF_1                         
2000038c  e_d                           
20000390  e_k                           
20000394  e_k_1                         
20000398  encoder1_pos                  
2000039c  encoder1go                    
200003a0  outtoservo                    
200003a4  serial                        
200003a8  thetagiro                     
200003ac  thetagiro_1                   
200003b0  u_k                           
200003b4  ui32Load                      
200003b8  ui32PWMClock                  
200003bc  ui32Period                    
200003c0  w_k                           
200003c4  y                             
200003c8  g_bMPU6050Done                
200003c9  n                             
200003cc  Ek_1f                         
200003cd  ek_1f                         
200003ce  PIDflag                       
200003cf  thetagiro_1f                  
200003d0  HPF_1f                        
200003d1  LPF_1f                        
200003dc  errno                         
ffffffff  __TI_pprof_out_hndl           
ffffffff  __TI_prof_data_size           
ffffffff  __TI_prof_data_start          
ffffffff  __binit__                     
ffffffff  __c_args__                    
ffffffff  binit                         
UNDEFED   __mpu_init                    
UNDEFED   _system_post_cinit            

[192 symbols]
