******************************************************************************
                  TI ARM Linker PC v20.2.4                     
******************************************************************************
>> Linked Mon Nov 29 17:00:55 2021

OUTPUT FILE NAME:   <BijuBotIMUtesto.out>
ENTRY POINT SYMBOL: "_c_int00_noargs"  address: 00004329


MEMORY CONFIGURATION

         name            origin    length      used     unused   attr    fill
----------------------  --------  ---------  --------  --------  ----  --------
  FLASH                 00000000   00040000  00004a5e  0003b5a2  R  X
  SRAM                  20000000   00008000  000003de  00007c22  RW X


SEGMENT ALLOCATION MAP

run origin  load origin   length   init length attrs members
----------  ----------- ---------- ----------- ----- -------
00000000    00000000    00004a68   00004a68    r-x
  00000000    00000000    0000026c   0000026c    r-- .intvecs
  0000026c    0000026c    000043fe   000043fe    r-x .text
  00004670    00004670    000003c4   000003c4    r-- .const
  00004a38    00004a38    00000030   00000030    r-- .cinit
20000000    20000000    000003e0   00000000    rw-
  20000000    20000000    00000200   00000000    rw- .stack
  20000200    20000200    000001ca   00000000    rw- .bss
  200003cc    200003cc    00000014   00000000    rw- .data


SECTION ALLOCATION MAP

 output                                  attributes/
section   page    origin      length       input sections
--------  ----  ----------  ----------   ----------------
.intvecs   0    00000000    0000026c     
                  00000000    0000026c     tm4c123gh6pm_startup_ccs.obj (.intvecs)

.text      0    0000026c    000043fe     
                  0000026c    00000738     rtsv7M4_T_le_v4SPD16_eabi.lib : k_rem_pio2.c.obj (.text:__kernel_rem_pio2)
                  000009a4    000006e4     main.obj (.text)
                  00001088    000005dc     rtsv7M4_T_le_v4SPD16_eabi.lib : s_cos.c.obj (.text:cos)
                  00001664    000005c4                                   : s_sin.c.obj (.text:sin)
                  00001c28    000004dc     uartstdio.obj (.text)
                  00002104    000002ec     rtsv7M4_T_le_v4SPD16_eabi.lib : s_atan.c.obj (.text:atan)
                  000023f0    00000208     encoder.obj (.text)
                  000025f8    000001e8     motor.obj (.text)
                  000027e0    000001d8     rtsv7M4_T_le_v4SPD16_eabi.lib : e_atan2.c.obj (.text:atan2)
                  000029b8    000001b6                                   : fd_add_t2.asm.obj (.text)
                  00002b6e    00000002                                   : div0.asm.obj (.text)
                  00002b70    00000174                                   : k_sin.c.obj (.text:__kernel_sin)
                  00002ce4    0000016c                                   : k_cos.c.obj (.text:__kernel_cos)
                  00002e50    00000136                                   : fd_div_t2.asm.obj (.text)
                  00002f86    00000132     driverlib.lib : gpio.obj (.text:GPIOPadConfigSet)
                  000030b8    00000110                   : sysctl.obj (.text:SysCtlClockGet)
                  000031c8    00000110     rtsv7M4_T_le_v4SPD16_eabi.lib : s_scalbn.c.obj (.text:scalbn)
                  000032d8    000000fc                                   : fd_mul_t2.asm.obj (.text)
                  000033d4    000000f8                                   : s_floor.c.obj (.text:floor)
                  000034cc    000000f2     sensorlib.lib : i2cm_drv.obj (.text:I2CMIntHandler)
                  000035be    00000002     --HOLE-- [fill = 0]
                  000035c0    000000f0                   : mpu6050.obj (.text:MPU6050Callback)
                  000036b0    0000009c     rtsv7M4_T_le_v4SPD16_eabi.lib : memcpy_t2.asm.obj (.text)
                  0000374c    00000098     sensorlib.lib : i2cm_drv.obj (.text:I2CMStateIdle)
                  000037e4    00000088                   : i2cm_drv.obj (.text:I2CMCommand)
                  0000386c    00000086     rtsv7M4_T_le_v4SPD16_eabi.lib : fd_cmp_t2.asm.obj (.text:__aeabi_cdcmple)
                  000038f2    00000086                                   : fd_cmp_t2.asm.obj (.text:__aeabi_cdrcmple)
                  00003978    00000078     sensorlib.lib : i2cm_drv.obj (.text:I2CMReadModifyWrite8)
                  000039f0    00000070                   : mpu6050.obj (.text:MPU6050DataAccelGetFloat)
                  00003a60    00000070                   : mpu6050.obj (.text:MPU6050DataGyroGetFloat)
                  00003ad0    0000006e     rtsv7M4_T_le_v4SPD16_eabi.lib : fd_tos_t2.asm.obj (.text)
                  00003b3e    00000002     --HOLE-- [fill = 0]
                  00003b40    00000068     driverlib.lib : interrupt.obj (.text:IntDisable)
                  00003ba8    00000068                   : interrupt.obj (.text:IntEnable)
                  00003c10    00000068     rtsv7M4_T_le_v4SPD16_eabi.lib : copy_decompress_lzss.c.obj (.text:decompress:lzss:__TI_decompress_lzss)
                  00003c78    00000064     driverlib.lib : interrupt.obj (.text:IntIsEnabled)
                  00003cdc    00000060     sensorlib.lib : i2cm_drv.obj (.text:I2CMReadModifyWrite8Callback)
                  00003d3c    00000060     driverlib.lib : timer.obj (.text:TimerConfigure)
                  00003d9c    0000005e     sensorlib.lib : i2cm_drv.obj (.text:I2CMStateWritePause)
                  00003dfa    00000002     --HOLE-- [fill = 0]
                  00003dfc    0000005c                   : mpu6050.obj (.text:MPU6050Init)
                  00003e58    00000054                   : mpu6050.obj (.text:MPU6050DataRead)
                  00003eac    00000050                   : i2cm_drv.obj (.text:I2CMStateWriteFinal)
                  00003efc    00000050     driverlib.lib : sysctl.obj (.text:SysCtlPeripheralReset)
                  00003f4c    0000004c                   : i2c.obj (.text:I2CMasterInitExpClk)
                  00003f98    0000004c     sensorlib.lib : mpu6050.obj (.text:MPU6050ReadModifyWrite)
                  00003fe4    0000004a                   : i2cm_drv.obj (.text:I2CMStateReadNext)
                  0000402e    00000002     --HOLE-- [fill = 0]
                  00004030    00000048     driverlib.lib : gpio.obj (.text:GPIOPinConfigure)
                  00004078    00000048     sensorlib.lib : i2cm_drv.obj (.text:I2CMStateWriteNext)
                  000040c0    00000048     rtsv7M4_T_le_v4SPD16_eabi.lib : fd_toi_t2.asm.obj (.text)
                  00004108    00000044     sensorlib.lib : i2cm_drv.obj (.text:I2CMStateCallback)
                  0000414c    00000044     rtsv7M4_T_le_v4SPD16_eabi.lib : autoinit.c.obj (.text:__TI_auto_init_nobinit_nopinit:__TI_auto_init_nobinit_nopinit)
                  00004190    00000042     sensorlib.lib : i2cm_drv.obj (.text:I2CMStateReadFinal)
                  000041d2    00000040     rtsv7M4_T_le_v4SPD16_eabi.lib : u_divt2.asm.obj (.text)
                  00004212    0000003e     sensorlib.lib : i2cm_drv.obj (.text:I2CMStateReadPause)
                  00004250    00000038     driverlib.lib : sysctl.obj (.text:SysCtlPeripheralReady)
                  00004288    00000038     rtsv7M4_T_le_v4SPD16_eabi.lib : fs_tod_t2.asm.obj (.text)
                  000042c0    00000034     sensorlib.lib : i2cm_drv.obj (.text:I2CMInit)
                  000042f4    00000034     driverlib.lib : sysctl.obj (.text:SysCtlPeripheralEnable)
                  00004328    00000034     rtsv7M4_T_le_v4SPD16_eabi.lib : boot_cortex_m.c.obj (.text:_c_int00_noargs:_c_int00_noargs)
                  0000435c    0000002e                                   : i_tofd_t2.asm.obj (.text)
                  0000438a    0000002a     driverlib.lib : gpio.obj (.text:GPIODirModeSet)
                  000043b4    0000002a     sensorlib.lib : i2cm_drv.obj (.text:I2CMStateReadFirst)
                  000043de    00000022     driverlib.lib : pwm.obj (.text:PWMGenConfigure)
                  00004400    00000020     sensorlib.lib : i2cm_drv.obj (.text:I2CMStateReadOne)
                  00004420    00000020     rtsv7M4_T_le_v4SPD16_eabi.lib : u_tofd_t2.asm.obj (.text)
                  00004440    0000001e     driverlib.lib : pwm.obj (.text:PWMPulseWidthSet)
                  0000445e    0000001c     rtsv7M4_T_le_v4SPD16_eabi.lib : copy_zero_init.c.obj (.text:decompress:ZI:__TI_zero_init_nomemset:__TI_zero_init_nomemset)
                  0000447a    0000001a     sensorlib.lib : i2cm_drv.obj (.text:I2CMStateReadWait)
                  00004494    0000001a     rtsv7M4_T_le_v4SPD16_eabi.lib : s_copysign.c.obj (.text:copysign)
                  000044ae    00000002     --HOLE-- [fill = 0]
                  000044b0    00000014     driverlib.lib : sysctl.obj (.text:SysCtlPWMClockSet)
                  000044c4    00000012                   : gpio.obj (.text:GPIOPinTypeI2C)
                  000044d6    00000012                   : gpio.obj (.text:GPIOPinTypeI2CSCL)
                  000044e8    00000012                   : gpio.obj (.text:GPIOPinTypePWM)
                  000044fa    00000012                   : gpio.obj (.text:GPIOPinTypeQEI)
                  0000450c    00000012                   : gpio.obj (.text:GPIOPinTypeUART)
                  0000451e    00000012                   : pwm.obj (.text:PWMOutputState)
                  00004530    00000012                   : timer.obj (.text:TimerLoadSet)
                  00004542    00000010                   : interrupt.obj (.text:IntMasterEnable)
                  00004552    00000010                   : pwm.obj (.text:PWMGenPeriodSet)
                  00004562    0000000e                   : qei.obj (.text:QEIConfigure)
                  00004570    0000000e                   : timer.obj (.text:TimerEnable)
                  0000457e    0000000e     rtsv7M4_T_le_v4SPD16_eabi.lib : copy_decompress_none.c.obj (.text:decompress:none:__TI_decompress_none)
                  0000458c    0000000c     driverlib.lib : cpu.obj (.text:CPUcpsie)
                  00004598    0000000c                   : interrupt.obj (.text:IntTrigger)
                  000045a4    0000000c                   : pwm.obj (.text:PWMGenEnable)
                  000045b0    0000000c                   : qei.obj (.text:QEIFilterConfigure)
                  000045bc    0000000c     tm4c123gh6pm_startup_ccs.obj (.text)
                  000045c8    0000000a     driverlib.lib : i2c.obj (.text:I2CMasterEnable)
                  000045d2    0000000a                   : qei.obj (.text:QEIDisable)
                  000045dc    0000000a                   : qei.obj (.text:QEIEnable)
                  000045e6    0000000a                   : qei.obj (.text:QEIFilterDisable)
                  000045f0    0000000a                   : qei.obj (.text:QEIFilterEnable)
                  000045fa    0000000a                   : qei.obj (.text:QEIIntDisable)
                  00004604    0000000a                   : uart.obj (.text:UARTCharGet)
                  0000460e    0000000a                   : uart.obj (.text:UARTIntStatus)
                  00004618    00000008                   : i2c.obj (.text:I2CMasterIntClear)
                  00004620    00000008                   : i2c.obj (.text:I2CMasterIntEnableEx)
                  00004628    00000008                   : i2c.obj (.text:I2CMasterSlaveAddrSet)
                  00004630    00000008                   : timer.obj (.text:TimerIntEnable)
                  00004638    00000008     rtsv7M4_T_le_v4SPD16_eabi.lib : errno.c.obj (.text:__aeabi_errno_addr)
                  00004640    00000006     driverlib.lib : uart.obj (.text:UARTClockSourceSet)
                  00004646    00000004                   : i2c.obj (.text:I2CMasterControl)
                  0000464a    00000004                   : i2c.obj (.text:I2CMasterDataGet)
                  0000464e    00000004                   : i2c.obj (.text:I2CMasterDataPut)
                  00004652    00000004                   : qei.obj (.text:QEIPositionGet)
                  00004656    00000004                   : qei.obj (.text:QEIPositionSet)
                  0000465a    00000004                   : timer.obj (.text:TimerIntClear)
                  0000465e    00000004                   : uart.obj (.text:UARTIntClear)
                  00004662    00000004     rtsv7M4_T_le_v4SPD16_eabi.lib : pre_init.c.obj (.text:_system_pre_init)
                  00004666    00000004                                   : exit.c.obj (.text:abort:abort)

.const     0    00004670    000003c4     
                  00004670    00000158     rtsv7M4_T_le_v4SPD16_eabi.lib : k_rem_pio2.c.obj (.const:$O1$$)
                  000047c8    00000098                                   : s_atan.c.obj (.const:$O1$$)
                  00004860    00000090     driverlib.lib : gpio.obj (.const:g_pui32GPIOBaseAddrs)
                  000048f0    00000070                   : interrupt.obj (.const)
                  00004960    0000006c                   : sysctl.obj (.const:g_pui32Xtals)
                  000049cc    00000020     sensorlib.lib : mpu6050.obj (.const)
                  000049ec    00000018     main.obj (.const)
                  00004a04    00000012     uartstdio.obj (.const:.string)
                  00004a16    00000002     --HOLE-- [fill = 0]
                  00004a18    0000000c     uartstdio.obj (.const:g_ui32UARTBase)
                  00004a24    0000000c     uartstdio.obj (.const:g_ui32UARTPeriph)
                  00004a30    00000004     uartstdio.obj (.const)

.cinit     0    00004a38    00000030     
                  00004a38    0000000c     (__TI_handler_table)
                  00004a44    0000000a     (.cinit..data.load) [load image, compression = lzss]
                  00004a4e    00000002     --HOLE-- [fill = 0]
                  00004a50    00000008     (.cinit..bss.load) [load image, compression = zero_init]
                  00004a58    00000010     (__TI_cinit_table)

.init_array 
*          0    00000000    00000000     UNINITIALIZED

.bss       0    20000200    000001ca     UNINITIALIZED
                  20000200    00000124     (.common:g_sI2CMSimpleInst)
                  20000324    00000038     (.common:sMPU6050)
                  2000035c    0000000c     (.common:fAccel)
                  20000368    0000000c     (.common:fGyro)
                  20000374    00000004     (.common:E_k)
                  20000378    00000004     (.common:E_k_1)
                  2000037c    00000004     (.common:HPF)
                  20000380    00000004     (.common:HPF_1)
                  20000384    00000004     (.common:LPF)
                  20000388    00000004     (.common:LPF_1)
                  2000038c    00000004     (.common:e_d)
                  20000390    00000004     (.common:e_k)
                  20000394    00000004     (.common:e_k_1)
                  20000398    00000004     (.common:encoder1_pos)
                  2000039c    00000004     (.common:encoder1go)
                  200003a0    00000004     (.common:outtoservo)
                  200003a4    00000004     (.common:serial)
                  200003a8    00000004     (.common:thetagiro)
                  200003ac    00000004     (.common:thetagiro_1)
                  200003b0    00000004     (.common:u_k)
                  200003b4    00000004     (.common:ui32Load)
                  200003b8    00000004     (.common:ui32PWMClock)
                  200003bc    00000004     (.common:ui32Period)
                  200003c0    00000004     (.common:w_k)
                  200003c4    00000004     (.common:y)
                  200003c8    00000001     (.common:g_bMPU6050Done)
                  200003c9    00000001     (.common:n)

.data      0    200003cc    00000014     UNINITIALIZED
                  200003cc    00000006     main.obj (.data)
                  200003d2    00000002     --HOLE--
                  200003d4    00000005     uartstdio.obj (.data)
                  200003d9    00000003     --HOLE--
                  200003dc    00000004     rtsv7M4_T_le_v4SPD16_eabi.lib : errno.c.obj (.data)

.stack     0    20000000    00000200     UNINITIALIZED
                  20000000    00000004     rtsv7M4_T_le_v4SPD16_eabi.lib : boot_cortex_m.c.obj (.stack)
                  20000004    000001fc     --HOLE--

__llvm_prf_cnts 
*          0    20000000    00000000     UNINITIALIZED

MODULE SUMMARY

       Module                         code    ro data   rw data
       ------                         ----    -------   -------
    .\
       main.obj                       1764    24        464    
       uartstdio.obj                  1244    46        5      
       tm4c123gh6pm_startup_ccs.obj   12      620       0      
       encoder.obj                    520     0         0      
       motor.obj                      488     0         0      
    +--+------------------------------+-------+---------+---------+
       Total:                         4028    690       469    
                                                               
    C:/ti/TivaWare_C_Series-2.1.4.178/driverlib/ccs/Debug/driverlib.lib
       gpio.obj                       510     144       0      
       sysctl.obj                     480     108       0      
       interrupt.obj                  336     112       0      
       timer.obj                      140     0         0      
       i2c.obj                        122     0         0      
       pwm.obj                        110     0         0      
       qei.obj                        84      0         0      
       uart.obj                       30      0         0      
       cpu.obj                        12      0         0      
    +--+------------------------------+-------+---------+---------+
       Total:                         1824    364       0      
                                                               
    C:/ti/TivaWare_C_Series-2.1.4.178/sensorlib/ccs/Debug/sensorlib.lib
       i2cm_drv.obj                   1414    0         0      
       mpu6050.obj                    716     32        0      
    +--+------------------------------+-------+---------+---------+
       Total:                         2130    32        0      
                                                               
    C:\ti\ccs1031\ccs\tools\compiler\ti-cgt-arm_20.2.4.LTS\lib\rtsv7M4_T_le_v4SPD16_eabi.lib
       k_rem_pio2.c.obj               1848    344       0      
       s_cos.c.obj                    1500    0         0      
       s_sin.c.obj                    1476    0         0      
       s_atan.c.obj                   748     152       0      
       e_atan2.c.obj                  472     0         0      
       fd_add_t2.asm.obj              438     0         0      
       k_sin.c.obj                    372     0         0      
       k_cos.c.obj                    364     0         0      
       fd_div_t2.asm.obj              310     0         0      
       s_scalbn.c.obj                 272     0         0      
       fd_cmp_t2.asm.obj              268     0         0      
       fd_mul_t2.asm.obj              252     0         0      
       s_floor.c.obj                  248     0         0      
       memcpy_t2.asm.obj              156     0         0      
       fd_tos_t2.asm.obj              110     0         0      
       copy_decompress_lzss.c.obj     104     0         0      
       fd_toi_t2.asm.obj              72      0         0      
       autoinit.c.obj                 68      0         0      
       u_divt2.asm.obj                64      0         0      
       fs_tod_t2.asm.obj              56      0         0      
       boot_cortex_m.c.obj            52      0         0      
       i_tofd_t2.asm.obj              46      0         0      
       u_tofd_t2.asm.obj              32      0         0      
       copy_zero_init.c.obj           28      0         0      
       s_copysign.c.obj               26      0         0      
       copy_decompress_none.c.obj     14      0         0      
       errno.c.obj                    8       0         4      
       exit.c.obj                     4       0         0      
       pre_init.c.obj                 4       0         0      
       div0.asm.obj                   2       0         0      
    +--+------------------------------+-------+---------+---------+
       Total:                         9414    496       4      
                                                               
       Stack:                         0       0         512    
       Linker Generated:              0       46        0      
    +--+------------------------------+-------+---------+---------+
       Grand Total:                   17396   1628      985    


LINKER GENERATED COPY TABLES

__TI_cinit_table @ 00004a58 records: 2, size/record: 8, table size: 16
	.data: load addr=00004a44, load size=0000000a bytes, run addr=200003cc, run size=00000014 bytes, compression=lzss
	.bss: load addr=00004a50, load size=00000008 bytes, run addr=20000200, run size=000001ca bytes, compression=zero_init


LINKER GENERATED HANDLER TABLE

__TI_handler_table @ 00004a38 records: 3, size/record: 4, table size: 12
	index: 0, handler: __TI_decompress_lzss
	index: 1, handler: __TI_decompress_none
	index: 2, handler: __TI_zero_init


GLOBAL SYMBOLS: SORTED ALPHABETICALLY BY Name 

address   name                          
-------   ----                          
00004667  C$$EXIT                       
0000458d  CPUcpsie                      
00000adb  ConfigureUART                 
20000374  E_k                           
20000378  E_k_1                         
200003cc  Ek_1f                         
0000438b  GPIODirModeSet                
00002f87  GPIOPadConfigSet              
00004031  GPIOPinConfigure              
000044c5  GPIOPinTypeI2C                
000044d7  GPIOPinTypeI2CSCL             
000044e9  GPIOPinTypePWM                
000044fb  GPIOPinTypeQEI                
0000450d  GPIOPinTypeUART               
2000037c  HPF                           
20000380  HPF_1                         
200003d0  HPF_1f                        
000037e5  I2CMCommand                   
000042c1  I2CMInit                      
000034cd  I2CMIntHandler                
00003979  I2CMReadModifyWrite8          
000009db  I2CMSimpleIntHandler          
00004647  I2CMasterControl              
0000464b  I2CMasterDataGet              
0000464f  I2CMasterDataPut              
000045c9  I2CMasterEnable               
00003f4d  I2CMasterInitExpClk           
00004619  I2CMasterIntClear             
00004621  I2CMasterIntEnableEx          
00004629  I2CMasterSlaveAddrSet         
00000a7f  InitI2C0                      
00003b41  IntDisable                    
00003ba9  IntEnable                     
00003c79  IntIsEnabled                  
00004543  IntMasterEnable               
00004599  IntTrigger                    
000049f4  KI                            
000049f8  Kd                            
000049f0  Kp                            
20000384  LPF                           
20000388  LPF_1                         
200003d1  LPF_1f                        
00000b17  MPU6050Callback               
000039f1  MPU6050DataAccelGetFloat      
00003a61  MPU6050DataGyroGetFloat       
00003e59  MPU6050DataRead               
00003dfd  MPU6050Init                   
00003f99  MPU6050ReadModifyWrite        
00000d45  MPU6050init                   
00000b29  PIDblock                      
200003ce  PIDflag                       
000043df  PWMGenConfigure               
000045a5  PWMGenEnable                  
00004553  PWMGenPeriodSet               
0000451f  PWMOutputState                
00004441  PWMPulseWidthSet              
00000a27  PWMinit                       
00004563  QEIConfigure                  
000045d3  QEIDisable                    
000045dd  QEIEnable                     
000045b1  QEIFilterConfigure            
000045e7  QEIFilterDisable              
000045f1  QEIFilterEnable               
000045fb  QEIIntDisable                 
00004653  QEIPositionGet                
00004657  QEIPositionSet                
000045bd  ResetISR                      
000030b9  SysCtlClockGet                
000044b1  SysCtlPWMClockSet             
000042f5  SysCtlPeripheralEnable        
00004251  SysCtlPeripheralReady         
00003efd  SysCtlPeripheralReset         
00000a67  TIMER0en                      
000009e5  TIMER0init                    
000009c9  Timer0IntHandlerA             
00003d3d  TimerConfigure                
00004571  TimerEnable                   
0000465b  TimerIntClear                 
00004631  TimerIntEnable                
00004531  TimerLoadSet                  
000009a5  UART0IntHandler               
00004605  UARTCharGet                   
00004641  UARTClockSourceSet            
0000465f  UARTIntClear                  
0000460f  UARTIntStatus                 
00001c29  UARTStdioConfig               
00001da1  UARTgetc                      
00001cdb  UARTgets                      
000020cf  UARTprintf                    
00001dd5  UARTvprintf                   
00001c89  UARTwrite                     
20000200  __STACK_END                   
00000200  __STACK_SIZE                  
20000200  __STACK_TOP                   
00004a58  __TI_CINIT_Base               
00004a68  __TI_CINIT_Limit              
00004a38  __TI_Handler_Table_Base       
00004a44  __TI_Handler_Table_Limit      
0000414d  __TI_auto_init_nobinit_nopinit
00003c11  __TI_decompress_lzss          
0000457f  __TI_decompress_none          
ffffffff  __TI_pprof_out_hndl           
ffffffff  __TI_prof_data_size           
ffffffff  __TI_prof_data_start          
00000000  __TI_static_base__            
0000445f  __TI_zero_init_nomemset       
0000386d  __aeabi_cdcmpeq               
0000386d  __aeabi_cdcmple               
000038f3  __aeabi_cdrcmple              
00003ad1  __aeabi_d2f                   
000040c1  __aeabi_d2iz                  
000029c3  __aeabi_dadd                  
00002e51  __aeabi_ddiv                  
000032d9  __aeabi_dmul                  
000029b9  __aeabi_dsub                  
00004639  __aeabi_errno_addr            
00004289  __aeabi_f2d                   
0000435d  __aeabi_i2d                   
00002b6f  __aeabi_idiv0                 
00002b6f  __aeabi_ldiv0                 
000036b1  __aeabi_memcpy                
000036b1  __aeabi_memcpy4               
000036b1  __aeabi_memcpy8               
00004421  __aeabi_ui2d                  
000041d3  __aeabi_uidiv                 
000041d3  __aeabi_uidivmod              
ffffffff  __binit__                     
ffffffff  __c_args__                    
00002ce5  __kernel_cos                  
0000026d  __kernel_rem_pio2             
00002b71  __kernel_sin                  
UNDEFED   __mpu_init                    
20000000  __stack                       
20000000  __start___llvm_prf_cnts       
20000000  __stop___llvm_prf_cnts        
00004329  _c_int00_noargs               
UNDEFED   _system_post_cinit            
00004663  _system_pre_init              
00004667  abort                         
00002105  atan                          
000027e1  atan2                         
000027e1  atan2l                        
00002105  atanl                         
ffffffff  binit                         
00000c05  compfiltering                 
00004495  copysign                      
00004495  copysignl                     
00001089  cos                           
00001089  cosl                          
000049ec  deltat                        
2000038c  e_d                           
20000390  e_k                           
20000394  e_k_1                         
200003cd  ek_1f                         
20000398  encoder1_pos                  
2000039c  encoder1go                    
200003dc  errno                         
2000035c  fAccel                        
20000368  fGyro                         
000033d5  floor                         
000033d5  floorl                        
200003c8  g_bMPU6050Done                
00000000  g_pfnVectors                  
20000200  g_sI2CMSimpleInst             
0000257b  get_position_in_deg           
00002527  get_position_in_rad           
000049fc  lambda                        
000031c9  ldexp                         
000031c9  ldexpl                        
00000e61  main                          
000036b1  memcpy                        
000025f9  motor1_configure              
0000266b  motor2_configure              
000026dd  motor_velocity_write          
200003c9  n                             
200003a0  outtoservo                    
00004a00  pi                            
000023f1  qei_module0_config            
00002497  qei_module1_config            
20000324  sMPU6050                      
000031c9  scalbn                        
000031c9  scalbnl                       
200003a4  serial                        
00001665  sin                           
00001665  sinl                          
200003a8  thetagiro                     
200003ac  thetagiro_1                   
200003cf  thetagiro_1f                  
200003b0  u_k                           
200003b4  ui32Load                      
200003b8  ui32PWMClock                  
200003bc  ui32Period                    
200003c0  w_k                           
200003c4  y                             


GLOBAL SYMBOLS: SORTED BY Symbol Address 

address   name                          
-------   ----                          
00000000  __TI_static_base__            
00000000  g_pfnVectors                  
00000200  __STACK_SIZE                  
0000026d  __kernel_rem_pio2             
000009a5  UART0IntHandler               
000009c9  Timer0IntHandlerA             
000009db  I2CMSimpleIntHandler          
000009e5  TIMER0init                    
00000a27  PWMinit                       
00000a67  TIMER0en                      
00000a7f  InitI2C0                      
00000adb  ConfigureUART                 
00000b17  MPU6050Callback               
00000b29  PIDblock                      
00000c05  compfiltering                 
00000d45  MPU6050init                   
00000e61  main                          
00001089  cos                           
00001089  cosl                          
00001665  sin                           
00001665  sinl                          
00001c29  UARTStdioConfig               
00001c89  UARTwrite                     
00001cdb  UARTgets                      
00001da1  UARTgetc                      
00001dd5  UARTvprintf                   
000020cf  UARTprintf                    
00002105  atan                          
00002105  atanl                         
000023f1  qei_module0_config            
00002497  qei_module1_config            
00002527  get_position_in_rad           
0000257b  get_position_in_deg           
000025f9  motor1_configure              
0000266b  motor2_configure              
000026dd  motor_velocity_write          
000027e1  atan2                         
000027e1  atan2l                        
000029b9  __aeabi_dsub                  
000029c3  __aeabi_dadd                  
00002b6f  __aeabi_idiv0                 
00002b6f  __aeabi_ldiv0                 
00002b71  __kernel_sin                  
00002ce5  __kernel_cos                  
00002e51  __aeabi_ddiv                  
00002f87  GPIOPadConfigSet              
000030b9  SysCtlClockGet                
000031c9  ldexp                         
000031c9  ldexpl                        
000031c9  scalbn                        
000031c9  scalbnl                       
000032d9  __aeabi_dmul                  
000033d5  floor                         
000033d5  floorl                        
000034cd  I2CMIntHandler                
000036b1  __aeabi_memcpy                
000036b1  __aeabi_memcpy4               
000036b1  __aeabi_memcpy8               
000036b1  memcpy                        
000037e5  I2CMCommand                   
0000386d  __aeabi_cdcmpeq               
0000386d  __aeabi_cdcmple               
000038f3  __aeabi_cdrcmple              
00003979  I2CMReadModifyWrite8          
000039f1  MPU6050DataAccelGetFloat      
00003a61  MPU6050DataGyroGetFloat       
00003ad1  __aeabi_d2f                   
00003b41  IntDisable                    
00003ba9  IntEnable                     
00003c11  __TI_decompress_lzss          
00003c79  IntIsEnabled                  
00003d3d  TimerConfigure                
00003dfd  MPU6050Init                   
00003e59  MPU6050DataRead               
00003efd  SysCtlPeripheralReset         
00003f4d  I2CMasterInitExpClk           
00003f99  MPU6050ReadModifyWrite        
00004031  GPIOPinConfigure              
000040c1  __aeabi_d2iz                  
0000414d  __TI_auto_init_nobinit_nopinit
000041d3  __aeabi_uidiv                 
000041d3  __aeabi_uidivmod              
00004251  SysCtlPeripheralReady         
00004289  __aeabi_f2d                   
000042c1  I2CMInit                      
000042f5  SysCtlPeripheralEnable        
00004329  _c_int00_noargs               
0000435d  __aeabi_i2d                   
0000438b  GPIODirModeSet                
000043df  PWMGenConfigure               
00004421  __aeabi_ui2d                  
00004441  PWMPulseWidthSet              
0000445f  __TI_zero_init_nomemset       
00004495  copysign                      
00004495  copysignl                     
000044b1  SysCtlPWMClockSet             
000044c5  GPIOPinTypeI2C                
000044d7  GPIOPinTypeI2CSCL             
000044e9  GPIOPinTypePWM                
000044fb  GPIOPinTypeQEI                
0000450d  GPIOPinTypeUART               
0000451f  PWMOutputState                
00004531  TimerLoadSet                  
00004543  IntMasterEnable               
00004553  PWMGenPeriodSet               
00004563  QEIConfigure                  
00004571  TimerEnable                   
0000457f  __TI_decompress_none          
0000458d  CPUcpsie                      
00004599  IntTrigger                    
000045a5  PWMGenEnable                  
000045b1  QEIFilterConfigure            
000045bd  ResetISR                      
000045c9  I2CMasterEnable               
000045d3  QEIDisable                    
000045dd  QEIEnable                     
000045e7  QEIFilterDisable              
000045f1  QEIFilterEnable               
000045fb  QEIIntDisable                 
00004605  UARTCharGet                   
0000460f  UARTIntStatus                 
00004619  I2CMasterIntClear             
00004621  I2CMasterIntEnableEx          
00004629  I2CMasterSlaveAddrSet         
00004631  TimerIntEnable                
00004639  __aeabi_errno_addr            
00004641  UARTClockSourceSet            
00004647  I2CMasterControl              
0000464b  I2CMasterDataGet              
0000464f  I2CMasterDataPut              
00004653  QEIPositionGet                
00004657  QEIPositionSet                
0000465b  TimerIntClear                 
0000465f  UARTIntClear                  
00004663  _system_pre_init              
00004667  C$$EXIT                       
00004667  abort                         
000049ec  deltat                        
000049f0  Kp                            
000049f4  KI                            
000049f8  Kd                            
000049fc  lambda                        
00004a00  pi                            
00004a38  __TI_Handler_Table_Base       
00004a44  __TI_Handler_Table_Limit      
00004a58  __TI_CINIT_Base               
00004a68  __TI_CINIT_Limit              
20000000  __stack                       
20000000  __start___llvm_prf_cnts       
20000000  __stop___llvm_prf_cnts        
20000200  __STACK_END                   
20000200  __STACK_TOP                   
20000200  g_sI2CMSimpleInst             
20000324  sMPU6050                      
2000035c  fAccel                        
20000368  fGyro                         
20000374  E_k                           
20000378  E_k_1                         
2000037c  HPF                           
20000380  HPF_1                         
20000384  LPF                           
20000388  LPF_1                         
2000038c  e_d                           
20000390  e_k                           
20000394  e_k_1                         
20000398  encoder1_pos                  
2000039c  encoder1go                    
200003a0  outtoservo                    
200003a4  serial                        
200003a8  thetagiro                     
200003ac  thetagiro_1                   
200003b0  u_k                           
200003b4  ui32Load                      
200003b8  ui32PWMClock                  
200003bc  ui32Period                    
200003c0  w_k                           
200003c4  y                             
200003c8  g_bMPU6050Done                
200003c9  n                             
200003cc  Ek_1f                         
200003cd  ek_1f                         
200003ce  PIDflag                       
200003cf  thetagiro_1f                  
200003d0  HPF_1f                        
200003d1  LPF_1f                        
200003dc  errno                         
ffffffff  __TI_pprof_out_hndl           
ffffffff  __TI_prof_data_size           
ffffffff  __TI_prof_data_start          
ffffffff  __binit__                     
ffffffff  __c_args__                    
ffffffff  binit                         
UNDEFED   __mpu_init                    
UNDEFED   _system_post_cinit            

[194 symbols]
