******************************************************************************
                  TI ARM Linker PC v20.2.4                     
******************************************************************************
>> Linked Mon Sep 20 22:09:49 2021

OUTPUT FILE NAME:   <BijuBotIMUtesto.out>
ENTRY POINT SYMBOL: "_c_int00_noargs"  address: 000042ad


MEMORY CONFIGURATION

         name            origin    length      used     unused   attr    fill
----------------------  --------  ---------  --------  --------  ----  --------
  FLASH                 00000000   00040000  000049c6  0003b63a  R  X
  SRAM                  20000000   00008000  000003d9  00007c27  RW X


SEGMENT ALLOCATION MAP

run origin  load origin   length   init length attrs members
----------  ----------- ---------- ----------- ----- -------
00000000    00000000    000049c8   000049c8    r-x
  00000000    00000000    0000026c   0000026c    r-- .intvecs
  0000026c    0000026c    0000436a   0000436a    r-x .text
  000045d8    000045d8    000003c0   000003c0    r-- .const
  00004998    00004998    00000030   00000030    r-- .cinit
20000000    20000000    000003dc   00000000    rw-
  20000000    20000000    00000200   00000000    rw- .stack
  20000200    20000200    000001c5   00000000    rw- .bss
  200003c8    200003c8    00000014   00000000    rw- .data


SECTION ALLOCATION MAP

 output                                  attributes/
section   page    origin      length       input sections
--------  ----  ----------  ----------   ----------------
.intvecs   0    00000000    0000026c     
                  00000000    0000026c     tm4c123gh6pm_startup_ccs.obj (.intvecs)

.text      0    0000026c    0000436a     
                  0000026c    00000738     rtsv7M4_T_le_v4SPD16_eabi.lib : k_rem_pio2.c.obj (.text:__kernel_rem_pio2)
                  000009a4    000006a0     main.obj (.text)
                  00001044    000005dc     rtsv7M4_T_le_v4SPD16_eabi.lib : s_cos.c.obj (.text:cos)
                  00001620    000005c4                                   : s_sin.c.obj (.text:sin)
                  00001be4    000004dc     uartstdio.obj (.text)
                  000020c0    000002ec     rtsv7M4_T_le_v4SPD16_eabi.lib : s_atan.c.obj (.text:atan)
                  000023ac    000001e8     motor.obj (.text)
                  00002594    000001d8     rtsv7M4_T_le_v4SPD16_eabi.lib : e_atan2.c.obj (.text:atan2)
                  0000276c    000001d0     encoder.obj (.text)
                  0000293c    000001b6     rtsv7M4_T_le_v4SPD16_eabi.lib : fd_add_t2.asm.obj (.text)
                  00002af2    00000002                                   : div0.asm.obj (.text)
                  00002af4    00000174                                   : k_sin.c.obj (.text:__kernel_sin)
                  00002c68    0000016c                                   : k_cos.c.obj (.text:__kernel_cos)
                  00002dd4    00000136                                   : fd_div_t2.asm.obj (.text)
                  00002f0a    00000132     driverlib.lib : gpio.obj (.text:GPIOPadConfigSet)
                  0000303c    00000110                   : sysctl.obj (.text:SysCtlClockGet)
                  0000314c    00000110     rtsv7M4_T_le_v4SPD16_eabi.lib : s_scalbn.c.obj (.text:scalbn)
                  0000325c    000000fc                                   : fd_mul_t2.asm.obj (.text)
                  00003358    000000f8                                   : s_floor.c.obj (.text:floor)
                  00003450    000000f2     sensorlib.lib : i2cm_drv.obj (.text:I2CMIntHandler)
                  00003542    00000002     --HOLE-- [fill = 0]
                  00003544    000000f0                   : mpu6050.obj (.text:MPU6050Callback)
                  00003634    0000009c     rtsv7M4_T_le_v4SPD16_eabi.lib : memcpy_t2.asm.obj (.text)
                  000036d0    00000098     sensorlib.lib : i2cm_drv.obj (.text:I2CMStateIdle)
                  00003768    00000088                   : i2cm_drv.obj (.text:I2CMCommand)
                  000037f0    00000086     rtsv7M4_T_le_v4SPD16_eabi.lib : fd_cmp_t2.asm.obj (.text:__aeabi_cdcmple)
                  00003876    00000086                                   : fd_cmp_t2.asm.obj (.text:__aeabi_cdrcmple)
                  000038fc    00000078     sensorlib.lib : i2cm_drv.obj (.text:I2CMReadModifyWrite8)
                  00003974    00000070                   : mpu6050.obj (.text:MPU6050DataAccelGetFloat)
                  000039e4    00000070                   : mpu6050.obj (.text:MPU6050DataGyroGetFloat)
                  00003a54    0000006e     rtsv7M4_T_le_v4SPD16_eabi.lib : fd_tos_t2.asm.obj (.text)
                  00003ac2    00000002     --HOLE-- [fill = 0]
                  00003ac4    00000068     driverlib.lib : interrupt.obj (.text:IntDisable)
                  00003b2c    00000068                   : interrupt.obj (.text:IntEnable)
                  00003b94    00000068     rtsv7M4_T_le_v4SPD16_eabi.lib : copy_decompress_lzss.c.obj (.text:decompress:lzss:__TI_decompress_lzss)
                  00003bfc    00000064     driverlib.lib : interrupt.obj (.text:IntIsEnabled)
                  00003c60    00000060     sensorlib.lib : i2cm_drv.obj (.text:I2CMReadModifyWrite8Callback)
                  00003cc0    00000060     driverlib.lib : timer.obj (.text:TimerConfigure)
                  00003d20    0000005e     sensorlib.lib : i2cm_drv.obj (.text:I2CMStateWritePause)
                  00003d7e    00000002     --HOLE-- [fill = 0]
                  00003d80    0000005c                   : mpu6050.obj (.text:MPU6050Init)
                  00003ddc    00000054                   : mpu6050.obj (.text:MPU6050DataRead)
                  00003e30    00000050                   : i2cm_drv.obj (.text:I2CMStateWriteFinal)
                  00003e80    00000050     driverlib.lib : sysctl.obj (.text:SysCtlPeripheralReset)
                  00003ed0    0000004c                   : i2c.obj (.text:I2CMasterInitExpClk)
                  00003f1c    0000004c     sensorlib.lib : mpu6050.obj (.text:MPU6050ReadModifyWrite)
                  00003f68    0000004a                   : i2cm_drv.obj (.text:I2CMStateReadNext)
                  00003fb2    00000002     --HOLE-- [fill = 0]
                  00003fb4    00000048     driverlib.lib : gpio.obj (.text:GPIOPinConfigure)
                  00003ffc    00000048     sensorlib.lib : i2cm_drv.obj (.text:I2CMStateWriteNext)
                  00004044    00000048     rtsv7M4_T_le_v4SPD16_eabi.lib : fd_toi_t2.asm.obj (.text)
                  0000408c    00000044     sensorlib.lib : i2cm_drv.obj (.text:I2CMStateCallback)
                  000040d0    00000044     rtsv7M4_T_le_v4SPD16_eabi.lib : autoinit.c.obj (.text:__TI_auto_init_nobinit_nopinit:__TI_auto_init_nobinit_nopinit)
                  00004114    00000042     sensorlib.lib : i2cm_drv.obj (.text:I2CMStateReadFinal)
                  00004156    00000040     rtsv7M4_T_le_v4SPD16_eabi.lib : u_divt2.asm.obj (.text)
                  00004196    0000003e     sensorlib.lib : i2cm_drv.obj (.text:I2CMStateReadPause)
                  000041d4    00000038     driverlib.lib : sysctl.obj (.text:SysCtlPeripheralReady)
                  0000420c    00000038     rtsv7M4_T_le_v4SPD16_eabi.lib : fs_tod_t2.asm.obj (.text)
                  00004244    00000034     sensorlib.lib : i2cm_drv.obj (.text:I2CMInit)
                  00004278    00000034     driverlib.lib : sysctl.obj (.text:SysCtlPeripheralEnable)
                  000042ac    00000034     rtsv7M4_T_le_v4SPD16_eabi.lib : boot_cortex_m.c.obj (.text:_c_int00_noargs:_c_int00_noargs)
                  000042e0    0000002e                                   : i_tofd_t2.asm.obj (.text)
                  0000430e    0000002a     driverlib.lib : gpio.obj (.text:GPIODirModeSet)
                  00004338    0000002a     sensorlib.lib : i2cm_drv.obj (.text:I2CMStateReadFirst)
                  00004362    00000022     driverlib.lib : pwm.obj (.text:PWMGenConfigure)
                  00004384    00000020     sensorlib.lib : i2cm_drv.obj (.text:I2CMStateReadOne)
                  000043a4    00000020     rtsv7M4_T_le_v4SPD16_eabi.lib : u_tofd_t2.asm.obj (.text)
                  000043c4    0000001e     driverlib.lib : pwm.obj (.text:PWMPulseWidthSet)
                  000043e2    0000001c     rtsv7M4_T_le_v4SPD16_eabi.lib : copy_zero_init.c.obj (.text:decompress:ZI:__TI_zero_init_nomemset:__TI_zero_init_nomemset)
                  000043fe    0000001a     sensorlib.lib : i2cm_drv.obj (.text:I2CMStateReadWait)
                  00004418    0000001a     rtsv7M4_T_le_v4SPD16_eabi.lib : s_copysign.c.obj (.text:copysign)
                  00004432    00000002     --HOLE-- [fill = 0]
                  00004434    00000014     driverlib.lib : sysctl.obj (.text:SysCtlPWMClockSet)
                  00004448    00000012                   : gpio.obj (.text:GPIOPinTypeI2C)
                  0000445a    00000012                   : gpio.obj (.text:GPIOPinTypeI2CSCL)
                  0000446c    00000012                   : gpio.obj (.text:GPIOPinTypePWM)
                  0000447e    00000012                   : gpio.obj (.text:GPIOPinTypeQEI)
                  00004490    00000012                   : gpio.obj (.text:GPIOPinTypeUART)
                  000044a2    00000012                   : pwm.obj (.text:PWMOutputState)
                  000044b4    00000012                   : timer.obj (.text:TimerLoadSet)
                  000044c6    00000010                   : interrupt.obj (.text:IntMasterEnable)
                  000044d6    00000010                   : pwm.obj (.text:PWMGenPeriodSet)
                  000044e6    0000000e                   : qei.obj (.text:QEIConfigure)
                  000044f4    0000000e                   : timer.obj (.text:TimerEnable)
                  00004502    0000000e     rtsv7M4_T_le_v4SPD16_eabi.lib : copy_decompress_none.c.obj (.text:decompress:none:__TI_decompress_none)
                  00004510    0000000c     driverlib.lib : cpu.obj (.text:CPUcpsie)
                  0000451c    0000000c                   : interrupt.obj (.text:IntTrigger)
                  00004528    0000000c                   : pwm.obj (.text:PWMGenEnable)
                  00004534    0000000c                   : qei.obj (.text:QEIFilterConfigure)
                  00004540    0000000c     tm4c123gh6pm_startup_ccs.obj (.text)
                  0000454c    0000000a     driverlib.lib : i2c.obj (.text:I2CMasterEnable)
                  00004556    0000000a                   : qei.obj (.text:QEIDisable)
                  00004560    0000000a                   : qei.obj (.text:QEIEnable)
                  0000456a    0000000a                   : qei.obj (.text:QEIFilterDisable)
                  00004574    0000000a                   : qei.obj (.text:QEIFilterEnable)
                  0000457e    0000000a                   : qei.obj (.text:QEIIntDisable)
                  00004588    00000008                   : i2c.obj (.text:I2CMasterIntClear)
                  00004590    00000008                   : i2c.obj (.text:I2CMasterIntEnableEx)
                  00004598    00000008                   : i2c.obj (.text:I2CMasterSlaveAddrSet)
                  000045a0    00000008                   : timer.obj (.text:TimerIntEnable)
                  000045a8    00000008     rtsv7M4_T_le_v4SPD16_eabi.lib : errno.c.obj (.text:__aeabi_errno_addr)
                  000045b0    00000006     driverlib.lib : uart.obj (.text:UARTClockSourceSet)
                  000045b6    00000004                   : i2c.obj (.text:I2CMasterControl)
                  000045ba    00000004                   : i2c.obj (.text:I2CMasterDataGet)
                  000045be    00000004                   : i2c.obj (.text:I2CMasterDataPut)
                  000045c2    00000004                   : qei.obj (.text:QEIPositionGet)
                  000045c6    00000004                   : qei.obj (.text:QEIPositionSet)
                  000045ca    00000004                   : timer.obj (.text:TimerIntClear)
                  000045ce    00000004     rtsv7M4_T_le_v4SPD16_eabi.lib : pre_init.c.obj (.text:_system_pre_init)
                  000045d2    00000004                                   : exit.c.obj (.text:abort:abort)

.const     0    000045d8    000003c0     
                  000045d8    00000158     rtsv7M4_T_le_v4SPD16_eabi.lib : k_rem_pio2.c.obj (.const:$O1$$)
                  00004730    00000098                                   : s_atan.c.obj (.const:$O1$$)
                  000047c8    00000090     driverlib.lib : gpio.obj (.const:g_pui32GPIOBaseAddrs)
                  00004858    00000070                   : interrupt.obj (.const)
                  000048c8    0000006c                   : sysctl.obj (.const:g_pui32Xtals)
                  00004934    00000020     sensorlib.lib : mpu6050.obj (.const)
                  00004954    00000014     main.obj (.const)
                  00004968    00000012     uartstdio.obj (.const:.string)
                  0000497a    00000002     --HOLE-- [fill = 0]
                  0000497c    0000000c     uartstdio.obj (.const:g_ui32UARTBase)
                  00004988    0000000c     uartstdio.obj (.const:g_ui32UARTPeriph)
                  00004994    00000004     uartstdio.obj (.const)

.cinit     0    00004998    00000030     
                  00004998    0000000c     (__TI_handler_table)
                  000049a4    0000000a     (.cinit..data.load) [load image, compression = lzss]
                  000049ae    00000002     --HOLE-- [fill = 0]
                  000049b0    00000008     (.cinit..bss.load) [load image, compression = zero_init]
                  000049b8    00000010     (__TI_cinit_table)

.init_array 
*          0    00000000    00000000     UNINITIALIZED

.bss       0    20000200    000001c5     UNINITIALIZED
                  20000200    00000124     (.common:g_sI2CMSimpleInst)
                  20000324    00000038     (.common:sMPU6050)
                  2000035c    0000000c     (.common:fAccel)
                  20000368    0000000c     (.common:fGyro)
                  20000374    00000004     (.common:E_k)
                  20000378    00000004     (.common:E_k_1)
                  2000037c    00000004     (.common:HPF)
                  20000380    00000004     (.common:HPF_1)
                  20000384    00000004     (.common:LPF)
                  20000388    00000004     (.common:LPF_1)
                  2000038c    00000004     (.common:e_d)
                  20000390    00000004     (.common:e_k)
                  20000394    00000004     (.common:e_k_1)
                  20000398    00000004     (.common:encoder1_pos)
                  2000039c    00000004     (.common:encoder1go)
                  200003a0    00000004     (.common:outtoservo)
                  200003a4    00000004     (.common:thetagiro)
                  200003a8    00000004     (.common:thetagiro_1)
                  200003ac    00000004     (.common:u_k)
                  200003b0    00000004     (.common:ui32Load)
                  200003b4    00000004     (.common:ui32PWMClock)
                  200003b8    00000004     (.common:ui32Period)
                  200003bc    00000004     (.common:w_k)
                  200003c0    00000004     (.common:y)
                  200003c4    00000001     (.common:g_bMPU6050Done)

.data      0    200003c8    00000014     UNINITIALIZED
                  200003c8    00000006     main.obj (.data)
                  200003ce    00000002     --HOLE--
                  200003d0    00000005     uartstdio.obj (.data)
                  200003d5    00000003     --HOLE--
                  200003d8    00000004     rtsv7M4_T_le_v4SPD16_eabi.lib : errno.c.obj (.data)

.stack     0    20000000    00000200     UNINITIALIZED
                  20000000    00000004     rtsv7M4_T_le_v4SPD16_eabi.lib : boot_cortex_m.c.obj (.stack)
                  20000004    000001fc     --HOLE--

__llvm_prf_cnts 
*          0    20000000    00000000     UNINITIALIZED

MODULE SUMMARY

       Module                         code    ro data   rw data
       ------                         ----    -------   -------
    .\
       main.obj                       1696    20        459    
       uartstdio.obj                  1244    46        5      
       tm4c123gh6pm_startup_ccs.obj   12      620       0      
       motor.obj                      488     0         0      
       encoder.obj                    464     0         0      
    +--+------------------------------+-------+---------+---------+
       Total:                         3904    686       464    
                                                               
    C:/ti/TivaWare_C_Series-2.1.4.178/driverlib/ccs/Debug/driverlib.lib
       gpio.obj                       510     144       0      
       sysctl.obj                     480     108       0      
       interrupt.obj                  336     112       0      
       timer.obj                      140     0         0      
       i2c.obj                        122     0         0      
       pwm.obj                        110     0         0      
       qei.obj                        84      0         0      
       cpu.obj                        12      0         0      
       uart.obj                       6       0         0      
    +--+------------------------------+-------+---------+---------+
       Total:                         1800    364       0      
                                                               
    C:/ti/TivaWare_C_Series-2.1.4.178/sensorlib/ccs/Debug/sensorlib.lib
       i2cm_drv.obj                   1414    0         0      
       mpu6050.obj                    716     32        0      
    +--+------------------------------+-------+---------+---------+
       Total:                         2130    32        0      
                                                               
    C:\ti\ccs1031\ccs\tools\compiler\ti-cgt-arm_20.2.4.LTS\lib\rtsv7M4_T_le_v4SPD16_eabi.lib
       k_rem_pio2.c.obj               1848    344       0      
       s_cos.c.obj                    1500    0         0      
       s_sin.c.obj                    1476    0         0      
       s_atan.c.obj                   748     152       0      
       e_atan2.c.obj                  472     0         0      
       fd_add_t2.asm.obj              438     0         0      
       k_sin.c.obj                    372     0         0      
       k_cos.c.obj                    364     0         0      
       fd_div_t2.asm.obj              310     0         0      
       s_scalbn.c.obj                 272     0         0      
       fd_cmp_t2.asm.obj              268     0         0      
       fd_mul_t2.asm.obj              252     0         0      
       s_floor.c.obj                  248     0         0      
       memcpy_t2.asm.obj              156     0         0      
       fd_tos_t2.asm.obj              110     0         0      
       copy_decompress_lzss.c.obj     104     0         0      
       fd_toi_t2.asm.obj              72      0         0      
       autoinit.c.obj                 68      0         0      
       u_divt2.asm.obj                64      0         0      
       fs_tod_t2.asm.obj              56      0         0      
       boot_cortex_m.c.obj            52      0         0      
       i_tofd_t2.asm.obj              46      0         0      
       u_tofd_t2.asm.obj              32      0         0      
       copy_zero_init.c.obj           28      0         0      
       s_copysign.c.obj               26      0         0      
       copy_decompress_none.c.obj     14      0         0      
       errno.c.obj                    8       0         4      
       exit.c.obj                     4       0         0      
       pre_init.c.obj                 4       0         0      
       div0.asm.obj                   2       0         0      
    +--+------------------------------+-------+---------+---------+
       Total:                         9414    496       4      
                                                               
       Stack:                         0       0         512    
       Linker Generated:              0       46        0      
    +--+------------------------------+-------+---------+---------+
       Grand Total:                   17248   1624      980    


LINKER GENERATED COPY TABLES

__TI_cinit_table @ 000049b8 records: 2, size/record: 8, table size: 16
	.data: load addr=000049a4, load size=0000000a bytes, run addr=200003c8, run size=00000014 bytes, compression=lzss
	.bss: load addr=000049b0, load size=00000008 bytes, run addr=20000200, run size=000001c5 bytes, compression=zero_init


LINKER GENERATED HANDLER TABLE

__TI_handler_table @ 00004998 records: 3, size/record: 4, table size: 12
	index: 0, handler: __TI_decompress_lzss
	index: 1, handler: __TI_decompress_none
	index: 2, handler: __TI_zero_init


GLOBAL SYMBOLS: SORTED ALPHABETICALLY BY Name 

address   name                          
-------   ----                          
000045d3  C$$EXIT                       
00004511  CPUcpsie                      
00000abb  ConfigureUART                 
20000374  E_k                           
20000378  E_k_1                         
200003c8  Ek_1f                         
0000430f  GPIODirModeSet                
00002f0b  GPIOPadConfigSet              
00003fb5  GPIOPinConfigure              
00004449  GPIOPinTypeI2C                
0000445b  GPIOPinTypeI2CSCL             
0000446d  GPIOPinTypePWM                
0000447f  GPIOPinTypeQEI                
00004491  GPIOPinTypeUART               
2000037c  HPF                           
20000380  HPF_1                         
200003cc  HPF_1f                        
00003769  I2CMCommand                   
00004245  I2CMInit                      
00003451  I2CMIntHandler                
000038fd  I2CMReadModifyWrite8          
000009b7  I2CMSimpleIntHandler          
000045b7  I2CMasterControl              
000045bb  I2CMasterDataGet              
000045bf  I2CMasterDataPut              
0000454d  I2CMasterEnable               
00003ed1  I2CMasterInitExpClk           
00004589  I2CMasterIntClear             
00004591  I2CMasterIntEnableEx          
00004599  I2CMasterSlaveAddrSet         
00000a5f  InitI2C0                      
00003ac5  IntDisable                    
00003b2d  IntEnable                     
00003bfd  IntIsEnabled                  
000044c7  IntMasterEnable               
0000451d  IntTrigger                    
0000495c  KI                            
00004960  Kd                            
00004958  Kp                            
20000384  LPF                           
20000388  LPF_1                         
200003cd  LPF_1f                        
00000af7  MPU6050Callback               
00003975  MPU6050DataAccelGetFloat      
000039e5  MPU6050DataGyroGetFloat       
00003ddd  MPU6050DataRead               
00003d81  MPU6050Init                   
00003f1d  MPU6050ReadModifyWrite        
00000d4d  MPU6050init                   
00000b09  PIDblock                      
200003ca  PIDflag                       
00004363  PWMGenConfigure               
00004529  PWMGenEnable                  
000044d7  PWMGenPeriodSet               
000044a3  PWMOutputState                
000043c5  PWMPulseWidthSet              
00000a03  PWMinit                       
000044e7  QEIConfigure                  
00004557  QEIDisable                    
00004561  QEIEnable                     
00004535  QEIFilterConfigure            
0000456b  QEIFilterDisable              
00004575  QEIFilterEnable               
0000457f  QEIIntDisable                 
000045c3  QEIPositionGet                
000045c7  QEIPositionSet                
00004541  ResetISR                      
0000303d  SysCtlClockGet                
00004435  SysCtlPWMClockSet             
00004279  SysCtlPeripheralEnable        
000041d5  SysCtlPeripheralReady         
00003e81  SysCtlPeripheralReset         
00000a47  TIMER0en                      
000009c1  TIMER0init                    
000009a5  Timer0IntHandlerA             
00003cc1  TimerConfigure                
000044f5  TimerEnable                   
000045cb  TimerIntClear                 
000045a1  TimerIntEnable                
000044b5  TimerLoadSet                  
000045b1  UARTClockSourceSet            
00001be5  UARTStdioConfig               
00001d5d  UARTgetc                      
00001c97  UARTgets                      
0000208b  UARTprintf                    
00001d91  UARTvprintf                   
00001c45  UARTwrite                     
20000200  __STACK_END                   
00000200  __STACK_SIZE                  
20000200  __STACK_TOP                   
000049b8  __TI_CINIT_Base               
000049c8  __TI_CINIT_Limit              
00004998  __TI_Handler_Table_Base       
000049a4  __TI_Handler_Table_Limit      
000040d1  __TI_auto_init_nobinit_nopinit
00003b95  __TI_decompress_lzss          
00004503  __TI_decompress_none          
ffffffff  __TI_pprof_out_hndl           
ffffffff  __TI_prof_data_size           
ffffffff  __TI_prof_data_start          
00000000  __TI_static_base__            
000043e3  __TI_zero_init_nomemset       
000037f1  __aeabi_cdcmpeq               
000037f1  __aeabi_cdcmple               
00003877  __aeabi_cdrcmple              
00003a55  __aeabi_d2f                   
00004045  __aeabi_d2iz                  
00002947  __aeabi_dadd                  
00002dd5  __aeabi_ddiv                  
0000325d  __aeabi_dmul                  
0000293d  __aeabi_dsub                  
000045a9  __aeabi_errno_addr            
0000420d  __aeabi_f2d                   
000042e1  __aeabi_i2d                   
00002af3  __aeabi_idiv0                 
00002af3  __aeabi_ldiv0                 
00003635  __aeabi_memcpy                
00003635  __aeabi_memcpy4               
00003635  __aeabi_memcpy8               
000043a5  __aeabi_ui2d                  
00004157  __aeabi_uidiv                 
00004157  __aeabi_uidivmod              
ffffffff  __binit__                     
ffffffff  __c_args__                    
00002c69  __kernel_cos                  
0000026d  __kernel_rem_pio2             
00002af5  __kernel_sin                  
UNDEFED   __mpu_init                    
20000000  __stack                       
20000000  __start___llvm_prf_cnts       
20000000  __stop___llvm_prf_cnts        
000042ad  _c_int00_noargs               
UNDEFED   _system_post_cinit            
000045cf  _system_pre_init              
000045d3  abort                         
000020c1  atan                          
00002595  atan2                         
00002595  atan2l                        
000020c1  atanl                         
ffffffff  binit                         
00000bed  compfiltering                 
00004419  copysign                      
00004419  copysignl                     
00001045  cos                           
00001045  cosl                          
00004954  deltat                        
2000038c  e_d                           
20000390  e_k                           
20000394  e_k_1                         
200003c9  ek_1f                         
20000398  encoder1_pos                  
2000039c  encoder1go                    
200003d8  errno                         
2000035c  fAccel                        
20000368  fGyro                         
00003359  floor                         
00003359  floorl                        
200003c4  g_bMPU6050Done                
00000000  g_pfnVectors                  
20000200  g_sI2CMSimpleInst             
000028a3  get_position_in_degrees       
00004964  lambda                        
0000314d  ldexp                         
0000314d  ldexpl                        
00000e65  main                          
00003635  memcpy                        
000023ad  motor1_configure              
0000241f  motor2_configure              
00002491  motor_velocity_write          
200003a0  outtoservo                    
0000276d  qei_module0_config            
00002813  qei_module1_config            
20000324  sMPU6050                      
0000314d  scalbn                        
0000314d  scalbnl                       
00001621  sin                           
00001621  sinl                          
200003a4  thetagiro                     
200003a8  thetagiro_1                   
200003cb  thetagiro_1f                  
200003ac  u_k                           
200003b0  ui32Load                      
200003b4  ui32PWMClock                  
200003b8  ui32Period                    
200003bc  w_k                           
200003c0  y                             


GLOBAL SYMBOLS: SORTED BY Symbol Address 

address   name                          
-------   ----                          
00000000  __TI_static_base__            
00000000  g_pfnVectors                  
00000200  __STACK_SIZE                  
0000026d  __kernel_rem_pio2             
000009a5  Timer0IntHandlerA             
000009b7  I2CMSimpleIntHandler          
000009c1  TIMER0init                    
00000a03  PWMinit                       
00000a47  TIMER0en                      
00000a5f  InitI2C0                      
00000abb  ConfigureUART                 
00000af7  MPU6050Callback               
00000b09  PIDblock                      
00000bed  compfiltering                 
00000d4d  MPU6050init                   
00000e65  main                          
00001045  cos                           
00001045  cosl                          
00001621  sin                           
00001621  sinl                          
00001be5  UARTStdioConfig               
00001c45  UARTwrite                     
00001c97  UARTgets                      
00001d5d  UARTgetc                      
00001d91  UARTvprintf                   
0000208b  UARTprintf                    
000020c1  atan                          
000020c1  atanl                         
000023ad  motor1_configure              
0000241f  motor2_configure              
00002491  motor_velocity_write          
00002595  atan2                         
00002595  atan2l                        
0000276d  qei_module0_config            
00002813  qei_module1_config            
000028a3  get_position_in_degrees       
0000293d  __aeabi_dsub                  
00002947  __aeabi_dadd                  
00002af3  __aeabi_idiv0                 
00002af3  __aeabi_ldiv0                 
00002af5  __kernel_sin                  
00002c69  __kernel_cos                  
00002dd5  __aeabi_ddiv                  
00002f0b  GPIOPadConfigSet              
0000303d  SysCtlClockGet                
0000314d  ldexp                         
0000314d  ldexpl                        
0000314d  scalbn                        
0000314d  scalbnl                       
0000325d  __aeabi_dmul                  
00003359  floor                         
00003359  floorl                        
00003451  I2CMIntHandler                
00003635  __aeabi_memcpy                
00003635  __aeabi_memcpy4               
00003635  __aeabi_memcpy8               
00003635  memcpy                        
00003769  I2CMCommand                   
000037f1  __aeabi_cdcmpeq               
000037f1  __aeabi_cdcmple               
00003877  __aeabi_cdrcmple              
000038fd  I2CMReadModifyWrite8          
00003975  MPU6050DataAccelGetFloat      
000039e5  MPU6050DataGyroGetFloat       
00003a55  __aeabi_d2f                   
00003ac5  IntDisable                    
00003b2d  IntEnable                     
00003b95  __TI_decompress_lzss          
00003bfd  IntIsEnabled                  
00003cc1  TimerConfigure                
00003d81  MPU6050Init                   
00003ddd  MPU6050DataRead               
00003e81  SysCtlPeripheralReset         
00003ed1  I2CMasterInitExpClk           
00003f1d  MPU6050ReadModifyWrite        
00003fb5  GPIOPinConfigure              
00004045  __aeabi_d2iz                  
000040d1  __TI_auto_init_nobinit_nopinit
00004157  __aeabi_uidiv                 
00004157  __aeabi_uidivmod              
000041d5  SysCtlPeripheralReady         
0000420d  __aeabi_f2d                   
00004245  I2CMInit                      
00004279  SysCtlPeripheralEnable        
000042ad  _c_int00_noargs               
000042e1  __aeabi_i2d                   
0000430f  GPIODirModeSet                
00004363  PWMGenConfigure               
000043a5  __aeabi_ui2d                  
000043c5  PWMPulseWidthSet              
000043e3  __TI_zero_init_nomemset       
00004419  copysign                      
00004419  copysignl                     
00004435  SysCtlPWMClockSet             
00004449  GPIOPinTypeI2C                
0000445b  GPIOPinTypeI2CSCL             
0000446d  GPIOPinTypePWM                
0000447f  GPIOPinTypeQEI                
00004491  GPIOPinTypeUART               
000044a3  PWMOutputState                
000044b5  TimerLoadSet                  
000044c7  IntMasterEnable               
000044d7  PWMGenPeriodSet               
000044e7  QEIConfigure                  
000044f5  TimerEnable                   
00004503  __TI_decompress_none          
00004511  CPUcpsie                      
0000451d  IntTrigger                    
00004529  PWMGenEnable                  
00004535  QEIFilterConfigure            
00004541  ResetISR                      
0000454d  I2CMasterEnable               
00004557  QEIDisable                    
00004561  QEIEnable                     
0000456b  QEIFilterDisable              
00004575  QEIFilterEnable               
0000457f  QEIIntDisable                 
00004589  I2CMasterIntClear             
00004591  I2CMasterIntEnableEx          
00004599  I2CMasterSlaveAddrSet         
000045a1  TimerIntEnable                
000045a9  __aeabi_errno_addr            
000045b1  UARTClockSourceSet            
000045b7  I2CMasterControl              
000045bb  I2CMasterDataGet              
000045bf  I2CMasterDataPut              
000045c3  QEIPositionGet                
000045c7  QEIPositionSet                
000045cb  TimerIntClear                 
000045cf  _system_pre_init              
000045d3  C$$EXIT                       
000045d3  abort                         
00004954  deltat                        
00004958  Kp                            
0000495c  KI                            
00004960  Kd                            
00004964  lambda                        
00004998  __TI_Handler_Table_Base       
000049a4  __TI_Handler_Table_Limit      
000049b8  __TI_CINIT_Base               
000049c8  __TI_CINIT_Limit              
20000000  __stack                       
20000000  __start___llvm_prf_cnts       
20000000  __stop___llvm_prf_cnts        
20000200  __STACK_END                   
20000200  __STACK_TOP                   
20000200  g_sI2CMSimpleInst             
20000324  sMPU6050                      
2000035c  fAccel                        
20000368  fGyro                         
20000374  E_k                           
20000378  E_k_1                         
2000037c  HPF                           
20000380  HPF_1                         
20000384  LPF                           
20000388  LPF_1                         
2000038c  e_d                           
20000390  e_k                           
20000394  e_k_1                         
20000398  encoder1_pos                  
2000039c  encoder1go                    
200003a0  outtoservo                    
200003a4  thetagiro                     
200003a8  thetagiro_1                   
200003ac  u_k                           
200003b0  ui32Load                      
200003b4  ui32PWMClock                  
200003b8  ui32Period                    
200003bc  w_k                           
200003c0  y                             
200003c4  g_bMPU6050Done                
200003c8  Ek_1f                         
200003c9  ek_1f                         
200003ca  PIDflag                       
200003cb  thetagiro_1f                  
200003cc  HPF_1f                        
200003cd  LPF_1f                        
200003d8  errno                         
ffffffff  __TI_pprof_out_hndl           
ffffffff  __TI_prof_data_size           
ffffffff  __TI_prof_data_start          
ffffffff  __binit__                     
ffffffff  __c_args__                    
ffffffff  binit                         
UNDEFED   __mpu_init                    
UNDEFED   _system_post_cinit            

[186 symbols]
