******************************************************************************
                  TI ARM Linker PC v20.2.4                     
******************************************************************************
>> Linked Mon Jan  3 12:14:40 2022

OUTPUT FILE NAME:   <BijuBotIMUtesto.out>
ENTRY POINT SYMBOL: "_c_int00_noargs"  address: 00004301


MEMORY CONFIGURATION

         name            origin    length      used     unused   attr    fill
----------------------  --------  ---------  --------  --------  ----  --------
  FLASH                 00000000   00040000  00004a1e  0003b5e2  R  X
  SRAM                  20000000   00008000  000003d9  00007c27  RW X


SEGMENT ALLOCATION MAP

run origin  load origin   length   init length attrs members
----------  ----------- ---------- ----------- ----- -------
00000000    00000000    00004a28   00004a28    r-x
  00000000    00000000    0000026c   0000026c    r-- .intvecs
  0000026c    0000026c    000043be   000043be    r-x .text
  00004630    00004630    000003c4   000003c4    r-- .const
  000049f8    000049f8    00000030   00000030    r-- .cinit
20000000    20000000    000003dc   00000000    rw-
  20000000    20000000    00000200   00000000    rw- .stack
  20000200    20000200    000001c5   00000000    rw- .bss
  200003c8    200003c8    00000014   00000000    rw- .data


SECTION ALLOCATION MAP

 output                                  attributes/
section   page    origin      length       input sections
--------  ----  ----------  ----------   ----------------
.intvecs   0    00000000    0000026c     
                  00000000    0000026c     tm4c123gh6pm_startup_ccs.obj (.intvecs)

.text      0    0000026c    000043be     
                  0000026c    00000738     rtsv7M4_T_le_v4SPD16_eabi.lib : k_rem_pio2.c.obj (.text:__kernel_rem_pio2)
                  000009a4    000006bc     main.obj (.text)
                  00001060    000005dc     rtsv7M4_T_le_v4SPD16_eabi.lib : s_cos.c.obj (.text:cos)
                  0000163c    000005c4                                   : s_sin.c.obj (.text:sin)
                  00001c00    000004dc     uartstdio.obj (.text)
                  000020dc    000002ec     rtsv7M4_T_le_v4SPD16_eabi.lib : s_atan.c.obj (.text:atan)
                  000023c8    00000208     encoder.obj (.text)
                  000025d0    000001e8     motor.obj (.text)
                  000027b8    000001d8     rtsv7M4_T_le_v4SPD16_eabi.lib : e_atan2.c.obj (.text:atan2)
                  00002990    000001b6                                   : fd_add_t2.asm.obj (.text)
                  00002b46    00000002                                   : div0.asm.obj (.text)
                  00002b48    00000174                                   : k_sin.c.obj (.text:__kernel_sin)
                  00002cbc    0000016c                                   : k_cos.c.obj (.text:__kernel_cos)
                  00002e28    00000136                                   : fd_div_t2.asm.obj (.text)
                  00002f5e    00000132     driverlib.lib : gpio.obj (.text:GPIOPadConfigSet)
                  00003090    00000110                   : sysctl.obj (.text:SysCtlClockGet)
                  000031a0    00000110     rtsv7M4_T_le_v4SPD16_eabi.lib : s_scalbn.c.obj (.text:scalbn)
                  000032b0    000000fc                                   : fd_mul_t2.asm.obj (.text)
                  000033ac    000000f8                                   : s_floor.c.obj (.text:floor)
                  000034a4    000000f2     sensorlib.lib : i2cm_drv.obj (.text:I2CMIntHandler)
                  00003596    00000002     --HOLE-- [fill = 0]
                  00003598    000000f0                   : mpu6050.obj (.text:MPU6050Callback)
                  00003688    0000009c     rtsv7M4_T_le_v4SPD16_eabi.lib : memcpy_t2.asm.obj (.text)
                  00003724    00000098     sensorlib.lib : i2cm_drv.obj (.text:I2CMStateIdle)
                  000037bc    00000088                   : i2cm_drv.obj (.text:I2CMCommand)
                  00003844    00000086     rtsv7M4_T_le_v4SPD16_eabi.lib : fd_cmp_t2.asm.obj (.text:__aeabi_cdcmple)
                  000038ca    00000086                                   : fd_cmp_t2.asm.obj (.text:__aeabi_cdrcmple)
                  00003950    00000078     sensorlib.lib : i2cm_drv.obj (.text:I2CMReadModifyWrite8)
                  000039c8    00000070                   : mpu6050.obj (.text:MPU6050DataAccelGetFloat)
                  00003a38    00000070                   : mpu6050.obj (.text:MPU6050DataGyroGetFloat)
                  00003aa8    0000006e     rtsv7M4_T_le_v4SPD16_eabi.lib : fd_tos_t2.asm.obj (.text)
                  00003b16    00000002     --HOLE-- [fill = 0]
                  00003b18    00000068     driverlib.lib : interrupt.obj (.text:IntDisable)
                  00003b80    00000068                   : interrupt.obj (.text:IntEnable)
                  00003be8    00000068     rtsv7M4_T_le_v4SPD16_eabi.lib : copy_decompress_lzss.c.obj (.text:decompress:lzss:__TI_decompress_lzss)
                  00003c50    00000064     driverlib.lib : interrupt.obj (.text:IntIsEnabled)
                  00003cb4    00000060     sensorlib.lib : i2cm_drv.obj (.text:I2CMReadModifyWrite8Callback)
                  00003d14    00000060     driverlib.lib : timer.obj (.text:TimerConfigure)
                  00003d74    0000005e     sensorlib.lib : i2cm_drv.obj (.text:I2CMStateWritePause)
                  00003dd2    00000002     --HOLE-- [fill = 0]
                  00003dd4    0000005c                   : mpu6050.obj (.text:MPU6050Init)
                  00003e30    00000054                   : mpu6050.obj (.text:MPU6050DataRead)
                  00003e84    00000050                   : i2cm_drv.obj (.text:I2CMStateWriteFinal)
                  00003ed4    00000050     driverlib.lib : sysctl.obj (.text:SysCtlPeripheralReset)
                  00003f24    0000004c                   : i2c.obj (.text:I2CMasterInitExpClk)
                  00003f70    0000004c     sensorlib.lib : mpu6050.obj (.text:MPU6050ReadModifyWrite)
                  00003fbc    0000004a                   : i2cm_drv.obj (.text:I2CMStateReadNext)
                  00004006    00000002     --HOLE-- [fill = 0]
                  00004008    00000048     driverlib.lib : gpio.obj (.text:GPIOPinConfigure)
                  00004050    00000048     sensorlib.lib : i2cm_drv.obj (.text:I2CMStateWriteNext)
                  00004098    00000048     rtsv7M4_T_le_v4SPD16_eabi.lib : fd_toi_t2.asm.obj (.text)
                  000040e0    00000044     sensorlib.lib : i2cm_drv.obj (.text:I2CMStateCallback)
                  00004124    00000044     rtsv7M4_T_le_v4SPD16_eabi.lib : autoinit.c.obj (.text:__TI_auto_init_nobinit_nopinit:__TI_auto_init_nobinit_nopinit)
                  00004168    00000042     sensorlib.lib : i2cm_drv.obj (.text:I2CMStateReadFinal)
                  000041aa    00000040     rtsv7M4_T_le_v4SPD16_eabi.lib : u_divt2.asm.obj (.text)
                  000041ea    0000003e     sensorlib.lib : i2cm_drv.obj (.text:I2CMStateReadPause)
                  00004228    00000038     driverlib.lib : sysctl.obj (.text:SysCtlPeripheralReady)
                  00004260    00000038     rtsv7M4_T_le_v4SPD16_eabi.lib : fs_tod_t2.asm.obj (.text)
                  00004298    00000034     sensorlib.lib : i2cm_drv.obj (.text:I2CMInit)
                  000042cc    00000034     driverlib.lib : sysctl.obj (.text:SysCtlPeripheralEnable)
                  00004300    00000034     rtsv7M4_T_le_v4SPD16_eabi.lib : boot_cortex_m.c.obj (.text:_c_int00_noargs:_c_int00_noargs)
                  00004334    0000002e                                   : i_tofd_t2.asm.obj (.text)
                  00004362    0000002a     driverlib.lib : gpio.obj (.text:GPIODirModeSet)
                  0000438c    0000002a     sensorlib.lib : i2cm_drv.obj (.text:I2CMStateReadFirst)
                  000043b6    00000022     driverlib.lib : pwm.obj (.text:PWMGenConfigure)
                  000043d8    00000020     sensorlib.lib : i2cm_drv.obj (.text:I2CMStateReadOne)
                  000043f8    00000020     rtsv7M4_T_le_v4SPD16_eabi.lib : u_tofd_t2.asm.obj (.text)
                  00004418    0000001e     driverlib.lib : pwm.obj (.text:PWMPulseWidthSet)
                  00004436    0000001c     rtsv7M4_T_le_v4SPD16_eabi.lib : copy_zero_init.c.obj (.text:decompress:ZI:__TI_zero_init_nomemset:__TI_zero_init_nomemset)
                  00004452    0000001a     sensorlib.lib : i2cm_drv.obj (.text:I2CMStateReadWait)
                  0000446c    0000001a     rtsv7M4_T_le_v4SPD16_eabi.lib : s_copysign.c.obj (.text:copysign)
                  00004486    00000002     --HOLE-- [fill = 0]
                  00004488    00000014     driverlib.lib : sysctl.obj (.text:SysCtlPWMClockSet)
                  0000449c    00000012                   : gpio.obj (.text:GPIOPinTypeI2C)
                  000044ae    00000012                   : gpio.obj (.text:GPIOPinTypeI2CSCL)
                  000044c0    00000012                   : gpio.obj (.text:GPIOPinTypePWM)
                  000044d2    00000012                   : gpio.obj (.text:GPIOPinTypeQEI)
                  000044e4    00000012                   : gpio.obj (.text:GPIOPinTypeUART)
                  000044f6    00000012                   : pwm.obj (.text:PWMOutputState)
                  00004508    00000012                   : timer.obj (.text:TimerLoadSet)
                  0000451a    00000010                   : interrupt.obj (.text:IntMasterEnable)
                  0000452a    00000010                   : pwm.obj (.text:PWMGenPeriodSet)
                  0000453a    0000000e                   : qei.obj (.text:QEIConfigure)
                  00004548    0000000e                   : timer.obj (.text:TimerEnable)
                  00004556    0000000e     rtsv7M4_T_le_v4SPD16_eabi.lib : copy_decompress_none.c.obj (.text:decompress:none:__TI_decompress_none)
                  00004564    0000000c     driverlib.lib : cpu.obj (.text:CPUcpsie)
                  00004570    0000000c                   : interrupt.obj (.text:IntTrigger)
                  0000457c    0000000c                   : pwm.obj (.text:PWMGenEnable)
                  00004588    0000000c                   : qei.obj (.text:QEIFilterConfigure)
                  00004594    0000000c     tm4c123gh6pm_startup_ccs.obj (.text)
                  000045a0    0000000a     driverlib.lib : i2c.obj (.text:I2CMasterEnable)
                  000045aa    0000000a                   : qei.obj (.text:QEIDisable)
                  000045b4    0000000a                   : qei.obj (.text:QEIEnable)
                  000045be    0000000a                   : qei.obj (.text:QEIFilterDisable)
                  000045c8    0000000a                   : qei.obj (.text:QEIFilterEnable)
                  000045d2    0000000a                   : qei.obj (.text:QEIIntDisable)
                  000045dc    00000008                   : i2c.obj (.text:I2CMasterIntClear)
                  000045e4    00000008                   : i2c.obj (.text:I2CMasterIntEnableEx)
                  000045ec    00000008                   : i2c.obj (.text:I2CMasterSlaveAddrSet)
                  000045f4    00000008                   : timer.obj (.text:TimerIntEnable)
                  000045fc    00000008     rtsv7M4_T_le_v4SPD16_eabi.lib : errno.c.obj (.text:__aeabi_errno_addr)
                  00004604    00000006     driverlib.lib : uart.obj (.text:UARTClockSourceSet)
                  0000460a    00000004                   : i2c.obj (.text:I2CMasterControl)
                  0000460e    00000004                   : i2c.obj (.text:I2CMasterDataGet)
                  00004612    00000004                   : i2c.obj (.text:I2CMasterDataPut)
                  00004616    00000004                   : qei.obj (.text:QEIPositionGet)
                  0000461a    00000004                   : qei.obj (.text:QEIPositionSet)
                  0000461e    00000004                   : timer.obj (.text:TimerIntClear)
                  00004622    00000004     rtsv7M4_T_le_v4SPD16_eabi.lib : pre_init.c.obj (.text:_system_pre_init)
                  00004626    00000004                                   : exit.c.obj (.text:abort:abort)

.const     0    00004630    000003c4     
                  00004630    00000158     rtsv7M4_T_le_v4SPD16_eabi.lib : k_rem_pio2.c.obj (.const:$O1$$)
                  00004788    00000098                                   : s_atan.c.obj (.const:$O1$$)
                  00004820    00000090     driverlib.lib : gpio.obj (.const:g_pui32GPIOBaseAddrs)
                  000048b0    00000070                   : interrupt.obj (.const)
                  00004920    0000006c                   : sysctl.obj (.const:g_pui32Xtals)
                  0000498c    00000020     sensorlib.lib : mpu6050.obj (.const)
                  000049ac    00000018     main.obj (.const)
                  000049c4    00000012     uartstdio.obj (.const:.string)
                  000049d6    00000002     --HOLE-- [fill = 0]
                  000049d8    0000000c     uartstdio.obj (.const:g_ui32UARTBase)
                  000049e4    0000000c     uartstdio.obj (.const:g_ui32UARTPeriph)
                  000049f0    00000004     uartstdio.obj (.const)

.cinit     0    000049f8    00000030     
                  000049f8    0000000c     (__TI_handler_table)
                  00004a04    0000000a     (.cinit..data.load) [load image, compression = lzss]
                  00004a0e    00000002     --HOLE-- [fill = 0]
                  00004a10    00000008     (.cinit..bss.load) [load image, compression = zero_init]
                  00004a18    00000010     (__TI_cinit_table)

.init_array 
*          0    00000000    00000000     UNINITIALIZED

.bss       0    20000200    000001c5     UNINITIALIZED
                  20000200    00000124     (.common:g_sI2CMSimpleInst)
                  20000324    00000038     (.common:sMPU6050)
                  2000035c    0000000c     (.common:fAccel)
                  20000368    0000000c     (.common:fGyro)
                  20000374    00000004     (.common:E_k)
                  20000378    00000004     (.common:E_k_1)
                  2000037c    00000004     (.common:HPF)
                  20000380    00000004     (.common:HPF_1)
                  20000384    00000004     (.common:LPF)
                  20000388    00000004     (.common:LPF_1)
                  2000038c    00000004     (.common:e_d)
                  20000390    00000004     (.common:e_k)
                  20000394    00000004     (.common:e_k_1)
                  20000398    00000004     (.common:encoder1_pos)
                  2000039c    00000004     (.common:encoder1go)
                  200003a0    00000004     (.common:outtoservo)
                  200003a4    00000004     (.common:thetagiro)
                  200003a8    00000004     (.common:thetagiro_1)
                  200003ac    00000004     (.common:u_k)
                  200003b0    00000004     (.common:ui32Load)
                  200003b4    00000004     (.common:ui32PWMClock)
                  200003b8    00000004     (.common:ui32Period)
                  200003bc    00000004     (.common:w_k)
                  200003c0    00000004     (.common:y)
                  200003c4    00000001     (.common:g_bMPU6050Done)

.data      0    200003c8    00000014     UNINITIALIZED
                  200003c8    00000006     main.obj (.data)
                  200003ce    00000002     --HOLE--
                  200003d0    00000005     uartstdio.obj (.data)
                  200003d5    00000003     --HOLE--
                  200003d8    00000004     rtsv7M4_T_le_v4SPD16_eabi.lib : errno.c.obj (.data)

.stack     0    20000000    00000200     UNINITIALIZED
                  20000000    00000004     rtsv7M4_T_le_v4SPD16_eabi.lib : boot_cortex_m.c.obj (.stack)
                  20000004    000001fc     --HOLE--

__llvm_prf_cnts 
*          0    20000000    00000000     UNINITIALIZED

MODULE SUMMARY

       Module                         code    ro data   rw data
       ------                         ----    -------   -------
    .\
       main.obj                       1724    24        459    
       uartstdio.obj                  1244    46        5      
       tm4c123gh6pm_startup_ccs.obj   12      620       0      
       encoder.obj                    520     0         0      
       motor.obj                      488     0         0      
    +--+------------------------------+-------+---------+---------+
       Total:                         3988    690       464    
                                                               
    C:/ti/TivaWare_C_Series-2.1.4.178/driverlib/ccs/Debug/driverlib.lib
       gpio.obj                       510     144       0      
       sysctl.obj                     480     108       0      
       interrupt.obj                  336     112       0      
       timer.obj                      140     0         0      
       i2c.obj                        122     0         0      
       pwm.obj                        110     0         0      
       qei.obj                        84      0         0      
       cpu.obj                        12      0         0      
       uart.obj                       6       0         0      
    +--+------------------------------+-------+---------+---------+
       Total:                         1800    364       0      
                                                               
    C:/ti/TivaWare_C_Series-2.1.4.178/sensorlib/ccs/Debug/sensorlib.lib
       i2cm_drv.obj                   1414    0         0      
       mpu6050.obj                    716     32        0      
    +--+------------------------------+-------+---------+---------+
       Total:                         2130    32        0      
                                                               
    C:\ti\ccs1031\ccs\tools\compiler\ti-cgt-arm_20.2.4.LTS\lib\rtsv7M4_T_le_v4SPD16_eabi.lib
       k_rem_pio2.c.obj               1848    344       0      
       s_cos.c.obj                    1500    0         0      
       s_sin.c.obj                    1476    0         0      
       s_atan.c.obj                   748     152       0      
       e_atan2.c.obj                  472     0         0      
       fd_add_t2.asm.obj              438     0         0      
       k_sin.c.obj                    372     0         0      
       k_cos.c.obj                    364     0         0      
       fd_div_t2.asm.obj              310     0         0      
       s_scalbn.c.obj                 272     0         0      
       fd_cmp_t2.asm.obj              268     0         0      
       fd_mul_t2.asm.obj              252     0         0      
       s_floor.c.obj                  248     0         0      
       memcpy_t2.asm.obj              156     0         0      
       fd_tos_t2.asm.obj              110     0         0      
       copy_decompress_lzss.c.obj     104     0         0      
       fd_toi_t2.asm.obj              72      0         0      
       autoinit.c.obj                 68      0         0      
       u_divt2.asm.obj                64      0         0      
       fs_tod_t2.asm.obj              56      0         0      
       boot_cortex_m.c.obj            52      0         0      
       i_tofd_t2.asm.obj              46      0         0      
       u_tofd_t2.asm.obj              32      0         0      
       copy_zero_init.c.obj           28      0         0      
       s_copysign.c.obj               26      0         0      
       copy_decompress_none.c.obj     14      0         0      
       errno.c.obj                    8       0         4      
       exit.c.obj                     4       0         0      
       pre_init.c.obj                 4       0         0      
       div0.asm.obj                   2       0         0      
    +--+------------------------------+-------+---------+---------+
       Total:                         9414    496       4      
                                                               
       Stack:                         0       0         512    
       Linker Generated:              0       46        0      
    +--+------------------------------+-------+---------+---------+
       Grand Total:                   17332   1628      980    


LINKER GENERATED COPY TABLES

__TI_cinit_table @ 00004a18 records: 2, size/record: 8, table size: 16
	.data: load addr=00004a04, load size=0000000a bytes, run addr=200003c8, run size=00000014 bytes, compression=lzss
	.bss: load addr=00004a10, load size=00000008 bytes, run addr=20000200, run size=000001c5 bytes, compression=zero_init


LINKER GENERATED HANDLER TABLE

__TI_handler_table @ 000049f8 records: 3, size/record: 4, table size: 12
	index: 0, handler: __TI_decompress_lzss
	index: 1, handler: __TI_decompress_none
	index: 2, handler: __TI_zero_init


GLOBAL SYMBOLS: SORTED ALPHABETICALLY BY Name 

address   name                          
-------   ----                          
00004627  C$$EXIT                       
00004565  CPUcpsie                      
00000ab7  ConfigureUART                 
20000374  E_k                           
20000378  E_k_1                         
200003c8  Ek_1f                         
00004363  GPIODirModeSet                
00002f5f  GPIOPadConfigSet              
00004009  GPIOPinConfigure              
0000449d  GPIOPinTypeI2C                
000044af  GPIOPinTypeI2CSCL             
000044c1  GPIOPinTypePWM                
000044d3  GPIOPinTypeQEI                
000044e5  GPIOPinTypeUART               
2000037c  HPF                           
20000380  HPF_1                         
200003cc  HPF_1f                        
000037bd  I2CMCommand                   
00004299  I2CMInit                      
000034a5  I2CMIntHandler                
00003951  I2CMReadModifyWrite8          
000009b7  I2CMSimpleIntHandler          
0000460b  I2CMasterControl              
0000460f  I2CMasterDataGet              
00004613  I2CMasterDataPut              
000045a1  I2CMasterEnable               
00003f25  I2CMasterInitExpClk           
000045dd  I2CMasterIntClear             
000045e5  I2CMasterIntEnableEx          
000045ed  I2CMasterSlaveAddrSet         
00000a5b  InitI2C0                      
00003b19  IntDisable                    
00003b81  IntEnable                     
00003c51  IntIsEnabled                  
0000451b  IntMasterEnable               
00004571  IntTrigger                    
000049b4  KI                            
000049b8  Kd                            
000049b0  Kp                            
20000384  LPF                           
20000388  LPF_1                         
200003cd  LPF_1f                        
00000af3  MPU6050Callback               
000039c9  MPU6050DataAccelGetFloat      
00003a39  MPU6050DataGyroGetFloat       
00003e31  MPU6050DataRead               
00003dd5  MPU6050Init                   
00003f71  MPU6050ReadModifyWrite        
00000d11  MPU6050init                   
00000b05  PIDblock                      
200003ca  PIDflag                       
000043b7  PWMGenConfigure               
0000457d  PWMGenEnable                  
0000452b  PWMGenPeriodSet               
000044f7  PWMOutputState                
00004419  PWMPulseWidthSet              
00000a03  PWMinit                       
0000453b  QEIConfigure                  
000045ab  QEIDisable                    
000045b5  QEIEnable                     
00004589  QEIFilterConfigure            
000045bf  QEIFilterDisable              
000045c9  QEIFilterEnable               
000045d3  QEIIntDisable                 
00004617  QEIPositionGet                
0000461b  QEIPositionSet                
00004595  ResetISR                      
00003091  SysCtlClockGet                
00004489  SysCtlPWMClockSet             
000042cd  SysCtlPeripheralEnable        
00004229  SysCtlPeripheralReady         
00003ed5  SysCtlPeripheralReset         
00000a43  TIMER0en                      
000009c1  TIMER0init                    
000009a5  Timer0IntHandlerA             
00003d15  TimerConfigure                
00004549  TimerEnable                   
0000461f  TimerIntClear                 
000045f5  TimerIntEnable                
00004509  TimerLoadSet                  
00004605  UARTClockSourceSet            
00001c01  UARTStdioConfig               
00001d79  UARTgetc                      
00001cb3  UARTgets                      
000020a7  UARTprintf                    
00001dad  UARTvprintf                   
00001c61  UARTwrite                     
20000200  __STACK_END                   
00000200  __STACK_SIZE                  
20000200  __STACK_TOP                   
00004a18  __TI_CINIT_Base               
00004a28  __TI_CINIT_Limit              
000049f8  __TI_Handler_Table_Base       
00004a04  __TI_Handler_Table_Limit      
00004125  __TI_auto_init_nobinit_nopinit
00003be9  __TI_decompress_lzss          
00004557  __TI_decompress_none          
ffffffff  __TI_pprof_out_hndl           
ffffffff  __TI_prof_data_size           
ffffffff  __TI_prof_data_start          
00000000  __TI_static_base__            
00004437  __TI_zero_init_nomemset       
00003845  __aeabi_cdcmpeq               
00003845  __aeabi_cdcmple               
000038cb  __aeabi_cdrcmple              
00003aa9  __aeabi_d2f                   
00004099  __aeabi_d2iz                  
0000299b  __aeabi_dadd                  
00002e29  __aeabi_ddiv                  
000032b1  __aeabi_dmul                  
00002991  __aeabi_dsub                  
000045fd  __aeabi_errno_addr            
00004261  __aeabi_f2d                   
00004335  __aeabi_i2d                   
00002b47  __aeabi_idiv0                 
00002b47  __aeabi_ldiv0                 
00003689  __aeabi_memcpy                
00003689  __aeabi_memcpy4               
00003689  __aeabi_memcpy8               
000043f9  __aeabi_ui2d                  
000041ab  __aeabi_uidiv                 
000041ab  __aeabi_uidivmod              
ffffffff  __binit__                     
ffffffff  __c_args__                    
00002cbd  __kernel_cos                  
0000026d  __kernel_rem_pio2             
00002b49  __kernel_sin                  
UNDEFED   __mpu_init                    
20000000  __stack                       
20000000  __start___llvm_prf_cnts       
20000000  __stop___llvm_prf_cnts        
00004301  _c_int00_noargs               
UNDEFED   _system_post_cinit            
00004623  _system_pre_init              
00004627  abort                         
000020dd  atan                          
000027b9  atan2                         
000027b9  atan2l                        
000020dd  atanl                         
ffffffff  binit                         
00000bcb  compfiltering                 
0000446d  copysign                      
0000446d  copysignl                     
00001061  cos                           
00001061  cosl                          
000049ac  deltat                        
2000038c  e_d                           
20000390  e_k                           
20000394  e_k_1                         
200003c9  ek_1f                         
20000398  encoder1_pos                  
2000039c  encoder1go                    
200003d8  errno                         
2000035c  fAccel                        
20000368  fGyro                         
000033ad  floor                         
000033ad  floorl                        
200003c4  g_bMPU6050Done                
00000000  g_pfnVectors                  
20000200  g_sI2CMSimpleInst             
00002553  get_position_in_deg           
000024ff  get_position_in_rad           
000049bc  lambda                        
000031a1  ldexp                         
000031a1  ldexpl                        
00000e31  main                          
00003689  memcpy                        
000025d1  motor1_configure              
00002643  motor2_configure              
000026b5  motor_velocity_write          
200003a0  outtoservo                    
000049c0  pi                            
000023c9  qei_module0_config            
0000246f  qei_module1_config            
20000324  sMPU6050                      
000031a1  scalbn                        
000031a1  scalbnl                       
0000163d  sin                           
0000163d  sinl                          
200003a4  thetagiro                     
200003a8  thetagiro_1                   
200003cb  thetagiro_1f                  
200003ac  u_k                           
200003b0  ui32Load                      
200003b4  ui32PWMClock                  
200003b8  ui32Period                    
200003bc  w_k                           
200003c0  y                             


GLOBAL SYMBOLS: SORTED BY Symbol Address 

address   name                          
-------   ----                          
00000000  __TI_static_base__            
00000000  g_pfnVectors                  
00000200  __STACK_SIZE                  
0000026d  __kernel_rem_pio2             
000009a5  Timer0IntHandlerA             
000009b7  I2CMSimpleIntHandler          
000009c1  TIMER0init                    
00000a03  PWMinit                       
00000a43  TIMER0en                      
00000a5b  InitI2C0                      
00000ab7  ConfigureUART                 
00000af3  MPU6050Callback               
00000b05  PIDblock                      
00000bcb  compfiltering                 
00000d11  MPU6050init                   
00000e31  main                          
00001061  cos                           
00001061  cosl                          
0000163d  sin                           
0000163d  sinl                          
00001c01  UARTStdioConfig               
00001c61  UARTwrite                     
00001cb3  UARTgets                      
00001d79  UARTgetc                      
00001dad  UARTvprintf                   
000020a7  UARTprintf                    
000020dd  atan                          
000020dd  atanl                         
000023c9  qei_module0_config            
0000246f  qei_module1_config            
000024ff  get_position_in_rad           
00002553  get_position_in_deg           
000025d1  motor1_configure              
00002643  motor2_configure              
000026b5  motor_velocity_write          
000027b9  atan2                         
000027b9  atan2l                        
00002991  __aeabi_dsub                  
0000299b  __aeabi_dadd                  
00002b47  __aeabi_idiv0                 
00002b47  __aeabi_ldiv0                 
00002b49  __kernel_sin                  
00002cbd  __kernel_cos                  
00002e29  __aeabi_ddiv                  
00002f5f  GPIOPadConfigSet              
00003091  SysCtlClockGet                
000031a1  ldexp                         
000031a1  ldexpl                        
000031a1  scalbn                        
000031a1  scalbnl                       
000032b1  __aeabi_dmul                  
000033ad  floor                         
000033ad  floorl                        
000034a5  I2CMIntHandler                
00003689  __aeabi_memcpy                
00003689  __aeabi_memcpy4               
00003689  __aeabi_memcpy8               
00003689  memcpy                        
000037bd  I2CMCommand                   
00003845  __aeabi_cdcmpeq               
00003845  __aeabi_cdcmple               
000038cb  __aeabi_cdrcmple              
00003951  I2CMReadModifyWrite8          
000039c9  MPU6050DataAccelGetFloat      
00003a39  MPU6050DataGyroGetFloat       
00003aa9  __aeabi_d2f                   
00003b19  IntDisable                    
00003b81  IntEnable                     
00003be9  __TI_decompress_lzss          
00003c51  IntIsEnabled                  
00003d15  TimerConfigure                
00003dd5  MPU6050Init                   
00003e31  MPU6050DataRead               
00003ed5  SysCtlPeripheralReset         
00003f25  I2CMasterInitExpClk           
00003f71  MPU6050ReadModifyWrite        
00004009  GPIOPinConfigure              
00004099  __aeabi_d2iz                  
00004125  __TI_auto_init_nobinit_nopinit
000041ab  __aeabi_uidiv                 
000041ab  __aeabi_uidivmod              
00004229  SysCtlPeripheralReady         
00004261  __aeabi_f2d                   
00004299  I2CMInit                      
000042cd  SysCtlPeripheralEnable        
00004301  _c_int00_noargs               
00004335  __aeabi_i2d                   
00004363  GPIODirModeSet                
000043b7  PWMGenConfigure               
000043f9  __aeabi_ui2d                  
00004419  PWMPulseWidthSet              
00004437  __TI_zero_init_nomemset       
0000446d  copysign                      
0000446d  copysignl                     
00004489  SysCtlPWMClockSet             
0000449d  GPIOPinTypeI2C                
000044af  GPIOPinTypeI2CSCL             
000044c1  GPIOPinTypePWM                
000044d3  GPIOPinTypeQEI                
000044e5  GPIOPinTypeUART               
000044f7  PWMOutputState                
00004509  TimerLoadSet                  
0000451b  IntMasterEnable               
0000452b  PWMGenPeriodSet               
0000453b  QEIConfigure                  
00004549  TimerEnable                   
00004557  __TI_decompress_none          
00004565  CPUcpsie                      
00004571  IntTrigger                    
0000457d  PWMGenEnable                  
00004589  QEIFilterConfigure            
00004595  ResetISR                      
000045a1  I2CMasterEnable               
000045ab  QEIDisable                    
000045b5  QEIEnable                     
000045bf  QEIFilterDisable              
000045c9  QEIFilterEnable               
000045d3  QEIIntDisable                 
000045dd  I2CMasterIntClear             
000045e5  I2CMasterIntEnableEx          
000045ed  I2CMasterSlaveAddrSet         
000045f5  TimerIntEnable                
000045fd  __aeabi_errno_addr            
00004605  UARTClockSourceSet            
0000460b  I2CMasterControl              
0000460f  I2CMasterDataGet              
00004613  I2CMasterDataPut              
00004617  QEIPositionGet                
0000461b  QEIPositionSet                
0000461f  TimerIntClear                 
00004623  _system_pre_init              
00004627  C$$EXIT                       
00004627  abort                         
000049ac  deltat                        
000049b0  Kp                            
000049b4  KI                            
000049b8  Kd                            
000049bc  lambda                        
000049c0  pi                            
000049f8  __TI_Handler_Table_Base       
00004a04  __TI_Handler_Table_Limit      
00004a18  __TI_CINIT_Base               
00004a28  __TI_CINIT_Limit              
20000000  __stack                       
20000000  __start___llvm_prf_cnts       
20000000  __stop___llvm_prf_cnts        
20000200  __STACK_END                   
20000200  __STACK_TOP                   
20000200  g_sI2CMSimpleInst             
20000324  sMPU6050                      
2000035c  fAccel                        
20000368  fGyro                         
20000374  E_k                           
20000378  E_k_1                         
2000037c  HPF                           
20000380  HPF_1                         
20000384  LPF                           
20000388  LPF_1                         
2000038c  e_d                           
20000390  e_k                           
20000394  e_k_1                         
20000398  encoder1_pos                  
2000039c  encoder1go                    
200003a0  outtoservo                    
200003a4  thetagiro                     
200003a8  thetagiro_1                   
200003ac  u_k                           
200003b0  ui32Load                      
200003b4  ui32PWMClock                  
200003b8  ui32Period                    
200003bc  w_k                           
200003c0  y                             
200003c4  g_bMPU6050Done                
200003c8  Ek_1f                         
200003c9  ek_1f                         
200003ca  PIDflag                       
200003cb  thetagiro_1f                  
200003cc  HPF_1f                        
200003cd  LPF_1f                        
200003d8  errno                         
ffffffff  __TI_pprof_out_hndl           
ffffffff  __TI_prof_data_size           
ffffffff  __TI_prof_data_start          
ffffffff  __binit__                     
ffffffff  __c_args__                    
ffffffff  binit                         
UNDEFED   __mpu_init                    
UNDEFED   _system_post_cinit            

[188 symbols]
