******************************************************************************
                  TI ARM Linker PC v20.2.4                     
******************************************************************************
>> Linked Thu Jul 22 21:52:00 2021

OUTPUT FILE NAME:   <BijuBotIMUtesto.out>
ENTRY POINT SYMBOL: "_c_int00_noargs"  address: 00002acd


MEMORY CONFIGURATION

         name            origin    length      used     unused   attr    fill
----------------------  --------  ---------  --------  --------  ----  --------
  FLASH                 00000000   00040000  00003022  0003cfde  R  X
  SRAM                  20000000   00008000  000003c5  00007c3b  RW X


SEGMENT ALLOCATION MAP

run origin  load origin   length   init length attrs members
----------  ----------- ---------- ----------- ----- -------
00000000    00000000    00003028   00003028    r-x
  00000000    00000000    0000026c   0000026c    r-- .intvecs
  0000026c    0000026c    00002b22   00002b22    r-x .text
  00002d90    00002d90    00000264   00000264    r-- .const
  00002ff8    00002ff8    00000030   00000030    r-- .cinit
20000000    20000000    000003c8   00000000    rw-
  20000000    20000000    00000200   00000000    rw- .stack
  20000200    20000200    000001ad   00000000    rw- .bss
  200003b0    200003b0    00000018   00000000    rw- .data


SECTION ALLOCATION MAP

 output                                  attributes/
section   page    origin      length       input sections
--------  ----  ----------  ----------   ----------------
.intvecs   0    00000000    0000026c     
                  00000000    0000026c     tm4c123gh6pm_startup_ccs.obj (.intvecs)

.text      0    0000026c    00002b22     
                  0000026c    000005fc     main.obj (.text)
                  00000868    000004dc     uartstdio.obj (.text)
                  00000d44    000002ec     rtsv7M4_T_le_v4SPD16_eabi.lib : s_atan.c.obj (.text:atan)
                  00001030    000001e8     motor.obj (.text)
                  00001218    000001d8     rtsv7M4_T_le_v4SPD16_eabi.lib : e_atan2.c.obj (.text:atan2)
                  000013f0    000001c8     encoder.obj (.text)
                  000015b8    000001b6     rtsv7M4_T_le_v4SPD16_eabi.lib : fd_add_t2.asm.obj (.text)
                  0000176e    00000002                                   : div0.asm.obj (.text)
                  00001770    00000158                                   : e_sqrt.c.obj (.text:sqrt)
                  000018c8    00000136                                   : fd_div_t2.asm.obj (.text)
                  000019fe    00000132     driverlib.lib : gpio.obj (.text:GPIOPadConfigSet)
                  00001b30    00000110                   : sysctl.obj (.text:SysCtlClockGet)
                  00001c40    000000fc     rtsv7M4_T_le_v4SPD16_eabi.lib : fd_mul_t2.asm.obj (.text)
                  00001d3c    000000f2     sensorlib.lib : i2cm_drv.obj (.text:I2CMIntHandler)
                  00001e2e    00000002     --HOLE-- [fill = 0]
                  00001e30    000000f0                   : mpu6050.obj (.text:MPU6050Callback)
                  00001f20    0000009c     rtsv7M4_T_le_v4SPD16_eabi.lib : memcpy_t2.asm.obj (.text)
                  00001fbc    00000098     sensorlib.lib : i2cm_drv.obj (.text:I2CMStateIdle)
                  00002054    00000088                   : i2cm_drv.obj (.text:I2CMCommand)
                  000020dc    00000086     rtsv7M4_T_le_v4SPD16_eabi.lib : fd_cmp_t2.asm.obj (.text:__aeabi_cdrcmple)
                  00002162    00000002     --HOLE-- [fill = 0]
                  00002164    00000078     sensorlib.lib : i2cm_drv.obj (.text:I2CMReadModifyWrite8)
                  000021dc    00000070                   : mpu6050.obj (.text:MPU6050DataAccelGetFloat)
                  0000224c    00000070                   : mpu6050.obj (.text:MPU6050DataGyroGetFloat)
                  000022bc    0000006e     rtsv7M4_T_le_v4SPD16_eabi.lib : fd_tos_t2.asm.obj (.text)
                  0000232a    00000002     --HOLE-- [fill = 0]
                  0000232c    00000068     driverlib.lib : interrupt.obj (.text:IntDisable)
                  00002394    00000068                   : interrupt.obj (.text:IntEnable)
                  000023fc    00000068     rtsv7M4_T_le_v4SPD16_eabi.lib : copy_decompress_lzss.c.obj (.text:decompress:lzss:__TI_decompress_lzss)
                  00002464    00000064     driverlib.lib : interrupt.obj (.text:IntIsEnabled)
                  000024c8    00000060     sensorlib.lib : i2cm_drv.obj (.text:I2CMReadModifyWrite8Callback)
                  00002528    00000060     driverlib.lib : timer.obj (.text:TimerConfigure)
                  00002588    0000005e     sensorlib.lib : i2cm_drv.obj (.text:I2CMStateWritePause)
                  000025e6    00000002     --HOLE-- [fill = 0]
                  000025e8    0000005c                   : mpu6050.obj (.text:MPU6050Init)
                  00002644    00000054                   : mpu6050.obj (.text:MPU6050DataRead)
                  00002698    00000050                   : i2cm_drv.obj (.text:I2CMStateWriteFinal)
                  000026e8    00000050     driverlib.lib : sysctl.obj (.text:SysCtlPeripheralReset)
                  00002738    0000004c                   : i2c.obj (.text:I2CMasterInitExpClk)
                  00002784    0000004c     sensorlib.lib : mpu6050.obj (.text:MPU6050ReadModifyWrite)
                  000027d0    0000004a                   : i2cm_drv.obj (.text:I2CMStateReadNext)
                  0000281a    00000002     --HOLE-- [fill = 0]
                  0000281c    00000048     driverlib.lib : gpio.obj (.text:GPIOPinConfigure)
                  00002864    00000048     sensorlib.lib : i2cm_drv.obj (.text:I2CMStateWriteNext)
                  000028ac    00000044                   : i2cm_drv.obj (.text:I2CMStateCallback)
                  000028f0    00000044     rtsv7M4_T_le_v4SPD16_eabi.lib : autoinit.c.obj (.text:__TI_auto_init_nobinit_nopinit:__TI_auto_init_nobinit_nopinit)
                  00002934    00000042     sensorlib.lib : i2cm_drv.obj (.text:I2CMStateReadFinal)
                  00002976    00000040     rtsv7M4_T_le_v4SPD16_eabi.lib : u_divt2.asm.obj (.text)
                  000029b6    0000003e     sensorlib.lib : i2cm_drv.obj (.text:I2CMStateReadPause)
                  000029f4    00000038     driverlib.lib : sysctl.obj (.text:SysCtlPeripheralReady)
                  00002a2c    00000038     rtsv7M4_T_le_v4SPD16_eabi.lib : fs_tod_t2.asm.obj (.text)
                  00002a64    00000034     sensorlib.lib : i2cm_drv.obj (.text:I2CMInit)
                  00002a98    00000034     driverlib.lib : sysctl.obj (.text:SysCtlPeripheralEnable)
                  00002acc    00000034     rtsv7M4_T_le_v4SPD16_eabi.lib : boot_cortex_m.c.obj (.text:_c_int00_noargs:_c_int00_noargs)
                  00002b00    0000002a     driverlib.lib : gpio.obj (.text:GPIODirModeSet)
                  00002b2a    0000002a     sensorlib.lib : i2cm_drv.obj (.text:I2CMStateReadFirst)
                  00002b54    00000022     driverlib.lib : pwm.obj (.text:PWMGenConfigure)
                  00002b76    00000020     sensorlib.lib : i2cm_drv.obj (.text:I2CMStateReadOne)
                  00002b96    0000001e     driverlib.lib : pwm.obj (.text:PWMPulseWidthSet)
                  00002bb4    0000001c     rtsv7M4_T_le_v4SPD16_eabi.lib : copy_zero_init.c.obj (.text:decompress:ZI:__TI_zero_init_nomemset:__TI_zero_init_nomemset)
                  00002bd0    0000001a     sensorlib.lib : i2cm_drv.obj (.text:I2CMStateReadWait)
                  00002bea    00000002     --HOLE-- [fill = 0]
                  00002bec    00000014     driverlib.lib : sysctl.obj (.text:SysCtlPWMClockSet)
                  00002c00    00000012                   : gpio.obj (.text:GPIOPinTypeI2C)
                  00002c12    00000012                   : gpio.obj (.text:GPIOPinTypeI2CSCL)
                  00002c24    00000012                   : gpio.obj (.text:GPIOPinTypePWM)
                  00002c36    00000012                   : gpio.obj (.text:GPIOPinTypeQEI)
                  00002c48    00000012                   : gpio.obj (.text:GPIOPinTypeUART)
                  00002c5a    00000012                   : pwm.obj (.text:PWMOutputState)
                  00002c6c    00000012                   : timer.obj (.text:TimerLoadSet)
                  00002c7e    00000010                   : interrupt.obj (.text:IntMasterEnable)
                  00002c8e    00000010                   : pwm.obj (.text:PWMGenPeriodSet)
                  00002c9e    0000000e                   : qei.obj (.text:QEIConfigure)
                  00002cac    0000000e                   : timer.obj (.text:TimerEnable)
                  00002cba    0000000e     rtsv7M4_T_le_v4SPD16_eabi.lib : copy_decompress_none.c.obj (.text:decompress:none:__TI_decompress_none)
                  00002cc8    0000000c     driverlib.lib : cpu.obj (.text:CPUcpsie)
                  00002cd4    0000000c                   : interrupt.obj (.text:IntTrigger)
                  00002ce0    0000000c                   : pwm.obj (.text:PWMGenEnable)
                  00002cec    0000000c                   : qei.obj (.text:QEIFilterConfigure)
                  00002cf8    0000000c     tm4c123gh6pm_startup_ccs.obj (.text)
                  00002d04    0000000a     driverlib.lib : i2c.obj (.text:I2CMasterEnable)
                  00002d0e    0000000a                   : qei.obj (.text:QEIDisable)
                  00002d18    0000000a                   : qei.obj (.text:QEIEnable)
                  00002d22    0000000a                   : qei.obj (.text:QEIFilterDisable)
                  00002d2c    0000000a                   : qei.obj (.text:QEIFilterEnable)
                  00002d36    0000000a                   : qei.obj (.text:QEIIntDisable)
                  00002d40    00000008                   : i2c.obj (.text:I2CMasterIntClear)
                  00002d48    00000008                   : i2c.obj (.text:I2CMasterIntEnableEx)
                  00002d50    00000008                   : i2c.obj (.text:I2CMasterSlaveAddrSet)
                  00002d58    00000008                   : timer.obj (.text:TimerIntEnable)
                  00002d60    00000008     rtsv7M4_T_le_v4SPD16_eabi.lib : errno.c.obj (.text:__aeabi_errno_addr)
                  00002d68    00000006     driverlib.lib : uart.obj (.text:UARTClockSourceSet)
                  00002d6e    00000004                   : i2c.obj (.text:I2CMasterControl)
                  00002d72    00000004                   : i2c.obj (.text:I2CMasterDataGet)
                  00002d76    00000004                   : i2c.obj (.text:I2CMasterDataPut)
                  00002d7a    00000004                   : qei.obj (.text:QEIPositionGet)
                  00002d7e    00000004                   : qei.obj (.text:QEIPositionSet)
                  00002d82    00000004                   : timer.obj (.text:TimerIntClear)
                  00002d86    00000004     rtsv7M4_T_le_v4SPD16_eabi.lib : pre_init.c.obj (.text:_system_pre_init)
                  00002d8a    00000004                                   : exit.c.obj (.text:abort:abort)

.const     0    00002d90    00000264     
                  00002d90    00000098     rtsv7M4_T_le_v4SPD16_eabi.lib : s_atan.c.obj (.const:$O1$$)
                  00002e28    00000090     driverlib.lib : gpio.obj (.const:g_pui32GPIOBaseAddrs)
                  00002eb8    00000070                   : interrupt.obj (.const)
                  00002f28    0000006c                   : sysctl.obj (.const:g_pui32Xtals)
                  00002f94    00000020     sensorlib.lib : mpu6050.obj (.const)
                  00002fb4    00000012     uartstdio.obj (.const:.string)
                  00002fc6    00000002     --HOLE-- [fill = 0]
                  00002fc8    00000010     main.obj (.const)
                  00002fd8    0000000c     uartstdio.obj (.const:g_ui32UARTBase)
                  00002fe4    0000000c     uartstdio.obj (.const:g_ui32UARTPeriph)
                  00002ff0    00000004     uartstdio.obj (.const)

.cinit     0    00002ff8    00000030     
                  00002ff8    0000000c     (.cinit..data.load) [load image, compression = lzss]
                  00003004    0000000c     (__TI_handler_table)
                  00003010    00000008     (.cinit..bss.load) [load image, compression = zero_init]
                  00003018    00000010     (__TI_cinit_table)

.init_array 
*          0    00000000    00000000     UNINITIALIZED

.bss       0    20000200    000001ad     UNINITIALIZED
                  20000200    00000124     (.common:g_sI2CMSimpleInst)
                  20000324    00000038     (.common:sMPU6050)
                  2000035c    0000000c     (.common:fAccel)
                  20000368    0000000c     (.common:fGyro)
                  20000374    00000004     (.common:E_k)
                  20000378    00000004     (.common:E_k_1)
                  2000037c    00000004     (.common:axuraw)
                  20000380    00000004     (.common:ayuraw)
                  20000384    00000004     (.common:azuraw)
                  20000388    00000004     (.common:e_d)
                  2000038c    00000004     (.common:e_k)
                  20000390    00000004     (.common:e_k_1)
                  20000394    00000004     (.common:encoder1_pos)
                  20000398    00000004     (.common:inservo)
                  2000039c    00000004     (.common:outtoservo)
                  200003a0    00000004     (.common:u_k)
                  200003a4    00000004     (.common:ui32Period)
                  200003a8    00000004     (.common:w_k)
                  200003ac    00000001     (.common:g_bMPU6050Done)

.data      0    200003b0    00000018     UNINITIALIZED
                  200003b0    0000000c     main.obj (.data)
                  200003bc    00000005     uartstdio.obj (.data)
                  200003c1    00000003     --HOLE--
                  200003c4    00000004     rtsv7M4_T_le_v4SPD16_eabi.lib : errno.c.obj (.data)

.stack     0    20000000    00000200     UNINITIALIZED
                  20000000    00000004     rtsv7M4_T_le_v4SPD16_eabi.lib : boot_cortex_m.c.obj (.stack)
                  20000004    000001fc     --HOLE--

__llvm_prf_cnts 
*          0    20000000    00000000     UNINITIALIZED

MODULE SUMMARY

       Module                         code    ro data   rw data
       ------                         ----    -------   -------
    .\
       main.obj                       1532    16        441    
       uartstdio.obj                  1244    46        5      
       tm4c123gh6pm_startup_ccs.obj   12      620       0      
       motor.obj                      488     0         0      
       encoder.obj                    456     0         0      
    +--+------------------------------+-------+---------+---------+
       Total:                         3732    682       446    
                                                               
    C:/ti/TivaWare_C_Series-2.1.4.178/driverlib/ccs/Debug/driverlib.lib
       gpio.obj                       510     144       0      
       sysctl.obj                     480     108       0      
       interrupt.obj                  336     112       0      
       timer.obj                      140     0         0      
       i2c.obj                        122     0         0      
       pwm.obj                        110     0         0      
       qei.obj                        84      0         0      
       cpu.obj                        12      0         0      
       uart.obj                       6       0         0      
    +--+------------------------------+-------+---------+---------+
       Total:                         1800    364       0      
                                                               
    C:/ti/TivaWare_C_Series-2.1.4.178/sensorlib/ccs/Debug/sensorlib.lib
       i2cm_drv.obj                   1414    0         0      
       mpu6050.obj                    716     32        0      
    +--+------------------------------+-------+---------+---------+
       Total:                         2130    32        0      
                                                               
    C:\ti\ccs1031\ccs\tools\compiler\ti-cgt-arm_20.2.4.LTS\lib\rtsv7M4_T_le_v4SPD16_eabi.lib
       s_atan.c.obj                   748     152       0      
       e_atan2.c.obj                  472     0         0      
       fd_add_t2.asm.obj              438     0         0      
       e_sqrt.c.obj                   344     0         0      
       fd_div_t2.asm.obj              310     0         0      
       fd_mul_t2.asm.obj              252     0         0      
       memcpy_t2.asm.obj              156     0         0      
       fd_cmp_t2.asm.obj              134     0         0      
       fd_tos_t2.asm.obj              110     0         0      
       copy_decompress_lzss.c.obj     104     0         0      
       autoinit.c.obj                 68      0         0      
       u_divt2.asm.obj                64      0         0      
       fs_tod_t2.asm.obj              56      0         0      
       boot_cortex_m.c.obj            52      0         0      
       copy_zero_init.c.obj           28      0         0      
       copy_decompress_none.c.obj     14      0         0      
       errno.c.obj                    8       0         4      
       exit.c.obj                     4       0         0      
       pre_init.c.obj                 4       0         0      
       div0.asm.obj                   2       0         0      
    +--+------------------------------+-------+---------+---------+
       Total:                         3368    152       4      
                                                               
       Stack:                         0       0         512    
       Linker Generated:              0       48        0      
    +--+------------------------------+-------+---------+---------+
       Grand Total:                   11030   1278      962    


LINKER GENERATED COPY TABLES

__TI_cinit_table @ 00003018 records: 2, size/record: 8, table size: 16
	.data: load addr=00002ff8, load size=0000000c bytes, run addr=200003b0, run size=00000018 bytes, compression=lzss
	.bss: load addr=00003010, load size=00000008 bytes, run addr=20000200, run size=000001ad bytes, compression=zero_init


LINKER GENERATED HANDLER TABLE

__TI_handler_table @ 00003004 records: 3, size/record: 4, table size: 12
	index: 0, handler: __TI_decompress_lzss
	index: 1, handler: __TI_decompress_none
	index: 2, handler: __TI_zero_init


GLOBAL SYMBOLS: SORTED ALPHABETICALLY BY Name 

address   name                          
-------   ----                          
00002d8b  C$$EXIT                       
00002cc9  CPUcpsie                      
00000353  ConfigureUART                 
20000374  E_k                           
20000378  E_k_1                         
200003b0  Ek_1f                         
00002b01  GPIODirModeSet                
000019ff  GPIOPadConfigSet              
0000281d  GPIOPinConfigure              
00002c01  GPIOPinTypeI2C                
00002c13  GPIOPinTypeI2CSCL             
00002c25  GPIOPinTypePWM                
00002c37  GPIOPinTypeQEI                
00002c49  GPIOPinTypeUART               
00002055  I2CMCommand                   
00002a65  I2CMInit                      
00001d3d  I2CMIntHandler                
00002165  I2CMReadModifyWrite8          
0000027d  I2CMSimpleIntHandler          
00002d6f  I2CMasterControl              
00002d73  I2CMasterDataGet              
00002d77  I2CMasterDataPut              
00002d05  I2CMasterEnable               
00002739  I2CMasterInitExpClk           
00002d41  I2CMasterIntClear             
00002d49  I2CMasterIntEnableEx          
00002d51  I2CMasterSlaveAddrSet         
000002f7  InitI2C0                      
0000232d  IntDisable                    
00002395  IntEnable                     
00002465  IntIsEnabled                  
00002c7f  IntMasterEnable               
00002cd5  IntTrigger                    
00002fd0  KI                            
00002fd4  Kd                            
00002fcc  Kp                            
0000038f  MPU6050Callback               
000021dd  MPU6050DataAccelGetFloat      
0000224d  MPU6050DataGyroGetFloat       
00002645  MPU6050DataRead               
000025e9  MPU6050Init                   
00002785  MPU6050ReadModifyWrite        
00000467  MPU6050init                   
000003a1  PIDblock                      
200003b2  PIDflag                       
00002b55  PWMGenConfigure               
00002ce1  PWMGenEnable                  
00002c8f  PWMGenPeriodSet               
00002c5b  PWMOutputState                
00002b97  PWMPulseWidthSet              
000002c9  PWMinit                       
00002c9f  QEIConfigure                  
00002d0f  QEIDisable                    
00002d19  QEIEnable                     
00002ced  QEIFilterConfigure            
00002d23  QEIFilterDisable              
00002d2d  QEIFilterEnable               
00002d37  QEIIntDisable                 
00002d7b  QEIPositionGet                
00002d7f  QEIPositionSet                
00002cf9  ResetISR                      
00001b31  SysCtlClockGet                
00002bed  SysCtlPWMClockSet             
00002a99  SysCtlPeripheralEnable        
000029f5  SysCtlPeripheralReady         
000026e9  SysCtlPeripheralReset         
000002df  TIMER0en                      
00000287  TIMER0init                    
0000026d  Timer0IntHandlerA             
00002529  TimerConfigure                
00002cad  TimerEnable                   
00002d83  TimerIntClear                 
00002d59  TimerIntEnable                
00002c6d  TimerLoadSet                  
00002d69  UARTClockSourceSet            
00000869  UARTStdioConfig               
000009e1  UARTgetc                      
0000091b  UARTgets                      
00000d0f  UARTprintf                    
00000a15  UARTvprintf                   
000008c9  UARTwrite                     
20000200  __STACK_END                   
00000200  __STACK_SIZE                  
20000200  __STACK_TOP                   
00003018  __TI_CINIT_Base               
00003028  __TI_CINIT_Limit              
00003004  __TI_Handler_Table_Base       
00003010  __TI_Handler_Table_Limit      
000028f1  __TI_auto_init_nobinit_nopinit
000023fd  __TI_decompress_lzss          
00002cbb  __TI_decompress_none          
ffffffff  __TI_pprof_out_hndl           
ffffffff  __TI_prof_data_size           
ffffffff  __TI_prof_data_start          
00000000  __TI_static_base__            
00002bb5  __TI_zero_init_nomemset       
000020dd  __aeabi_cdrcmple              
000022bd  __aeabi_d2f                   
000015c3  __aeabi_dadd                  
000018c9  __aeabi_ddiv                  
00001c41  __aeabi_dmul                  
000015b9  __aeabi_dsub                  
00002d61  __aeabi_errno_addr            
00002a2d  __aeabi_f2d                   
0000176f  __aeabi_idiv0                 
0000176f  __aeabi_ldiv0                 
00001f21  __aeabi_memcpy                
00001f21  __aeabi_memcpy4               
00001f21  __aeabi_memcpy8               
00002977  __aeabi_uidiv                 
00002977  __aeabi_uidivmod              
ffffffff  __binit__                     
ffffffff  __c_args__                    
UNDEFED   __mpu_init                    
20000000  __stack                       
20000000  __start___llvm_prf_cnts       
20000000  __stop___llvm_prf_cnts        
00002acd  _c_int00_noargs               
UNDEFED   _system_post_cinit            
00002d87  _system_pre_init              
00002d8b  abort                         
00000d45  atan                          
00001219  atan2                         
00001219  atan2l                        
00000d45  atanl                         
2000037c  axuraw                        
20000380  ayuraw                        
20000384  azuraw                        
ffffffff  binit                         
00002fc8  deltat                        
20000388  e_d                           
2000038c  e_k                           
20000390  e_k_1                         
200003b1  ek_1f                         
20000394  encoder1_pos                  
200003c4  errno                         
2000035c  fAccel                        
20000368  fGyro                         
200003ac  g_bMPU6050Done                
00000000  g_pfnVectors                  
20000200  g_sI2CMSimpleInst             
00001533  get_position_in_degrees       
20000398  inservo                       
00000589  main                          
00001f21  memcpy                        
00001031  motor1_configure              
000010a3  motor2_configure              
00001115  motor_velocity_write          
2000039c  outtoservo                    
000013f1  qei_module0_config            
0000149d  qei_module1_config            
20000324  sMPU6050                      
00001771  sqrt                          
00001771  sqrtl                         
200003a0  u_k                           
200003a4  ui32Period                    
200003a8  w_k                           
200003b4  x                             
200003b8  y                             


GLOBAL SYMBOLS: SORTED BY Symbol Address 

address   name                          
-------   ----                          
00000000  __TI_static_base__            
00000000  g_pfnVectors                  
00000200  __STACK_SIZE                  
0000026d  Timer0IntHandlerA             
0000027d  I2CMSimpleIntHandler          
00000287  TIMER0init                    
000002c9  PWMinit                       
000002df  TIMER0en                      
000002f7  InitI2C0                      
00000353  ConfigureUART                 
0000038f  MPU6050Callback               
000003a1  PIDblock                      
00000467  MPU6050init                   
00000589  main                          
00000869  UARTStdioConfig               
000008c9  UARTwrite                     
0000091b  UARTgets                      
000009e1  UARTgetc                      
00000a15  UARTvprintf                   
00000d0f  UARTprintf                    
00000d45  atan                          
00000d45  atanl                         
00001031  motor1_configure              
000010a3  motor2_configure              
00001115  motor_velocity_write          
00001219  atan2                         
00001219  atan2l                        
000013f1  qei_module0_config            
0000149d  qei_module1_config            
00001533  get_position_in_degrees       
000015b9  __aeabi_dsub                  
000015c3  __aeabi_dadd                  
0000176f  __aeabi_idiv0                 
0000176f  __aeabi_ldiv0                 
00001771  sqrt                          
00001771  sqrtl                         
000018c9  __aeabi_ddiv                  
000019ff  GPIOPadConfigSet              
00001b31  SysCtlClockGet                
00001c41  __aeabi_dmul                  
00001d3d  I2CMIntHandler                
00001f21  __aeabi_memcpy                
00001f21  __aeabi_memcpy4               
00001f21  __aeabi_memcpy8               
00001f21  memcpy                        
00002055  I2CMCommand                   
000020dd  __aeabi_cdrcmple              
00002165  I2CMReadModifyWrite8          
000021dd  MPU6050DataAccelGetFloat      
0000224d  MPU6050DataGyroGetFloat       
000022bd  __aeabi_d2f                   
0000232d  IntDisable                    
00002395  IntEnable                     
000023fd  __TI_decompress_lzss          
00002465  IntIsEnabled                  
00002529  TimerConfigure                
000025e9  MPU6050Init                   
00002645  MPU6050DataRead               
000026e9  SysCtlPeripheralReset         
00002739  I2CMasterInitExpClk           
00002785  MPU6050ReadModifyWrite        
0000281d  GPIOPinConfigure              
000028f1  __TI_auto_init_nobinit_nopinit
00002977  __aeabi_uidiv                 
00002977  __aeabi_uidivmod              
000029f5  SysCtlPeripheralReady         
00002a2d  __aeabi_f2d                   
00002a65  I2CMInit                      
00002a99  SysCtlPeripheralEnable        
00002acd  _c_int00_noargs               
00002b01  GPIODirModeSet                
00002b55  PWMGenConfigure               
00002b97  PWMPulseWidthSet              
00002bb5  __TI_zero_init_nomemset       
00002bed  SysCtlPWMClockSet             
00002c01  GPIOPinTypeI2C                
00002c13  GPIOPinTypeI2CSCL             
00002c25  GPIOPinTypePWM                
00002c37  GPIOPinTypeQEI                
00002c49  GPIOPinTypeUART               
00002c5b  PWMOutputState                
00002c6d  TimerLoadSet                  
00002c7f  IntMasterEnable               
00002c8f  PWMGenPeriodSet               
00002c9f  QEIConfigure                  
00002cad  TimerEnable                   
00002cbb  __TI_decompress_none          
00002cc9  CPUcpsie                      
00002cd5  IntTrigger                    
00002ce1  PWMGenEnable                  
00002ced  QEIFilterConfigure            
00002cf9  ResetISR                      
00002d05  I2CMasterEnable               
00002d0f  QEIDisable                    
00002d19  QEIEnable                     
00002d23  QEIFilterDisable              
00002d2d  QEIFilterEnable               
00002d37  QEIIntDisable                 
00002d41  I2CMasterIntClear             
00002d49  I2CMasterIntEnableEx          
00002d51  I2CMasterSlaveAddrSet         
00002d59  TimerIntEnable                
00002d61  __aeabi_errno_addr            
00002d69  UARTClockSourceSet            
00002d6f  I2CMasterControl              
00002d73  I2CMasterDataGet              
00002d77  I2CMasterDataPut              
00002d7b  QEIPositionGet                
00002d7f  QEIPositionSet                
00002d83  TimerIntClear                 
00002d87  _system_pre_init              
00002d8b  C$$EXIT                       
00002d8b  abort                         
00002fc8  deltat                        
00002fcc  Kp                            
00002fd0  KI                            
00002fd4  Kd                            
00003004  __TI_Handler_Table_Base       
00003010  __TI_Handler_Table_Limit      
00003018  __TI_CINIT_Base               
00003028  __TI_CINIT_Limit              
20000000  __stack                       
20000000  __start___llvm_prf_cnts       
20000000  __stop___llvm_prf_cnts        
20000200  __STACK_END                   
20000200  __STACK_TOP                   
20000200  g_sI2CMSimpleInst             
20000324  sMPU6050                      
2000035c  fAccel                        
20000368  fGyro                         
20000374  E_k                           
20000378  E_k_1                         
2000037c  axuraw                        
20000380  ayuraw                        
20000384  azuraw                        
20000388  e_d                           
2000038c  e_k                           
20000390  e_k_1                         
20000394  encoder1_pos                  
20000398  inservo                       
2000039c  outtoservo                    
200003a0  u_k                           
200003a4  ui32Period                    
200003a8  w_k                           
200003ac  g_bMPU6050Done                
200003b0  Ek_1f                         
200003b1  ek_1f                         
200003b2  PIDflag                       
200003b4  x                             
200003b8  y                             
200003c4  errno                         
ffffffff  __TI_pprof_out_hndl           
ffffffff  __TI_prof_data_size           
ffffffff  __TI_prof_data_start          
ffffffff  __binit__                     
ffffffff  __c_args__                    
ffffffff  binit                         
UNDEFED   __mpu_init                    
UNDEFED   _system_post_cinit            

[159 symbols]
