<?xml version="1.0" encoding="ISO-8859-1" ?>
<link_info>
   <banner>TI ARM Linker PC v20.2.4.LTS</banner>
   <copyright>Copyright (c) 1996-2018 Texas Instruments Incorporated</copyright>
   <link_time>0x6112c7cb</link_time>
   <link_errors>0x0</link_errors>
   <output_file>BijuBotIMUtesto.out</output_file>
   <entry_point>
      <name>_c_int00_noargs</name>
      <address>0x2b01</address>
   </entry_point>
   <input_file_list>
      <input_file id="fl-2">
         <path>.\</path>
         <kind>object</kind>
         <file>encoder.obj</file>
         <name>encoder.obj</name>
      </input_file>
      <input_file id="fl-3">
         <path>.\</path>
         <kind>object</kind>
         <file>main.obj</file>
         <name>main.obj</name>
      </input_file>
      <input_file id="fl-4">
         <path>.\</path>
         <kind>object</kind>
         <file>motor.obj</file>
         <name>motor.obj</name>
      </input_file>
      <input_file id="fl-5">
         <path>.\</path>
         <kind>object</kind>
         <file>tm4c123gh6pm_startup_ccs.obj</file>
         <name>tm4c123gh6pm_startup_ccs.obj</name>
      </input_file>
      <input_file id="fl-6">
         <path>.\</path>
         <kind>object</kind>
         <file>uartstdio.obj</file>
         <name>uartstdio.obj</name>
      </input_file>
      <input_file id="fl-c">
         <kind>object</kind>
         <file>&lt;internal&gt;</file>
         <name>&lt;internal&gt;</name>
      </input_file>
      <input_file id="fl-d">
         <path>C:\ti\TivaWare_C_Series-2.1.4.178\driverlib\ccs\Debug\</path>
         <kind>archive</kind>
         <file>driverlib.lib</file>
         <name>gpio.obj</name>
      </input_file>
      <input_file id="fl-e">
         <path>C:\ti\TivaWare_C_Series-2.1.4.178\driverlib\ccs\Debug\</path>
         <kind>archive</kind>
         <file>driverlib.lib</file>
         <name>i2c.obj</name>
      </input_file>
      <input_file id="fl-f">
         <path>C:\ti\TivaWare_C_Series-2.1.4.178\driverlib\ccs\Debug\</path>
         <kind>archive</kind>
         <file>driverlib.lib</file>
         <name>interrupt.obj</name>
      </input_file>
      <input_file id="fl-10">
         <path>C:\ti\TivaWare_C_Series-2.1.4.178\driverlib\ccs\Debug\</path>
         <kind>archive</kind>
         <file>driverlib.lib</file>
         <name>pwm.obj</name>
      </input_file>
      <input_file id="fl-11">
         <path>C:\ti\TivaWare_C_Series-2.1.4.178\driverlib\ccs\Debug\</path>
         <kind>archive</kind>
         <file>driverlib.lib</file>
         <name>qei.obj</name>
      </input_file>
      <input_file id="fl-12">
         <path>C:\ti\TivaWare_C_Series-2.1.4.178\driverlib\ccs\Debug\</path>
         <kind>archive</kind>
         <file>driverlib.lib</file>
         <name>sysctl.obj</name>
      </input_file>
      <input_file id="fl-13">
         <path>C:\ti\TivaWare_C_Series-2.1.4.178\driverlib\ccs\Debug\</path>
         <kind>archive</kind>
         <file>driverlib.lib</file>
         <name>timer.obj</name>
      </input_file>
      <input_file id="fl-14">
         <path>C:\ti\TivaWare_C_Series-2.1.4.178\driverlib\ccs\Debug\</path>
         <kind>archive</kind>
         <file>driverlib.lib</file>
         <name>uart.obj</name>
      </input_file>
      <input_file id="fl-15">
         <path>C:\ti\TivaWare_C_Series-2.1.4.178\driverlib\ccs\Debug\</path>
         <kind>archive</kind>
         <file>driverlib.lib</file>
         <name>cpu.obj</name>
      </input_file>
      <input_file id="fl-16">
         <path>C:\ti\TivaWare_C_Series-2.1.4.178\sensorlib\ccs\Debug\</path>
         <kind>archive</kind>
         <file>sensorlib.lib</file>
         <name>i2cm_drv.obj</name>
      </input_file>
      <input_file id="fl-17">
         <path>C:\ti\TivaWare_C_Series-2.1.4.178\sensorlib\ccs\Debug\</path>
         <kind>archive</kind>
         <file>sensorlib.lib</file>
         <name>mpu6050.obj</name>
      </input_file>
      <input_file id="fl-cd">
         <path>C:\ti\ccs1031\ccs\tools\compiler\ti-cgt-arm_20.2.4.LTS\lib\</path>
         <kind>archive</kind>
         <file>rtsv7M4_T_le_v4SPD16_eabi.lib</file>
         <name>e_atan2.c.obj</name>
      </input_file>
      <input_file id="fl-ce">
         <path>C:\ti\ccs1031\ccs\tools\compiler\ti-cgt-arm_20.2.4.LTS\lib\</path>
         <kind>archive</kind>
         <file>rtsv7M4_T_le_v4SPD16_eabi.lib</file>
         <name>e_sqrt.c.obj</name>
      </input_file>
      <input_file id="fl-cf">
         <path>C:\ti\ccs1031\ccs\tools\compiler\ti-cgt-arm_20.2.4.LTS\lib\</path>
         <kind>archive</kind>
         <file>rtsv7M4_T_le_v4SPD16_eabi.lib</file>
         <name>s_atan.c.obj</name>
      </input_file>
      <input_file id="fl-d0">
         <path>C:\ti\ccs1031\ccs\tools\compiler\ti-cgt-arm_20.2.4.LTS\lib\</path>
         <kind>archive</kind>
         <file>rtsv7M4_T_le_v4SPD16_eabi.lib</file>
         <name>u_divt2.asm.obj</name>
      </input_file>
      <input_file id="fl-d1">
         <path>C:\ti\ccs1031\ccs\tools\compiler\ti-cgt-arm_20.2.4.LTS\lib\</path>
         <kind>archive</kind>
         <file>rtsv7M4_T_le_v4SPD16_eabi.lib</file>
         <name>fd_add_t2.asm.obj</name>
      </input_file>
      <input_file id="fl-d2">
         <path>C:\ti\ccs1031\ccs\tools\compiler\ti-cgt-arm_20.2.4.LTS\lib\</path>
         <kind>archive</kind>
         <file>rtsv7M4_T_le_v4SPD16_eabi.lib</file>
         <name>fd_cmp_t2.asm.obj</name>
      </input_file>
      <input_file id="fl-d3">
         <path>C:\ti\ccs1031\ccs\tools\compiler\ti-cgt-arm_20.2.4.LTS\lib\</path>
         <kind>archive</kind>
         <file>rtsv7M4_T_le_v4SPD16_eabi.lib</file>
         <name>fd_div_t2.asm.obj</name>
      </input_file>
      <input_file id="fl-d4">
         <path>C:\ti\ccs1031\ccs\tools\compiler\ti-cgt-arm_20.2.4.LTS\lib\</path>
         <kind>archive</kind>
         <file>rtsv7M4_T_le_v4SPD16_eabi.lib</file>
         <name>fd_mul_t2.asm.obj</name>
      </input_file>
      <input_file id="fl-d5">
         <path>C:\ti\ccs1031\ccs\tools\compiler\ti-cgt-arm_20.2.4.LTS\lib\</path>
         <kind>archive</kind>
         <file>rtsv7M4_T_le_v4SPD16_eabi.lib</file>
         <name>fd_tos_t2.asm.obj</name>
      </input_file>
      <input_file id="fl-d6">
         <path>C:\ti\ccs1031\ccs\tools\compiler\ti-cgt-arm_20.2.4.LTS\lib\</path>
         <kind>archive</kind>
         <file>rtsv7M4_T_le_v4SPD16_eabi.lib</file>
         <name>fs_tod_t2.asm.obj</name>
      </input_file>
      <input_file id="fl-d7">
         <path>C:\ti\ccs1031\ccs\tools\compiler\ti-cgt-arm_20.2.4.LTS\lib\</path>
         <kind>archive</kind>
         <file>rtsv7M4_T_le_v4SPD16_eabi.lib</file>
         <name>copy_zero_init.c.obj</name>
      </input_file>
      <input_file id="fl-d8">
         <path>C:\ti\ccs1031\ccs\tools\compiler\ti-cgt-arm_20.2.4.LTS\lib\</path>
         <kind>archive</kind>
         <file>rtsv7M4_T_le_v4SPD16_eabi.lib</file>
         <name>copy_decompress_none.c.obj</name>
      </input_file>
      <input_file id="fl-d9">
         <path>C:\ti\ccs1031\ccs\tools\compiler\ti-cgt-arm_20.2.4.LTS\lib\</path>
         <kind>archive</kind>
         <file>rtsv7M4_T_le_v4SPD16_eabi.lib</file>
         <name>copy_decompress_lzss.c.obj</name>
      </input_file>
      <input_file id="fl-da">
         <path>C:\ti\ccs1031\ccs\tools\compiler\ti-cgt-arm_20.2.4.LTS\lib\</path>
         <kind>archive</kind>
         <file>rtsv7M4_T_le_v4SPD16_eabi.lib</file>
         <name>errno.c.obj</name>
      </input_file>
      <input_file id="fl-db">
         <path>C:\ti\ccs1031\ccs\tools\compiler\ti-cgt-arm_20.2.4.LTS\lib\</path>
         <kind>archive</kind>
         <file>rtsv7M4_T_le_v4SPD16_eabi.lib</file>
         <name>boot_cortex_m.c.obj</name>
      </input_file>
      <input_file id="fl-dc">
         <path>C:\ti\ccs1031\ccs\tools\compiler\ti-cgt-arm_20.2.4.LTS\lib\</path>
         <kind>archive</kind>
         <file>rtsv7M4_T_le_v4SPD16_eabi.lib</file>
         <name>div0.asm.obj</name>
      </input_file>
      <input_file id="fl-dd">
         <path>C:\ti\ccs1031\ccs\tools\compiler\ti-cgt-arm_20.2.4.LTS\lib\</path>
         <kind>archive</kind>
         <file>rtsv7M4_T_le_v4SPD16_eabi.lib</file>
         <name>memset_t2.asm.obj</name>
      </input_file>
      <input_file id="fl-de">
         <path>C:\ti\ccs1031\ccs\tools\compiler\ti-cgt-arm_20.2.4.LTS\lib\</path>
         <kind>archive</kind>
         <file>rtsv7M4_T_le_v4SPD16_eabi.lib</file>
         <name>memcpy_t2.asm.obj</name>
      </input_file>
      <input_file id="fl-df">
         <path>C:\ti\ccs1031\ccs\tools\compiler\ti-cgt-arm_20.2.4.LTS\lib\</path>
         <kind>archive</kind>
         <file>rtsv7M4_T_le_v4SPD16_eabi.lib</file>
         <name>autoinit.c.obj</name>
      </input_file>
      <input_file id="fl-e0">
         <path>C:\ti\ccs1031\ccs\tools\compiler\ti-cgt-arm_20.2.4.LTS\lib\</path>
         <kind>archive</kind>
         <file>rtsv7M4_T_le_v4SPD16_eabi.lib</file>
         <name>pre_init.c.obj</name>
      </input_file>
      <input_file id="fl-e1">
         <path>C:\ti\ccs1031\ccs\tools\compiler\ti-cgt-arm_20.2.4.LTS\lib\</path>
         <kind>archive</kind>
         <file>rtsv7M4_T_le_v4SPD16_eabi.lib</file>
         <name>cpy_tbl.c.obj</name>
      </input_file>
      <input_file id="fl-e2">
         <path>C:\ti\ccs1031\ccs\tools\compiler\ti-cgt-arm_20.2.4.LTS\lib\</path>
         <kind>archive</kind>
         <file>rtsv7M4_T_le_v4SPD16_eabi.lib</file>
         <name>exit.c.obj</name>
      </input_file>
      <input_file id="fl-e3">
         <path>C:\ti\ccs1031\ccs\tools\compiler\ti-cgt-arm_20.2.4.LTS\lib\</path>
         <kind>archive</kind>
         <file>rtsv7M4_T_le_v4SPD16_eabi.lib</file>
         <name>_lock.c.obj</name>
      </input_file>
      <input_file id="fl-e4">
         <path>C:\ti\ccs1031\ccs\tools\compiler\ti-cgt-arm_20.2.4.LTS\lib\</path>
         <kind>archive</kind>
         <file>rtsv7M4_T_le_v4SPD16_eabi.lib</file>
         <name>args_main.c.obj</name>
      </input_file>
   </input_file_list>
   <object_component_list>
      <object_component id="oc-12">
         <name>.intvecs</name>
         <load_address>0x0</load_address>
         <run_address>0x0</run_address>
         <size>0x26c</size>
         <input_file_ref idref="fl-5"/>
      </object_component>
      <object_component id="oc-2d">
         <name>.text</name>
         <load_address>0x26c</load_address>
         <run_address>0x26c</run_address>
         <size>0x630</size>
         <input_file_ref idref="fl-3"/>
      </object_component>
      <object_component id="oc-ec">
         <name>.text</name>
         <load_address>0x89c</load_address>
         <run_address>0x89c</run_address>
         <size>0x4dc</size>
         <input_file_ref idref="fl-6"/>
      </object_component>
      <object_component id="oc-2dd">
         <name>.text:atan</name>
         <load_address>0xd78</load_address>
         <run_address>0xd78</run_address>
         <size>0x2ec</size>
         <input_file_ref idref="fl-cf"/>
      </object_component>
      <object_component id="oc-b0">
         <name>.text</name>
         <load_address>0x1064</load_address>
         <run_address>0x1064</run_address>
         <size>0x1e8</size>
         <input_file_ref idref="fl-4"/>
      </object_component>
      <object_component id="oc-133">
         <name>.text:atan2</name>
         <load_address>0x124c</load_address>
         <run_address>0x124c</run_address>
         <size>0x1d8</size>
         <input_file_ref idref="fl-cd"/>
      </object_component>
      <object_component id="oc-b6">
         <name>.text</name>
         <load_address>0x1424</load_address>
         <run_address>0x1424</run_address>
         <size>0x1c8</size>
         <input_file_ref idref="fl-2"/>
      </object_component>
      <object_component id="oc-2d8">
         <name>.text</name>
         <load_address>0x15ec</load_address>
         <run_address>0x15ec</run_address>
         <size>0x1b6</size>
         <input_file_ref idref="fl-d1"/>
      </object_component>
      <object_component id="oc-3a3">
         <name>.text</name>
         <load_address>0x17a2</load_address>
         <run_address>0x17a2</run_address>
         <size>0x2</size>
         <input_file_ref idref="fl-dc"/>
      </object_component>
      <object_component id="oc-13f">
         <name>.text:sqrt</name>
         <load_address>0x17a4</load_address>
         <run_address>0x17a4</run_address>
         <size>0x158</size>
         <input_file_ref idref="fl-ce"/>
      </object_component>
      <object_component id="oc-139">
         <name>.text</name>
         <load_address>0x18fc</load_address>
         <run_address>0x18fc</run_address>
         <size>0x136</size>
         <input_file_ref idref="fl-d3"/>
      </object_component>
      <object_component id="oc-278">
         <name>.text:GPIOPadConfigSet</name>
         <load_address>0x1a32</load_address>
         <run_address>0x1a32</run_address>
         <size>0x132</size>
         <input_file_ref idref="fl-d"/>
      </object_component>
      <object_component id="oc-aa">
         <name>.text:SysCtlClockGet</name>
         <load_address>0x1b64</load_address>
         <run_address>0x1b64</run_address>
         <size>0x110</size>
         <input_file_ref idref="fl-12"/>
      </object_component>
      <object_component id="oc-127">
         <name>.text</name>
         <load_address>0x1c74</load_address>
         <run_address>0x1c74</run_address>
         <size>0xfc</size>
         <input_file_ref idref="fl-d4"/>
      </object_component>
      <object_component id="oc-7a">
         <name>.text:I2CMIntHandler</name>
         <load_address>0x1d70</load_address>
         <run_address>0x1d70</run_address>
         <size>0xf2</size>
         <input_file_ref idref="fl-16"/>
      </object_component>
      <object_component id="oc-2b0">
         <name>.text:MPU6050Callback</name>
         <load_address>0x1e64</load_address>
         <run_address>0x1e64</run_address>
         <size>0xf0</size>
         <input_file_ref idref="fl-17"/>
      </object_component>
      <object_component id="oc-41">
         <name>.text</name>
         <load_address>0x1f54</load_address>
         <run_address>0x1f54</run_address>
         <size>0x9c</size>
         <input_file_ref idref="fl-de"/>
      </object_component>
      <object_component id="oc-1e0">
         <name>.text:I2CMStateIdle</name>
         <load_address>0x1ff0</load_address>
         <run_address>0x1ff0</run_address>
         <size>0x98</size>
         <input_file_ref idref="fl-16"/>
      </object_component>
      <object_component id="oc-2aa">
         <name>.text:I2CMCommand</name>
         <load_address>0x2088</load_address>
         <run_address>0x2088</run_address>
         <size>0x88</size>
         <input_file_ref idref="fl-16"/>
      </object_component>
      <object_component id="oc-3d3">
         <name>.text:__aeabi_cdrcmple</name>
         <load_address>0x2110</load_address>
         <run_address>0x2110</run_address>
         <size>0x86</size>
         <input_file_ref idref="fl-d2"/>
      </object_component>
      <object_component id="oc-2b8">
         <name>.text:I2CMReadModifyWrite8</name>
         <load_address>0x2198</load_address>
         <run_address>0x2198</run_address>
         <size>0x78</size>
         <input_file_ref idref="fl-16"/>
      </object_component>
      <object_component id="oc-116">
         <name>.text:MPU6050DataAccelGetFloat</name>
         <load_address>0x2210</load_address>
         <run_address>0x2210</run_address>
         <size>0x70</size>
         <input_file_ref idref="fl-17"/>
      </object_component>
      <object_component id="oc-11c">
         <name>.text:MPU6050DataGyroGetFloat</name>
         <load_address>0x2280</load_address>
         <run_address>0x2280</run_address>
         <size>0x70</size>
         <input_file_ref idref="fl-17"/>
      </object_component>
      <object_component id="oc-12c">
         <name>.text</name>
         <load_address>0x22f0</load_address>
         <run_address>0x22f0</run_address>
         <size>0x6e</size>
         <input_file_ref idref="fl-d5"/>
      </object_component>
      <object_component id="oc-3b4">
         <name>.text:IntDisable</name>
         <load_address>0x2360</load_address>
         <run_address>0x2360</run_address>
         <size>0x68</size>
         <input_file_ref idref="fl-f"/>
      </object_component>
      <object_component id="oc-92">
         <name>.text:IntEnable</name>
         <load_address>0x23c8</load_address>
         <run_address>0x23c8</run_address>
         <size>0x68</size>
         <input_file_ref idref="fl-f"/>
      </object_component>
      <object_component id="oc-15">
         <name>.text:decompress:lzss:__TI_decompress_lzss</name>
         <load_address>0x2430</load_address>
         <run_address>0x2430</run_address>
         <size>0x68</size>
         <input_file_ref idref="fl-d9"/>
      </object_component>
      <object_component id="oc-3ae">
         <name>.text:IntIsEnabled</name>
         <load_address>0x2498</load_address>
         <run_address>0x2498</run_address>
         <size>0x64</size>
         <input_file_ref idref="fl-f"/>
      </object_component>
      <object_component id="oc-3c9">
         <name>.text:I2CMReadModifyWrite8Callback</name>
         <load_address>0x24fc</load_address>
         <run_address>0x24fc</run_address>
         <size>0x60</size>
         <input_file_ref idref="fl-16"/>
      </object_component>
      <object_component id="oc-86">
         <name>.text:TimerConfigure</name>
         <load_address>0x255c</load_address>
         <run_address>0x255c</run_address>
         <size>0x60</size>
         <input_file_ref idref="fl-13"/>
      </object_component>
      <object_component id="oc-1ce">
         <name>.text:I2CMStateWritePause</name>
         <load_address>0x25bc</load_address>
         <run_address>0x25bc</run_address>
         <size>0x5e</size>
         <input_file_ref idref="fl-16"/>
      </object_component>
      <object_component id="oc-f2">
         <name>.text:MPU6050Init</name>
         <load_address>0x261c</load_address>
         <run_address>0x261c</run_address>
         <size>0x5c</size>
         <input_file_ref idref="fl-17"/>
      </object_component>
      <object_component id="oc-110">
         <name>.text:MPU6050DataRead</name>
         <load_address>0x2678</load_address>
         <run_address>0x2678</run_address>
         <size>0x54</size>
         <input_file_ref idref="fl-17"/>
      </object_component>
      <object_component id="oc-1d4">
         <name>.text:I2CMStateWriteFinal</name>
         <load_address>0x26cc</load_address>
         <run_address>0x26cc</run_address>
         <size>0x50</size>
         <input_file_ref idref="fl-16"/>
      </object_component>
      <object_component id="oc-bc">
         <name>.text:SysCtlPeripheralReset</name>
         <load_address>0x271c</load_address>
         <run_address>0x271c</run_address>
         <size>0x50</size>
         <input_file_ref idref="fl-12"/>
      </object_component>
      <object_component id="oc-d4">
         <name>.text:I2CMasterInitExpClk</name>
         <load_address>0x276c</load_address>
         <run_address>0x276c</run_address>
         <size>0x4c</size>
         <input_file_ref idref="fl-e"/>
      </object_component>
      <object_component id="oc-f8">
         <name>.text:MPU6050ReadModifyWrite</name>
         <load_address>0x27b8</load_address>
         <run_address>0x27b8</run_address>
         <size>0x4c</size>
         <input_file_ref idref="fl-17"/>
      </object_component>
      <object_component id="oc-1bc">
         <name>.text:I2CMStateReadNext</name>
         <load_address>0x2804</load_address>
         <run_address>0x2804</run_address>
         <size>0x4a</size>
         <input_file_ref idref="fl-16"/>
      </object_component>
      <object_component id="oc-c2">
         <name>.text:GPIOPinConfigure</name>
         <load_address>0x2850</load_address>
         <run_address>0x2850</run_address>
         <size>0x48</size>
         <input_file_ref idref="fl-d"/>
      </object_component>
      <object_component id="oc-1da">
         <name>.text:I2CMStateWriteNext</name>
         <load_address>0x2898</load_address>
         <run_address>0x2898</run_address>
         <size>0x48</size>
         <input_file_ref idref="fl-16"/>
      </object_component>
      <object_component id="oc-1a4">
         <name>.text:I2CMStateCallback</name>
         <load_address>0x28e0</load_address>
         <run_address>0x28e0</run_address>
         <size>0x44</size>
         <input_file_ref idref="fl-16"/>
      </object_component>
      <object_component id="oc-315">
         <name>.text:__TI_auto_init_nobinit_nopinit:__TI_auto_init_nobinit_nopinit</name>
         <load_address>0x2924</load_address>
         <run_address>0x2924</run_address>
         <size>0x44</size>
         <input_file_ref idref="fl-df"/>
      </object_component>
      <object_component id="oc-1b6">
         <name>.text:I2CMStateReadFinal</name>
         <load_address>0x2968</load_address>
         <run_address>0x2968</run_address>
         <size>0x42</size>
         <input_file_ref idref="fl-16"/>
      </object_component>
      <object_component id="oc-29b">
         <name>.text</name>
         <load_address>0x29aa</load_address>
         <run_address>0x29aa</run_address>
         <size>0x40</size>
         <input_file_ref idref="fl-d0"/>
      </object_component>
      <object_component id="oc-1b0">
         <name>.text:I2CMStateReadPause</name>
         <load_address>0x29ea</load_address>
         <run_address>0x29ea</run_address>
         <size>0x3e</size>
         <input_file_ref idref="fl-16"/>
      </object_component>
      <object_component id="oc-204">
         <name>.text:SysCtlPeripheralReady</name>
         <load_address>0x2a28</load_address>
         <run_address>0x2a28</run_address>
         <size>0x38</size>
         <input_file_ref idref="fl-12"/>
      </object_component>
      <object_component id="oc-122">
         <name>.text</name>
         <load_address>0x2a60</load_address>
         <run_address>0x2a60</run_address>
         <size>0x38</size>
         <input_file_ref idref="fl-d6"/>
      </object_component>
      <object_component id="oc-da">
         <name>.text:I2CMInit</name>
         <load_address>0x2a98</load_address>
         <run_address>0x2a98</run_address>
         <size>0x34</size>
         <input_file_ref idref="fl-16"/>
      </object_component>
      <object_component id="oc-80">
         <name>.text:SysCtlPeripheralEnable</name>
         <load_address>0x2acc</load_address>
         <run_address>0x2acc</run_address>
         <size>0x34</size>
         <input_file_ref idref="fl-12"/>
      </object_component>
      <object_component id="oc-5f">
         <name>.text:_c_int00_noargs:_c_int00_noargs</name>
         <load_address>0x2b00</load_address>
         <run_address>0x2b00</run_address>
         <size>0x34</size>
         <input_file_ref idref="fl-db"/>
      </object_component>
      <object_component id="oc-272">
         <name>.text:GPIODirModeSet</name>
         <load_address>0x2b34</load_address>
         <run_address>0x2b34</run_address>
         <size>0x2a</size>
         <input_file_ref idref="fl-d"/>
      </object_component>
      <object_component id="oc-1c2">
         <name>.text:I2CMStateReadFirst</name>
         <load_address>0x2b5e</load_address>
         <run_address>0x2b5e</run_address>
         <size>0x2a</size>
         <input_file_ref idref="fl-16"/>
      </object_component>
      <object_component id="oc-210">
         <name>.text:PWMGenConfigure</name>
         <load_address>0x2b88</load_address>
         <run_address>0x2b88</run_address>
         <size>0x22</size>
         <input_file_ref idref="fl-10"/>
      </object_component>
      <object_component id="oc-1c8">
         <name>.text:I2CMStateReadOne</name>
         <load_address>0x2baa</load_address>
         <run_address>0x2baa</run_address>
         <size>0x20</size>
         <input_file_ref idref="fl-16"/>
      </object_component>
      <object_component id="oc-228">
         <name>.text:PWMPulseWidthSet</name>
         <load_address>0x2bca</load_address>
         <run_address>0x2bca</run_address>
         <size>0x1e</size>
         <input_file_ref idref="fl-10"/>
      </object_component>
      <object_component id="oc-4d">
         <name>.text:decompress:ZI:__TI_zero_init_nomemset:__TI_zero_init_nomemset</name>
         <load_address>0x2be8</load_address>
         <run_address>0x2be8</run_address>
         <size>0x1c</size>
         <input_file_ref idref="fl-d7"/>
      </object_component>
      <object_component id="oc-1aa">
         <name>.text:I2CMStateReadWait</name>
         <load_address>0x2c04</load_address>
         <run_address>0x2c04</run_address>
         <size>0x1a</size>
         <input_file_ref idref="fl-16"/>
      </object_component>
      <object_component id="oc-1fe">
         <name>.text:SysCtlPWMClockSet</name>
         <load_address>0x2c20</load_address>
         <run_address>0x2c20</run_address>
         <size>0x14</size>
         <input_file_ref idref="fl-12"/>
      </object_component>
      <object_component id="oc-ce">
         <name>.text:GPIOPinTypeI2C</name>
         <load_address>0x2c34</load_address>
         <run_address>0x2c34</run_address>
         <size>0x12</size>
         <input_file_ref idref="fl-d"/>
      </object_component>
      <object_component id="oc-c8">
         <name>.text:GPIOPinTypeI2CSCL</name>
         <load_address>0x2c46</load_address>
         <run_address>0x2c46</run_address>
         <size>0x12</size>
         <input_file_ref idref="fl-d"/>
      </object_component>
      <object_component id="oc-20a">
         <name>.text:GPIOPinTypePWM</name>
         <load_address>0x2c58</load_address>
         <run_address>0x2c58</run_address>
         <size>0x12</size>
         <input_file_ref idref="fl-d"/>
      </object_component>
      <object_component id="oc-22f">
         <name>.text:GPIOPinTypeQEI</name>
         <load_address>0x2c6a</load_address>
         <run_address>0x2c6a</run_address>
         <size>0x12</size>
         <input_file_ref idref="fl-d"/>
      </object_component>
      <object_component id="oc-e0">
         <name>.text:GPIOPinTypeUART</name>
         <load_address>0x2c7c</load_address>
         <run_address>0x2c7c</run_address>
         <size>0x12</size>
         <input_file_ref idref="fl-d"/>
      </object_component>
      <object_component id="oc-222">
         <name>.text:PWMOutputState</name>
         <load_address>0x2c8e</load_address>
         <run_address>0x2c8e</run_address>
         <size>0x12</size>
         <input_file_ref idref="fl-10"/>
      </object_component>
      <object_component id="oc-8c">
         <name>.text:TimerLoadSet</name>
         <load_address>0x2ca0</load_address>
         <run_address>0x2ca0</run_address>
         <size>0x12</size>
         <input_file_ref idref="fl-13"/>
      </object_component>
      <object_component id="oc-9e">
         <name>.text:IntMasterEnable</name>
         <load_address>0x2cb2</load_address>
         <run_address>0x2cb2</run_address>
         <size>0x10</size>
         <input_file_ref idref="fl-f"/>
      </object_component>
      <object_component id="oc-216">
         <name>.text:PWMGenPeriodSet</name>
         <load_address>0x2cc2</load_address>
         <run_address>0x2cc2</run_address>
         <size>0x10</size>
         <input_file_ref idref="fl-10"/>
      </object_component>
      <object_component id="oc-241">
         <name>.text:QEIConfigure</name>
         <load_address>0x2cd2</load_address>
         <run_address>0x2cd2</run_address>
         <size>0xe</size>
         <input_file_ref idref="fl-11"/>
      </object_component>
      <object_component id="oc-a4">
         <name>.text:TimerEnable</name>
         <load_address>0x2ce0</load_address>
         <run_address>0x2ce0</run_address>
         <size>0xe</size>
         <input_file_ref idref="fl-13"/>
      </object_component>
      <object_component id="oc-1b">
         <name>.text:decompress:none:__TI_decompress_none</name>
         <load_address>0x2cee</load_address>
         <run_address>0x2cee</run_address>
         <size>0xe</size>
         <input_file_ref idref="fl-d8"/>
      </object_component>
      <object_component id="oc-1f2">
         <name>.text:CPUcpsie</name>
         <load_address>0x2cfc</load_address>
         <run_address>0x2cfc</run_address>
         <size>0xc</size>
         <input_file_ref idref="fl-15"/>
      </object_component>
      <object_component id="oc-3ba">
         <name>.text:IntTrigger</name>
         <load_address>0x2d08</load_address>
         <run_address>0x2d08</run_address>
         <size>0xc</size>
         <input_file_ref idref="fl-f"/>
      </object_component>
      <object_component id="oc-21c">
         <name>.text:PWMGenEnable</name>
         <load_address>0x2d14</load_address>
         <run_address>0x2d14</run_address>
         <size>0xc</size>
         <input_file_ref idref="fl-10"/>
      </object_component>
      <object_component id="oc-259">
         <name>.text:QEIFilterConfigure</name>
         <load_address>0x2d20</load_address>
         <run_address>0x2d20</run_address>
         <size>0xc</size>
         <input_file_ref idref="fl-11"/>
      </object_component>
      <object_component id="oc-27">
         <name>.text</name>
         <load_address>0x2d2c</load_address>
         <run_address>0x2d2c</run_address>
         <size>0xc</size>
         <input_file_ref idref="fl-5"/>
      </object_component>
      <object_component id="oc-280">
         <name>.text:I2CMasterEnable</name>
         <load_address>0x2d38</load_address>
         <run_address>0x2d38</run_address>
         <size>0xa</size>
         <input_file_ref idref="fl-e"/>
      </object_component>
      <object_component id="oc-235">
         <name>.text:QEIDisable</name>
         <load_address>0x2d42</load_address>
         <run_address>0x2d42</run_address>
         <size>0xa</size>
         <input_file_ref idref="fl-11"/>
      </object_component>
      <object_component id="oc-247">
         <name>.text:QEIEnable</name>
         <load_address>0x2d4c</load_address>
         <run_address>0x2d4c</run_address>
         <size>0xa</size>
         <input_file_ref idref="fl-11"/>
      </object_component>
      <object_component id="oc-253">
         <name>.text:QEIFilterDisable</name>
         <load_address>0x2d56</load_address>
         <run_address>0x2d56</run_address>
         <size>0xa</size>
         <input_file_ref idref="fl-11"/>
      </object_component>
      <object_component id="oc-25f">
         <name>.text:QEIFilterEnable</name>
         <load_address>0x2d60</load_address>
         <run_address>0x2d60</run_address>
         <size>0xa</size>
         <input_file_ref idref="fl-11"/>
      </object_component>
      <object_component id="oc-23b">
         <name>.text:QEIIntDisable</name>
         <load_address>0x2d6a</load_address>
         <run_address>0x2d6a</run_address>
         <size>0xa</size>
         <input_file_ref idref="fl-11"/>
      </object_component>
      <object_component id="oc-198">
         <name>.text:I2CMasterIntClear</name>
         <load_address>0x2d74</load_address>
         <run_address>0x2d74</run_address>
         <size>0x8</size>
         <input_file_ref idref="fl-e"/>
      </object_component>
      <object_component id="oc-288">
         <name>.text:I2CMasterIntEnableEx</name>
         <load_address>0x2d7c</load_address>
         <run_address>0x2d7c</run_address>
         <size>0x8</size>
         <input_file_ref idref="fl-e"/>
      </object_component>
      <object_component id="oc-356">
         <name>.text:I2CMasterSlaveAddrSet</name>
         <load_address>0x2d84</load_address>
         <run_address>0x2d84</run_address>
         <size>0x8</size>
         <input_file_ref idref="fl-e"/>
      </object_component>
      <object_component id="oc-98">
         <name>.text:TimerIntEnable</name>
         <load_address>0x2d8c</load_address>
         <run_address>0x2d8c</run_address>
         <size>0x8</size>
         <input_file_ref idref="fl-13"/>
      </object_component>
      <object_component id="oc-2eb">
         <name>.text:__aeabi_errno_addr</name>
         <load_address>0x2d94</load_address>
         <run_address>0x2d94</run_address>
         <size>0x8</size>
         <input_file_ref idref="fl-da"/>
      </object_component>
      <object_component id="oc-e6">
         <name>.text:UARTClockSourceSet</name>
         <load_address>0x2d9c</load_address>
         <run_address>0x2d9c</run_address>
         <size>0x6</size>
         <input_file_ref idref="fl-14"/>
      </object_component>
      <object_component id="oc-19e">
         <name>.text:I2CMasterControl</name>
         <load_address>0x2da2</load_address>
         <run_address>0x2da2</run_address>
         <size>0x4</size>
         <input_file_ref idref="fl-e"/>
      </object_component>
      <object_component id="oc-34c">
         <name>.text:I2CMasterDataGet</name>
         <load_address>0x2da6</load_address>
         <run_address>0x2da6</run_address>
         <size>0x4</size>
         <input_file_ref idref="fl-e"/>
      </object_component>
      <object_component id="oc-35e">
         <name>.text:I2CMasterDataPut</name>
         <load_address>0x2daa</load_address>
         <run_address>0x2daa</run_address>
         <size>0x4</size>
         <input_file_ref idref="fl-e"/>
      </object_component>
      <object_component id="oc-265">
         <name>.text:QEIPositionGet</name>
         <load_address>0x2dae</load_address>
         <run_address>0x2dae</run_address>
         <size>0x4</size>
         <input_file_ref idref="fl-11"/>
      </object_component>
      <object_component id="oc-24d">
         <name>.text:QEIPositionSet</name>
         <load_address>0x2db2</load_address>
         <run_address>0x2db2</run_address>
         <size>0x4</size>
         <input_file_ref idref="fl-11"/>
      </object_component>
      <object_component id="oc-74">
         <name>.text:TimerIntClear</name>
         <load_address>0x2db6</load_address>
         <run_address>0x2db6</run_address>
         <size>0x4</size>
         <input_file_ref idref="fl-13"/>
      </object_component>
      <object_component id="oc-17f">
         <name>.text:_system_pre_init</name>
         <load_address>0x2dba</load_address>
         <run_address>0x2dba</run_address>
         <size>0x4</size>
         <input_file_ref idref="fl-e0"/>
      </object_component>
      <object_component id="oc-309">
         <name>.text:abort:abort</name>
         <load_address>0x2dbe</load_address>
         <run_address>0x2dbe</run_address>
         <size>0x4</size>
         <input_file_ref idref="fl-e2"/>
      </object_component>
      <object_component id="oc-3d8">
         <name>.const:$O1$$</name>
         <load_address>0x2dc8</load_address>
         <run_address>0x2dc8</run_address>
         <size>0x98</size>
         <input_file_ref idref="fl-cf"/>
      </object_component>
      <object_component id="oc-26d">
         <name>.const:g_pui32GPIOBaseAddrs</name>
         <load_address>0x2e60</load_address>
         <run_address>0x2e60</run_address>
         <size>0x90</size>
         <input_file_ref idref="fl-d"/>
      </object_component>
      <object_component id="oc-1ec">
         <name>.const</name>
         <load_address>0x2ef0</load_address>
         <run_address>0x2ef0</run_address>
         <size>0x70</size>
         <input_file_ref idref="fl-f"/>
      </object_component>
      <object_component id="oc-1fa">
         <name>.const:g_pui32Xtals</name>
         <load_address>0x2f60</load_address>
         <run_address>0x2f60</run_address>
         <size>0x6c</size>
         <input_file_ref idref="fl-12"/>
      </object_component>
      <object_component id="oc-2d0">
         <name>.const</name>
         <load_address>0x2fcc</load_address>
         <run_address>0x2fcc</run_address>
         <size>0x20</size>
         <input_file_ref idref="fl-17"/>
      </object_component>
      <object_component id="oc-3a9">
         <name>.const:.string</name>
         <load_address>0x2fec</load_address>
         <run_address>0x2fec</run_address>
         <size>0x12</size>
         <input_file_ref idref="fl-6"/>
      </object_component>
      <object_component id="oc-10d">
         <name>.const</name>
         <load_address>0x3000</load_address>
         <run_address>0x3000</run_address>
         <size>0x10</size>
         <input_file_ref idref="fl-3"/>
      </object_component>
      <object_component id="oc-298">
         <name>.const:g_ui32UARTBase</name>
         <load_address>0x3010</load_address>
         <run_address>0x3010</run_address>
         <size>0xc</size>
         <input_file_ref idref="fl-6"/>
      </object_component>
      <object_component id="oc-292">
         <name>.const:g_ui32UARTPeriph</name>
         <load_address>0x301c</load_address>
         <run_address>0x301c</run_address>
         <size>0xc</size>
         <input_file_ref idref="fl-6"/>
      </object_component>
      <object_component id="oc-2a0">
         <name>.const</name>
         <load_address>0x3028</load_address>
         <run_address>0x3028</run_address>
         <size>0x4</size>
         <input_file_ref idref="fl-6"/>
      </object_component>
      <object_component id="oc-47e">
         <name>.cinit..data.load</name>
         <load_address>0x3030</load_address>
         <run_address>0x3030</run_address>
         <size>0xc</size>
      </object_component>
      <object_component id="oc-47c">
         <name>__TI_handler_table</name>
         <load_address>0x303c</load_address>
         <run_address>0x303c</run_address>
         <size>0xc</size>
      </object_component>
      <object_component id="oc-47f">
         <name>.cinit..bss.load</name>
         <load_address>0x3048</load_address>
         <run_address>0x3048</run_address>
         <size>0x8</size>
      </object_component>
      <object_component id="oc-47d">
         <name>__TI_cinit_table</name>
         <load_address>0x3050</load_address>
         <run_address>0x3050</run_address>
         <size>0x10</size>
      </object_component>
      <object_component id="oc-104">
         <name>.data</name>
         <load_address>0x200003b8</load_address>
         <run_address>0x200003b8</run_address>
         <size>0xc</size>
         <input_file_ref idref="fl-3"/>
      </object_component>
      <object_component id="oc-295">
         <name>.data</name>
         <load_address>0x200003c4</load_address>
         <run_address>0x200003c4</run_address>
         <size>0x5</size>
         <input_file_ref idref="fl-6"/>
      </object_component>
      <object_component id="oc-3e3">
         <name>.data</name>
         <load_address>0x200003cc</load_address>
         <run_address>0x200003cc</run_address>
         <size>0x4</size>
         <input_file_ref idref="fl-da"/>
      </object_component>
      <object_component id="oc-13e">
         <name>.common:g_bMPU6050Done</name>
         <uninitialized>true</uninitialized>
         <run_address>0x200003b4</run_address>
         <size>0x1</size>
      </object_component>
      <object_component id="oc-fe">
         <name>.common:g_sI2CMSimpleInst</name>
         <uninitialized>true</uninitialized>
         <run_address>0x20000200</run_address>
         <size>0x124</size>
      </object_component>
      <object_component id="oc-103">
         <name>.common:ui32Load</name>
         <uninitialized>true</uninitialized>
         <run_address>0x200003a4</run_address>
         <size>0x4</size>
      </object_component>
      <object_component id="oc-102">
         <name>.common:ui32PWMClock</name>
         <uninitialized>true</uninitialized>
         <run_address>0x200003a8</run_address>
         <size>0x4</size>
      </object_component>
      <object_component id="oc-109">
         <name>.common:e_k</name>
         <uninitialized>true</uninitialized>
         <run_address>0x2000038c</run_address>
         <size>0x4</size>
      </object_component>
      <object_component id="oc-131">
         <name>.common:w_k</name>
         <uninitialized>true</uninitialized>
         <run_address>0x200003b0</run_address>
         <size>0x4</size>
      </object_component>
      <object_component id="oc-10a">
         <name>.common:e_d</name>
         <uninitialized>true</uninitialized>
         <run_address>0x20000388</run_address>
         <size>0x4</size>
      </object_component>
      <object_component id="oc-10b">
         <name>.common:E_k</name>
         <uninitialized>true</uninitialized>
         <run_address>0x20000374</run_address>
         <size>0x4</size>
      </object_component>
      <object_component id="oc-10c">
         <name>.common:u_k</name>
         <uninitialized>true</uninitialized>
         <run_address>0x200003a0</run_address>
         <size>0x4</size>
      </object_component>
      <object_component id="oc-108">
         <name>.common:e_k_1</name>
         <uninitialized>true</uninitialized>
         <run_address>0x20000390</run_address>
         <size>0x4</size>
      </object_component>
      <object_component id="oc-107">
         <name>.common:E_k_1</name>
         <uninitialized>true</uninitialized>
         <run_address>0x20000378</run_address>
         <size>0x4</size>
      </object_component>
      <object_component id="oc-14b">
         <name>.common:encoder1_pos</name>
         <uninitialized>true</uninitialized>
         <run_address>0x20000394</run_address>
         <size>0x4</size>
      </object_component>
      <object_component id="oc-132">
         <name>.common:encoder1go</name>
         <uninitialized>true</uninitialized>
         <run_address>0x20000398</run_address>
         <size>0x4</size>
      </object_component>
      <object_component id="oc-101">
         <name>.common:ui32Period</name>
         <uninitialized>true</uninitialized>
         <run_address>0x200003ac</run_address>
         <size>0x4</size>
      </object_component>
      <object_component id="oc-146">
         <name>.common:fAccel</name>
         <uninitialized>true</uninitialized>
         <run_address>0x2000035c</run_address>
         <size>0xc</size>
      </object_component>
      <object_component id="oc-147">
         <name>.common:fGyro</name>
         <uninitialized>true</uninitialized>
         <run_address>0x20000368</run_address>
         <size>0xc</size>
      </object_component>
      <object_component id="oc-145">
         <name>.common:sMPU6050</name>
         <uninitialized>true</uninitialized>
         <run_address>0x20000324</run_address>
         <size>0x38</size>
      </object_component>
      <object_component id="oc-148">
         <name>.common:axuraw</name>
         <uninitialized>true</uninitialized>
         <run_address>0x2000037c</run_address>
         <size>0x4</size>
      </object_component>
      <object_component id="oc-149">
         <name>.common:ayuraw</name>
         <uninitialized>true</uninitialized>
         <run_address>0x20000380</run_address>
         <size>0x4</size>
      </object_component>
      <object_component id="oc-14a">
         <name>.common:azuraw</name>
         <uninitialized>true</uninitialized>
         <run_address>0x20000384</run_address>
         <size>0x4</size>
      </object_component>
      <object_component id="oc-14c">
         <name>.common:outtoservo</name>
         <uninitialized>true</uninitialized>
         <run_address>0x2000039c</run_address>
         <size>0x4</size>
      </object_component>
      <object_component id="oc-24">
         <name>.stack</name>
         <uninitialized>true</uninitialized>
         <run_address>0x20000000</run_address>
         <size>0x4</size>
         <input_file_ref idref="fl-db"/>
      </object_component>
      <object_component id="oc-481">
         <name>.stack</name>
         <uninitialized>true</uninitialized>
         <run_address>0x20000000</run_address>
         <size>0x0</size>
      </object_component>
      <object_component id="oc-2f8">
         <name>.debug_info</name>
         <load_address>0x0</load_address>
         <run_address>0x0</run_address>
         <size>0x4f6</size>
         <input_file_ref idref="fl-2"/>
      </object_component>
      <object_component id="oc-ba">
         <name>.debug_info</name>
         <load_address>0x4f6</load_address>
         <run_address>0x4f6</run_address>
         <size>0x6e7</size>
         <input_file_ref idref="fl-2"/>
      </object_component>
      <object_component id="oc-15a">
         <name>.debug_info</name>
         <load_address>0xbdd</load_address>
         <run_address>0xbdd</run_address>
         <size>0x26b</size>
         <input_file_ref idref="fl-2"/>
      </object_component>
      <object_component id="oc-153">
         <name>.debug_info</name>
         <load_address>0xe48</load_address>
         <run_address>0xe48</run_address>
         <size>0x8b</size>
         <input_file_ref idref="fl-2"/>
      </object_component>
      <object_component id="oc-2f3">
         <name>.debug_info</name>
         <load_address>0xed3</load_address>
         <run_address>0xed3</run_address>
         <size>0x2a4</size>
         <input_file_ref idref="fl-2"/>
      </object_component>
      <object_component id="oc-14e">
         <name>.debug_info</name>
         <load_address>0x1177</load_address>
         <run_address>0x1177</run_address>
         <size>0xef</size>
         <input_file_ref idref="fl-2"/>
      </object_component>
      <object_component id="oc-15f">
         <name>.debug_info</name>
         <load_address>0x1266</load_address>
         <run_address>0x1266</run_address>
         <size>0xbb</size>
         <input_file_ref idref="fl-2"/>
      </object_component>
      <object_component id="oc-ff">
         <name>.debug_info</name>
         <load_address>0x1321</load_address>
         <run_address>0x1321</run_address>
         <size>0xe0b</size>
         <input_file_ref idref="fl-3"/>
      </object_component>
      <object_component id="oc-105">
         <name>.debug_info</name>
         <load_address>0x212c</load_address>
         <run_address>0x212c</run_address>
         <size>0x12c</size>
         <input_file_ref idref="fl-3"/>
      </object_component>
      <object_component id="oc-10e">
         <name>.debug_info</name>
         <load_address>0x2258</load_address>
         <run_address>0x2258</run_address>
         <size>0x10d</size>
         <input_file_ref idref="fl-3"/>
      </object_component>
      <object_component id="oc-2e">
         <name>.debug_info</name>
         <load_address>0x2365</load_address>
         <run_address>0x2365</run_address>
         <size>0xab9</size>
         <input_file_ref idref="fl-3"/>
      </object_component>
      <object_component id="oc-2c1">
         <name>.debug_info</name>
         <load_address>0x2e1e</load_address>
         <run_address>0x2e1e</run_address>
         <size>0x4e6</size>
         <input_file_ref idref="fl-3"/>
      </object_component>
      <object_component id="oc-2c6">
         <name>.debug_info</name>
         <load_address>0x3304</load_address>
         <run_address>0x3304</run_address>
         <size>0x158</size>
         <input_file_ref idref="fl-3"/>
      </object_component>
      <object_component id="oc-2a5">
         <name>.debug_info</name>
         <load_address>0x345c</load_address>
         <run_address>0x345c</run_address>
         <size>0x2c</size>
         <input_file_ref idref="fl-3"/>
      </object_component>
      <object_component id="oc-b3">
         <name>.debug_info</name>
         <load_address>0x3488</load_address>
         <run_address>0x3488</run_address>
         <size>0x98f</size>
         <input_file_ref idref="fl-4"/>
      </object_component>
      <object_component id="oc-35">
         <name>.debug_info</name>
         <load_address>0x3e17</load_address>
         <run_address>0x3e17</run_address>
         <size>0x30a</size>
         <input_file_ref idref="fl-5"/>
      </object_component>
      <object_component id="oc-13">
         <name>.debug_info</name>
         <load_address>0x4121</load_address>
         <run_address>0x4121</run_address>
         <size>0xef</size>
         <input_file_ref idref="fl-5"/>
      </object_component>
      <object_component id="oc-29">
         <name>.debug_info</name>
         <load_address>0x4210</load_address>
         <run_address>0x4210</run_address>
         <size>0x26b</size>
         <input_file_ref idref="fl-5"/>
      </object_component>
      <object_component id="oc-3c">
         <name>.debug_info</name>
         <load_address>0x447b</load_address>
         <run_address>0x447b</run_address>
         <size>0x84</size>
         <input_file_ref idref="fl-5"/>
      </object_component>
      <object_component id="oc-2a4">
         <name>.debug_info</name>
         <load_address>0x44ff</load_address>
         <run_address>0x44ff</run_address>
         <size>0x29a</size>
         <input_file_ref idref="fl-6"/>
      </object_component>
      <object_component id="oc-296">
         <name>.debug_info</name>
         <load_address>0x4799</load_address>
         <run_address>0x4799</run_address>
         <size>0xdb</size>
         <input_file_ref idref="fl-6"/>
      </object_component>
      <object_component id="oc-2a1">
         <name>.debug_info</name>
         <load_address>0x4874</load_address>
         <run_address>0x4874</run_address>
         <size>0xd5</size>
         <input_file_ref idref="fl-6"/>
      </object_component>
      <object_component id="oc-299">
         <name>.debug_info</name>
         <load_address>0x4949</load_address>
         <run_address>0x4949</run_address>
         <size>0xe3</size>
         <input_file_ref idref="fl-6"/>
      </object_component>
      <object_component id="oc-293">
         <name>.debug_info</name>
         <load_address>0x4a2c</load_address>
         <run_address>0x4a2c</run_address>
         <size>0xe7</size>
         <input_file_ref idref="fl-6"/>
      </object_component>
      <object_component id="oc-ed">
         <name>.debug_info</name>
         <load_address>0x4b13</load_address>
         <run_address>0x4b13</run_address>
         <size>0x703</size>
         <input_file_ref idref="fl-6"/>
      </object_component>
      <object_component id="oc-271">
         <name>.debug_info</name>
         <load_address>0x5216</load_address>
         <run_address>0x5216</run_address>
         <size>0x240</size>
         <input_file_ref idref="fl-d"/>
      </object_component>
      <object_component id="oc-26e">
         <name>.debug_info</name>
         <load_address>0x5456</load_address>
         <run_address>0x5456</run_address>
         <size>0x15b</size>
         <input_file_ref idref="fl-d"/>
      </object_component>
      <object_component id="oc-275">
         <name>.debug_info</name>
         <load_address>0x55b1</load_address>
         <run_address>0x55b1</run_address>
         <size>0x2b3</size>
         <input_file_ref idref="fl-d"/>
      </object_component>
      <object_component id="oc-27b">
         <name>.debug_info</name>
         <load_address>0x5864</load_address>
         <run_address>0x5864</run_address>
         <size>0x316</size>
         <input_file_ref idref="fl-d"/>
      </object_component>
      <object_component id="oc-e3">
         <name>.debug_info</name>
         <load_address>0x5b7a</load_address>
         <run_address>0x5b7a</run_address>
         <size>0x27b</size>
         <input_file_ref idref="fl-d"/>
      </object_component>
      <object_component id="oc-232">
         <name>.debug_info</name>
         <load_address>0x5df5</load_address>
         <run_address>0x5df5</run_address>
         <size>0x279</size>
         <input_file_ref idref="fl-d"/>
      </object_component>
      <object_component id="oc-20d">
         <name>.debug_info</name>
         <load_address>0x606e</load_address>
         <run_address>0x606e</run_address>
         <size>0x279</size>
         <input_file_ref idref="fl-d"/>
      </object_component>
      <object_component id="oc-cb">
         <name>.debug_info</name>
         <load_address>0x62e7</load_address>
         <run_address>0x62e7</run_address>
         <size>0x27f</size>
         <input_file_ref idref="fl-d"/>
      </object_component>
      <object_component id="oc-d1">
         <name>.debug_info</name>
         <load_address>0x6566</load_address>
         <run_address>0x6566</run_address>
         <size>0x279</size>
         <input_file_ref idref="fl-d"/>
      </object_component>
      <object_component id="oc-c5">
         <name>.debug_info</name>
         <load_address>0x67df</load_address>
         <run_address>0x67df</run_address>
         <size>0x280</size>
         <input_file_ref idref="fl-d"/>
      </object_component>
      <object_component id="oc-192">
         <name>.debug_info</name>
         <load_address>0x6a5f</load_address>
         <run_address>0x6a5f</run_address>
         <size>0x18b</size>
         <input_file_ref idref="fl-d"/>
      </object_component>
      <object_component id="oc-287">
         <name>.debug_info</name>
         <load_address>0x6bea</load_address>
         <run_address>0x6bea</run_address>
         <size>0x231</size>
         <input_file_ref idref="fl-e"/>
      </object_component>
      <object_component id="oc-357">
         <name>.debug_info</name>
         <load_address>0x6e1b</load_address>
         <run_address>0x6e1b</run_address>
         <size>0x2ce</size>
         <input_file_ref idref="fl-e"/>
      </object_component>
      <object_component id="oc-289">
         <name>.debug_info</name>
         <load_address>0x70e9</load_address>
         <run_address>0x70e9</run_address>
         <size>0x29a</size>
         <input_file_ref idref="fl-e"/>
      </object_component>
      <object_component id="oc-199">
         <name>.debug_info</name>
         <load_address>0x7383</load_address>
         <run_address>0x7383</run_address>
         <size>0x252</size>
         <input_file_ref idref="fl-e"/>
      </object_component>
      <object_component id="oc-281">
         <name>.debug_info</name>
         <load_address>0x75d5</load_address>
         <run_address>0x75d5</run_address>
         <size>0x24e</size>
         <input_file_ref idref="fl-e"/>
      </object_component>
      <object_component id="oc-d5">
         <name>.debug_info</name>
         <load_address>0x7823</load_address>
         <run_address>0x7823</run_address>
         <size>0x2d5</size>
         <input_file_ref idref="fl-e"/>
      </object_component>
      <object_component id="oc-35f">
         <name>.debug_info</name>
         <load_address>0x7af8</load_address>
         <run_address>0x7af8</run_address>
         <size>0x27e</size>
         <input_file_ref idref="fl-e"/>
      </object_component>
      <object_component id="oc-34d">
         <name>.debug_info</name>
         <load_address>0x7d76</load_address>
         <run_address>0x7d76</run_address>
         <size>0x254</size>
         <input_file_ref idref="fl-e"/>
      </object_component>
      <object_component id="oc-19f">
         <name>.debug_info</name>
         <load_address>0x7fca</load_address>
         <run_address>0x7fca</run_address>
         <size>0x27e</size>
         <input_file_ref idref="fl-e"/>
      </object_component>
      <object_component id="oc-1f0">
         <name>.debug_info</name>
         <load_address>0x8248</load_address>
         <run_address>0x8248</run_address>
         <size>0x20e</size>
         <input_file_ref idref="fl-f"/>
      </object_component>
      <object_component id="oc-1ed">
         <name>.debug_info</name>
         <load_address>0x8456</load_address>
         <run_address>0x8456</run_address>
         <size>0x210</size>
         <input_file_ref idref="fl-f"/>
      </object_component>
      <object_component id="oc-3bb">
         <name>.debug_info</name>
         <load_address>0x8666</load_address>
         <run_address>0x8666</run_address>
         <size>0x26a</size>
         <input_file_ref idref="fl-f"/>
      </object_component>
      <object_component id="oc-9f">
         <name>.debug_info</name>
         <load_address>0x88d0</load_address>
         <run_address>0x88d0</run_address>
         <size>0x23e</size>
         <input_file_ref idref="fl-f"/>
      </object_component>
      <object_component id="oc-3b1">
         <name>.debug_info</name>
         <load_address>0x8b0e</load_address>
         <run_address>0x8b0e</run_address>
         <size>0x2a1</size>
         <input_file_ref idref="fl-f"/>
      </object_component>
      <object_component id="oc-94">
         <name>.debug_info</name>
         <load_address>0x8daf</load_address>
         <run_address>0x8daf</run_address>
         <size>0x268</size>
         <input_file_ref idref="fl-f"/>
      </object_component>
      <object_component id="oc-3b6">
         <name>.debug_info</name>
         <load_address>0x9017</load_address>
         <run_address>0x9017</run_address>
         <size>0x26a</size>
         <input_file_ref idref="fl-f"/>
      </object_component>
      <object_component id="oc-381">
         <name>.debug_info</name>
         <load_address>0x9281</load_address>
         <run_address>0x9281</run_address>
         <size>0x1ed</size>
         <input_file_ref idref="fl-10"/>
      </object_component>
      <object_component id="oc-229">
         <name>.debug_info</name>
         <load_address>0x946e</load_address>
         <run_address>0x946e</run_address>
         <size>0x2f6</size>
         <input_file_ref idref="fl-10"/>
      </object_component>
      <object_component id="oc-223">
         <name>.debug_info</name>
         <load_address>0x9764</load_address>
         <run_address>0x9764</run_address>
         <size>0x2c4</size>
         <input_file_ref idref="fl-10"/>
      </object_component>
      <object_component id="oc-217">
         <name>.debug_info</name>
         <load_address>0x9a28</load_address>
         <run_address>0x9a28</run_address>
         <size>0x2b6</size>
         <input_file_ref idref="fl-10"/>
      </object_component>
      <object_component id="oc-21d">
         <name>.debug_info</name>
         <load_address>0x9cde</load_address>
         <run_address>0x9cde</run_address>
         <size>0x276</size>
         <input_file_ref idref="fl-10"/>
      </object_component>
      <object_component id="oc-211">
         <name>.debug_info</name>
         <load_address>0x9f54</load_address>
         <run_address>0x9f54</run_address>
         <size>0x2b3</size>
         <input_file_ref idref="fl-10"/>
      </object_component>
      <object_component id="oc-388">
         <name>.debug_info</name>
         <load_address>0xa207</load_address>
         <run_address>0xa207</run_address>
         <size>0x1e8</size>
         <input_file_ref idref="fl-11"/>
      </object_component>
      <object_component id="oc-24e">
         <name>.debug_info</name>
         <load_address>0xa3ef</load_address>
         <run_address>0xa3ef</run_address>
         <size>0x28b</size>
         <input_file_ref idref="fl-11"/>
      </object_component>
      <object_component id="oc-266">
         <name>.debug_info</name>
         <load_address>0xa67a</load_address>
         <run_address>0xa67a</run_address>
         <size>0x24d</size>
         <input_file_ref idref="fl-11"/>
      </object_component>
      <object_component id="oc-23c">
         <name>.debug_info</name>
         <load_address>0xa8c7</load_address>
         <run_address>0xa8c7</run_address>
         <size>0x28c</size>
         <input_file_ref idref="fl-11"/>
      </object_component>
      <object_component id="oc-260">
         <name>.debug_info</name>
         <load_address>0xab53</load_address>
         <run_address>0xab53</run_address>
         <size>0x24e</size>
         <input_file_ref idref="fl-11"/>
      </object_component>
      <object_component id="oc-254">
         <name>.debug_info</name>
         <load_address>0xada1</load_address>
         <run_address>0xada1</run_address>
         <size>0x250</size>
         <input_file_ref idref="fl-11"/>
      </object_component>
      <object_component id="oc-25a">
         <name>.debug_info</name>
         <load_address>0xaff1</load_address>
         <run_address>0xaff1</run_address>
         <size>0x292</size>
         <input_file_ref idref="fl-11"/>
      </object_component>
      <object_component id="oc-248">
         <name>.debug_info</name>
         <load_address>0xb283</load_address>
         <run_address>0xb283</run_address>
         <size>0x23f</size>
         <input_file_ref idref="fl-11"/>
      </object_component>
      <object_component id="oc-236">
         <name>.debug_info</name>
         <load_address>0xb4c2</load_address>
         <run_address>0xb4c2</run_address>
         <size>0x241</size>
         <input_file_ref idref="fl-11"/>
      </object_component>
      <object_component id="oc-242">
         <name>.debug_info</name>
         <load_address>0xb703</load_address>
         <run_address>0xb703</run_address>
         <size>0x2cd</size>
         <input_file_ref idref="fl-11"/>
      </object_component>
      <object_component id="oc-1e9">
         <name>.debug_info</name>
         <load_address>0xb9d0</load_address>
         <run_address>0xb9d0</run_address>
         <size>0x298</size>
         <input_file_ref idref="fl-12"/>
      </object_component>
      <object_component id="oc-1fb">
         <name>.debug_info</name>
         <load_address>0xbc68</load_address>
         <run_address>0xbc68</run_address>
         <size>0x14d</size>
         <input_file_ref idref="fl-12"/>
      </object_component>
      <object_component id="oc-bd">
         <name>.debug_info</name>
         <load_address>0xbdb5</load_address>
         <run_address>0xbdb5</run_address>
         <size>0x295</size>
         <input_file_ref idref="fl-12"/>
      </object_component>
      <object_component id="oc-205">
         <name>.debug_info</name>
         <load_address>0xc04a</load_address>
         <run_address>0xc04a</run_address>
         <size>0x27f</size>
         <input_file_ref idref="fl-12"/>
      </object_component>
      <object_component id="oc-81">
         <name>.debug_info</name>
         <load_address>0xc2c9</load_address>
         <run_address>0xc2c9</run_address>
         <size>0x27d</size>
         <input_file_ref idref="fl-12"/>
      </object_component>
      <object_component id="oc-200">
         <name>.debug_info</name>
         <load_address>0xc546</load_address>
         <run_address>0xc546</run_address>
         <size>0x263</size>
         <input_file_ref idref="fl-12"/>
      </object_component>
      <object_component id="oc-ac">
         <name>.debug_info</name>
         <load_address>0xc7a9</load_address>
         <run_address>0xc7a9</run_address>
         <size>0x2b5</size>
         <input_file_ref idref="fl-12"/>
      </object_component>
      <object_component id="oc-371">
         <name>.debug_info</name>
         <load_address>0xca5e</load_address>
         <run_address>0xca5e</run_address>
         <size>0x5f</size>
         <input_file_ref idref="fl-12"/>
      </object_component>
      <object_component id="oc-197">
         <name>.debug_info</name>
         <load_address>0xcabd</load_address>
         <run_address>0xcabd</run_address>
         <size>0x223</size>
         <input_file_ref idref="fl-13"/>
      </object_component>
      <object_component id="oc-8d">
         <name>.debug_info</name>
         <load_address>0xcce0</load_address>
         <run_address>0xcce0</run_address>
         <size>0x2ba</size>
         <input_file_ref idref="fl-13"/>
      </object_component>
      <object_component id="oc-9a">
         <name>.debug_info</name>
         <load_address>0xcf9a</load_address>
         <run_address>0xcf9a</run_address>
         <size>0x294</size>
         <input_file_ref idref="fl-13"/>
      </object_component>
      <object_component id="oc-75">
         <name>.debug_info</name>
         <load_address>0xd22e</load_address>
         <run_address>0xd22e</run_address>
         <size>0x292</size>
         <input_file_ref idref="fl-13"/>
      </object_component>
      <object_component id="oc-a5">
         <name>.debug_info</name>
         <load_address>0xd4c0</load_address>
         <run_address>0xd4c0</run_address>
         <size>0x27f</size>
         <input_file_ref idref="fl-13"/>
      </object_component>
      <object_component id="oc-87">
         <name>.debug_info</name>
         <load_address>0xd73f</load_address>
         <run_address>0xd73f</run_address>
         <size>0x28c</size>
         <input_file_ref idref="fl-13"/>
      </object_component>
      <object_component id="oc-291">
         <name>.debug_info</name>
         <load_address>0xd9cb</load_address>
         <run_address>0xd9cb</run_address>
         <size>0x227</size>
         <input_file_ref idref="fl-14"/>
      </object_component>
      <object_component id="oc-e7">
         <name>.debug_info</name>
         <load_address>0xdbf2</load_address>
         <run_address>0xdbf2</run_address>
         <size>0x291</size>
         <input_file_ref idref="fl-14"/>
      </object_component>
      <object_component id="oc-1f3">
         <name>.debug_info</name>
         <load_address>0xde83</load_address>
         <run_address>0xde83</run_address>
         <size>0x212</size>
         <input_file_ref idref="fl-15"/>
      </object_component>
      <object_component id="oc-1e7">
         <name>.debug_info</name>
         <load_address>0xe095</load_address>
         <run_address>0xe095</run_address>
         <size>0x44b</size>
         <input_file_ref idref="fl-16"/>
      </object_component>
      <object_component id="oc-2ab">
         <name>.debug_info</name>
         <load_address>0xe4e0</load_address>
         <run_address>0xe4e0</run_address>
         <size>0x484</size>
         <input_file_ref idref="fl-16"/>
      </object_component>
      <object_component id="oc-3ca">
         <name>.debug_info</name>
         <load_address>0xe964</load_address>
         <run_address>0xe964</run_address>
         <size>0x2f2</size>
         <input_file_ref idref="fl-16"/>
      </object_component>
      <object_component id="oc-2b9">
         <name>.debug_info</name>
         <load_address>0xec56</load_address>
         <run_address>0xec56</run_address>
         <size>0x3a4</size>
         <input_file_ref idref="fl-16"/>
      </object_component>
      <object_component id="oc-1a5">
         <name>.debug_info</name>
         <load_address>0xeffa</load_address>
         <run_address>0xeffa</run_address>
         <size>0x32c</size>
         <input_file_ref idref="fl-16"/>
      </object_component>
      <object_component id="oc-1ab">
         <name>.debug_info</name>
         <load_address>0xf326</load_address>
         <run_address>0xf326</run_address>
         <size>0x2a1</size>
         <input_file_ref idref="fl-16"/>
      </object_component>
      <object_component id="oc-1b2">
         <name>.debug_info</name>
         <load_address>0xf5c7</load_address>
         <run_address>0xf5c7</run_address>
         <size>0x2ba</size>
         <input_file_ref idref="fl-16"/>
      </object_component>
      <object_component id="oc-1b8">
         <name>.debug_info</name>
         <load_address>0xf881</load_address>
         <run_address>0xf881</run_address>
         <size>0x2c7</size>
         <input_file_ref idref="fl-16"/>
      </object_component>
      <object_component id="oc-1be">
         <name>.debug_info</name>
         <load_address>0xfb48</load_address>
         <run_address>0xfb48</run_address>
         <size>0x2c5</size>
         <input_file_ref idref="fl-16"/>
      </object_component>
      <object_component id="oc-1c4">
         <name>.debug_info</name>
         <load_address>0xfe0d</load_address>
         <run_address>0xfe0d</run_address>
         <size>0x2bf</size>
         <input_file_ref idref="fl-16"/>
      </object_component>
      <object_component id="oc-1ca">
         <name>.debug_info</name>
         <load_address>0x100cc</load_address>
         <run_address>0x100cc</run_address>
         <size>0x2bb</size>
         <input_file_ref idref="fl-16"/>
      </object_component>
      <object_component id="oc-1cf">
         <name>.debug_info</name>
         <load_address>0x10387</load_address>
         <run_address>0x10387</run_address>
         <size>0x2ea</size>
         <input_file_ref idref="fl-16"/>
      </object_component>
      <object_component id="oc-1d6">
         <name>.debug_info</name>
         <load_address>0x10671</load_address>
         <run_address>0x10671</run_address>
         <size>0x2e0</size>
         <input_file_ref idref="fl-16"/>
      </object_component>
      <object_component id="oc-1db">
         <name>.debug_info</name>
         <load_address>0x10951</load_address>
         <run_address>0x10951</run_address>
         <size>0x2c7</size>
         <input_file_ref idref="fl-16"/>
      </object_component>
      <object_component id="oc-1e1">
         <name>.debug_info</name>
         <load_address>0x10c18</load_address>
         <run_address>0x10c18</run_address>
         <size>0x32d</size>
         <input_file_ref idref="fl-16"/>
      </object_component>
      <object_component id="oc-7c">
         <name>.debug_info</name>
         <load_address>0x10f45</load_address>
         <run_address>0x10f45</run_address>
         <size>0x3f3</size>
         <input_file_ref idref="fl-16"/>
      </object_component>
      <object_component id="oc-dc">
         <name>.debug_info</name>
         <load_address>0x11338</load_address>
         <run_address>0x11338</run_address>
         <size>0x350</size>
         <input_file_ref idref="fl-16"/>
      </object_component>
      <object_component id="oc-36a">
         <name>.debug_info</name>
         <load_address>0x11688</load_address>
         <run_address>0x11688</run_address>
         <size>0x4e6</size>
         <input_file_ref idref="fl-16"/>
      </object_component>
      <object_component id="oc-2b7">
         <name>.debug_info</name>
         <load_address>0x11b6e</load_address>
         <run_address>0x11b6e</run_address>
         <size>0x374</size>
         <input_file_ref idref="fl-17"/>
      </object_component>
      <object_component id="oc-2d1">
         <name>.debug_info</name>
         <load_address>0x11ee2</load_address>
         <run_address>0x11ee2</run_address>
         <size>0x19c</size>
         <input_file_ref idref="fl-17"/>
      </object_component>
      <object_component id="oc-f9">
         <name>.debug_info</name>
         <load_address>0x1207e</load_address>
         <run_address>0x1207e</run_address>
         <size>0x34f</size>
         <input_file_ref idref="fl-17"/>
      </object_component>
      <object_component id="oc-f3">
         <name>.debug_info</name>
         <load_address>0x123cd</load_address>
         <run_address>0x123cd</run_address>
         <size>0x334</size>
         <input_file_ref idref="fl-17"/>
      </object_component>
      <object_component id="oc-111">
         <name>.debug_info</name>
         <load_address>0x12701</load_address>
         <run_address>0x12701</run_address>
         <size>0x2f0</size>
         <input_file_ref idref="fl-17"/>
      </object_component>
      <object_component id="oc-11e">
         <name>.debug_info</name>
         <load_address>0x129f1</load_address>
         <run_address>0x129f1</run_address>
         <size>0x304</size>
         <input_file_ref idref="fl-17"/>
      </object_component>
      <object_component id="oc-117">
         <name>.debug_info</name>
         <load_address>0x12cf5</load_address>
         <run_address>0x12cf5</run_address>
         <size>0x312</size>
         <input_file_ref idref="fl-17"/>
      </object_component>
      <object_component id="oc-2b1">
         <name>.debug_info</name>
         <load_address>0x13007</load_address>
         <run_address>0x13007</run_address>
         <size>0x2c0</size>
         <input_file_ref idref="fl-17"/>
      </object_component>
      <object_component id="oc-3c4">
         <name>.debug_info</name>
         <load_address>0x132c7</load_address>
         <run_address>0x132c7</run_address>
         <size>0x158</size>
         <input_file_ref idref="fl-17"/>
      </object_component>
      <object_component id="oc-2e4">
         <name>.debug_info</name>
         <load_address>0x1341f</load_address>
         <run_address>0x1341f</run_address>
         <size>0x2ae</size>
         <input_file_ref idref="fl-cd"/>
      </object_component>
      <object_component id="oc-134">
         <name>.debug_info</name>
         <load_address>0x136cd</load_address>
         <run_address>0x136cd</run_address>
         <size>0x247</size>
         <input_file_ref idref="fl-cd"/>
      </object_component>
      <object_component id="oc-3de">
         <name>.debug_info</name>
         <load_address>0x13914</load_address>
         <run_address>0x13914</run_address>
         <size>0x46</size>
         <input_file_ref idref="fl-cd"/>
      </object_component>
      <object_component id="oc-2e5">
         <name>.debug_info</name>
         <load_address>0x1395a</load_address>
         <run_address>0x1395a</run_address>
         <size>0x39</size>
         <input_file_ref idref="fl-cd"/>
      </object_component>
      <object_component id="oc-2f2">
         <name>.debug_info</name>
         <load_address>0x13993</load_address>
         <run_address>0x13993</run_address>
         <size>0x2ca</size>
         <input_file_ref idref="fl-ce"/>
      </object_component>
      <object_component id="oc-141">
         <name>.debug_info</name>
         <load_address>0x13c5d</load_address>
         <run_address>0x13c5d</run_address>
         <size>0x24e</size>
         <input_file_ref idref="fl-ce"/>
      </object_component>
      <object_component id="oc-41b">
         <name>.debug_info</name>
         <load_address>0x13eab</load_address>
         <run_address>0x13eab</run_address>
         <size>0x2f7</size>
         <input_file_ref idref="fl-cf"/>
      </object_component>
      <object_component id="oc-3d9">
         <name>.debug_info</name>
         <load_address>0x141a2</load_address>
         <run_address>0x141a2</run_address>
         <size>0x131</size>
         <input_file_ref idref="fl-cf"/>
      </object_component>
      <object_component id="oc-2df">
         <name>.debug_info</name>
         <load_address>0x142d3</load_address>
         <run_address>0x142d3</run_address>
         <size>0x4ac</size>
         <input_file_ref idref="fl-cf"/>
      </object_component>
      <object_component id="oc-29c">
         <name>.debug_info</name>
         <load_address>0x1477f</load_address>
         <run_address>0x1477f</run_address>
         <size>0x142</size>
         <input_file_ref idref="fl-d0"/>
      </object_component>
      <object_component id="oc-2d9">
         <name>.debug_info</name>
         <load_address>0x148c1</load_address>
         <run_address>0x148c1</run_address>
         <size>0x14c</size>
         <input_file_ref idref="fl-d1"/>
      </object_component>
      <object_component id="oc-3d4">
         <name>.debug_info</name>
         <load_address>0x14a0d</load_address>
         <run_address>0x14a0d</run_address>
         <size>0x12a</size>
         <input_file_ref idref="fl-d2"/>
      </object_component>
      <object_component id="oc-13b">
         <name>.debug_info</name>
         <load_address>0x14b37</load_address>
         <run_address>0x14b37</run_address>
         <size>0x13a</size>
         <input_file_ref idref="fl-d3"/>
      </object_component>
      <object_component id="oc-128">
         <name>.debug_info</name>
         <load_address>0x14c71</load_address>
         <run_address>0x14c71</run_address>
         <size>0x13a</size>
         <input_file_ref idref="fl-d4"/>
      </object_component>
      <object_component id="oc-12f">
         <name>.debug_info</name>
         <load_address>0x14dab</load_address>
         <run_address>0x14dab</run_address>
         <size>0x13e</size>
         <input_file_ref idref="fl-d5"/>
      </object_component>
      <object_component id="oc-124">
         <name>.debug_info</name>
         <load_address>0x14ee9</load_address>
         <run_address>0x14ee9</run_address>
         <size>0x12c</size>
         <input_file_ref idref="fl-d6"/>
      </object_component>
      <object_component id="oc-178">
         <name>.debug_info</name>
         <load_address>0x15015</load_address>
         <run_address>0x15015</run_address>
         <size>0x2d4</size>
         <input_file_ref idref="fl-d7"/>
      </object_component>
      <object_component id="oc-51">
         <name>.debug_info</name>
         <load_address>0x152e9</load_address>
         <run_address>0x152e9</run_address>
         <size>0x1d2</size>
         <input_file_ref idref="fl-d7"/>
      </object_component>
      <object_component id="oc-173">
         <name>.debug_info</name>
         <load_address>0x154bb</load_address>
         <run_address>0x154bb</run_address>
         <size>0x46</size>
         <input_file_ref idref="fl-d7"/>
      </object_component>
      <object_component id="oc-300">
         <name>.debug_info</name>
         <load_address>0x15501</load_address>
         <run_address>0x15501</run_address>
         <size>0x2c</size>
         <input_file_ref idref="fl-d7"/>
      </object_component>
      <object_component id="oc-4c">
         <name>.debug_info</name>
         <load_address>0x1552d</load_address>
         <run_address>0x1552d</run_address>
         <size>0x2a8</size>
         <input_file_ref idref="fl-d8"/>
      </object_component>
      <object_component id="oc-1c">
         <name>.debug_info</name>
         <load_address>0x157d5</load_address>
         <run_address>0x157d5</run_address>
         <size>0x1ea</size>
         <input_file_ref idref="fl-d8"/>
      </object_component>
      <object_component id="oc-47">
         <name>.debug_info</name>
         <load_address>0x159bf</load_address>
         <run_address>0x159bf</run_address>
         <size>0x46</size>
         <input_file_ref idref="fl-d8"/>
      </object_component>
      <object_component id="oc-16b">
         <name>.debug_info</name>
         <load_address>0x15a05</load_address>
         <run_address>0x15a05</run_address>
         <size>0x2c</size>
         <input_file_ref idref="fl-d8"/>
      </object_component>
      <object_component id="oc-169">
         <name>.debug_info</name>
         <load_address>0x15a31</load_address>
         <run_address>0x15a31</run_address>
         <size>0x29e</size>
         <input_file_ref idref="fl-d9"/>
      </object_component>
      <object_component id="oc-19">
         <name>.debug_info</name>
         <load_address>0x15ccf</load_address>
         <run_address>0x15ccf</run_address>
         <size>0x250</size>
         <input_file_ref idref="fl-d9"/>
      </object_component>
      <object_component id="oc-37">
         <name>.debug_info</name>
         <load_address>0x15f1f</load_address>
         <run_address>0x15f1f</run_address>
         <size>0x60</size>
         <input_file_ref idref="fl-d9"/>
      </object_component>
      <object_component id="oc-2f9">
         <name>.debug_info</name>
         <load_address>0x15f7f</load_address>
         <run_address>0x15f7f</run_address>
         <size>0x46</size>
         <input_file_ref idref="fl-d9"/>
      </object_component>
      <object_component id="oc-164">
         <name>.debug_info</name>
         <load_address>0x15fc5</load_address>
         <run_address>0x15fc5</run_address>
         <size>0x39</size>
         <input_file_ref idref="fl-d9"/>
      </object_component>
      <object_component id="oc-3e7">
         <name>.debug_info</name>
[...]
      </symbol>
      <symbol id="sm-107">
         <name>ui32Period</name>
         <value>0x200003ac</value>
      </symbol>
      <symbol id="sm-108">
         <name>fAccel</name>
         <value>0x2000035c</value>
      </symbol>
      <symbol id="sm-109">
         <name>fGyro</name>
         <value>0x20000368</value>
      </symbol>
      <symbol id="sm-10a">
         <name>sMPU6050</name>
         <value>0x20000324</value>
      </symbol>
      <symbol id="sm-10b">
         <name>axuraw</name>
         <value>0x2000037c</value>
      </symbol>
      <symbol id="sm-10c">
         <name>ayuraw</name>
         <value>0x20000380</value>
      </symbol>
      <symbol id="sm-10d">
         <name>azuraw</name>
         <value>0x20000384</value>
      </symbol>
      <symbol id="sm-10e">
         <name>outtoservo</name>
         <value>0x2000039c</value>
      </symbol>
      <symbol id="sm-10f">
         <name>deltat</name>
         <value>0x3000</value>
         <object_component_ref idref="oc-10d"/>
      </symbol>
      <symbol id="sm-110">
         <name>PIDflag</name>
         <value>0x200003ba</value>
         <object_component_ref idref="oc-104"/>
      </symbol>
      <symbol id="sm-111">
         <name>PIDblock</name>
         <value>0x3c3</value>
         <object_component_ref idref="oc-2d"/>
      </symbol>
      <symbol id="sm-112">
         <name>y</name>
         <value>0x200003c0</value>
         <object_component_ref idref="oc-104"/>
      </symbol>
      <symbol id="sm-113">
         <name>x</name>
         <value>0x200003bc</value>
         <object_component_ref idref="oc-104"/>
      </symbol>
      <symbol id="sm-114">
         <name>Ek_1f</name>
         <value>0x200003b8</value>
         <object_component_ref idref="oc-104"/>
      </symbol>
      <symbol id="sm-115">
         <name>MPU6050Callback</name>
         <value>0x3b1</value>
         <object_component_ref idref="oc-2d"/>
      </symbol>
      <symbol id="sm-116">
         <name>ek_1f</name>
         <value>0x200003b9</value>
         <object_component_ref idref="oc-104"/>
      </symbol>
      <symbol id="sm-117">
         <name>Kp</name>
         <value>0x3004</value>
         <object_component_ref idref="oc-10d"/>
      </symbol>
      <symbol id="sm-118">
         <name>Kd</name>
         <value>0x300c</value>
         <object_component_ref idref="oc-10d"/>
      </symbol>
      <symbol id="sm-119">
         <name>KI</name>
         <value>0x3008</value>
         <object_component_ref idref="oc-10d"/>
      </symbol>
      <symbol id="sm-11a">
         <name>Timer0IntHandlerA</name>
         <value>0x26d</value>
         <object_component_ref idref="oc-2d"/>
      </symbol>
      <symbol id="sm-11b">
         <name>main</name>
         <value>0x5bd</value>
         <object_component_ref idref="oc-2d"/>
      </symbol>
      <symbol id="sm-11c">
         <name>InitI2C0</name>
         <value>0x319</value>
         <object_component_ref idref="oc-2d"/>
      </symbol>
      <symbol id="sm-11d">
         <name>ConfigureUART</name>
         <value>0x375</value>
         <object_component_ref idref="oc-2d"/>
      </symbol>
      <symbol id="sm-11e">
         <name>MPU6050init</name>
         <value>0x491</value>
         <object_component_ref idref="oc-2d"/>
      </symbol>
      <symbol id="sm-11f">
         <name>PWMinit</name>
         <value>0x2c9</value>
         <object_component_ref idref="oc-2d"/>
      </symbol>
      <symbol id="sm-120">
         <name>TIMER0en</name>
         <value>0x301</value>
         <object_component_ref idref="oc-2d"/>
      </symbol>
      <symbol id="sm-121">
         <name>I2CMSimpleIntHandler</name>
         <value>0x27d</value>
         <object_component_ref idref="oc-2d"/>
      </symbol>
      <symbol id="sm-122">
         <name>TIMER0init</name>
         <value>0x287</value>
         <object_component_ref idref="oc-2d"/>
      </symbol>
      <symbol id="sm-146">
         <name>motor1_configure</name>
         <value>0x1065</value>
         <object_component_ref idref="oc-b0"/>
      </symbol>
      <symbol id="sm-147">
         <name>motor2_configure</name>
         <value>0x10d7</value>
         <object_component_ref idref="oc-b0"/>
      </symbol>
      <symbol id="sm-148">
         <name>motor_velocity_write</name>
         <value>0x1149</value>
         <object_component_ref idref="oc-b0"/>
      </symbol>
      <symbol id="sm-169">
         <name>ResetISR</name>
         <value>0x2d2d</value>
         <object_component_ref idref="oc-27"/>
      </symbol>
      <symbol id="sm-16a">
         <name>g_pfnVectors</name>
         <value>0x0</value>
         <object_component_ref idref="oc-12"/>
      </symbol>
      <symbol id="sm-1db">
         <name>UARTgetc</name>
         <value>0xa15</value>
         <object_component_ref idref="oc-ec"/>
      </symbol>
      <symbol id="sm-1dc">
         <name>UARTgets</name>
         <value>0x94f</value>
         <object_component_ref idref="oc-ec"/>
      </symbol>
      <symbol id="sm-1dd">
         <name>UARTStdioConfig</name>
         <value>0x89d</value>
         <object_component_ref idref="oc-ec"/>
      </symbol>
      <symbol id="sm-1de">
         <name>UARTwrite</name>
         <value>0x8fd</value>
         <object_component_ref idref="oc-ec"/>
      </symbol>
      <symbol id="sm-1df">
         <name>UARTprintf</name>
         <value>0xd43</value>
         <object_component_ref idref="oc-ec"/>
      </symbol>
      <symbol id="sm-1e0">
         <name>UARTvprintf</name>
         <value>0xa49</value>
         <object_component_ref idref="oc-ec"/>
      </symbol>
      <symbol id="sm-237">
         <name>GPIOPinTypePWM</name>
         <value>0x2c59</value>
         <object_component_ref idref="oc-20a"/>
      </symbol>
      <symbol id="sm-238">
         <name>GPIOPinConfigure</name>
         <value>0x2851</value>
         <object_component_ref idref="oc-c2"/>
      </symbol>
      <symbol id="sm-239">
         <name>GPIOPinTypeI2CSCL</name>
         <value>0x2c47</value>
         <object_component_ref idref="oc-c8"/>
      </symbol>
      <symbol id="sm-23a">
         <name>GPIOPinTypeI2C</name>
         <value>0x2c35</value>
         <object_component_ref idref="oc-ce"/>
      </symbol>
      <symbol id="sm-23b">
         <name>GPIOPinTypeUART</name>
         <value>0x2c7d</value>
         <object_component_ref idref="oc-e0"/>
      </symbol>
      <symbol id="sm-23c">
         <name>GPIODirModeSet</name>
         <value>0x2b35</value>
         <object_component_ref idref="oc-272"/>
      </symbol>
      <symbol id="sm-23d">
         <name>GPIOPinTypeQEI</name>
         <value>0x2c6b</value>
         <object_component_ref idref="oc-22f"/>
      </symbol>
      <symbol id="sm-23e">
         <name>GPIOPadConfigSet</name>
         <value>0x1a33</value>
         <object_component_ref idref="oc-278"/>
      </symbol>
      <symbol id="sm-287">
         <name>I2CMasterDataPut</name>
         <value>0x2dab</value>
         <object_component_ref idref="oc-35e"/>
      </symbol>
      <symbol id="sm-288">
         <name>I2CMasterInitExpClk</name>
         <value>0x276d</value>
         <object_component_ref idref="oc-d4"/>
      </symbol>
      <symbol id="sm-289">
         <name>I2CMasterSlaveAddrSet</name>
         <value>0x2d85</value>
         <object_component_ref idref="oc-356"/>
      </symbol>
      <symbol id="sm-28a">
         <name>I2CMasterDataGet</name>
         <value>0x2da7</value>
         <object_component_ref idref="oc-34c"/>
      </symbol>
      <symbol id="sm-28b">
         <name>I2CMasterIntEnableEx</name>
         <value>0x2d7d</value>
         <object_component_ref idref="oc-288"/>
      </symbol>
      <symbol id="sm-28c">
         <name>I2CMasterControl</name>
         <value>0x2da3</value>
         <object_component_ref idref="oc-19e"/>
      </symbol>
      <symbol id="sm-28d">
         <name>I2CMasterEnable</name>
         <value>0x2d39</value>
         <object_component_ref idref="oc-280"/>
      </symbol>
      <symbol id="sm-28e">
         <name>I2CMasterIntClear</name>
         <value>0x2d75</value>
         <object_component_ref idref="oc-198"/>
      </symbol>
      <symbol id="sm-2ec">
         <name>IntIsEnabled</name>
         <value>0x2499</value>
         <object_component_ref idref="oc-3ae"/>
      </symbol>
      <symbol id="sm-2ed">
         <name>IntEnable</name>
         <value>0x23c9</value>
         <object_component_ref idref="oc-92"/>
      </symbol>
      <symbol id="sm-2ee">
         <name>IntTrigger</name>
         <value>0x2d09</value>
         <object_component_ref idref="oc-3ba"/>
      </symbol>
      <symbol id="sm-2ef">
         <name>IntDisable</name>
         <value>0x2361</value>
         <object_component_ref idref="oc-3b4"/>
      </symbol>
      <symbol id="sm-2f0">
         <name>IntMasterEnable</name>
         <value>0x2cb3</value>
         <object_component_ref idref="oc-9e"/>
      </symbol>
      <symbol id="sm-31d">
         <name>PWMGenPeriodSet</name>
         <value>0x2cc3</value>
         <object_component_ref idref="oc-216"/>
      </symbol>
      <symbol id="sm-31e">
         <name>PWMPulseWidthSet</name>
         <value>0x2bcb</value>
         <object_component_ref idref="oc-228"/>
      </symbol>
      <symbol id="sm-31f">
         <name>PWMOutputState</name>
         <value>0x2c8f</value>
         <object_component_ref idref="oc-222"/>
      </symbol>
      <symbol id="sm-320">
         <name>PWMGenEnable</name>
         <value>0x2d15</value>
         <object_component_ref idref="oc-21c"/>
      </symbol>
      <symbol id="sm-321">
         <name>PWMGenConfigure</name>
         <value>0x2b89</value>
         <object_component_ref idref="oc-210"/>
      </symbol>
      <symbol id="sm-36e">
         <name>QEIPositionGet</name>
         <value>0x2daf</value>
         <object_component_ref idref="oc-265"/>
      </symbol>
      <symbol id="sm-36f">
         <name>QEIFilterConfigure</name>
         <value>0x2d21</value>
         <object_component_ref idref="oc-259"/>
      </symbol>
      <symbol id="sm-370">
         <name>QEIIntDisable</name>
         <value>0x2d6b</value>
         <object_component_ref idref="oc-23b"/>
      </symbol>
      <symbol id="sm-371">
         <name>QEIFilterEnable</name>
         <value>0x2d61</value>
         <object_component_ref idref="oc-25f"/>
      </symbol>
      <symbol id="sm-372">
         <name>QEIDisable</name>
         <value>0x2d43</value>
         <object_component_ref idref="oc-235"/>
      </symbol>
      <symbol id="sm-373">
         <name>QEIFilterDisable</name>
         <value>0x2d57</value>
         <object_component_ref idref="oc-253"/>
      </symbol>
      <symbol id="sm-374">
         <name>QEIEnable</name>
         <value>0x2d4d</value>
         <object_component_ref idref="oc-247"/>
      </symbol>
      <symbol id="sm-375">
         <name>QEIPositionSet</name>
         <value>0x2db3</value>
         <object_component_ref idref="oc-24d"/>
      </symbol>
      <symbol id="sm-376">
         <name>QEIConfigure</name>
         <value>0x2cd3</value>
         <object_component_ref idref="oc-241"/>
      </symbol>
      <symbol id="sm-3d1">
         <name>SysCtlPeripheralEnable</name>
         <value>0x2acd</value>
         <object_component_ref idref="oc-80"/>
      </symbol>
      <symbol id="sm-3d2">
         <name>SysCtlClockGet</name>
         <value>0x1b65</value>
         <object_component_ref idref="oc-aa"/>
      </symbol>
      <symbol id="sm-3d3">
         <name>SysCtlPWMClockSet</name>
         <value>0x2c21</value>
         <object_component_ref idref="oc-1fe"/>
      </symbol>
      <symbol id="sm-3d4">
         <name>SysCtlPeripheralReady</name>
         <value>0x2a29</value>
         <object_component_ref idref="oc-204"/>
      </symbol>
      <symbol id="sm-3d5">
         <name>SysCtlPeripheralReset</name>
         <value>0x271d</value>
         <object_component_ref idref="oc-bc"/>
      </symbol>
      <symbol id="sm-409">
         <name>TimerLoadSet</name>
         <value>0x2ca1</value>
         <object_component_ref idref="oc-8c"/>
      </symbol>
      <symbol id="sm-40a">
         <name>TimerEnable</name>
         <value>0x2ce1</value>
         <object_component_ref idref="oc-a4"/>
      </symbol>
      <symbol id="sm-40b">
         <name>TimerIntEnable</name>
         <value>0x2d8d</value>
         <object_component_ref idref="oc-98"/>
      </symbol>
      <symbol id="sm-40c">
         <name>TimerConfigure</name>
         <value>0x255d</value>
         <object_component_ref idref="oc-86"/>
      </symbol>
      <symbol id="sm-40d">
         <name>TimerIntClear</name>
         <value>0x2db7</value>
         <object_component_ref idref="oc-74"/>
      </symbol>
      <symbol id="sm-41a">
         <name>UARTClockSourceSet</name>
         <value>0x2d9d</value>
         <object_component_ref idref="oc-e6"/>
      </symbol>
      <symbol id="sm-424">
         <name>CPUcpsie</name>
         <value>0x2cfd</value>
         <object_component_ref idref="oc-1f2"/>
      </symbol>
      <symbol id="sm-4fa">
         <name>I2CMCommand</name>
         <value>0x2089</value>
         <object_component_ref idref="oc-2aa"/>
      </symbol>
      <symbol id="sm-4fb">
         <name>I2CMInit</name>
         <value>0x2a99</value>
         <object_component_ref idref="oc-da"/>
      </symbol>
      <symbol id="sm-4fc">
         <name>I2CMReadModifyWrite8</name>
         <value>0x2199</value>
         <object_component_ref idref="oc-2b8"/>
      </symbol>
      <symbol id="sm-4fd">
         <name>I2CMIntHandler</name>
         <value>0x1d71</value>
         <object_component_ref idref="oc-7a"/>
      </symbol>
      <symbol id="sm-560">
         <name>MPU6050DataGyroGetFloat</name>
         <value>0x2281</value>
         <object_component_ref idref="oc-11c"/>
      </symbol>
      <symbol id="sm-561">
         <name>MPU6050DataAccelGetFloat</name>
         <value>0x2211</value>
         <object_component_ref idref="oc-116"/>
      </symbol>
      <symbol id="sm-562">
         <name>MPU6050DataRead</name>
         <value>0x2679</value>
         <object_component_ref idref="oc-110"/>
      </symbol>
      <symbol id="sm-563">
         <name>MPU6050Init</name>
         <value>0x261d</value>
         <object_component_ref idref="oc-f2"/>
      </symbol>
      <symbol id="sm-564">
         <name>MPU6050ReadModifyWrite</name>
         <value>0x27b9</value>
         <object_component_ref idref="oc-f8"/>
      </symbol>
      <symbol id="sm-5a6">
         <name>atan2</name>
         <value>0x124d</value>
         <object_component_ref idref="oc-133"/>
      </symbol>
      <symbol id="sm-5a7">
         <name>atan2l</name>
         <value>0x124d</value>
         <object_component_ref idref="oc-133"/>
      </symbol>
      <symbol id="sm-5c9">
         <name>sqrtl</name>
         <value>0x17a5</value>
         <object_component_ref idref="oc-13f"/>
      </symbol>
      <symbol id="sm-5ca">
         <name>sqrt</name>
         <value>0x17a5</value>
         <object_component_ref idref="oc-13f"/>
      </symbol>
      <symbol id="sm-600">
         <name>atanl</name>
         <value>0xd79</value>
         <object_component_ref idref="oc-2dd"/>
      </symbol>
      <symbol id="sm-601">
         <name>atan</name>
         <value>0xd79</value>
         <object_component_ref idref="oc-2dd"/>
      </symbol>
      <symbol id="sm-610">
         <name>__aeabi_uidivmod</name>
         <value>0x29ab</value>
         <object_component_ref idref="oc-29b"/>
      </symbol>
      <symbol id="sm-611">
         <name>__aeabi_uidiv</name>
         <value>0x29ab</value>
         <object_component_ref idref="oc-29b"/>
      </symbol>
      <symbol id="sm-628">
         <name>__aeabi_dsub</name>
         <value>0x15ed</value>
         <object_component_ref idref="oc-2d8"/>
      </symbol>
      <symbol id="sm-629">
         <name>__aeabi_dadd</name>
         <value>0x15f7</value>
         <object_component_ref idref="oc-2d8"/>
      </symbol>
      <symbol id="sm-63b">
         <name>__aeabi_cdrcmple</name>
         <value>0x2111</value>
         <object_component_ref idref="oc-3d3"/>
      </symbol>
      <symbol id="sm-64f">
         <name>__aeabi_ddiv</name>
         <value>0x18fd</value>
         <object_component_ref idref="oc-139"/>
      </symbol>
      <symbol id="sm-65a">
         <name>__aeabi_dmul</name>
         <value>0x1c75</value>
         <object_component_ref idref="oc-127"/>
      </symbol>
      <symbol id="sm-666">
         <name>__aeabi_d2f</name>
         <value>0x22f1</value>
         <object_component_ref idref="oc-12c"/>
      </symbol>
      <symbol id="sm-671">
         <name>__aeabi_f2d</name>
         <value>0x2a61</value>
         <object_component_ref idref="oc-122"/>
      </symbol>
      <symbol id="sm-68a">
         <name>__TI_zero_init_nomemset</name>
         <value>0x2be9</value>
         <object_component_ref idref="oc-4d"/>
      </symbol>
      <symbol id="sm-6a1">
         <name>__TI_decompress_none</name>
         <value>0x2cef</value>
         <object_component_ref idref="oc-1b"/>
      </symbol>
      <symbol id="sm-6c4">
         <name>__TI_decompress_lzss</name>
         <value>0x2431</value>
         <object_component_ref idref="oc-15"/>
      </symbol>
      <symbol id="sm-6da">
         <name>__aeabi_errno_addr</name>
         <value>0x2d95</value>
         <object_component_ref idref="oc-2eb"/>
      </symbol>
      <symbol id="sm-6db">
         <name>errno</name>
         <value>0x200003cc</value>
         <object_component_ref idref="oc-3e3"/>
      </symbol>
      <symbol id="sm-6ee">
         <name>__stack</name>
         <value>0x20000000</value>
         <object_component_ref idref="oc-24"/>
      </symbol>
      <symbol id="sm-6ef">
         <name>_c_int00_noargs</name>
         <value>0x2b01</value>
         <object_component_ref idref="oc-5f"/>
      </symbol>
      <symbol id="sm-6f9">
         <name>__aeabi_idiv0</name>
         <value>0x17a3</value>
         <object_component_ref idref="oc-3a3"/>
      </symbol>
      <symbol id="sm-6fa">
         <name>__aeabi_ldiv0</name>
         <value>0x17a3</value>
         <object_component_ref idref="oc-3a3"/>
      </symbol>
      <symbol id="sm-716">
         <name>memcpy</name>
         <value>0x1f55</value>
         <object_component_ref idref="oc-41"/>
      </symbol>
      <symbol id="sm-717">
         <name>__aeabi_memcpy</name>
         <value>0x1f55</value>
         <object_component_ref idref="oc-41"/>
      </symbol>
      <symbol id="sm-718">
         <name>__aeabi_memcpy8</name>
         <value>0x1f55</value>
         <object_component_ref idref="oc-41"/>
      </symbol>
      <symbol id="sm-719">
         <name>__aeabi_memcpy4</name>
         <value>0x1f55</value>
         <object_component_ref idref="oc-41"/>
      </symbol>
      <symbol id="sm-741">
         <name>__TI_auto_init_nobinit_nopinit</name>
         <value>0x2925</value>
         <object_component_ref idref="oc-315"/>
      </symbol>
      <symbol id="sm-74b">
         <name>_system_pre_init</name>
         <value>0x2dbb</value>
         <object_component_ref idref="oc-17f"/>
      </symbol>
      <symbol id="sm-757">
         <name>C$$EXIT</name>
         <value>0x2dbf</value>
         <object_component_ref idref="oc-309"/>
      </symbol>
      <symbol id="sm-758">
         <name>abort</name>
         <value>0x2dbf</value>
         <object_component_ref idref="oc-309"/>
      </symbol>
      <symbol id="sm-75b">
         <name>__TI_static_base__</name>
         <value>0x0</value>
      </symbol>
      <symbol id="sm-75e">
         <name>__mpu_init</name>
         <value>0x0</value>
      </symbol>
      <symbol id="sm-75f">
         <name>_system_post_cinit</name>
         <value>0x0</value>
      </symbol>
   </symbol_table>
   <title>Link successful</title>
</link_info>
