<?xml version="1.0" encoding="ISO-8859-1" ?>
<link_info>
   <banner>TI ARM Linker PC v20.2.4.LTS</banner>
   <copyright>Copyright (c) 1996-2018 Texas Instruments Incorporated</copyright>
   <link_time>0x6168fe53</link_time>
   <link_errors>0x0</link_errors>
   <output_file>BijuBotIMUtesto.out</output_file>
   <entry_point>
      <name>_c_int00_noargs</name>
      <address>0x432d</address>
   </entry_point>
   <input_file_list>
      <input_file id="fl-2">
         <path>.\</path>
         <kind>object</kind>
         <file>encoder.obj</file>
         <name>encoder.obj</name>
      </input_file>
      <input_file id="fl-3">
         <path>.\</path>
         <kind>object</kind>
         <file>main.obj</file>
         <name>main.obj</name>
      </input_file>
      <input_file id="fl-4">
         <path>.\</path>
         <kind>object</kind>
         <file>motor.obj</file>
         <name>motor.obj</name>
      </input_file>
      <input_file id="fl-5">
         <path>.\</path>
         <kind>object</kind>
         <file>tm4c123gh6pm_startup_ccs.obj</file>
         <name>tm4c123gh6pm_startup_ccs.obj</name>
      </input_file>
      <input_file id="fl-6">
         <path>.\</path>
         <kind>object</kind>
         <file>uartstdio.obj</file>
         <name>uartstdio.obj</name>
      </input_file>
      <input_file id="fl-c">
         <kind>object</kind>
         <file>&lt;internal&gt;</file>
         <name>&lt;internal&gt;</name>
      </input_file>
      <input_file id="fl-d">
         <path>C:\ti\TivaWare_C_Series-2.1.4.178\driverlib\ccs\Debug\</path>
         <kind>archive</kind>
         <file>driverlib.lib</file>
         <name>gpio.obj</name>
      </input_file>
      <input_file id="fl-e">
         <path>C:\ti\TivaWare_C_Series-2.1.4.178\driverlib\ccs\Debug\</path>
         <kind>archive</kind>
         <file>driverlib.lib</file>
         <name>i2c.obj</name>
      </input_file>
      <input_file id="fl-f">
         <path>C:\ti\TivaWare_C_Series-2.1.4.178\driverlib\ccs\Debug\</path>
         <kind>archive</kind>
         <file>driverlib.lib</file>
         <name>interrupt.obj</name>
      </input_file>
      <input_file id="fl-10">
         <path>C:\ti\TivaWare_C_Series-2.1.4.178\driverlib\ccs\Debug\</path>
         <kind>archive</kind>
         <file>driverlib.lib</file>
         <name>pwm.obj</name>
      </input_file>
      <input_file id="fl-11">
         <path>C:\ti\TivaWare_C_Series-2.1.4.178\driverlib\ccs\Debug\</path>
         <kind>archive</kind>
         <file>driverlib.lib</file>
         <name>qei.obj</name>
      </input_file>
      <input_file id="fl-12">
         <path>C:\ti\TivaWare_C_Series-2.1.4.178\driverlib\ccs\Debug\</path>
         <kind>archive</kind>
         <file>driverlib.lib</file>
         <name>sysctl.obj</name>
      </input_file>
      <input_file id="fl-13">
         <path>C:\ti\TivaWare_C_Series-2.1.4.178\driverlib\ccs\Debug\</path>
         <kind>archive</kind>
         <file>driverlib.lib</file>
         <name>timer.obj</name>
      </input_file>
      <input_file id="fl-14">
         <path>C:\ti\TivaWare_C_Series-2.1.4.178\driverlib\ccs\Debug\</path>
         <kind>archive</kind>
         <file>driverlib.lib</file>
         <name>uart.obj</name>
      </input_file>
      <input_file id="fl-15">
         <path>C:\ti\TivaWare_C_Series-2.1.4.178\driverlib\ccs\Debug\</path>
         <kind>archive</kind>
         <file>driverlib.lib</file>
         <name>cpu.obj</name>
      </input_file>
      <input_file id="fl-16">
         <path>C:\ti\TivaWare_C_Series-2.1.4.178\sensorlib\ccs\Debug\</path>
         <kind>archive</kind>
         <file>sensorlib.lib</file>
         <name>i2cm_drv.obj</name>
      </input_file>
      <input_file id="fl-17">
         <path>C:\ti\TivaWare_C_Series-2.1.4.178\sensorlib\ccs\Debug\</path>
         <kind>archive</kind>
         <file>sensorlib.lib</file>
         <name>mpu6050.obj</name>
      </input_file>
      <input_file id="fl-cd">
         <path>C:\ti\ccs1031\ccs\tools\compiler\ti-cgt-arm_20.2.4.LTS\lib\</path>
         <kind>archive</kind>
         <file>rtsv7M4_T_le_v4SPD16_eabi.lib</file>
         <name>e_atan2.c.obj</name>
      </input_file>
      <input_file id="fl-ce">
         <path>C:\ti\ccs1031\ccs\tools\compiler\ti-cgt-arm_20.2.4.LTS\lib\</path>
         <kind>archive</kind>
         <file>rtsv7M4_T_le_v4SPD16_eabi.lib</file>
         <name>s_atan.c.obj</name>
      </input_file>
      <input_file id="fl-cf">
         <path>C:\ti\ccs1031\ccs\tools\compiler\ti-cgt-arm_20.2.4.LTS\lib\</path>
         <kind>archive</kind>
         <file>rtsv7M4_T_le_v4SPD16_eabi.lib</file>
         <name>s_cos.c.obj</name>
      </input_file>
      <input_file id="fl-d0">
         <path>C:\ti\ccs1031\ccs\tools\compiler\ti-cgt-arm_20.2.4.LTS\lib\</path>
         <kind>archive</kind>
         <file>rtsv7M4_T_le_v4SPD16_eabi.lib</file>
         <name>s_sin.c.obj</name>
      </input_file>
      <input_file id="fl-d1">
         <path>C:\ti\ccs1031\ccs\tools\compiler\ti-cgt-arm_20.2.4.LTS\lib\</path>
         <kind>archive</kind>
         <file>rtsv7M4_T_le_v4SPD16_eabi.lib</file>
         <name>u_divt2.asm.obj</name>
      </input_file>
      <input_file id="fl-d2">
         <path>C:\ti\ccs1031\ccs\tools\compiler\ti-cgt-arm_20.2.4.LTS\lib\</path>
         <kind>archive</kind>
         <file>rtsv7M4_T_le_v4SPD16_eabi.lib</file>
         <name>fd_add_t2.asm.obj</name>
      </input_file>
      <input_file id="fl-d3">
         <path>C:\ti\ccs1031\ccs\tools\compiler\ti-cgt-arm_20.2.4.LTS\lib\</path>
         <kind>archive</kind>
         <file>rtsv7M4_T_le_v4SPD16_eabi.lib</file>
         <name>fd_cmp_t2.asm.obj</name>
      </input_file>
      <input_file id="fl-d4">
         <path>C:\ti\ccs1031\ccs\tools\compiler\ti-cgt-arm_20.2.4.LTS\lib\</path>
         <kind>archive</kind>
         <file>rtsv7M4_T_le_v4SPD16_eabi.lib</file>
         <name>fd_div_t2.asm.obj</name>
      </input_file>
      <input_file id="fl-d5">
         <path>C:\ti\ccs1031\ccs\tools\compiler\ti-cgt-arm_20.2.4.LTS\lib\</path>
         <kind>archive</kind>
         <file>rtsv7M4_T_le_v4SPD16_eabi.lib</file>
         <name>fd_mul_t2.asm.obj</name>
      </input_file>
      <input_file id="fl-d6">
         <path>C:\ti\ccs1031\ccs\tools\compiler\ti-cgt-arm_20.2.4.LTS\lib\</path>
         <kind>archive</kind>
         <file>rtsv7M4_T_le_v4SPD16_eabi.lib</file>
         <name>fd_toi_t2.asm.obj</name>
      </input_file>
      <input_file id="fl-d7">
         <path>C:\ti\ccs1031\ccs\tools\compiler\ti-cgt-arm_20.2.4.LTS\lib\</path>
         <kind>archive</kind>
         <file>rtsv7M4_T_le_v4SPD16_eabi.lib</file>
         <name>fd_tos_t2.asm.obj</name>
      </input_file>
      <input_file id="fl-d8">
         <path>C:\ti\ccs1031\ccs\tools\compiler\ti-cgt-arm_20.2.4.LTS\lib\</path>
         <kind>archive</kind>
         <file>rtsv7M4_T_le_v4SPD16_eabi.lib</file>
         <name>fs_tod_t2.asm.obj</name>
      </input_file>
      <input_file id="fl-d9">
         <path>C:\ti\ccs1031\ccs\tools\compiler\ti-cgt-arm_20.2.4.LTS\lib\</path>
         <kind>archive</kind>
         <file>rtsv7M4_T_le_v4SPD16_eabi.lib</file>
         <name>i_tofd_t2.asm.obj</name>
      </input_file>
      <input_file id="fl-da">
         <path>C:\ti\ccs1031\ccs\tools\compiler\ti-cgt-arm_20.2.4.LTS\lib\</path>
         <kind>archive</kind>
         <file>rtsv7M4_T_le_v4SPD16_eabi.lib</file>
         <name>u_tofd_t2.asm.obj</name>
      </input_file>
      <input_file id="fl-db">
         <path>C:\ti\ccs1031\ccs\tools\compiler\ti-cgt-arm_20.2.4.LTS\lib\</path>
         <kind>archive</kind>
         <file>rtsv7M4_T_le_v4SPD16_eabi.lib</file>
         <name>copy_zero_init.c.obj</name>
      </input_file>
      <input_file id="fl-dc">
         <path>C:\ti\ccs1031\ccs\tools\compiler\ti-cgt-arm_20.2.4.LTS\lib\</path>
         <kind>archive</kind>
         <file>rtsv7M4_T_le_v4SPD16_eabi.lib</file>
         <name>copy_decompress_none.c.obj</name>
      </input_file>
      <input_file id="fl-dd">
         <path>C:\ti\ccs1031\ccs\tools\compiler\ti-cgt-arm_20.2.4.LTS\lib\</path>
         <kind>archive</kind>
         <file>rtsv7M4_T_le_v4SPD16_eabi.lib</file>
         <name>copy_decompress_lzss.c.obj</name>
      </input_file>
      <input_file id="fl-de">
         <path>C:\ti\ccs1031\ccs\tools\compiler\ti-cgt-arm_20.2.4.LTS\lib\</path>
         <kind>archive</kind>
         <file>rtsv7M4_T_le_v4SPD16_eabi.lib</file>
         <name>k_rem_pio2.c.obj</name>
      </input_file>
      <input_file id="fl-df">
         <path>C:\ti\ccs1031\ccs\tools\compiler\ti-cgt-arm_20.2.4.LTS\lib\</path>
         <kind>archive</kind>
         <file>rtsv7M4_T_le_v4SPD16_eabi.lib</file>
         <name>boot_cortex_m.c.obj</name>
      </input_file>
      <input_file id="fl-e0">
         <path>C:\ti\ccs1031\ccs\tools\compiler\ti-cgt-arm_20.2.4.LTS\lib\</path>
         <kind>archive</kind>
         <file>rtsv7M4_T_le_v4SPD16_eabi.lib</file>
         <name>k_cos.c.obj</name>
      </input_file>
      <input_file id="fl-e1">
         <path>C:\ti\ccs1031\ccs\tools\compiler\ti-cgt-arm_20.2.4.LTS\lib\</path>
         <kind>archive</kind>
         <file>rtsv7M4_T_le_v4SPD16_eabi.lib</file>
         <name>k_sin.c.obj</name>
      </input_file>
      <input_file id="fl-e2">
         <path>C:\ti\ccs1031\ccs\tools\compiler\ti-cgt-arm_20.2.4.LTS\lib\</path>
         <kind>archive</kind>
         <file>rtsv7M4_T_le_v4SPD16_eabi.lib</file>
         <name>s_floor.c.obj</name>
      </input_file>
      <input_file id="fl-e3">
         <path>C:\ti\ccs1031\ccs\tools\compiler\ti-cgt-arm_20.2.4.LTS\lib\</path>
         <kind>archive</kind>
         <file>rtsv7M4_T_le_v4SPD16_eabi.lib</file>
         <name>s_scalbn.c.obj</name>
      </input_file>
      <input_file id="fl-e4">
         <path>C:\ti\ccs1031\ccs\tools\compiler\ti-cgt-arm_20.2.4.LTS\lib\</path>
         <kind>archive</kind>
         <file>rtsv7M4_T_le_v4SPD16_eabi.lib</file>
         <name>s_copysign.c.obj</name>
      </input_file>
      <input_file id="fl-e5">
         <path>C:\ti\ccs1031\ccs\tools\compiler\ti-cgt-arm_20.2.4.LTS\lib\</path>
         <kind>archive</kind>
         <file>rtsv7M4_T_le_v4SPD16_eabi.lib</file>
         <name>div0.asm.obj</name>
      </input_file>
      <input_file id="fl-e6">
         <path>C:\ti\ccs1031\ccs\tools\compiler\ti-cgt-arm_20.2.4.LTS\lib\</path>
         <kind>archive</kind>
         <file>rtsv7M4_T_le_v4SPD16_eabi.lib</file>
         <name>memset_t2.asm.obj</name>
      </input_file>
      <input_file id="fl-e7">
         <path>C:\ti\ccs1031\ccs\tools\compiler\ti-cgt-arm_20.2.4.LTS\lib\</path>
         <kind>archive</kind>
         <file>rtsv7M4_T_le_v4SPD16_eabi.lib</file>
         <name>memcpy_t2.asm.obj</name>
      </input_file>
      <input_file id="fl-e8">
         <path>C:\ti\ccs1031\ccs\tools\compiler\ti-cgt-arm_20.2.4.LTS\lib\</path>
         <kind>archive</kind>
         <file>rtsv7M4_T_le_v4SPD16_eabi.lib</file>
         <name>autoinit.c.obj</name>
      </input_file>
      <input_file id="fl-e9">
         <path>C:\ti\ccs1031\ccs\tools\compiler\ti-cgt-arm_20.2.4.LTS\lib\</path>
         <kind>archive</kind>
         <file>rtsv7M4_T_le_v4SPD16_eabi.lib</file>
         <name>pre_init.c.obj</name>
      </input_file>
      <input_file id="fl-ea">
         <path>C:\ti\ccs1031\ccs\tools\compiler\ti-cgt-arm_20.2.4.LTS\lib\</path>
         <kind>archive</kind>
         <file>rtsv7M4_T_le_v4SPD16_eabi.lib</file>
         <name>cpy_tbl.c.obj</name>
      </input_file>
      <input_file id="fl-eb">
         <path>C:\ti\ccs1031\ccs\tools\compiler\ti-cgt-arm_20.2.4.LTS\lib\</path>
         <kind>archive</kind>
         <file>rtsv7M4_T_le_v4SPD16_eabi.lib</file>
         <name>exit.c.obj</name>
      </input_file>
      <input_file id="fl-ec">
         <path>C:\ti\ccs1031\ccs\tools\compiler\ti-cgt-arm_20.2.4.LTS\lib\</path>
         <kind>archive</kind>
         <file>rtsv7M4_T_le_v4SPD16_eabi.lib</file>
         <name>_lock.c.obj</name>
      </input_file>
      <input_file id="fl-ed">
         <path>C:\ti\ccs1031\ccs\tools\compiler\ti-cgt-arm_20.2.4.LTS\lib\</path>
         <kind>archive</kind>
         <file>rtsv7M4_T_le_v4SPD16_eabi.lib</file>
         <name>args_main.c.obj</name>
      </input_file>
      <input_file id="fl-ee">
         <path>C:\ti\ccs1031\ccs\tools\compiler\ti-cgt-arm_20.2.4.LTS\lib\</path>
         <kind>archive</kind>
         <file>rtsv7M4_T_le_v4SPD16_eabi.lib</file>
         <name>errno.c.obj</name>
      </input_file>
   </input_file_list>
   <object_component_list>
      <object_component id="oc-12">
         <name>.intvecs</name>
         <load_address>0x0</load_address>
         <run_address>0x0</run_address>
         <size>0x26c</size>
         <input_file_ref idref="fl-5"/>
      </object_component>
      <object_component id="oc-327">
         <name>.text:__kernel_rem_pio2</name>
         <load_address>0x26c</load_address>
         <run_address>0x26c</run_address>
         <size>0x738</size>
         <input_file_ref idref="fl-de"/>
      </object_component>
      <object_component id="oc-2d">
         <name>.text</name>
         <load_address>0x9a4</load_address>
         <run_address>0x9a4</run_address>
         <size>0x720</size>
         <input_file_ref idref="fl-3"/>
      </object_component>
      <object_component id="oc-165">
         <name>.text:cos</name>
         <load_address>0x10c4</load_address>
         <run_address>0x10c4</run_address>
         <size>0x5dc</size>
         <input_file_ref idref="fl-cf"/>
      </object_component>
      <object_component id="oc-15f">
         <name>.text:sin</name>
         <load_address>0x16a0</load_address>
         <run_address>0x16a0</run_address>
         <size>0x5c4</size>
         <input_file_ref idref="fl-d0"/>
      </object_component>
      <object_component id="oc-fe">
         <name>.text</name>
         <load_address>0x1c64</load_address>
         <run_address>0x1c64</run_address>
         <size>0x4dc</size>
         <input_file_ref idref="fl-6"/>
      </object_component>
      <object_component id="oc-304">
         <name>.text:atan</name>
         <load_address>0x2140</load_address>
         <run_address>0x2140</run_address>
         <size>0x2ec</size>
         <input_file_ref idref="fl-ce"/>
      </object_component>
      <object_component id="oc-c2">
         <name>.text</name>
         <load_address>0x242c</load_address>
         <run_address>0x242c</run_address>
         <size>0x1e8</size>
         <input_file_ref idref="fl-4"/>
      </object_component>
      <object_component id="oc-153">
         <name>.text:atan2</name>
         <load_address>0x2614</load_address>
         <run_address>0x2614</run_address>
         <size>0x1d8</size>
         <input_file_ref idref="fl-cd"/>
      </object_component>
      <object_component id="oc-c8">
         <name>.text</name>
         <load_address>0x27ec</load_address>
         <run_address>0x27ec</run_address>
         <size>0x1d0</size>
         <input_file_ref idref="fl-2"/>
      </object_component>
      <object_component id="oc-117">
         <name>.text</name>
         <load_address>0x29bc</load_address>
         <run_address>0x29bc</run_address>
         <size>0x1b6</size>
         <input_file_ref idref="fl-d2"/>
      </object_component>
      <object_component id="oc-3e8">
         <name>.text</name>
         <load_address>0x2b72</load_address>
         <run_address>0x2b72</run_address>
         <size>0x2</size>
         <input_file_ref idref="fl-e5"/>
      </object_component>
      <object_component id="oc-317">
         <name>.text:__kernel_sin</name>
         <load_address>0x2b74</load_address>
         <run_address>0x2b74</run_address>
         <size>0x174</size>
         <input_file_ref idref="fl-e1"/>
      </object_component>
      <object_component id="oc-32d">
         <name>.text:__kernel_cos</name>
         <load_address>0x2ce8</load_address>
         <run_address>0x2ce8</run_address>
         <size>0x16c</size>
         <input_file_ref idref="fl-e0"/>
      </object_component>
      <object_component id="oc-159">
         <name>.text</name>
         <load_address>0x2e54</load_address>
         <run_address>0x2e54</run_address>
         <size>0x136</size>
         <input_file_ref idref="fl-d4"/>
      </object_component>
      <object_component id="oc-2a4">
         <name>.text:GPIOPadConfigSet</name>
         <load_address>0x2f8a</load_address>
         <run_address>0x2f8a</run_address>
         <size>0x132</size>
         <input_file_ref idref="fl-d"/>
      </object_component>
      <object_component id="oc-bc">
         <name>.text:SysCtlClockGet</name>
         <load_address>0x30bc</load_address>
         <run_address>0x30bc</run_address>
         <size>0x110</size>
         <input_file_ref idref="fl-12"/>
      </object_component>
      <object_component id="oc-42c">
         <name>.text:scalbn</name>
         <load_address>0x31cc</load_address>
         <run_address>0x31cc</run_address>
         <size>0x110</size>
         <input_file_ref idref="fl-e3"/>
      </object_component>
      <object_component id="oc-112">
         <name>.text</name>
         <load_address>0x32dc</load_address>
         <run_address>0x32dc</run_address>
         <size>0xfc</size>
         <input_file_ref idref="fl-d5"/>
      </object_component>
      <object_component id="oc-432">
         <name>.text:floor</name>
         <load_address>0x33d8</load_address>
         <run_address>0x33d8</run_address>
         <size>0xf8</size>
         <input_file_ref idref="fl-e2"/>
      </object_component>
      <object_component id="oc-8c">
         <name>.text:I2CMIntHandler</name>
         <load_address>0x34d0</load_address>
         <run_address>0x34d0</run_address>
         <size>0xf2</size>
         <input_file_ref idref="fl-16"/>
      </object_component>
      <object_component id="oc-2ed">
         <name>.text:MPU6050Callback</name>
         <load_address>0x35c4</load_address>
         <run_address>0x35c4</run_address>
         <size>0xf0</size>
         <input_file_ref idref="fl-17"/>
      </object_component>
      <object_component id="oc-41">
         <name>.text</name>
         <load_address>0x36b4</load_address>
         <run_address>0x36b4</run_address>
         <size>0x9c</size>
         <input_file_ref idref="fl-e7"/>
      </object_component>
      <object_component id="oc-207">
         <name>.text:I2CMStateIdle</name>
         <load_address>0x3750</load_address>
         <run_address>0x3750</run_address>
         <size>0x98</size>
         <input_file_ref idref="fl-16"/>
      </object_component>
      <object_component id="oc-2e7">
         <name>.text:I2CMCommand</name>
         <load_address>0x37e8</load_address>
         <run_address>0x37e8</run_address>
         <size>0x88</size>
         <input_file_ref idref="fl-16"/>
      </object_component>
      <object_component id="oc-322">
         <name>.text:__aeabi_cdcmple</name>
         <load_address>0x3870</load_address>
         <run_address>0x3870</run_address>
         <size>0x86</size>
         <input_file_ref idref="fl-d3"/>
      </object_component>
      <object_component id="oc-417">
         <name>.text:__aeabi_cdrcmple</name>
         <load_address>0x38f6</load_address>
         <run_address>0x38f6</run_address>
         <size>0x86</size>
         <input_file_ref idref="fl-d3"/>
      </object_component>
      <object_component id="oc-2f5">
         <name>.text:I2CMReadModifyWrite8</name>
         <load_address>0x397c</load_address>
         <run_address>0x397c</run_address>
         <size>0x78</size>
         <input_file_ref idref="fl-16"/>
      </object_component>
      <object_component id="oc-147">
         <name>.text:MPU6050DataAccelGetFloat</name>
         <load_address>0x39f4</load_address>
         <run_address>0x39f4</run_address>
         <size>0x70</size>
         <input_file_ref idref="fl-17"/>
      </object_component>
      <object_component id="oc-14d">
         <name>.text:MPU6050DataGyroGetFloat</name>
         <load_address>0x3a64</load_address>
         <run_address>0x3a64</run_address>
         <size>0x70</size>
         <input_file_ref idref="fl-17"/>
      </object_component>
      <object_component id="oc-11c">
         <name>.text</name>
         <load_address>0x3ad4</load_address>
         <run_address>0x3ad4</run_address>
         <size>0x6e</size>
         <input_file_ref idref="fl-d7"/>
      </object_component>
      <object_component id="oc-3f9">
         <name>.text:IntDisable</name>
         <load_address>0x3b44</load_address>
         <run_address>0x3b44</run_address>
         <size>0x68</size>
         <input_file_ref idref="fl-f"/>
      </object_component>
      <object_component id="oc-a4">
         <name>.text:IntEnable</name>
         <load_address>0x3bac</load_address>
         <run_address>0x3bac</run_address>
         <size>0x68</size>
         <input_file_ref idref="fl-f"/>
      </object_component>
      <object_component id="oc-15">
         <name>.text:decompress:lzss:__TI_decompress_lzss</name>
         <load_address>0x3c14</load_address>
         <run_address>0x3c14</run_address>
         <size>0x68</size>
         <input_file_ref idref="fl-dd"/>
      </object_component>
      <object_component id="oc-3f3">
         <name>.text:IntIsEnabled</name>
         <load_address>0x3c7c</load_address>
         <run_address>0x3c7c</run_address>
         <size>0x64</size>
         <input_file_ref idref="fl-f"/>
      </object_component>
      <object_component id="oc-40e">
         <name>.text:I2CMReadModifyWrite8Callback</name>
         <load_address>0x3ce0</load_address>
         <run_address>0x3ce0</run_address>
         <size>0x60</size>
         <input_file_ref idref="fl-16"/>
      </object_component>
      <object_component id="oc-98">
         <name>.text:TimerConfigure</name>
         <load_address>0x3d40</load_address>
         <run_address>0x3d40</run_address>
         <size>0x60</size>
         <input_file_ref idref="fl-13"/>
      </object_component>
      <object_component id="oc-1f5">
         <name>.text:I2CMStateWritePause</name>
         <load_address>0x3da0</load_address>
         <run_address>0x3da0</run_address>
         <size>0x5e</size>
         <input_file_ref idref="fl-16"/>
      </object_component>
      <object_component id="oc-123">
         <name>.text:MPU6050Init</name>
         <load_address>0x3e00</load_address>
         <run_address>0x3e00</run_address>
         <size>0x5c</size>
         <input_file_ref idref="fl-17"/>
      </object_component>
      <object_component id="oc-141">
         <name>.text:MPU6050DataRead</name>
         <load_address>0x3e5c</load_address>
         <run_address>0x3e5c</run_address>
         <size>0x54</size>
         <input_file_ref idref="fl-17"/>
      </object_component>
      <object_component id="oc-1fb">
         <name>.text:I2CMStateWriteFinal</name>
         <load_address>0x3eb0</load_address>
         <run_address>0x3eb0</run_address>
         <size>0x50</size>
         <input_file_ref idref="fl-16"/>
      </object_component>
      <object_component id="oc-ce">
         <name>.text:SysCtlPeripheralReset</name>
         <load_address>0x3f00</load_address>
         <run_address>0x3f00</run_address>
         <size>0x50</size>
         <input_file_ref idref="fl-12"/>
      </object_component>
      <object_component id="oc-e6">
         <name>.text:I2CMasterInitExpClk</name>
         <load_address>0x3f50</load_address>
         <run_address>0x3f50</run_address>
         <size>0x4c</size>
         <input_file_ref idref="fl-e"/>
      </object_component>
      <object_component id="oc-129">
         <name>.text:MPU6050ReadModifyWrite</name>
         <load_address>0x3f9c</load_address>
         <run_address>0x3f9c</run_address>
         <size>0x4c</size>
         <input_file_ref idref="fl-17"/>
      </object_component>
      <object_component id="oc-1e3">
         <name>.text:I2CMStateReadNext</name>
         <load_address>0x3fe8</load_address>
         <run_address>0x3fe8</run_address>
         <size>0x4a</size>
         <input_file_ref idref="fl-16"/>
      </object_component>
      <object_component id="oc-d4">
         <name>.text:GPIOPinConfigure</name>
         <load_address>0x4034</load_address>
         <run_address>0x4034</run_address>
         <size>0x48</size>
         <input_file_ref idref="fl-d"/>
      </object_component>
      <object_component id="oc-201">
         <name>.text:I2CMStateWriteNext</name>
         <load_address>0x407c</load_address>
         <run_address>0x407c</run_address>
         <size>0x48</size>
         <input_file_ref idref="fl-16"/>
      </object_component>
      <object_component id="oc-312">
         <name>.text</name>
         <load_address>0x40c4</load_address>
         <run_address>0x40c4</run_address>
         <size>0x48</size>
         <input_file_ref idref="fl-d6"/>
      </object_component>
      <object_component id="oc-1cb">
         <name>.text:I2CMStateCallback</name>
         <load_address>0x410c</load_address>
         <run_address>0x410c</run_address>
         <size>0x44</size>
         <input_file_ref idref="fl-16"/>
      </object_component>
      <object_component id="oc-359">
         <name>.text:__TI_auto_init_nobinit_nopinit:__TI_auto_init_nobinit_nopinit</name>
         <load_address>0x4150</load_address>
         <run_address>0x4150</run_address>
         <size>0x44</size>
         <input_file_ref idref="fl-e8"/>
      </object_component>
      <object_component id="oc-1dd">
         <name>.text:I2CMStateReadFinal</name>
         <load_address>0x4194</load_address>
         <run_address>0x4194</run_address>
         <size>0x42</size>
         <input_file_ref idref="fl-16"/>
      </object_component>
      <object_component id="oc-2c6">
         <name>.text</name>
         <load_address>0x41d6</load_address>
         <run_address>0x41d6</run_address>
         <size>0x40</size>
         <input_file_ref idref="fl-d1"/>
      </object_component>
      <object_component id="oc-1d7">
         <name>.text:I2CMStateReadPause</name>
         <load_address>0x4216</load_address>
         <run_address>0x4216</run_address>
         <size>0x3e</size>
         <input_file_ref idref="fl-16"/>
      </object_component>
      <object_component id="oc-22b">
         <name>.text:SysCtlPeripheralReady</name>
         <load_address>0x4254</load_address>
         <run_address>0x4254</run_address>
         <size>0x38</size>
         <input_file_ref idref="fl-12"/>
      </object_component>
      <object_component id="oc-10d">
         <name>.text</name>
         <load_address>0x428c</load_address>
         <run_address>0x428c</run_address>
         <size>0x38</size>
         <input_file_ref idref="fl-d8"/>
      </object_component>
      <object_component id="oc-ec">
         <name>.text:I2CMInit</name>
         <load_address>0x42c4</load_address>
         <run_address>0x42c4</run_address>
         <size>0x34</size>
         <input_file_ref idref="fl-16"/>
      </object_component>
      <object_component id="oc-92">
         <name>.text:SysCtlPeripheralEnable</name>
         <load_address>0x42f8</load_address>
         <run_address>0x42f8</run_address>
         <size>0x34</size>
         <input_file_ref idref="fl-12"/>
      </object_component>
      <object_component id="oc-5f">
         <name>.text:_c_int00_noargs:_c_int00_noargs</name>
         <load_address>0x432c</load_address>
         <run_address>0x432c</run_address>
         <size>0x34</size>
         <input_file_ref idref="fl-df"/>
      </object_component>
      <object_component id="oc-31d">
         <name>.text</name>
         <load_address>0x4360</load_address>
         <run_address>0x4360</run_address>
         <size>0x2e</size>
         <input_file_ref idref="fl-d9"/>
      </object_component>
      <object_component id="oc-29e">
         <name>.text:GPIODirModeSet</name>
         <load_address>0x438e</load_address>
         <run_address>0x438e</run_address>
         <size>0x2a</size>
         <input_file_ref idref="fl-d"/>
      </object_component>
      <object_component id="oc-1e9">
         <name>.text:I2CMStateReadFirst</name>
         <load_address>0x43b8</load_address>
         <run_address>0x43b8</run_address>
         <size>0x2a</size>
         <input_file_ref idref="fl-16"/>
      </object_component>
      <object_component id="oc-237">
         <name>.text:PWMGenConfigure</name>
         <load_address>0x43e2</load_address>
         <run_address>0x43e2</run_address>
         <size>0x22</size>
         <input_file_ref idref="fl-10"/>
      </object_component>
      <object_component id="oc-1ef">
         <name>.text:I2CMStateReadOne</name>
         <load_address>0x4404</load_address>
         <run_address>0x4404</run_address>
         <size>0x20</size>
         <input_file_ref idref="fl-16"/>
      </object_component>
      <object_component id="oc-292">
         <name>.text</name>
         <load_address>0x4424</load_address>
         <run_address>0x4424</run_address>
         <size>0x20</size>
         <input_file_ref idref="fl-da"/>
      </object_component>
      <object_component id="oc-24f">
         <name>.text:PWMPulseWidthSet</name>
         <load_address>0x4444</load_address>
         <run_address>0x4444</run_address>
         <size>0x1e</size>
         <input_file_ref idref="fl-10"/>
      </object_component>
      <object_component id="oc-4d">
         <name>.text:decompress:ZI:__TI_zero_init_nomemset:__TI_zero_init_nomemset</name>
         <load_address>0x4462</load_address>
         <run_address>0x4462</run_address>
         <size>0x1c</size>
         <input_file_ref idref="fl-db"/>
      </object_component>
      <object_component id="oc-1d1">
         <name>.text:I2CMStateReadWait</name>
         <load_address>0x447e</load_address>
         <run_address>0x447e</run_address>
         <size>0x1a</size>
         <input_file_ref idref="fl-16"/>
      </object_component>
      <object_component id="oc-484">
         <name>.text:copysign</name>
         <load_address>0x4498</load_address>
         <run_address>0x4498</run_address>
         <size>0x1a</size>
         <input_file_ref idref="fl-e4"/>
      </object_component>
      <object_component id="oc-225">
         <name>.text:SysCtlPWMClockSet</name>
         <load_address>0x44b4</load_address>
         <run_address>0x44b4</run_address>
         <size>0x14</size>
         <input_file_ref idref="fl-12"/>
      </object_component>
      <object_component id="oc-e0">
         <name>.text:GPIOPinTypeI2C</name>
         <load_address>0x44c8</load_address>
         <run_address>0x44c8</run_address>
         <size>0x12</size>
         <input_file_ref idref="fl-d"/>
      </object_component>
      <object_component id="oc-da">
         <name>.text:GPIOPinTypeI2CSCL</name>
         <load_address>0x44da</load_address>
         <run_address>0x44da</run_address>
         <size>0x12</size>
         <input_file_ref idref="fl-d"/>
      </object_component>
      <object_component id="oc-231">
         <name>.text:GPIOPinTypePWM</name>
         <load_address>0x44ec</load_address>
         <run_address>0x44ec</run_address>
         <size>0x12</size>
         <input_file_ref idref="fl-d"/>
      </object_component>
      <object_component id="oc-256">
         <name>.text:GPIOPinTypeQEI</name>
         <load_address>0x44fe</load_address>
         <run_address>0x44fe</run_address>
         <size>0x12</size>
         <input_file_ref idref="fl-d"/>
      </object_component>
      <object_component id="oc-f2">
         <name>.text:GPIOPinTypeUART</name>
         <load_address>0x4510</load_address>
         <run_address>0x4510</run_address>
         <size>0x12</size>
         <input_file_ref idref="fl-d"/>
      </object_component>
      <object_component id="oc-249">
         <name>.text:PWMOutputState</name>
         <load_address>0x4522</load_address>
         <run_address>0x4522</run_address>
         <size>0x12</size>
         <input_file_ref idref="fl-10"/>
      </object_component>
      <object_component id="oc-9e">
         <name>.text:TimerLoadSet</name>
         <load_address>0x4534</load_address>
         <run_address>0x4534</run_address>
         <size>0x12</size>
         <input_file_ref idref="fl-13"/>
      </object_component>
      <object_component id="oc-b0">
         <name>.text:IntMasterEnable</name>
         <load_address>0x4546</load_address>
         <run_address>0x4546</run_address>
         <size>0x10</size>
         <input_file_ref idref="fl-f"/>
      </object_component>
      <object_component id="oc-23d">
         <name>.text:PWMGenPeriodSet</name>
         <load_address>0x4556</load_address>
         <run_address>0x4556</run_address>
         <size>0x10</size>
         <input_file_ref idref="fl-10"/>
      </object_component>
      <object_component id="oc-268">
         <name>.text:QEIConfigure</name>
         <load_address>0x4566</load_address>
         <run_address>0x4566</run_address>
         <size>0xe</size>
         <input_file_ref idref="fl-11"/>
      </object_component>
      <object_component id="oc-b6">
         <name>.text:TimerEnable</name>
         <load_address>0x4574</load_address>
         <run_address>0x4574</run_address>
         <size>0xe</size>
         <input_file_ref idref="fl-13"/>
      </object_component>
      <object_component id="oc-1b">
         <name>.text:decompress:none:__TI_decompress_none</name>
         <load_address>0x4582</load_address>
         <run_address>0x4582</run_address>
         <size>0xe</size>
         <input_file_ref idref="fl-dc"/>
      </object_component>
      <object_component id="oc-219">
         <name>.text:CPUcpsie</name>
         <load_address>0x4590</load_address>
         <run_address>0x4590</run_address>
         <size>0xc</size>
         <input_file_ref idref="fl-15"/>
      </object_component>
      <object_component id="oc-3ff">
         <name>.text:IntTrigger</name>
         <load_address>0x459c</load_address>
         <run_address>0x459c</run_address>
         <size>0xc</size>
         <input_file_ref idref="fl-f"/>
      </object_component>
      <object_component id="oc-243">
         <name>.text:PWMGenEnable</name>
         <load_address>0x45a8</load_address>
         <run_address>0x45a8</run_address>
         <size>0xc</size>
         <input_file_ref idref="fl-10"/>
      </object_component>
      <object_component id="oc-280">
         <name>.text:QEIFilterConfigure</name>
         <load_address>0x45b4</load_address>
         <run_address>0x45b4</run_address>
         <size>0xc</size>
         <input_file_ref idref="fl-11"/>
      </object_component>
      <object_component id="oc-27">
         <name>.text</name>
         <load_address>0x45c0</load_address>
         <run_address>0x45c0</run_address>
         <size>0xc</size>
         <input_file_ref idref="fl-5"/>
      </object_component>
      <object_component id="oc-2ac">
         <name>.text:I2CMasterEnable</name>
         <load_address>0x45cc</load_address>
         <run_address>0x45cc</run_address>
         <size>0xa</size>
         <input_file_ref idref="fl-e"/>
      </object_component>
      <object_component id="oc-25c">
         <name>.text:QEIDisable</name>
         <load_address>0x45d6</load_address>
         <run_address>0x45d6</run_address>
         <size>0xa</size>
         <input_file_ref idref="fl-11"/>
      </object_component>
      <object_component id="oc-26e">
         <name>.text:QEIEnable</name>
         <load_address>0x45e0</load_address>
         <run_address>0x45e0</run_address>
         <size>0xa</size>
         <input_file_ref idref="fl-11"/>
      </object_component>
      <object_component id="oc-27a">
         <name>.text:QEIFilterDisable</name>
         <load_address>0x45ea</load_address>
         <run_address>0x45ea</run_address>
         <size>0xa</size>
         <input_file_ref idref="fl-11"/>
      </object_component>
      <object_component id="oc-286">
         <name>.text:QEIFilterEnable</name>
         <load_address>0x45f4</load_address>
         <run_address>0x45f4</run_address>
         <size>0xa</size>
         <input_file_ref idref="fl-11"/>
      </object_component>
      <object_component id="oc-262">
         <name>.text:QEIIntDisable</name>
         <load_address>0x45fe</load_address>
         <run_address>0x45fe</run_address>
         <size>0xa</size>
         <input_file_ref idref="fl-11"/>
      </object_component>
      <object_component id="oc-80">
         <name>.text:UARTCharGet</name>
         <load_address>0x4608</load_address>
         <run_address>0x4608</run_address>
         <size>0xa</size>
         <input_file_ref idref="fl-14"/>
      </object_component>
      <object_component id="oc-74">
         <name>.text:UARTIntStatus</name>
         <load_address>0x4612</load_address>
         <run_address>0x4612</run_address>
         <size>0xa</size>
         <input_file_ref idref="fl-14"/>
      </object_component>
      <object_component id="oc-1bf">
         <name>.text:I2CMasterIntClear</name>
         <load_address>0x461c</load_address>
         <run_address>0x461c</run_address>
         <size>0x8</size>
         <input_file_ref idref="fl-e"/>
      </object_component>
      <object_component id="oc-2b4">
         <name>.text:I2CMasterIntEnableEx</name>
         <load_address>0x4624</load_address>
         <run_address>0x4624</run_address>
         <size>0x8</size>
         <input_file_ref idref="fl-e"/>
      </object_component>
      <object_component id="oc-39c">
         <name>.text:I2CMasterSlaveAddrSet</name>
         <load_address>0x462c</load_address>
         <run_address>0x462c</run_address>
         <size>0x8</size>
         <input_file_ref idref="fl-e"/>
      </object_component>
      <object_component id="oc-aa">
         <name>.text:TimerIntEnable</name>
         <load_address>0x4634</load_address>
         <run_address>0x4634</run_address>
         <size>0x8</size>
         <input_file_ref idref="fl-13"/>
      </object_component>
      <object_component id="oc-47e">
         <name>.text:__aeabi_errno_addr</name>
         <load_address>0x463c</load_address>
         <run_address>0x463c</run_address>
         <size>0x8</size>
         <input_file_ref idref="fl-ee"/>
      </object_component>
      <object_component id="oc-f8">
         <name>.text:UARTClockSourceSet</name>
         <load_address>0x4644</load_address>
         <run_address>0x4644</run_address>
         <size>0x6</size>
         <input_file_ref idref="fl-14"/>
      </object_component>
      <object_component id="oc-1c5">
         <name>.text:I2CMasterControl</name>
         <load_address>0x464a</load_address>
         <run_address>0x464a</run_address>
         <size>0x4</size>
         <input_file_ref idref="fl-e"/>
      </object_component>
      <object_component id="oc-392">
         <name>.text:I2CMasterDataGet</name>
         <load_address>0x464e</load_address>
         <run_address>0x464e</run_address>
         <size>0x4</size>
         <input_file_ref idref="fl-e"/>
      </object_component>
      <object_component id="oc-3a4">
         <name>.text:I2CMasterDataPut</name>
         <load_address>0x4652</load_address>
         <run_address>0x4652</run_address>
         <size>0x4</size>
         <input_file_ref idref="fl-e"/>
      </object_component>
      <object_component id="oc-28c">
         <name>.text:QEIPositionGet</name>
         <load_address>0x4656</load_address>
         <run_address>0x4656</run_address>
         <size>0x4</size>
         <input_file_ref idref="fl-11"/>
      </object_component>
      <object_component id="oc-274">
         <name>.text:QEIPositionSet</name>
         <load_address>0x465a</load_address>
         <run_address>0x465a</run_address>
         <size>0x4</size>
         <input_file_ref idref="fl-11"/>
      </object_component>
      <object_component id="oc-86">
         <name>.text:TimerIntClear</name>
         <load_address>0x465e</load_address>
         <run_address>0x465e</run_address>
         <size>0x4</size>
         <input_file_ref idref="fl-13"/>
      </object_component>
      <object_component id="oc-7a">
         <name>.text:UARTIntClear</name>
         <load_address>0x4662</load_address>
         <run_address>0x4662</run_address>
         <size>0x4</size>
         <input_file_ref idref="fl-14"/>
      </object_component>
      <object_component id="oc-1a2">
         <name>.text:_system_pre_init</name>
         <load_address>0x4666</load_address>
         <run_address>0x4666</run_address>
         <size>0x4</size>
         <input_file_ref idref="fl-e9"/>
      </object_component>
      <object_component id="oc-34d">
         <name>.text:abort:abort</name>
         <load_address>0x466a</load_address>
         <run_address>0x466a</run_address>
         <size>0x4</size>
         <input_file_ref idref="fl-eb"/>
      </object_component>
      <object_component id="oc-438">
         <name>.const:$O1$$</name>
         <load_address>0x4670</load_address>
         <run_address>0x4670</run_address>
         <size>0x158</size>
         <input_file_ref idref="fl-de"/>
      </object_component>
      <object_component id="oc-41c">
         <name>.const:$O1$$</name>
         <load_address>0x47c8</load_address>
         <run_address>0x47c8</run_address>
         <size>0x98</size>
         <input_file_ref idref="fl-ce"/>
      </object_component>
      <object_component id="oc-299">
         <name>.const:g_pui32GPIOBaseAddrs</name>
         <load_address>0x4860</load_address>
         <run_address>0x4860</run_address>
         <size>0x90</size>
         <input_file_ref idref="fl-d"/>
      </object_component>
      <object_component id="oc-213">
         <name>.const</name>
         <load_address>0x48f0</load_address>
         <run_address>0x48f0</run_address>
         <size>0x70</size>
         <input_file_ref idref="fl-f"/>
      </object_component>
      <object_component id="oc-221">
         <name>.const:g_pui32Xtals</name>
         <load_address>0x4960</load_address>
         <run_address>0x4960</run_address>
         <size>0x6c</size>
         <input_file_ref idref="fl-12"/>
      </object_component>
      <object_component id="oc-2ff">
         <name>.const</name>
         <load_address>0x49cc</load_address>
         <run_address>0x49cc</run_address>
         <size>0x20</size>
         <input_file_ref idref="fl-17"/>
      </object_component>
      <object_component id="oc-138">
         <name>.const</name>
         <load_address>0x49ec</load_address>
         <run_address>0x49ec</run_address>
         <size>0x14</size>
         <input_file_ref idref="fl-3"/>
      </object_component>
      <object_component id="oc-3ee">
         <name>.const:.string</name>
         <load_address>0x4a00</load_address>
         <run_address>0x4a00</run_address>
         <size>0x12</size>
         <input_file_ref idref="fl-6"/>
      </object_component>
      <object_component id="oc-2c3">
         <name>.const:g_ui32UARTBase</name>
         <load_address>0x4a14</load_address>
         <run_address>0x4a14</run_address>
         <size>0xc</size>
         <input_file_ref idref="fl-6"/>
      </object_component>
      <object_component id="oc-2bd">
         <name>.const:g_ui32UARTPeriph</name>
         <load_address>0x4a20</load_address>
         <run_address>0x4a20</run_address>
         <size>0xc</size>
         <input_file_ref idref="fl-6"/>
      </object_component>
      <object_component id="oc-2cb">
         <name>.const</name>
         <load_address>0x4a2c</load_address>
         <run_address>0x4a2c</run_address>
         <size>0x4</size>
         <input_file_ref idref="fl-6"/>
      </object_component>
      <object_component id="oc-502">
         <name>__TI_handler_table</name>
         <load_address>0x4a30</load_address>
         <run_address>0x4a30</run_address>
         <size>0xc</size>
      </object_component>
      <object_component id="oc-504">
         <name>.cinit..data.load</name>
         <load_address>0x4a3c</load_address>
         <run_address>0x4a3c</run_address>
         <size>0xa</size>
      </object_component>
      <object_component id="oc-505">
         <name>.cinit..bss.load</name>
         <load_address>0x4a48</load_address>
         <run_address>0x4a48</run_address>
         <size>0x8</size>
      </object_component>
      <object_component id="oc-503">
         <name>__TI_cinit_table</name>
         <load_address>0x4a50</load_address>
         <run_address>0x4a50</run_address>
         <size>0x10</size>
      </object_component>
      <object_component id="oc-108">
         <name>.data</name>
         <load_address>0x200003cc</load_address>
         <run_address>0x200003cc</run_address>
         <size>0x6</size>
         <input_file_ref idref="fl-3"/>
      </object_component>
      <object_component id="oc-2c0">
         <name>.data</name>
         <load_address>0x200003d4</load_address>
         <run_address>0x200003d4</run_address>
         <size>0x5</size>
         <input_file_ref idref="fl-6"/>
      </object_component>
      <object_component id="oc-4bc">
         <name>.data</name>
         <load_address>0x200003dc</load_address>
         <run_address>0x200003dc</run_address>
         <size>0x4</size>
         <input_file_ref idref="fl-ee"/>
      </object_component>
      <object_component id="oc-12f">
         <name>.common:g_bMPU6050Done</name>
         <uninitialized>true</uninitialized>
         <run_address>0x200003c8</run_address>
         <size>0x1</size>
      </object_component>
      <object_component id="oc-10b">
         <name>.common:g_sI2CMSimpleInst</name>
         <uninitialized>true</uninitialized>
         <run_address>0x20000200</run_address>
         <size>0x124</size>
      </object_component>
      <object_component id="oc-122">
         <name>.common:ui32Load</name>
         <uninitialized>true</uninitialized>
         <run_address>0x200003b4</run_address>
         <size>0x4</size>
      </object_component>
      <object_component id="oc-121">
         <name>.common:ui32PWMClock</name>
         <uninitialized>true</uninitialized>
         <run_address>0x200003b8</run_address>
         <size>0x4</size>
      </object_component>
      <object_component id="oc-132">
         <name>.common:e_k</name>
         <uninitialized>true</uninitialized>
         <run_address>0x20000390</run_address>
         <size>0x4</size>
      </object_component>
      <object_component id="oc-133">
         <name>.common:w_k</name>
         <uninitialized>true</uninitialized>
         <run_address>0x200003c0</run_address>
         <size>0x4</size>
      </object_component>
      <object_component id="oc-135">
         <name>.common:e_d</name>
         <uninitialized>true</uninitialized>
         <run_address>0x2000038c</run_address>
         <size>0x4</size>
      </object_component>
      <object_component id="oc-136">
         <name>.common:E_k</name>
         <uninitialized>true</uninitialized>
         <run_address>0x20000374</run_address>
         <size>0x4</size>
      </object_component>
      <object_component id="oc-137">
         <name>.common:u_k</name>
         <uninitialized>true</uninitialized>
         <run_address>0x200003b0</run_address>
         <size>0x4</size>
      </object_component>
      <object_component id="oc-131">
         <name>.common:e_k_1</name>
         <uninitialized>true</uninitialized>
         <run_address>0x20000394</run_address>
         <size>0x4</size>
      </object_component>
      <object_component id="oc-130">
         <name>.common:E_k_1</name>
         <uninitialized>true</uninitialized>
         <run_address>0x20000378</run_address>
         <size>0x4</size>
      </object_component>
      <object_component id="oc-16e">
         <name>.common:encoder1_pos</name>
         <uninitialized>true</uninitialized>
         <run_address>0x20000398</run_address>
         <size>0x4</size>
      </object_component>
      <object_component id="oc-134">
         <name>.common:encoder1go</name>
         <uninitialized>true</uninitialized>
         <run_address>0x2000039c</run_address>
         <size>0x4</size>
      </object_component>
      <object_component id="oc-10c">
         <name>.common:ui32Period</name>
         <uninitialized>true</uninitialized>
         <run_address>0x200003bc</run_address>
         <size>0x4</size>
      </object_component>
      <object_component id="oc-16d">
         <name>.common:fAccel</name>
         <uninitialized>true</uninitialized>
         <run_address>0x2000035c</run_address>
         <size>0xc</size>
      </object_component>
      <object_component id="oc-15e">
         <name>.common:fGyro</name>
         <uninitialized>true</uninitialized>
         <run_address>0x20000368</run_address>
         <size>0xc</size>
      </object_component>
      <object_component id="oc-16c">
         <name>.common:sMPU6050</name>
         <uninitialized>true</uninitialized>
         <run_address>0x20000324</run_address>
         <size>0x38</size>
      </object_component>
      <object_component id="oc-16b">
         <name>.common:y</name>
         <uninitialized>true</uninitialized>
         <run_address>0x200003c4</run_address>
         <size>0x4</size>
      </object_component>
      <object_component id="oc-13e">
         <name>.common:thetagiro</name>
         <uninitialized>true</uninitialized>
         <run_address>0x200003a8</run_address>
         <size>0x4</size>
      </object_component>
      <object_component id="oc-13b">
         <name>.common:thetagiro_1</name>
         <uninitialized>true</uninitialized>
         <run_address>0x200003ac</run_address>
         <size>0x4</size>
      </object_component>
      <object_component id="oc-140">
         <name>.common:HPF</name>
         <uninitialized>true</uninitialized>
         <run_address>0x2000037c</run_address>
         <size>0x4</size>
      </object_component>
      <object_component id="oc-13d">
         <name>.common:HPF_1</name>
         <uninitialized>true</uninitialized>
         <run_address>0x20000380</run_address>
         <size>0x4</size>
      </object_component>
      <object_component id="oc-13f">
         <name>.common:LPF</name>
         <uninitialized>true</uninitialized>
         <run_address>0x20000384</run_address>
         <size>0x4</size>
      </object_component>
      <object_component id="oc-13c">
         <name>.common:LPF_1</name>
         <uninitialized>true</uninitialized>
         <run_address>0x20000388</run_address>
         <size>0x4</size>
      </object_component>
      <object_component id="oc-104">
         <name>.common:n</name>
         <uninitialized>true</uninitialized>
         <run_address>0x200003c9</run_address>
         <size>0x1</size>
      </object_component>
      <object_component id="oc-107">
         <name>.common:serial</name>
         <uninitialized>true</uninitialized>
         <run_address>0x200003a4</run_address>
         <size>0x4</size>
      </object_component>
      <object_component id="oc-16f">
         <name>.common:outtoservo</name>
         <uninitialized>true</uninitialized>
         <run_address>0x200003a0</run_address>
         <size>0x4</size>
      </object_component>
      <object_component id="oc-24">
         <name>.stack</name>
         <uninitialized>true</uninitialized>
         <run_address>0x20000000</run_address>
         <size>0x4</size>
         <input_file_ref idref="fl-df"/>
      </object_component>
      <object_component id="oc-507">
         <name>.stack</name>
         <uninitialized>true</uninitialized>
         <run_address>0x20000000</run_address>
         <size>0x0</size>
      </object_component>
      <object_component id="oc-33c">
         <name>.debug_info</name>
         <load_address>0x0</load_address>
         <run_address>0x0</run_address>
         <size>0x4f6</size>
         <input_file_ref idref="fl-2"/>
      </object_component>
      <object_component id="oc-c9">
         <name>.debug_info</name>
         <load_address>0x4f6</load_address>
         <run_address>0x4f6</run_address>
         <size>0x745</size>
         <input_file_ref idref="fl-2"/>
      </object_component>
      <object_component id="oc-17d">
         <name>.debug_info</name>
         <load_address>0xc3b</load_address>
         <run_address>0xc3b</run_address>
         <size>0x26b</size>
         <input_file_ref idref="fl-2"/>
      </object_component>
      <object_component id="oc-176">
         <name>.debug_info</name>
         <load_address>0xea6</load_address>
         <run_address>0xea6</run_address>
         <size>0x8b</size>
         <input_file_ref idref="fl-2"/>
      </object_component>
      <object_component id="oc-337">
         <name>.debug_info</name>
         <load_address>0xf31</load_address>
         <run_address>0xf31</run_address>
         <size>0x2a4</size>
         <input_file_ref idref="fl-2"/>
      </object_component>
      <object_component id="oc-171">
         <name>.debug_info</name>
         <load_address>0x11d5</load_address>
         <run_address>0x11d5</run_address>
         <size>0xef</size>
         <input_file_ref idref="fl-2"/>
      </object_component>
      <object_component id="oc-182">
         <name>.debug_info</name>
         <load_address>0x12c4</load_address>
         <run_address>0x12c4</run_address>
         <size>0xbb</size>
         <input_file_ref idref="fl-2"/>
      </object_component>
      <object_component id="oc-105">
         <name>.debug_info</name>
         <load_address>0x137f</load_address>
         <run_address>0x137f</run_address>
         <size>0xf96</size>
         <input_file_ref idref="fl-3"/>
      </object_component>
      <object_component id="oc-109">
         <name>.debug_info</name>
         <load_address>0x2315</load_address>
         <run_address>0x2315</run_address>
         <size>0x169</size>
         <input_file_ref idref="fl-3"/>
      </object_component>
      <object_component id="oc-139">
         <name>.debug_info</name>
         <load_address>0x247e</load_address>
         <run_address>0x247e</run_address>
         <size>0x12a</size>
         <input_file_ref idref="fl-3"/>
      </object_component>
      <object_component id="oc-2e">
         <name>.debug_info</name>
         <load_address>0x25a8</load_address>
         <run_address>0x25a8</run_address>
         <size>0xb9b</size>
         <input_file_ref idref="fl-3"/>
      </object_component>
      <object_component id="oc-2d7">
         <name>.debug_info</name>
         <load_address>0x3143</load_address>
         <run_address>0x3143</run_address>
         <size>0x4e6</size>
         <input_file_ref idref="fl-3"/>
      </object_component>
      <object_component id="oc-2dc">
         <name>.debug_info</name>
         <load_address>0x3629</load_address>
         <run_address>0x3629</run_address>
         <size>0x158</size>
         <input_file_ref idref="fl-3"/>
      </object_component>
      <object_component id="oc-2d0">
         <name>.debug_info</name>
         <load_address>0x3781</load_address>
         <run_address>0x3781</run_address>
         <size>0x2c</size>
         <input_file_ref idref="fl-3"/>
      </object_component>
      <object_component id="oc-c3">
         <name>.debug_info</name>
         <load_address>0x37ad</load_address>
         <run_address>0x37ad</run_address>
         <size>0x98f</size>
         <input_file_ref idref="fl-4"/>
      </object_component>
      <object_component id="oc-35">
         <name>.debug_info</name>
         <load_address>0x413c</load_address>
         <run_address>0x413c</run_address>
         <size>0x32f</size>
         <input_file_ref idref="fl-5"/>
      </object_component>
      <object_component id="oc-13">
         <name>.debug_info</name>
         <load_address>0x446b</load_address>
         <run_address>0x446b</run_address>
         <size>0xee</size>
         <input_file_ref idref="fl-5"/>
      </object_component>
      <object_component id="oc-2a">
         <name>.debug_info</name>
         <load_address>0x4559</load_address>
         <run_address>0x4559</run_address>
         <size>0x26a</size>
         <input_file_ref idref="fl-5"/>
      </object_component>
      <object_component id="oc-3c">
         <name>.debug_info</name>
         <load_address>0x47c3</load_address>
         <run_address>0x47c3</run_address>
         <size>0x84</size>
         <input_file_ref idref="fl-5"/>
      </object_component>
      <object_component id="oc-2cf">
         <name>.debug_info</name>
         <load_address>0x4847</load_address>
         <run_address>0x4847</run_address>
         <size>0x29a</size>
         <input_file_ref idref="fl-6"/>
      </object_component>
      <object_component id="oc-2c1">
         <name>.debug_info</name>
         <load_address>0x4ae1</load_address>
         <run_address>0x4ae1</run_address>
         <size>0xdb</size>
         <input_file_ref idref="fl-6"/>
      </object_component>
      <object_component id="oc-2cc">
         <name>.debug_info</name>
         <load_address>0x4bbc</load_address>
         <run_address>0x4bbc</run_address>
         <size>0xd5</size>
         <input_file_ref idref="fl-6"/>
      </object_component>
      <object_component id="oc-2c4">
         <name>.debug_info</name>
         <load_address>0x4c91</load_address>
         <run_address>0x4c91</run_address>
         <size>0xe3</size>
         <input_file_ref idref="fl-6"/>
      </object_component>
      <object_component id="oc-2be">
         <name>.debug_info</name>
         <load_address>0x4d74</load_address>
         <run_address>0x4d74</run_address>
         <size>0xe7</size>
         <input_file_ref idref="fl-6"/>
      </object_component>
      <object_component id="oc-ff">
         <name>.debug_info</name>
         <load_address>0x4e5b</load_address>
         <run_address>0x4e5b</run_address>
         <size>0x703</size>
         <input_file_ref idref="fl-6"/>
      </object_component>
      <object_component id="oc-29d">
         <name>.debug_info</name>
         <load_address>0x555e</load_address>
         <run_address>0x555e</run_address>
         <size>0x240</size>
         <input_file_ref idref="fl-d"/>
      </object_component>
      <object_component id="oc-29a">
         <name>.debug_info</name>
         <load_address>0x579e</load_address>
         <run_address>0x579e</run_address>
         <size>0x15b</size>
         <input_file_ref idref="fl-d"/>
      </object_component>
      <object_component id="oc-2a1">
         <name>.debug_info</name>
         <load_address>0x58f9</load_address>
         <run_address>0x58f9</run_address>
         <size>0x2b3</size>
         <input_file_ref idref="fl-d"/>
      </object_component>
      <object_component id="oc-2a7">
         <name>.debug_info</name>
         <load_address>0x5bac</load_address>
         <run_address>0x5bac</run_address>
         <size>0x316</size>
         <input_file_ref idref="fl-d"/>
      </object_component>
      <object_component id="oc-f5">
         <name>.debug_info</name>
         <load_address>0x5ec2</load_address>
         <run_address>0x5ec2</run_address>
         <size>0x27b</size>
         <input_file_ref idref="fl-d"/>
      </object_component>
      <object_component id="oc-259">
         <name>.debug_info</name>
         <load_address>0x613d</load_address>
         <run_address>0x613d</run_address>
         <size>0x279</size>
         <input_file_ref idref="fl-d"/>
      </object_component>
      <object_component id="oc-234">
         <name>.debug_info</name>
         <load_address>0x63b6</load_address>
         <run_address>0x63b6</run_address>
         <size>0x279</size>
         <input_file_ref idref="fl-d"/>
      </object_component>
      <object_component id="oc-dd">
         <name>.debug_info</name>
         <load_address>0x662f</load_address>
         <run_address>0x662f</run_address>
         <size>0x27f</size>
         <input_file_ref idref="fl-d"/>
      </object_component>
      <object_component id="oc-e3">
         <name>.debug_info</name>
         <load_address>0x68ae</load_address>
         <run_address>0x68ae</run_address>
         <size>0x279</size>
         <input_file_ref idref="fl-d"/>
      </object_component>
      <object_component id="oc-d7">
         <name>.debug_info</name>
         <load_address>0x6b27</load_address>
         <run_address>0x6b27</run_address>
         <size>0x280</size>
         <input_file_ref idref="fl-d"/>
      </object_component>
      <object_component id="oc-1b5">
         <name>.debug_info</name>
         <load_address>0x6da7</load_address>
         <run_address>0x6da7</run_address>
         <size>0x18b</size>
         <input_file_ref idref="fl-d"/>
      </object_component>
      <object_component id="oc-2b3">
         <name>.debug_info</name>
         <load_address>0x6f32</load_address>
         <run_address>0x6f32</run_address>
         <size>0x231</size>
         <input_file_ref idref="fl-e"/>
      </object_component>
      <object_component id="oc-39e">
         <name>.debug_info</name>
         <load_address>0x7163</load_address>
         <run_address>0x7163</run_address>
         <size>0x2ce</size>
         <input_file_ref idref="fl-e"/>
      </object_component>
      <object_component id="oc-2b6">
         <name>.debug_info</name>
         <load_address>0x7431</load_address>
         <run_address>0x7431</run_address>
         <size>0x29a</size>
         <input_file_ref idref="fl-e"/>
      </object_component>
      <object_component id="oc-1c0">
         <name>.debug_info</name>
         <load_address>0x76cb</load_address>
         <run_address>0x76cb</run_address>
         <size>0x252</size>
         <input_file_ref idref="fl-e"/>
      </object_component>
      <object_component id="oc-2ad">
         <name>.debug_info</name>
         <load_address>0x791d</load_address>
         <run_address>0x791d</run_address>
         <size>0x24e</size>
         <input_file_ref idref="fl-e"/>
      </object_component>
      <object_component id="oc-e7">
         <name>.debug_info</name>
         <load_address>0x7b6b</load_address>
         <run_address>0x7b6b</run_address>
         <size>0x2d5</size>
         <input_file_ref idref="fl-e"/>
      </object_component>
      <object_component id="oc-3a5">
         <name>.debug_info</name>
         <load_address>0x7e40</load_address>
         <run_address>0x7e40</run_address>
         <size>0x27e</size>
         <input_file_ref idref="fl-e"/>
      </object_component>
      <object_component id="oc-393">
         <name>.debug_info</name>
         <load_address>0x80be</load_address>
         <run_address>0x80be</run_address>
         <size>0x254</size>
         <input_file_ref idref="fl-e"/>
      </object_component>
      <object_component id="oc-1c6">
         <name>.debug_info</name>
         <load_address>0x8312</load_address>
         <run_address>0x8312</run_address>
         <size>0x27e</size>
         <input_file_ref idref="fl-e"/>
      </object_component>
      <object_component id="oc-217">
         <name>.debug_info</name>
         <load_address>0x8590</load_address>
         <run_address>0x8590</run_address>
         <size>0x20e</size>
         <input_file_ref idref="fl-f"/>
      </object_component>
      <object_component id="oc-214">
         <name>.debug_info</name>
         <load_address>0x879e</load_address>
         <run_address>0x879e</run_address>
         <size>0x210</size>
         <input_file_ref idref="fl-f"/>
      </object_component>
      <object_component id="oc-401">
         <name>.debug_info</name>
         <load_address>0x89ae</load_address>
         <run_address>0x89ae</run_address>
         <size>0x26a</size>
         <input_file_ref idref="fl-f"/>
      </object_component>
      <object_component id="oc-b2">
         <name>.debug_info</name>
         <load_address>0x8c18</load_address>
         <run_address>0x8c18</run_address>
         <size>0x23e</size>
         <input_file_ref idref="fl-f"/>
      </object_component>
      <object_component id="oc-3f5">
         <name>.debug_info</name>
         <load_address>0x8e56</load_address>
         <run_address>0x8e56</run_address>
         <size>0x2a1</size>
         <input_file_ref idref="fl-f"/>
      </object_component>
      <object_component id="oc-a6">
         <name>.debug_info</name>
         <load_address>0x90f7</load_address>
         <run_address>0x90f7</run_address>
         <size>0x268</size>
         <input_file_ref idref="fl-f"/>
      </object_component>
      <object_component id="oc-3fb">
         <name>.debug_info</name>
         <load_address>0x935f</load_address>
         <run_address>0x935f</run_address>
         <size>0x26a</size>
         <input_file_ref idref="fl-f"/>
      </object_component>
      <object_component id="oc-3c7">
         <name>.debug_info</name>
         <load_address>0x95c9</load_address>
         <run_address>0x95c9</run_address>
         <size>0x1ed</size>
         <input_file_ref idref="fl-10"/>
      </object_component>
      <object_component id="oc-250">
         <name>.debug_info</name>
         <load_address>0x97b6</load_address>
         <run_address>0x97b6</run_address>
         <size>0x2f6</size>
         <input_file_ref idref="fl-10"/>
      </object_component>
      <object_component id="oc-24a">
         <name>.debug_info</name>
         <load_address>0x9aac</load_address>
         <run_address>0x9aac</run_address>
         <size>0x2c4</size>
         <input_file_ref idref="fl-10"/>
      </object_component>
      <object_component id="oc-23e">
         <name>.debug_info</name>
         <load_address>0x9d70</load_address>
         <run_address>0x9d70</run_address>
         <size>0x2b6</size>
         <input_file_ref idref="fl-10"/>
      </object_component>
      <object_component id="oc-245">
         <name>.debug_info</name>
         <load_address>0xa026</load_address>
         <run_address>0xa026</run_address>
         <size>0x276</size>
         <input_file_ref idref="fl-10"/>
      </object_component>
      <object_component id="oc-239">
         <name>.debug_info</name>
         <load_address>0xa29c</load_address>
         <run_address>0xa29c</run_address>
         <size>0x2b3</size>
         <input_file_ref idref="fl-10"/>
      </object_component>
      <object_component id="oc-3ce">
         <name>.debug_info</name>
         <load_address>0xa54f</load_address>
         <run_address>0xa54f</run_address>
         <size>0x1e8</size>
         <input_file_ref idref="fl-11"/>
      </object_component>
      <object_component id="oc-275">
         <name>.debug_info</name>
         <load_address>0xa737</load_address>
         <run_address>0xa737</run_address>
         <size>0x28b</size>
         <input_file_ref idref="fl-11"/>
      </object_component>
      <object_component id="oc-28f">
         <name>.debug_info</name>
         <load_address>0xa9c2</load_address>
         <run_address>0xa9c2</run_address>
         <size>0x24d</size>
         <input_file_ref idref="fl-11"/>
      </object_component>
      <object_component id="oc-264">
         <name>.debug_info</name>
         <load_address>0xac0f</load_address>
         <run_address>0xac0f</run_address>
         <size>0x28c</size>
         <input_file_ref idref="fl-11"/>
      </object_component>
      <object_component id="oc-287">
         <name>.debug_info</name>
         <load_address>0xae9b</load_address>
         <run_address>0xae9b</run_address>
         <size>0x24e</size>
         <input_file_ref idref="fl-11"/>
      </object_component>
      <object_component id="oc-27c">
         <name>.debug_info</name>
         <load_address>0xb0e9</load_address>
         <run_address>0xb0e9</run_address>
         <size>0x250</size>
         <input_file_ref idref="fl-11"/>
      </object_component>
      <object_component id="oc-282">
         <name>.debug_info</name>
         <load_address>0xb339</load_address>
         <run_address>0xb339</run_address>
         <size>0x292</size>
         <input_file_ref idref="fl-11"/>
      </object_component>
      <object_component id="oc-270">
         <name>.debug_info</name>
         <load_address>0xb5cb</load_address>
         <run_address>0xb5cb</run_address>
         <size>0x23f</size>
         <input_file_ref idref="fl-11"/>
      </object_component>
      <object_component id="oc-25e">
         <name>.debug_info</name>
         <load_address>0xb80a</load_address>
         <run_address>0xb80a</run_address>
         <size>0x241</size>
         <input_file_ref idref="fl-11"/>
      </object_component>
      <object_component id="oc-26a">
         <name>.debug_info</name>
         <load_address>0xba4b</load_address>
         <run_address>0xba4b</run_address>
         <size>0x2cd</size>
         <input_file_ref idref="fl-11"/>
      </object_component>
      <object_component id="oc-210">
         <name>.debug_info</name>
         <load_address>0xbd18</load_address>
         <run_address>0xbd18</run_address>
         <size>0x298</size>
         <input_file_ref idref="fl-12"/>
      </object_component>
      <object_component id="oc-222">
         <name>.debug_info</name>
         <load_address>0xbfb0</load_address>
         <run_address>0xbfb0</run_address>
         <size>0x14d</size>
         <input_file_ref idref="fl-12"/>
      </object_component>
      <object_component id="oc-d1">
         <name>.debug_info</name>
         <load_address>0xc0fd</load_address>
         <run_address>0xc0fd</run_address>
         <size>0x295</size>
         <input_file_ref idref="fl-12"/>
      </object_component>
      <object_component id="oc-22e">
         <name>.debug_info</name>
         <load_address>0xc392</load_address>
         <run_address>0xc392</run_address>
         <size>0x27f</size>
         <input_file_ref idref="fl-12"/>
      </object_component>
      <object_component id="oc-95">
         <name>.debug_info</name>
         <load_address>0xc611</load_address>
         <run_address>0xc611</run_address>
         <size>0x27d</size>
         <input_file_ref idref="fl-12"/>
      </object_component>
      <object_component id="oc-227">
         <name>.debug_info</name>
         <load_address>0xc88e</load_address>
         <run_address>0xc88e</run_address>
         <size>0x263</size>
         <input_file_ref idref="fl-12"/>
      </object_component>
      <object_component id="oc-be">
         <name>.debug_info</name>
         <load_address>0xcaf1</load_address>
         <run_address>0xcaf1</run_address>
         <size>0x2b5</size>
         <input_file_ref idref="fl-12"/>
      </object_component>
      <object_component id="oc-3b7">
         <name>.debug_info</name>
         <load_address>0xcda6</load_address>
         <run_address>0xcda6</run_address>
         <size>0x5f</size>
         <input_file_ref idref="fl-12"/>
      </object_component>
      <object_component id="oc-1be">
         <name>.debug_info</name>
         <load_address>0xce05</load_address>
         <run_address>0xce05</run_address>
         <size>0x223</size>
         <input_file_ref idref="fl-13"/>
      </object_component>
      <object_component id="oc-9f">
         <name>.debug_info</name>
         <load_address>0xd028</load_address>
         <run_address>0xd028</run_address>
         <size>0x2ba</size>
         <input_file_ref idref="fl-13"/>
      </object_component>
      <object_component id="oc-ab">
         <name>.debug_info</name>
         <load_address>0xd2e2</load_address>
         <run_address>0xd2e2</run_address>
         <size>0x294</size>
         <input_file_ref idref="fl-13"/>
      </object_component>
      <object_component id="oc-87">
         <name>.debug_info</name>
         <load_address>0xd576</load_address>
         <run_address>0xd576</run_address>
         <size>0x292</size>
         <input_file_ref idref="fl-13"/>
      </object_component>
      <object_component id="oc-b7">
         <name>.debug_info</name>
         <load_address>0xd808</load_address>
         <run_address>0xd808</run_address>
         <size>0x27f</size>
         <input_file_ref idref="fl-13"/>
      </object_component>
      <object_component id="oc-99">
         <name>.debug_info</name>
         <load_address>0xda87</load_address>
         <run_address>0xda87</run_address>
         <size>0x28c</size>
         <input_file_ref idref="fl-13"/>
      </object_component>
      <object_component id="oc-1ba">
         <name>.debug_info</name>
         <load_address>0xdd13</load_address>
         <run_address>0xdd13</run_address>
         <size>0x227</size>
         <input_file_ref idref="fl-14"/>
      </object_component>
      <object_component id="oc-75">
         <name>.debug_info</name>
         <load_address>0xdf3a</load_address>
         <run_address>0xdf3a</run_address>
         <size>0x27f</size>
         <input_file_ref idref="fl-14"/>
      </object_component>
      <object_component id="oc-7b">
         <name>.debug_info</name>
         <load_address>0xe1b9</load_address>
         <run_address>0xe1b9</run_address>
         <size>0x28d</size>
         <input_file_ref idref="fl-14"/>
      </object_component>
      <object_component id="oc-fa">
         <name>.debug_info</name>
         <load_address>0xe446</load_address>
         <run_address>0xe446</run_address>
         <size>0x291</size>
         <input_file_ref idref="fl-14"/>
      </object_component>
      <object_component id="oc-81">
         <name>.debug_info</name>
         <load_address>0xe6d7</load_address>
         <run_address>0xe6d7</run_address>
         <size>0x24d</size>
         <input_file_ref idref="fl-14"/>
      </object_component>
      <object_component id="oc-21a">
         <name>.debug_info</name>
         <load_address>0xe924</load_address>
         <run_address>0xe924</run_address>
         <size>0x212</size>
         <input_file_ref idref="fl-15"/>
      </object_component>
      <object_component id="oc-20e">
         <name>.debug_info</name>
         <load_address>0xeb36</load_address>
         <run_address>0xeb36</run_address>
         <size>0x44b</size>
         <input_file_ref idref="fl-16"/>
      </object_component>
      <object_component id="oc-2e8">
         <name>.debug_info</name>
         <load_address>0xef81</load_address>
         <run_address>0xef81</run_address>
         <size>0x484</size>
         <input_file_ref idref="fl-16"/>
      </object_component>
      <object_component id="oc-410">
         <name>.debug_info</name>
         <load_address>0xf405</load_address>
         <run_address>0xf405</run_address>
         <size>0x2f2</size>
         <input_file_ref idref="fl-16"/>
      </object_component>
      <object_component id="oc-2f6">
         <name>.debug_info</name>
         <load_address>0xf6f7</load_address>
         <run_address>0xf6f7</run_address>
         <size>0x3a4</size>
         <input_file_ref idref="fl-16"/>
      </object_component>
      <object_component id="oc-1cc">
         <name>.debug_info</name>
         <load_address>0xfa9b</load_address>
         <run_address>0xfa9b</run_address>
         <size>0x32c</size>
         <input_file_ref idref="fl-16"/>
      </object_component>
      <object_component id="oc-1d2">
         <name>.debug_info</name>
         <load_address>0xfdc7</load_address>
         <run_address>0xfdc7</run_address>
         <size>0x2a1</size>
         <input_file_ref idref="fl-16"/>
      </object_component>
      <object_component id="oc-1d8">
         <name>.debug_info</name>
         <load_address>0x10068</load_address>
         <run_address>0x10068</run_address>
         <size>0x2ba</size>
         <input_file_ref idref="fl-16"/>
      </object_component>
      <object_component id="oc-1de">
         <name>.debug_info</name>
         <load_address>0x10322</load_address>
         <run_address>0x10322</run_address>
         <size>0x2c7</size>
         <input_file_ref idref="fl-16"/>
      </object_component>
      <object_component id="oc-1e4">
         <name>.debug_info</name>
         <load_address>0x105e9</load_address>
         <run_address>0x105e9</run_address>
         <size>0x2c5</size>
         <input_file_ref idref="fl-16"/>
      </object_component>
      <object_component id="oc-1ea">
         <name>.debug_info</name>
         <load_address>0x108ae</load_address>
         <run_address>0x108ae</run_address>
         <size>0x2bf</size>
         <input_file_ref idref="fl-16"/>
      </object_component>
      <object_component id="oc-1f0">
         <name>.debug_info</name>
         <load_address>0x10b6d</load_address>
         <run_address>0x10b6d</run_address>
         <size>0x2bb</size>
         <input_file_ref idref="fl-16"/>
      </object_component>
      <object_component id="oc-1f6">
         <name>.debug_info</name>
         <load_address>0x10e28</load_address>
         <run_address>0x10e28</run_address>
         <size>0x2ea</size>
         <input_file_ref idref="fl-16"/>
      </object_component>
      <object_component id="oc-1fc">
         <name>.debug_info</name>
         <load_address>0x11112</load_address>
         <run_address>0x11112</run_address>
         <size>0x2e0</size>
         <input_file_ref idref="fl-16"/>
      </object_component>
      <object_component id="oc-202">
         <name>.debug_info</name>
         <load_address>0x113f2</load_address>
         <run_address>0x113f2</run_address>
         <size>0x2c7</size>
         <input_file_ref idref="fl-16"/>
      </object_component>
      <object_component id="oc-208">
         <name>.debug_info</name>
         <load_address>0x116b9</load_address>
         <run_address>0x116b9</run_address>
         <size>0x32d</size>
         <input_file_ref idref="fl-16"/>
      </object_component>
      <object_component id="oc-8d">
         <name>.debug_info</name>
         <load_address>0x119e6</load_address>
         <run_address>0x119e6</run_address>
         <size>0x3f3</size>
         <input_file_ref idref="fl-16"/>
      </object_component>
      <object_component id="oc-ed">
         <name>.debug_info</name>
         <load_address>0x11dd9</load_address>
         <run_address>0x11dd9</run_address>
         <size>0x350</size>
         <input_file_ref idref="fl-16"/>
      </object_component>
      <object_component id="oc-3b0">
         <name>.debug_info</name>
         <load_address>0x12129</load_address>
         <run_address>0x12129</run_address>
         <size>0x4e6</size>
         <input_file_ref idref="fl-16"/>
      </object_component>
      <object_component id="oc-2f4">
         <name>.debug_info</name>
         <load_address>0x1260f</load_address>
         <run_address>0x1260f</run_address>
         <size>0x374</size>
         <input_file_ref idref="fl-17"/>
      </object_component>
      <object_component id="oc-300">
         <name>.debug_info</name>
         <load_address>0x12983</load_address>
         <run_address>0x12983</run_address>
         <size>0x19c</size>
         <input_file_ref idref="fl-17"/>
      </object_component>
      <object_component id="oc-12a">
         <name>.debug_info</name>
         <load_address>0x12b1f</load_address>
         <run_address>0x12b1f</run_address>
         <size>0x34f</size>
         <input_file_ref idref="fl-17"/>
      </object_component>
      <object_component id="oc-124">
         <name>.debug_info</name>
         <load_address>0x12e6e</load_address>
         <run_address>0x12e6e</run_address>
         <size>0x334</size>
         <input_file_ref idref="fl-17"/>
      </object_component>
      <object_component id="oc-142">
         <name>.debug_info</name>
         <load_address>0x131a2</load_address>
         <run_address>0x131a2</run_address>
         <size>0x2f0</size>
         <input_file_ref idref="fl-17"/>
      </object_component>
      <object_component id="oc-14e">
         <name>.debug_info</name>
[...]
         <object_component_ref idref="oc-108"/>
      </symbol>
      <symbol id="sm-142">
         <name>PWMinit</name>
         <value>0xa27</value>
         <object_component_ref idref="oc-2d"/>
      </symbol>
      <symbol id="sm-143">
         <name>TIMER0en</name>
         <value>0xa67</value>
         <object_component_ref idref="oc-2d"/>
      </symbol>
      <symbol id="sm-144">
         <name>I2CMSimpleIntHandler</name>
         <value>0x9db</value>
         <object_component_ref idref="oc-2d"/>
      </symbol>
      <symbol id="sm-145">
         <name>TIMER0init</name>
         <value>0x9e5</value>
         <object_component_ref idref="oc-2d"/>
      </symbol>
      <symbol id="sm-169">
         <name>motor1_configure</name>
         <value>0x242d</value>
         <object_component_ref idref="oc-c2"/>
      </symbol>
      <symbol id="sm-16a">
         <name>motor2_configure</name>
         <value>0x249f</value>
         <object_component_ref idref="oc-c2"/>
      </symbol>
      <symbol id="sm-16b">
         <name>motor_velocity_write</name>
         <value>0x2511</value>
         <object_component_ref idref="oc-c2"/>
      </symbol>
      <symbol id="sm-18c">
         <name>ResetISR</name>
         <value>0x45c1</value>
         <object_component_ref idref="oc-27"/>
      </symbol>
      <symbol id="sm-18d">
         <name>g_pfnVectors</name>
         <value>0x0</value>
         <object_component_ref idref="oc-12"/>
      </symbol>
      <symbol id="sm-1fe">
         <name>UARTgetc</name>
         <value>0x1ddd</value>
         <object_component_ref idref="oc-fe"/>
      </symbol>
      <symbol id="sm-1ff">
         <name>UARTgets</name>
         <value>0x1d17</value>
         <object_component_ref idref="oc-fe"/>
      </symbol>
      <symbol id="sm-200">
         <name>UARTStdioConfig</name>
         <value>0x1c65</value>
         <object_component_ref idref="oc-fe"/>
      </symbol>
      <symbol id="sm-201">
         <name>UARTwrite</name>
         <value>0x1cc5</value>
         <object_component_ref idref="oc-fe"/>
      </symbol>
      <symbol id="sm-202">
         <name>UARTprintf</name>
         <value>0x210b</value>
         <object_component_ref idref="oc-fe"/>
      </symbol>
      <symbol id="sm-203">
         <name>UARTvprintf</name>
         <value>0x1e11</value>
         <object_component_ref idref="oc-fe"/>
      </symbol>
      <symbol id="sm-25a">
         <name>GPIOPinTypePWM</name>
         <value>0x44ed</value>
         <object_component_ref idref="oc-231"/>
      </symbol>
      <symbol id="sm-25b">
         <name>GPIOPinConfigure</name>
         <value>0x4035</value>
         <object_component_ref idref="oc-d4"/>
      </symbol>
      <symbol id="sm-25c">
         <name>GPIOPinTypeI2CSCL</name>
         <value>0x44db</value>
         <object_component_ref idref="oc-da"/>
      </symbol>
      <symbol id="sm-25d">
         <name>GPIOPinTypeI2C</name>
         <value>0x44c9</value>
         <object_component_ref idref="oc-e0"/>
      </symbol>
      <symbol id="sm-25e">
         <name>GPIOPinTypeUART</name>
         <value>0x4511</value>
         <object_component_ref idref="oc-f2"/>
      </symbol>
      <symbol id="sm-25f">
         <name>GPIODirModeSet</name>
         <value>0x438f</value>
         <object_component_ref idref="oc-29e"/>
      </symbol>
      <symbol id="sm-260">
         <name>GPIOPinTypeQEI</name>
         <value>0x44ff</value>
         <object_component_ref idref="oc-256"/>
      </symbol>
      <symbol id="sm-261">
         <name>GPIOPadConfigSet</name>
         <value>0x2f8b</value>
         <object_component_ref idref="oc-2a4"/>
      </symbol>
      <symbol id="sm-2aa">
         <name>I2CMasterDataPut</name>
         <value>0x4653</value>
         <object_component_ref idref="oc-3a4"/>
      </symbol>
      <symbol id="sm-2ab">
         <name>I2CMasterInitExpClk</name>
         <value>0x3f51</value>
         <object_component_ref idref="oc-e6"/>
      </symbol>
      <symbol id="sm-2ac">
         <name>I2CMasterSlaveAddrSet</name>
         <value>0x462d</value>
         <object_component_ref idref="oc-39c"/>
      </symbol>
      <symbol id="sm-2ad">
         <name>I2CMasterDataGet</name>
         <value>0x464f</value>
         <object_component_ref idref="oc-392"/>
      </symbol>
      <symbol id="sm-2ae">
         <name>I2CMasterIntEnableEx</name>
         <value>0x4625</value>
         <object_component_ref idref="oc-2b4"/>
      </symbol>
      <symbol id="sm-2af">
         <name>I2CMasterControl</name>
         <value>0x464b</value>
         <object_component_ref idref="oc-1c5"/>
      </symbol>
      <symbol id="sm-2b0">
         <name>I2CMasterEnable</name>
         <value>0x45cd</value>
         <object_component_ref idref="oc-2ac"/>
      </symbol>
      <symbol id="sm-2b1">
         <name>I2CMasterIntClear</name>
         <value>0x461d</value>
         <object_component_ref idref="oc-1bf"/>
      </symbol>
      <symbol id="sm-30f">
         <name>IntIsEnabled</name>
         <value>0x3c7d</value>
         <object_component_ref idref="oc-3f3"/>
      </symbol>
      <symbol id="sm-310">
         <name>IntEnable</name>
         <value>0x3bad</value>
         <object_component_ref idref="oc-a4"/>
      </symbol>
      <symbol id="sm-311">
         <name>IntTrigger</name>
         <value>0x459d</value>
         <object_component_ref idref="oc-3ff"/>
      </symbol>
      <symbol id="sm-312">
         <name>IntDisable</name>
         <value>0x3b45</value>
         <object_component_ref idref="oc-3f9"/>
      </symbol>
      <symbol id="sm-313">
         <name>IntMasterEnable</name>
         <value>0x4547</value>
         <object_component_ref idref="oc-b0"/>
      </symbol>
      <symbol id="sm-340">
         <name>PWMGenPeriodSet</name>
         <value>0x4557</value>
         <object_component_ref idref="oc-23d"/>
      </symbol>
      <symbol id="sm-341">
         <name>PWMPulseWidthSet</name>
         <value>0x4445</value>
         <object_component_ref idref="oc-24f"/>
      </symbol>
      <symbol id="sm-342">
         <name>PWMOutputState</name>
         <value>0x4523</value>
         <object_component_ref idref="oc-249"/>
      </symbol>
      <symbol id="sm-343">
         <name>PWMGenEnable</name>
         <value>0x45a9</value>
         <object_component_ref idref="oc-243"/>
      </symbol>
      <symbol id="sm-344">
         <name>PWMGenConfigure</name>
         <value>0x43e3</value>
         <object_component_ref idref="oc-237"/>
      </symbol>
      <symbol id="sm-391">
         <name>QEIPositionGet</name>
         <value>0x4657</value>
         <object_component_ref idref="oc-28c"/>
      </symbol>
      <symbol id="sm-392">
         <name>QEIFilterConfigure</name>
         <value>0x45b5</value>
         <object_component_ref idref="oc-280"/>
      </symbol>
      <symbol id="sm-393">
         <name>QEIIntDisable</name>
         <value>0x45ff</value>
         <object_component_ref idref="oc-262"/>
      </symbol>
      <symbol id="sm-394">
         <name>QEIFilterEnable</name>
         <value>0x45f5</value>
         <object_component_ref idref="oc-286"/>
      </symbol>
      <symbol id="sm-395">
         <name>QEIDisable</name>
         <value>0x45d7</value>
         <object_component_ref idref="oc-25c"/>
      </symbol>
      <symbol id="sm-396">
         <name>QEIFilterDisable</name>
         <value>0x45eb</value>
         <object_component_ref idref="oc-27a"/>
      </symbol>
      <symbol id="sm-397">
         <name>QEIEnable</name>
         <value>0x45e1</value>
         <object_component_ref idref="oc-26e"/>
      </symbol>
      <symbol id="sm-398">
         <name>QEIPositionSet</name>
         <value>0x465b</value>
         <object_component_ref idref="oc-274"/>
      </symbol>
      <symbol id="sm-399">
         <name>QEIConfigure</name>
         <value>0x4567</value>
         <object_component_ref idref="oc-268"/>
      </symbol>
      <symbol id="sm-3f4">
         <name>SysCtlPeripheralEnable</name>
         <value>0x42f9</value>
         <object_component_ref idref="oc-92"/>
      </symbol>
      <symbol id="sm-3f5">
         <name>SysCtlClockGet</name>
         <value>0x30bd</value>
         <object_component_ref idref="oc-bc"/>
      </symbol>
      <symbol id="sm-3f6">
         <name>SysCtlPWMClockSet</name>
         <value>0x44b5</value>
         <object_component_ref idref="oc-225"/>
      </symbol>
      <symbol id="sm-3f7">
         <name>SysCtlPeripheralReady</name>
         <value>0x4255</value>
         <object_component_ref idref="oc-22b"/>
      </symbol>
      <symbol id="sm-3f8">
         <name>SysCtlPeripheralReset</name>
         <value>0x3f01</value>
         <object_component_ref idref="oc-ce"/>
      </symbol>
      <symbol id="sm-42c">
         <name>TimerLoadSet</name>
         <value>0x4535</value>
         <object_component_ref idref="oc-9e"/>
      </symbol>
      <symbol id="sm-42d">
         <name>TimerEnable</name>
         <value>0x4575</value>
         <object_component_ref idref="oc-b6"/>
      </symbol>
      <symbol id="sm-42e">
         <name>TimerIntEnable</name>
         <value>0x4635</value>
         <object_component_ref idref="oc-aa"/>
      </symbol>
      <symbol id="sm-42f">
         <name>TimerConfigure</name>
         <value>0x3d41</value>
         <object_component_ref idref="oc-98"/>
      </symbol>
      <symbol id="sm-430">
         <name>TimerIntClear</name>
         <value>0x465f</value>
         <object_component_ref idref="oc-86"/>
      </symbol>
      <symbol id="sm-456">
         <name>UARTClockSourceSet</name>
         <value>0x4645</value>
         <object_component_ref idref="oc-f8"/>
      </symbol>
      <symbol id="sm-457">
         <name>UARTIntClear</name>
         <value>0x4663</value>
         <object_component_ref idref="oc-7a"/>
      </symbol>
      <symbol id="sm-458">
         <name>UARTIntStatus</name>
         <value>0x4613</value>
         <object_component_ref idref="oc-74"/>
      </symbol>
      <symbol id="sm-459">
         <name>UARTCharGet</name>
         <value>0x4609</value>
         <object_component_ref idref="oc-80"/>
      </symbol>
      <symbol id="sm-463">
         <name>CPUcpsie</name>
         <value>0x4591</value>
         <object_component_ref idref="oc-219"/>
      </symbol>
      <symbol id="sm-539">
         <name>I2CMCommand</name>
         <value>0x37e9</value>
         <object_component_ref idref="oc-2e7"/>
      </symbol>
      <symbol id="sm-53a">
         <name>I2CMInit</name>
         <value>0x42c5</value>
         <object_component_ref idref="oc-ec"/>
      </symbol>
      <symbol id="sm-53b">
         <name>I2CMReadModifyWrite8</name>
         <value>0x397d</value>
         <object_component_ref idref="oc-2f5"/>
      </symbol>
      <symbol id="sm-53c">
         <name>I2CMIntHandler</name>
         <value>0x34d1</value>
         <object_component_ref idref="oc-8c"/>
      </symbol>
      <symbol id="sm-59f">
         <name>MPU6050DataGyroGetFloat</name>
         <value>0x3a65</value>
         <object_component_ref idref="oc-14d"/>
      </symbol>
      <symbol id="sm-5a0">
         <name>MPU6050DataAccelGetFloat</name>
         <value>0x39f5</value>
         <object_component_ref idref="oc-147"/>
      </symbol>
      <symbol id="sm-5a1">
         <name>MPU6050DataRead</name>
         <value>0x3e5d</value>
         <object_component_ref idref="oc-141"/>
      </symbol>
      <symbol id="sm-5a2">
         <name>MPU6050Init</name>
         <value>0x3e01</value>
         <object_component_ref idref="oc-123"/>
      </symbol>
      <symbol id="sm-5a3">
         <name>MPU6050ReadModifyWrite</name>
         <value>0x3f9d</value>
         <object_component_ref idref="oc-129"/>
      </symbol>
      <symbol id="sm-5e5">
         <name>atan2</name>
         <value>0x2615</value>
         <object_component_ref idref="oc-153"/>
      </symbol>
      <symbol id="sm-5e6">
         <name>atan2l</name>
         <value>0x2615</value>
         <object_component_ref idref="oc-153"/>
      </symbol>
      <symbol id="sm-61c">
         <name>atanl</name>
         <value>0x2141</value>
         <object_component_ref idref="oc-304"/>
      </symbol>
      <symbol id="sm-61d">
         <name>atan</name>
         <value>0x2141</value>
         <object_component_ref idref="oc-304"/>
      </symbol>
      <symbol id="sm-66e">
         <name>cosl</name>
         <value>0x10c5</value>
         <object_component_ref idref="oc-165"/>
      </symbol>
      <symbol id="sm-66f">
         <name>cos</name>
         <value>0x10c5</value>
         <object_component_ref idref="oc-165"/>
      </symbol>
      <symbol id="sm-6bb">
         <name>sin</name>
         <value>0x16a1</value>
         <object_component_ref idref="oc-15f"/>
      </symbol>
      <symbol id="sm-6bc">
         <name>sinl</name>
         <value>0x16a1</value>
         <object_component_ref idref="oc-15f"/>
      </symbol>
      <symbol id="sm-6cb">
         <name>__aeabi_uidivmod</name>
         <value>0x41d7</value>
         <object_component_ref idref="oc-2c6"/>
      </symbol>
      <symbol id="sm-6cc">
         <name>__aeabi_uidiv</name>
         <value>0x41d7</value>
         <object_component_ref idref="oc-2c6"/>
      </symbol>
      <symbol id="sm-6e3">
         <name>__aeabi_dsub</name>
         <value>0x29bd</value>
         <object_component_ref idref="oc-117"/>
      </symbol>
      <symbol id="sm-6e4">
         <name>__aeabi_dadd</name>
         <value>0x29c7</value>
         <object_component_ref idref="oc-117"/>
      </symbol>
      <symbol id="sm-706">
         <name>__aeabi_cdcmpeq</name>
         <value>0x3871</value>
         <object_component_ref idref="oc-322"/>
      </symbol>
      <symbol id="sm-707">
         <name>__aeabi_cdcmple</name>
         <value>0x3871</value>
         <object_component_ref idref="oc-322"/>
      </symbol>
      <symbol id="sm-708">
         <name>__aeabi_cdrcmple</name>
         <value>0x38f7</value>
         <object_component_ref idref="oc-417"/>
      </symbol>
      <symbol id="sm-71c">
         <name>__aeabi_ddiv</name>
         <value>0x2e55</value>
         <object_component_ref idref="oc-159"/>
      </symbol>
      <symbol id="sm-727">
         <name>__aeabi_dmul</name>
         <value>0x32dd</value>
         <object_component_ref idref="oc-112"/>
      </symbol>
      <symbol id="sm-731">
         <name>__aeabi_d2iz</name>
         <value>0x40c5</value>
         <object_component_ref idref="oc-312"/>
      </symbol>
      <symbol id="sm-73d">
         <name>__aeabi_d2f</name>
         <value>0x3ad5</value>
         <object_component_ref idref="oc-11c"/>
      </symbol>
      <symbol id="sm-748">
         <name>__aeabi_f2d</name>
         <value>0x428d</value>
         <object_component_ref idref="oc-10d"/>
      </symbol>
      <symbol id="sm-752">
         <name>__aeabi_i2d</name>
         <value>0x4361</value>
         <object_component_ref idref="oc-31d"/>
      </symbol>
      <symbol id="sm-75c">
         <name>__aeabi_ui2d</name>
         <value>0x4425</value>
         <object_component_ref idref="oc-292"/>
      </symbol>
      <symbol id="sm-775">
         <name>__TI_zero_init_nomemset</name>
         <value>0x4463</value>
         <object_component_ref idref="oc-4d"/>
      </symbol>
      <symbol id="sm-78c">
         <name>__TI_decompress_none</name>
         <value>0x4583</value>
         <object_component_ref idref="oc-1b"/>
      </symbol>
      <symbol id="sm-7af">
         <name>__TI_decompress_lzss</name>
         <value>0x3c15</value>
         <object_component_ref idref="oc-15"/>
      </symbol>
      <symbol id="sm-81f">
         <name>__kernel_rem_pio2</name>
         <value>0x26d</value>
         <object_component_ref idref="oc-327"/>
      </symbol>
      <symbol id="sm-832">
         <name>__stack</name>
         <value>0x20000000</value>
         <object_component_ref idref="oc-24"/>
      </symbol>
      <symbol id="sm-833">
         <name>_c_int00_noargs</name>
         <value>0x432d</value>
         <object_component_ref idref="oc-5f"/>
      </symbol>
      <symbol id="sm-849">
         <name>__kernel_cos</name>
         <value>0x2ce9</value>
         <object_component_ref idref="oc-32d"/>
      </symbol>
      <symbol id="sm-860">
         <name>__kernel_sin</name>
         <value>0x2b75</value>
         <object_component_ref idref="oc-317"/>
      </symbol>
      <symbol id="sm-87d">
         <name>floorl</name>
         <value>0x33d9</value>
         <object_component_ref idref="oc-432"/>
      </symbol>
      <symbol id="sm-87e">
         <name>floor</name>
         <value>0x33d9</value>
         <object_component_ref idref="oc-432"/>
      </symbol>
      <symbol id="sm-89b">
         <name>scalbn</name>
         <value>0x31cd</value>
         <object_component_ref idref="oc-42c"/>
      </symbol>
      <symbol id="sm-89c">
         <name>scalbnl</name>
         <value>0x31cd</value>
         <object_component_ref idref="oc-42c"/>
      </symbol>
      <symbol id="sm-89d">
         <name>ldexpl</name>
         <value>0x31cd</value>
         <object_component_ref idref="oc-42c"/>
      </symbol>
      <symbol id="sm-89e">
         <name>ldexp</name>
         <value>0x31cd</value>
         <object_component_ref idref="oc-42c"/>
      </symbol>
      <symbol id="sm-8a8">
         <name>copysign</name>
         <value>0x4499</value>
         <object_component_ref idref="oc-484"/>
      </symbol>
      <symbol id="sm-8a9">
         <name>copysignl</name>
         <value>0x4499</value>
         <object_component_ref idref="oc-484"/>
      </symbol>
      <symbol id="sm-8b3">
         <name>__aeabi_idiv0</name>
         <value>0x2b73</value>
         <object_component_ref idref="oc-3e8"/>
      </symbol>
      <symbol id="sm-8b4">
         <name>__aeabi_ldiv0</name>
         <value>0x2b73</value>
         <object_component_ref idref="oc-3e8"/>
      </symbol>
      <symbol id="sm-8d0">
         <name>memcpy</name>
         <value>0x36b5</value>
         <object_component_ref idref="oc-41"/>
      </symbol>
      <symbol id="sm-8d1">
         <name>__aeabi_memcpy</name>
         <value>0x36b5</value>
         <object_component_ref idref="oc-41"/>
      </symbol>
      <symbol id="sm-8d2">
         <name>__aeabi_memcpy8</name>
         <value>0x36b5</value>
         <object_component_ref idref="oc-41"/>
      </symbol>
      <symbol id="sm-8d3">
         <name>__aeabi_memcpy4</name>
         <value>0x36b5</value>
         <object_component_ref idref="oc-41"/>
      </symbol>
      <symbol id="sm-8fb">
         <name>__TI_auto_init_nobinit_nopinit</name>
         <value>0x4151</value>
         <object_component_ref idref="oc-359"/>
      </symbol>
      <symbol id="sm-905">
         <name>_system_pre_init</name>
         <value>0x4667</value>
         <object_component_ref idref="oc-1a2"/>
      </symbol>
      <symbol id="sm-911">
         <name>C$$EXIT</name>
         <value>0x466b</value>
         <object_component_ref idref="oc-34d"/>
      </symbol>
      <symbol id="sm-912">
         <name>abort</name>
         <value>0x466b</value>
         <object_component_ref idref="oc-34d"/>
      </symbol>
      <symbol id="sm-92a">
         <name>__aeabi_errno_addr</name>
         <value>0x463d</value>
         <object_component_ref idref="oc-47e"/>
      </symbol>
      <symbol id="sm-92b">
         <name>errno</name>
         <value>0x200003dc</value>
         <object_component_ref idref="oc-4bc"/>
      </symbol>
      <symbol id="sm-92c">
         <name>__TI_static_base__</name>
         <value>0x0</value>
      </symbol>
      <symbol id="sm-92f">
         <name>__mpu_init</name>
         <value>0x0</value>
      </symbol>
      <symbol id="sm-930">
         <name>_system_post_cinit</name>
         <value>0x0</value>
      </symbol>
   </symbol_table>
   <title>Link successful</title>
</link_info>
