******************************************************************************
                  TI ARM Linker PC v20.2.4                     
******************************************************************************
>> Linked Fri Jun  4 23:31:15 2021

OUTPUT FILE NAME:   <ProtEstabilizador.out>
ENTRY POINT SYMBOL: "_c_int00_noargs"  address: 000027c1


MEMORY CONFIGURATION

         name            origin    length      used     unused   attr    fill
----------------------  --------  ---------  --------  --------  ----  --------
  FLASH                 00000000   00040000  00002c4e  0003d3b2  R  X
  SRAM                  20000000   00008000  000003ca  00007c36  RW X


SEGMENT ALLOCATION MAP

run origin  load origin   length   init length attrs members
----------  ----------- ---------- ----------- ----- -------
00000000    00000000    00002c58   00002c58    r-x
  00000000    00000000    0000026c   0000026c    r-- .intvecs
  0000026c    0000026c    0000274e   0000274e    r-x .text
  000029c0    000029c0    00000264   00000264    r-- .const
  00002c28    00002c28    00000030   00000030    r-- .cinit
20000000    20000000    000003cc   00000000    rw-
  20000000    20000000    00000200   00000000    rw- .stack
  20000200    20000200    000001b2   00000000    rw- .bss
  200003b4    200003b4    00000018   00000000    rw- .data


SECTION ALLOCATION MAP

 output                                  attributes/
section   page    origin      length       input sections
--------  ----  ----------  ----------   ----------------
.intvecs   0    00000000    0000026c     
                  00000000    0000026c     tm4c123gh6pm_startup_ccs.obj (.intvecs)

.text      0    0000026c    0000274e     
                  0000026c    000006d8     main.obj (.text)
                  00000944    000004dc     uartstdio.obj (.text)
                  00000e20    000002ec     rtsv7M4_T_le_v4SPD16_eabi.lib : s_atan.c.obj (.text:atan)
                  0000110c    000001d8                                   : e_atan2.c.obj (.text:atan2)
                  000012e4    000001b6                                   : fd_add_t2.asm.obj (.text)
                  0000149a    00000002                                   : div0.asm.obj (.text)
                  0000149c    00000158                                   : e_sqrt.c.obj (.text:sqrt)
                  000015f4    00000136                                   : fd_div_t2.asm.obj (.text)
                  0000172a    00000132     driverlib.lib : gpio.obj (.text:GPIOPadConfigSet)
                  0000185c    00000110                   : sysctl.obj (.text:SysCtlClockGet)
                  0000196c    000000fc     rtsv7M4_T_le_v4SPD16_eabi.lib : fd_mul_t2.asm.obj (.text)
                  00001a68    000000f2     sensorlib.lib : i2cm_drv.obj (.text:I2CMIntHandler)
                  00001b5a    00000002     --HOLE-- [fill = 0]
                  00001b5c    000000f0                   : mpu6050.obj (.text:MPU6050Callback)
                  00001c4c    0000009c     rtsv7M4_T_le_v4SPD16_eabi.lib : memcpy_t2.asm.obj (.text)
                  00001ce8    00000098     sensorlib.lib : i2cm_drv.obj (.text:I2CMStateIdle)
                  00001d80    00000088                   : i2cm_drv.obj (.text:I2CMCommand)
                  00001e08    00000086     rtsv7M4_T_le_v4SPD16_eabi.lib : fd_cmp_t2.asm.obj (.text:__aeabi_cdrcmple)
                  00001e8e    00000002     --HOLE-- [fill = 0]
                  00001e90    00000078     sensorlib.lib : i2cm_drv.obj (.text:I2CMReadModifyWrite8)
                  00001f08    00000070                   : mpu6050.obj (.text:MPU6050DataAccelGetFloat)
                  00001f78    00000070                   : mpu6050.obj (.text:MPU6050DataGyroGetFloat)
                  00001fe8    0000006e     rtsv7M4_T_le_v4SPD16_eabi.lib : fd_tos_t2.asm.obj (.text)
                  00002056    00000002     --HOLE-- [fill = 0]
                  00002058    00000068     driverlib.lib : interrupt.obj (.text:IntDisable)
                  000020c0    00000068                   : interrupt.obj (.text:IntEnable)
                  00002128    00000068     rtsv7M4_T_le_v4SPD16_eabi.lib : copy_decompress_lzss.c.obj (.text:decompress:lzss:__TI_decompress_lzss)
                  00002190    00000064     driverlib.lib : interrupt.obj (.text:IntIsEnabled)
                  000021f4    00000060     sensorlib.lib : i2cm_drv.obj (.text:I2CMReadModifyWrite8Callback)
                  00002254    00000060     driverlib.lib : timer.obj (.text:TimerConfigure)
                  000022b4    0000005e     sensorlib.lib : i2cm_drv.obj (.text:I2CMStateWritePause)
                  00002312    00000002     --HOLE-- [fill = 0]
                  00002314    0000005c                   : mpu6050.obj (.text:MPU6050Init)
                  00002370    00000054                   : mpu6050.obj (.text:MPU6050DataRead)
                  000023c4    00000050                   : i2cm_drv.obj (.text:I2CMStateWriteFinal)
                  00002414    00000050     driverlib.lib : sysctl.obj (.text:SysCtlPeripheralReset)
                  00002464    0000004c                   : i2c.obj (.text:I2CMasterInitExpClk)
                  000024b0    0000004c     sensorlib.lib : mpu6050.obj (.text:MPU6050ReadModifyWrite)
                  000024fc    0000004a                   : i2cm_drv.obj (.text:I2CMStateReadNext)
                  00002546    00000002     --HOLE-- [fill = 0]
                  00002548    00000048     driverlib.lib : gpio.obj (.text:GPIOPinConfigure)
                  00002590    00000048     sensorlib.lib : i2cm_drv.obj (.text:I2CMStateWriteNext)
                  000025d8    00000044                   : i2cm_drv.obj (.text:I2CMStateCallback)
                  0000261c    00000044     rtsv7M4_T_le_v4SPD16_eabi.lib : autoinit.c.obj (.text:__TI_auto_init_nobinit_nopinit:__TI_auto_init_nobinit_nopinit)
                  00002660    00000042     sensorlib.lib : i2cm_drv.obj (.text:I2CMStateReadFinal)
                  000026a2    00000040     rtsv7M4_T_le_v4SPD16_eabi.lib : u_divt2.asm.obj (.text)
                  000026e2    0000003e     sensorlib.lib : i2cm_drv.obj (.text:I2CMStateReadPause)
                  00002720    00000038     rtsv7M4_T_le_v4SPD16_eabi.lib : fs_tod_t2.asm.obj (.text)
                  00002758    00000034     sensorlib.lib : i2cm_drv.obj (.text:I2CMInit)
                  0000278c    00000034     driverlib.lib : sysctl.obj (.text:SysCtlPeripheralEnable)
                  000027c0    00000034     rtsv7M4_T_le_v4SPD16_eabi.lib : boot_cortex_m.c.obj (.text:_c_int00_noargs:_c_int00_noargs)
                  000027f4    0000002a     driverlib.lib : gpio.obj (.text:GPIODirModeSet)
                  0000281e    0000002a     sensorlib.lib : i2cm_drv.obj (.text:I2CMStateReadFirst)
                  00002848    00000022     driverlib.lib : pwm.obj (.text:PWMGenConfigure)
                  0000286a    00000020     sensorlib.lib : i2cm_drv.obj (.text:I2CMStateReadOne)
                  0000288a    0000001c     rtsv7M4_T_le_v4SPD16_eabi.lib : copy_zero_init.c.obj (.text:decompress:ZI:__TI_zero_init_nomemset:__TI_zero_init_nomemset)
                  000028a6    0000001a     sensorlib.lib : i2cm_drv.obj (.text:I2CMStateReadWait)
                  000028c0    00000012     driverlib.lib : gpio.obj (.text:GPIOPinTypeI2C)
                  000028d2    00000012                   : gpio.obj (.text:GPIOPinTypeI2CSCL)
                  000028e4    00000012                   : gpio.obj (.text:GPIOPinTypeUART)
                  000028f6    00000012                   : timer.obj (.text:TimerLoadSet)
                  00002908    00000010                   : interrupt.obj (.text:IntMasterEnable)
                  00002918    00000010                   : pwm.obj (.text:PWMGenPeriodSet)
                  00002928    0000000e                   : timer.obj (.text:TimerEnable)
                  00002936    0000000e     rtsv7M4_T_le_v4SPD16_eabi.lib : copy_decompress_none.c.obj (.text:decompress:none:__TI_decompress_none)
                  00002944    0000000c     driverlib.lib : cpu.obj (.text:CPUcpsie)
                  00002950    0000000c                   : interrupt.obj (.text:IntTrigger)
                  0000295c    0000000c     tm4c123gh6pm_startup_ccs.obj (.text)
                  00002968    0000000a     driverlib.lib : i2c.obj (.text:I2CMasterEnable)
                  00002972    00000008                   : i2c.obj (.text:I2CMasterIntClear)
                  0000297a    00000008                   : i2c.obj (.text:I2CMasterIntEnableEx)
                  00002982    00000008                   : i2c.obj (.text:I2CMasterSlaveAddrSet)
                  0000298a    00000008                   : timer.obj (.text:TimerIntEnable)
                  00002992    00000002     --HOLE-- [fill = 0]
                  00002994    00000008     rtsv7M4_T_le_v4SPD16_eabi.lib : errno.c.obj (.text:__aeabi_errno_addr)
                  0000299c    00000006     driverlib.lib : uart.obj (.text:UARTClockSourceSet)
                  000029a2    00000004                   : i2c.obj (.text:I2CMasterControl)
                  000029a6    00000004                   : i2c.obj (.text:I2CMasterDataGet)
                  000029aa    00000004                   : i2c.obj (.text:I2CMasterDataPut)
                  000029ae    00000004                   : timer.obj (.text:TimerIntClear)
                  000029b2    00000004     rtsv7M4_T_le_v4SPD16_eabi.lib : pre_init.c.obj (.text:_system_pre_init)
                  000029b6    00000004                                   : exit.c.obj (.text:abort:abort)

.const     0    000029c0    00000264     
                  000029c0    00000098     rtsv7M4_T_le_v4SPD16_eabi.lib : s_atan.c.obj (.const:$O1$$)
                  00002a58    00000090     driverlib.lib : gpio.obj (.const:g_pui32GPIOBaseAddrs)
                  00002ae8    00000070                   : interrupt.obj (.const)
                  00002b58    0000006c                   : sysctl.obj (.const:g_pui32Xtals)
                  00002bc4    00000020     sensorlib.lib : mpu6050.obj (.const)
                  00002be4    00000012     uartstdio.obj (.const:.string)
                  00002bf6    00000002     --HOLE-- [fill = 0]
                  00002bf8    00000010     main.obj (.const)
                  00002c08    0000000c     uartstdio.obj (.const:g_ui32UARTBase)
                  00002c14    0000000c     uartstdio.obj (.const:g_ui32UARTPeriph)
                  00002c20    00000004     uartstdio.obj (.const)

.cinit     0    00002c28    00000030     
                  00002c28    0000000c     (.cinit..data.load) [load image, compression = lzss]
                  00002c34    0000000c     (__TI_handler_table)
                  00002c40    00000008     (.cinit..bss.load) [load image, compression = zero_init]
                  00002c48    00000010     (__TI_cinit_table)

.init_array 
*          0    00000000    00000000     UNINITIALIZED

.bss       0    20000200    000001b2     UNINITIALIZED
                  20000200    00000124     (.common:g_sI2CMSimpleInst)
                  20000324    00000038     (.common:sMPU6050)
                  2000035c    0000000c     (.common:fAccel)
                  20000368    0000000c     (.common:fGyro)
                  20000374    00000004     (.common:E_k)
                  20000378    00000004     (.common:E_k_1)
                  2000037c    00000004     (.common:axuraw)
                  20000380    00000004     (.common:ayuraw)
                  20000384    00000004     (.common:azuraw)
                  20000388    00000004     (.common:e_d)
                  2000038c    00000004     (.common:e_k)
                  20000390    00000004     (.common:e_k_1)
                  20000394    00000004     (.common:inservo)
                  20000398    00000004     (.common:outtoservo)
                  2000039c    00000004     (.common:u_k)
                  200003a0    00000004     (.common:ui32Load)
                  200003a4    00000004     (.common:ui32PWMClock)
                  200003a8    00000004     (.common:ui32Period)
                  200003ac    00000004     (.common:w_k)
                  200003b0    00000001     (.common:g_bMPU6050Done)
                  200003b1    00000001     (.common:ui8Adjust)

.data      0    200003b4    00000018     UNINITIALIZED
                  200003b4    0000000c     main.obj (.data)
                  200003c0    00000005     uartstdio.obj (.data)
                  200003c5    00000003     --HOLE--
                  200003c8    00000004     rtsv7M4_T_le_v4SPD16_eabi.lib : errno.c.obj (.data)

.stack     0    20000000    00000200     UNINITIALIZED
                  20000000    00000004     rtsv7M4_T_le_v4SPD16_eabi.lib : boot_cortex_m.c.obj (.stack)
                  20000004    000001fc     --HOLE--

__llvm_prf_cnts 
*          0    20000000    00000000     UNINITIALIZED

MODULE SUMMARY

       Module                         code    ro data   rw data
       ------                         ----    -------   -------
    .\
       main.obj                       1752    16        446    
       uartstdio.obj                  1244    46        5      
       tm4c123gh6pm_startup_ccs.obj   12      620       0      
    +--+------------------------------+-------+---------+---------+
       Total:                         3008    682       451    
                                                               
    C:/ti/TivaWare_C_Series-2.1.4.178/driverlib/ccs/Debug/driverlib.lib
       gpio.obj                       474     144       0      
       sysctl.obj                     404     108       0      
       interrupt.obj                  336     112       0      
       timer.obj                      140     0         0      
       i2c.obj                        122     0         0      
       pwm.obj                        50      0         0      
       cpu.obj                        12      0         0      
       uart.obj                       6       0         0      
    +--+------------------------------+-------+---------+---------+
       Total:                         1544    364       0      
                                                               
    C:/ti/TivaWare_C_Series-2.1.4.178/sensorlib/ccs/Debug/sensorlib.lib
       i2cm_drv.obj                   1414    0         0      
       mpu6050.obj                    716     32        0      
    +--+------------------------------+-------+---------+---------+
       Total:                         2130    32        0      
                                                               
    C:\ti\ccs1031\ccs\tools\compiler\ti-cgt-arm_20.2.4.LTS\lib\rtsv7M4_T_le_v4SPD16_eabi.lib
       s_atan.c.obj                   748     152       0      
       e_atan2.c.obj                  472     0         0      
       fd_add_t2.asm.obj              438     0         0      
       e_sqrt.c.obj                   344     0         0      
       fd_div_t2.asm.obj              310     0         0      
       fd_mul_t2.asm.obj              252     0         0      
       memcpy_t2.asm.obj              156     0         0      
       fd_cmp_t2.asm.obj              134     0         0      
       fd_tos_t2.asm.obj              110     0         0      
       copy_decompress_lzss.c.obj     104     0         0      
       autoinit.c.obj                 68      0         0      
       u_divt2.asm.obj                64      0         0      
       fs_tod_t2.asm.obj              56      0         0      
       boot_cortex_m.c.obj            52      0         0      
       copy_zero_init.c.obj           28      0         0      
       copy_decompress_none.c.obj     14      0         0      
       errno.c.obj                    8       0         4      
       exit.c.obj                     4       0         0      
       pre_init.c.obj                 4       0         0      
       div0.asm.obj                   2       0         0      
    +--+------------------------------+-------+---------+---------+
       Total:                         3368    152       4      
                                                               
       Stack:                         0       0         512    
       Linker Generated:              0       48        0      
    +--+------------------------------+-------+---------+---------+
       Grand Total:                   10050   1278      967    


LINKER GENERATED COPY TABLES

__TI_cinit_table @ 00002c48 records: 2, size/record: 8, table size: 16
	.data: load addr=00002c28, load size=0000000c bytes, run addr=200003b4, run size=00000018 bytes, compression=lzss
	.bss: load addr=00002c40, load size=00000008 bytes, run addr=20000200, run size=000001b2 bytes, compression=zero_init


LINKER GENERATED HANDLER TABLE

__TI_handler_table @ 00002c34 records: 3, size/record: 4, table size: 12
	index: 0, handler: __TI_decompress_lzss
	index: 1, handler: __TI_decompress_none
	index: 2, handler: __TI_zero_init


GLOBAL SYMBOLS: SORTED ALPHABETICALLY BY Name 

address   name                          
-------   ----                          
000029b7  C$$EXIT                       
00002945  CPUcpsie                      
00000401  ConfigureUART                 
20000374  E_k                           
20000378  E_k_1                         
200003b4  Ek_1f                         
000027f5  GPIODirModeSet                
0000172b  GPIOPadConfigSet              
00002549  GPIOPinConfigure              
000028c1  GPIOPinTypeI2C                
000028d3  GPIOPinTypeI2CSCL             
000028e5  GPIOPinTypeUART               
00001d81  I2CMCommand                   
00002759  I2CMInit                      
00001a69  I2CMIntHandler                
00001e91  I2CMReadModifyWrite8          
0000027d  I2CMSimpleIntHandler          
000029a3  I2CMasterControl              
000029a7  I2CMasterDataGet              
000029ab  I2CMasterDataPut              
00002969  I2CMasterEnable               
00002465  I2CMasterInitExpClk           
00002973  I2CMasterIntClear             
0000297b  I2CMasterIntEnableEx          
00002983  I2CMasterSlaveAddrSet         
000003a5  InitI2C0                      
00002059  IntDisable                    
000020c1  IntEnable                     
00002191  IntIsEnabled                  
00002909  IntMasterEnable               
00002951  IntTrigger                    
00002c00  KI                            
00002c04  Kd                            
00002bfc  Kp                            
0000043d  MPU6050Callback               
00001f09  MPU6050DataAccelGetFloat      
00001f79  MPU6050DataGyroGetFloat       
00002371  MPU6050DataRead               
00002315  MPU6050Init                   
000024b1  MPU6050ReadModifyWrite        
00000515  MPU6050init                   
0000044f  PIDblock                      
200003b6  PIDflag                       
00002849  PWMGenConfigure               
00002919  PWMGenPeriodSet               
000002c9  PWMinit                       
0000295d  ResetISR                      
0000185d  SysCtlClockGet                
0000278d  SysCtlPeripheralEnable        
00002415  SysCtlPeripheralReset         
0000038d  TIMER0en                      
00000287  TIMER0init                    
0000026d  Timer0IntHandlerA             
00002255  TimerConfigure                
00002929  TimerEnable                   
000029af  TimerIntClear                 
0000298b  TimerIntEnable                
000028f7  TimerLoadSet                  
0000299d  UARTClockSourceSet            
00000945  UARTStdioConfig               
00000abd  UARTgetc                      
000009f7  UARTgets                      
00000deb  UARTprintf                    
00000af1  UARTvprintf                   
000009a5  UARTwrite                     
20000200  __STACK_END                   
00000200  __STACK_SIZE                  
20000200  __STACK_TOP                   
00002c48  __TI_CINIT_Base               
00002c58  __TI_CINIT_Limit              
00002c34  __TI_Handler_Table_Base       
00002c40  __TI_Handler_Table_Limit      
0000261d  __TI_auto_init_nobinit_nopinit
00002129  __TI_decompress_lzss          
00002937  __TI_decompress_none          
ffffffff  __TI_pprof_out_hndl           
ffffffff  __TI_prof_data_size           
ffffffff  __TI_prof_data_start          
00000000  __TI_static_base__            
0000288b  __TI_zero_init_nomemset       
00001e09  __aeabi_cdrcmple              
00001fe9  __aeabi_d2f                   
000012ef  __aeabi_dadd                  
000015f5  __aeabi_ddiv                  
0000196d  __aeabi_dmul                  
000012e5  __aeabi_dsub                  
00002995  __aeabi_errno_addr            
00002721  __aeabi_f2d                   
0000149b  __aeabi_idiv0                 
0000149b  __aeabi_ldiv0                 
00001c4d  __aeabi_memcpy                
00001c4d  __aeabi_memcpy4               
00001c4d  __aeabi_memcpy8               
000026a3  __aeabi_uidiv                 
000026a3  __aeabi_uidivmod              
ffffffff  __binit__                     
ffffffff  __c_args__                    
UNDEFED   __mpu_init                    
20000000  __stack                       
20000000  __start___llvm_prf_cnts       
20000000  __stop___llvm_prf_cnts        
000027c1  _c_int00_noargs               
UNDEFED   _system_post_cinit            
000029b3  _system_pre_init              
000029b7  abort                         
00000e21  atan                          
0000110d  atan2                         
0000110d  atan2l                        
00000e21  atanl                         
2000037c  axuraw                        
20000380  ayuraw                        
20000384  azuraw                        
ffffffff  binit                         
00002bf8  deltat                        
20000388  e_d                           
2000038c  e_k                           
20000390  e_k_1                         
200003b5  ek_1f                         
200003c8  errno                         
2000035c  fAccel                        
20000368  fGyro                         
200003b0  g_bMPU6050Done                
00000000  g_pfnVectors                  
20000200  g_sI2CMSimpleInst             
20000394  inservo                       
00000659  main                          
00001c4d  memcpy                        
20000398  outtoservo                    
20000324  sMPU6050                      
0000149d  sqrt                          
0000149d  sqrtl                         
2000039c  u_k                           
200003a0  ui32Load                      
200003a4  ui32PWMClock                  
200003a8  ui32Period                    
200003b1  ui8Adjust                     
200003ac  w_k                           
200003b8  x                             
200003bc  y                             


GLOBAL SYMBOLS: SORTED BY Symbol Address 

address   name                          
-------   ----                          
00000000  __TI_static_base__            
00000000  g_pfnVectors                  
00000200  __STACK_SIZE                  
0000026d  Timer0IntHandlerA             
0000027d  I2CMSimpleIntHandler          
00000287  TIMER0init                    
000002c9  PWMinit                       
0000038d  TIMER0en                      
000003a5  InitI2C0                      
00000401  ConfigureUART                 
0000043d  MPU6050Callback               
0000044f  PIDblock                      
00000515  MPU6050init                   
00000659  main                          
00000945  UARTStdioConfig               
000009a5  UARTwrite                     
000009f7  UARTgets                      
00000abd  UARTgetc                      
00000af1  UARTvprintf                   
00000deb  UARTprintf                    
00000e21  atan                          
00000e21  atanl                         
0000110d  atan2                         
0000110d  atan2l                        
000012e5  __aeabi_dsub                  
000012ef  __aeabi_dadd                  
0000149b  __aeabi_idiv0                 
0000149b  __aeabi_ldiv0                 
0000149d  sqrt                          
0000149d  sqrtl                         
000015f5  __aeabi_ddiv                  
0000172b  GPIOPadConfigSet              
0000185d  SysCtlClockGet                
0000196d  __aeabi_dmul                  
00001a69  I2CMIntHandler                
00001c4d  __aeabi_memcpy                
00001c4d  __aeabi_memcpy4               
00001c4d  __aeabi_memcpy8               
00001c4d  memcpy                        
00001d81  I2CMCommand                   
00001e09  __aeabi_cdrcmple              
00001e91  I2CMReadModifyWrite8          
00001f09  MPU6050DataAccelGetFloat      
00001f79  MPU6050DataGyroGetFloat       
00001fe9  __aeabi_d2f                   
00002059  IntDisable                    
000020c1  IntEnable                     
00002129  __TI_decompress_lzss          
00002191  IntIsEnabled                  
00002255  TimerConfigure                
00002315  MPU6050Init                   
00002371  MPU6050DataRead               
00002415  SysCtlPeripheralReset         
00002465  I2CMasterInitExpClk           
000024b1  MPU6050ReadModifyWrite        
00002549  GPIOPinConfigure              
0000261d  __TI_auto_init_nobinit_nopinit
000026a3  __aeabi_uidiv                 
000026a3  __aeabi_uidivmod              
00002721  __aeabi_f2d                   
00002759  I2CMInit                      
0000278d  SysCtlPeripheralEnable        
000027c1  _c_int00_noargs               
000027f5  GPIODirModeSet                
00002849  PWMGenConfigure               
0000288b  __TI_zero_init_nomemset       
000028c1  GPIOPinTypeI2C                
000028d3  GPIOPinTypeI2CSCL             
000028e5  GPIOPinTypeUART               
000028f7  TimerLoadSet                  
00002909  IntMasterEnable               
00002919  PWMGenPeriodSet               
00002929  TimerEnable                   
00002937  __TI_decompress_none          
00002945  CPUcpsie                      
00002951  IntTrigger                    
0000295d  ResetISR                      
00002969  I2CMasterEnable               
00002973  I2CMasterIntClear             
0000297b  I2CMasterIntEnableEx          
00002983  I2CMasterSlaveAddrSet         
0000298b  TimerIntEnable                
00002995  __aeabi_errno_addr            
0000299d  UARTClockSourceSet            
000029a3  I2CMasterControl              
000029a7  I2CMasterDataGet              
000029ab  I2CMasterDataPut              
000029af  TimerIntClear                 
000029b3  _system_pre_init              
000029b7  C$$EXIT                       
000029b7  abort                         
00002bf8  deltat                        
00002bfc  Kp                            
00002c00  KI                            
00002c04  Kd                            
00002c34  __TI_Handler_Table_Base       
00002c40  __TI_Handler_Table_Limit      
00002c48  __TI_CINIT_Base               
00002c58  __TI_CINIT_Limit              
20000000  __stack                       
20000000  __start___llvm_prf_cnts       
20000000  __stop___llvm_prf_cnts        
20000200  __STACK_END                   
20000200  __STACK_TOP                   
20000200  g_sI2CMSimpleInst             
20000324  sMPU6050                      
2000035c  fAccel                        
20000368  fGyro                         
20000374  E_k                           
20000378  E_k_1                         
2000037c  axuraw                        
20000380  ayuraw                        
20000384  azuraw                        
20000388  e_d                           
2000038c  e_k                           
20000390  e_k_1                         
20000394  inservo                       
20000398  outtoservo                    
2000039c  u_k                           
200003a0  ui32Load                      
200003a4  ui32PWMClock                  
200003a8  ui32Period                    
200003ac  w_k                           
200003b0  g_bMPU6050Done                
200003b1  ui8Adjust                     
200003b4  Ek_1f                         
200003b5  ek_1f                         
200003b6  PIDflag                       
200003b8  x                             
200003bc  y                             
200003c8  errno                         
ffffffff  __TI_pprof_out_hndl           
ffffffff  __TI_prof_data_size           
ffffffff  __TI_prof_data_start          
ffffffff  __binit__                     
ffffffff  __c_args__                    
ffffffff  binit                         
UNDEFED   __mpu_init                    
UNDEFED   _system_post_cinit            

[139 symbols]
