<?xml version="1.0" encoding="ISO-8859-1" ?>
<link_info>
   <banner>TI ARM Linker PC v20.2.4.LTS</banner>
   <copyright>Copyright (c) 1996-2018 Texas Instruments Incorporated</copyright>
   <link_time>0x60e924f8</link_time>
   <link_errors>0x0</link_errors>
   <output_file>PrototypeBijuBot.out</output_file>
   <entry_point>
      <name>_c_int00_noargs</name>
      <address>0x28f1</address>
   </entry_point>
   <input_file_list>
      <input_file id="fl-2">
         <path>.\</path>
         <kind>object</kind>
         <file>main.obj</file>
         <name>main.obj</name>
      </input_file>
      <input_file id="fl-3">
         <path>.\</path>
         <kind>object</kind>
         <file>motor.obj</file>
         <name>motor.obj</name>
      </input_file>
      <input_file id="fl-4">
         <path>.\</path>
         <kind>object</kind>
         <file>tm4c123gh6pm_startup_ccs.obj</file>
         <name>tm4c123gh6pm_startup_ccs.obj</name>
      </input_file>
      <input_file id="fl-5">
         <path>.\</path>
         <kind>object</kind>
         <file>uartstdio.obj</file>
         <name>uartstdio.obj</name>
      </input_file>
      <input_file id="fl-b">
         <kind>object</kind>
         <file>&lt;internal&gt;</file>
         <name>&lt;internal&gt;</name>
      </input_file>
      <input_file id="fl-c">
         <path>C:\ti\TivaWare_C_Series-2.1.4.178\driverlib\ccs\Debug\</path>
         <kind>archive</kind>
         <file>driverlib.lib</file>
         <name>gpio.obj</name>
      </input_file>
      <input_file id="fl-d">
         <path>C:\ti\TivaWare_C_Series-2.1.4.178\driverlib\ccs\Debug\</path>
         <kind>archive</kind>
         <file>driverlib.lib</file>
         <name>i2c.obj</name>
      </input_file>
      <input_file id="fl-e">
         <path>C:\ti\TivaWare_C_Series-2.1.4.178\driverlib\ccs\Debug\</path>
         <kind>archive</kind>
         <file>driverlib.lib</file>
         <name>interrupt.obj</name>
      </input_file>
      <input_file id="fl-f">
         <path>C:\ti\TivaWare_C_Series-2.1.4.178\driverlib\ccs\Debug\</path>
         <kind>archive</kind>
         <file>driverlib.lib</file>
         <name>pwm.obj</name>
      </input_file>
      <input_file id="fl-10">
         <path>C:\ti\TivaWare_C_Series-2.1.4.178\driverlib\ccs\Debug\</path>
         <kind>archive</kind>
         <file>driverlib.lib</file>
         <name>sysctl.obj</name>
      </input_file>
      <input_file id="fl-11">
         <path>C:\ti\TivaWare_C_Series-2.1.4.178\driverlib\ccs\Debug\</path>
         <kind>archive</kind>
         <file>driverlib.lib</file>
         <name>timer.obj</name>
      </input_file>
      <input_file id="fl-12">
         <path>C:\ti\TivaWare_C_Series-2.1.4.178\driverlib\ccs\Debug\</path>
         <kind>archive</kind>
         <file>driverlib.lib</file>
         <name>uart.obj</name>
      </input_file>
      <input_file id="fl-13">
         <path>C:\ti\TivaWare_C_Series-2.1.4.178\driverlib\ccs\Debug\</path>
         <kind>archive</kind>
         <file>driverlib.lib</file>
         <name>cpu.obj</name>
      </input_file>
      <input_file id="fl-14">
         <path>C:\ti\TivaWare_C_Series-2.1.4.178\sensorlib\ccs\Debug\</path>
         <kind>archive</kind>
         <file>sensorlib.lib</file>
         <name>i2cm_drv.obj</name>
      </input_file>
      <input_file id="fl-15">
         <path>C:\ti\TivaWare_C_Series-2.1.4.178\sensorlib\ccs\Debug\</path>
         <kind>archive</kind>
         <file>sensorlib.lib</file>
         <name>mpu6050.obj</name>
      </input_file>
      <input_file id="fl-cb">
         <path>C:\ti\ccs1031\ccs\tools\compiler\ti-cgt-arm_20.2.4.LTS\lib\</path>
         <kind>archive</kind>
         <file>rtsv7M4_T_le_v4SPD16_eabi.lib</file>
         <name>e_atan2.c.obj</name>
      </input_file>
      <input_file id="fl-cc">
         <path>C:\ti\ccs1031\ccs\tools\compiler\ti-cgt-arm_20.2.4.LTS\lib\</path>
         <kind>archive</kind>
         <file>rtsv7M4_T_le_v4SPD16_eabi.lib</file>
         <name>e_sqrt.c.obj</name>
      </input_file>
      <input_file id="fl-cd">
         <path>C:\ti\ccs1031\ccs\tools\compiler\ti-cgt-arm_20.2.4.LTS\lib\</path>
         <kind>archive</kind>
         <file>rtsv7M4_T_le_v4SPD16_eabi.lib</file>
         <name>s_atan.c.obj</name>
      </input_file>
      <input_file id="fl-ce">
         <path>C:\ti\ccs1031\ccs\tools\compiler\ti-cgt-arm_20.2.4.LTS\lib\</path>
         <kind>archive</kind>
         <file>rtsv7M4_T_le_v4SPD16_eabi.lib</file>
         <name>u_divt2.asm.obj</name>
      </input_file>
      <input_file id="fl-cf">
         <path>C:\ti\ccs1031\ccs\tools\compiler\ti-cgt-arm_20.2.4.LTS\lib\</path>
         <kind>archive</kind>
         <file>rtsv7M4_T_le_v4SPD16_eabi.lib</file>
         <name>fd_add_t2.asm.obj</name>
      </input_file>
      <input_file id="fl-d0">
         <path>C:\ti\ccs1031\ccs\tools\compiler\ti-cgt-arm_20.2.4.LTS\lib\</path>
         <kind>archive</kind>
         <file>rtsv7M4_T_le_v4SPD16_eabi.lib</file>
         <name>fd_cmp_t2.asm.obj</name>
      </input_file>
      <input_file id="fl-d1">
         <path>C:\ti\ccs1031\ccs\tools\compiler\ti-cgt-arm_20.2.4.LTS\lib\</path>
         <kind>archive</kind>
         <file>rtsv7M4_T_le_v4SPD16_eabi.lib</file>
         <name>fd_div_t2.asm.obj</name>
      </input_file>
      <input_file id="fl-d2">
         <path>C:\ti\ccs1031\ccs\tools\compiler\ti-cgt-arm_20.2.4.LTS\lib\</path>
         <kind>archive</kind>
         <file>rtsv7M4_T_le_v4SPD16_eabi.lib</file>
         <name>fd_mul_t2.asm.obj</name>
      </input_file>
      <input_file id="fl-d3">
         <path>C:\ti\ccs1031\ccs\tools\compiler\ti-cgt-arm_20.2.4.LTS\lib\</path>
         <kind>archive</kind>
         <file>rtsv7M4_T_le_v4SPD16_eabi.lib</file>
         <name>fd_tos_t2.asm.obj</name>
      </input_file>
      <input_file id="fl-d4">
         <path>C:\ti\ccs1031\ccs\tools\compiler\ti-cgt-arm_20.2.4.LTS\lib\</path>
         <kind>archive</kind>
         <file>rtsv7M4_T_le_v4SPD16_eabi.lib</file>
         <name>fs_tod_t2.asm.obj</name>
      </input_file>
      <input_file id="fl-d5">
         <path>C:\ti\ccs1031\ccs\tools\compiler\ti-cgt-arm_20.2.4.LTS\lib\</path>
         <kind>archive</kind>
         <file>rtsv7M4_T_le_v4SPD16_eabi.lib</file>
         <name>copy_zero_init.c.obj</name>
      </input_file>
      <input_file id="fl-d6">
         <path>C:\ti\ccs1031\ccs\tools\compiler\ti-cgt-arm_20.2.4.LTS\lib\</path>
         <kind>archive</kind>
         <file>rtsv7M4_T_le_v4SPD16_eabi.lib</file>
         <name>copy_decompress_none.c.obj</name>
      </input_file>
      <input_file id="fl-d7">
         <path>C:\ti\ccs1031\ccs\tools\compiler\ti-cgt-arm_20.2.4.LTS\lib\</path>
         <kind>archive</kind>
         <file>rtsv7M4_T_le_v4SPD16_eabi.lib</file>
         <name>copy_decompress_lzss.c.obj</name>
      </input_file>
      <input_file id="fl-d8">
         <path>C:\ti\ccs1031\ccs\tools\compiler\ti-cgt-arm_20.2.4.LTS\lib\</path>
         <kind>archive</kind>
         <file>rtsv7M4_T_le_v4SPD16_eabi.lib</file>
         <name>errno.c.obj</name>
      </input_file>
      <input_file id="fl-d9">
         <path>C:\ti\ccs1031\ccs\tools\compiler\ti-cgt-arm_20.2.4.LTS\lib\</path>
         <kind>archive</kind>
         <file>rtsv7M4_T_le_v4SPD16_eabi.lib</file>
         <name>boot_cortex_m.c.obj</name>
      </input_file>
      <input_file id="fl-da">
         <path>C:\ti\ccs1031\ccs\tools\compiler\ti-cgt-arm_20.2.4.LTS\lib\</path>
         <kind>archive</kind>
         <file>rtsv7M4_T_le_v4SPD16_eabi.lib</file>
         <name>div0.asm.obj</name>
      </input_file>
      <input_file id="fl-db">
         <path>C:\ti\ccs1031\ccs\tools\compiler\ti-cgt-arm_20.2.4.LTS\lib\</path>
         <kind>archive</kind>
         <file>rtsv7M4_T_le_v4SPD16_eabi.lib</file>
         <name>memset_t2.asm.obj</name>
      </input_file>
      <input_file id="fl-dc">
         <path>C:\ti\ccs1031\ccs\tools\compiler\ti-cgt-arm_20.2.4.LTS\lib\</path>
         <kind>archive</kind>
         <file>rtsv7M4_T_le_v4SPD16_eabi.lib</file>
         <name>memcpy_t2.asm.obj</name>
      </input_file>
      <input_file id="fl-dd">
         <path>C:\ti\ccs1031\ccs\tools\compiler\ti-cgt-arm_20.2.4.LTS\lib\</path>
         <kind>archive</kind>
         <file>rtsv7M4_T_le_v4SPD16_eabi.lib</file>
         <name>autoinit.c.obj</name>
      </input_file>
      <input_file id="fl-de">
         <path>C:\ti\ccs1031\ccs\tools\compiler\ti-cgt-arm_20.2.4.LTS\lib\</path>
         <kind>archive</kind>
         <file>rtsv7M4_T_le_v4SPD16_eabi.lib</file>
         <name>pre_init.c.obj</name>
      </input_file>
      <input_file id="fl-df">
         <path>C:\ti\ccs1031\ccs\tools\compiler\ti-cgt-arm_20.2.4.LTS\lib\</path>
         <kind>archive</kind>
         <file>rtsv7M4_T_le_v4SPD16_eabi.lib</file>
         <name>cpy_tbl.c.obj</name>
      </input_file>
      <input_file id="fl-e0">
         <path>C:\ti\ccs1031\ccs\tools\compiler\ti-cgt-arm_20.2.4.LTS\lib\</path>
         <kind>archive</kind>
         <file>rtsv7M4_T_le_v4SPD16_eabi.lib</file>
         <name>exit.c.obj</name>
      </input_file>
      <input_file id="fl-e1">
         <path>C:\ti\ccs1031\ccs\tools\compiler\ti-cgt-arm_20.2.4.LTS\lib\</path>
         <kind>archive</kind>
         <file>rtsv7M4_T_le_v4SPD16_eabi.lib</file>
         <name>_lock.c.obj</name>
      </input_file>
      <input_file id="fl-e2">
         <path>C:\ti\ccs1031\ccs\tools\compiler\ti-cgt-arm_20.2.4.LTS\lib\</path>
         <kind>archive</kind>
         <file>rtsv7M4_T_le_v4SPD16_eabi.lib</file>
         <name>args_main.c.obj</name>
      </input_file>
   </input_file_list>
   <object_component_list>
      <object_component id="oc-12">
         <name>.intvecs</name>
         <load_address>0x0</load_address>
         <run_address>0x0</run_address>
         <size>0x26c</size>
         <input_file_ref idref="fl-4"/>
      </object_component>
      <object_component id="oc-2d">
         <name>.text</name>
         <load_address>0x26c</load_address>
         <run_address>0x26c</run_address>
         <size>0x5e8</size>
         <input_file_ref idref="fl-2"/>
      </object_component>
      <object_component id="oc-e6">
         <name>.text</name>
         <load_address>0x854</load_address>
         <run_address>0x854</run_address>
         <size>0x4dc</size>
         <input_file_ref idref="fl-5"/>
      </object_component>
      <object_component id="oc-298">
         <name>.text:atan</name>
         <load_address>0xd30</load_address>
         <run_address>0xd30</run_address>
         <size>0x2ec</size>
         <input_file_ref idref="fl-cd"/>
      </object_component>
      <object_component id="oc-aa">
         <name>.text</name>
         <load_address>0x101c</load_address>
         <run_address>0x101c</run_address>
         <size>0x1e8</size>
         <input_file_ref idref="fl-3"/>
      </object_component>
      <object_component id="oc-129">
         <name>.text:atan2</name>
         <load_address>0x1204</load_address>
         <run_address>0x1204</run_address>
         <size>0x1d8</size>
         <input_file_ref idref="fl-cb"/>
      </object_component>
      <object_component id="oc-13b">
         <name>.text</name>
         <load_address>0x13dc</load_address>
         <run_address>0x13dc</run_address>
         <size>0x1b6</size>
         <input_file_ref idref="fl-cf"/>
      </object_component>
      <object_component id="oc-353">
         <name>.text</name>
         <load_address>0x1592</load_address>
         <run_address>0x1592</run_address>
         <size>0x2</size>
         <input_file_ref idref="fl-da"/>
      </object_component>
      <object_component id="oc-135">
         <name>.text:sqrt</name>
         <load_address>0x1594</load_address>
         <run_address>0x1594</run_address>
         <size>0x158</size>
         <input_file_ref idref="fl-cc"/>
      </object_component>
      <object_component id="oc-12f">
         <name>.text</name>
         <load_address>0x16ec</load_address>
         <run_address>0x16ec</run_address>
         <size>0x136</size>
         <input_file_ref idref="fl-d1"/>
      </object_component>
      <object_component id="oc-234">
         <name>.text:GPIOPadConfigSet</name>
         <load_address>0x1822</load_address>
         <run_address>0x1822</run_address>
         <size>0x132</size>
         <input_file_ref idref="fl-c"/>
      </object_component>
      <object_component id="oc-c8">
         <name>.text:SysCtlClockGet</name>
         <load_address>0x1954</load_address>
         <run_address>0x1954</run_address>
         <size>0x110</size>
         <input_file_ref idref="fl-10"/>
      </object_component>
      <object_component id="oc-11f">
         <name>.text</name>
         <load_address>0x1a64</load_address>
         <run_address>0x1a64</run_address>
         <size>0xfc</size>
         <input_file_ref idref="fl-d2"/>
      </object_component>
      <object_component id="oc-7a">
         <name>.text:I2CMIntHandler</name>
         <load_address>0x1b60</load_address>
         <run_address>0x1b60</run_address>
         <size>0xf2</size>
         <input_file_ref idref="fl-14"/>
      </object_component>
      <object_component id="oc-270">
         <name>.text:MPU6050Callback</name>
         <load_address>0x1c54</load_address>
         <run_address>0x1c54</run_address>
         <size>0xf0</size>
         <input_file_ref idref="fl-15"/>
      </object_component>
      <object_component id="oc-41">
         <name>.text</name>
         <load_address>0x1d44</load_address>
         <run_address>0x1d44</run_address>
         <size>0x9c</size>
         <input_file_ref idref="fl-dc"/>
      </object_component>
      <object_component id="oc-1dd">
         <name>.text:I2CMStateIdle</name>
         <load_address>0x1de0</load_address>
         <run_address>0x1de0</run_address>
         <size>0x98</size>
         <input_file_ref idref="fl-14"/>
      </object_component>
      <object_component id="oc-26a">
         <name>.text:I2CMCommand</name>
         <load_address>0x1e78</load_address>
         <run_address>0x1e78</run_address>
         <size>0x88</size>
         <input_file_ref idref="fl-14"/>
      </object_component>
      <object_component id="oc-382">
         <name>.text:__aeabi_cdrcmple</name>
         <load_address>0x1f00</load_address>
         <run_address>0x1f00</run_address>
         <size>0x86</size>
         <input_file_ref idref="fl-d0"/>
      </object_component>
      <object_component id="oc-278">
         <name>.text:I2CMReadModifyWrite8</name>
         <load_address>0x1f88</load_address>
         <run_address>0x1f88</run_address>
         <size>0x78</size>
         <input_file_ref idref="fl-14"/>
      </object_component>
      <object_component id="oc-10e">
         <name>.text:MPU6050DataAccelGetFloat</name>
         <load_address>0x2000</load_address>
         <run_address>0x2000</run_address>
         <size>0x70</size>
         <input_file_ref idref="fl-15"/>
      </object_component>
      <object_component id="oc-114">
         <name>.text:MPU6050DataGyroGetFloat</name>
         <load_address>0x2070</load_address>
         <run_address>0x2070</run_address>
         <size>0x70</size>
         <input_file_ref idref="fl-15"/>
      </object_component>
      <object_component id="oc-124">
         <name>.text</name>
         <load_address>0x20e0</load_address>
         <run_address>0x20e0</run_address>
         <size>0x6e</size>
         <input_file_ref idref="fl-d3"/>
      </object_component>
      <object_component id="oc-364">
         <name>.text:IntDisable</name>
         <load_address>0x2150</load_address>
         <run_address>0x2150</run_address>
         <size>0x68</size>
         <input_file_ref idref="fl-e"/>
      </object_component>
      <object_component id="oc-92">
         <name>.text:IntEnable</name>
         <load_address>0x21b8</load_address>
         <run_address>0x21b8</run_address>
         <size>0x68</size>
         <input_file_ref idref="fl-e"/>
      </object_component>
      <object_component id="oc-15">
         <name>.text:decompress:lzss:__TI_decompress_lzss</name>
         <load_address>0x2220</load_address>
         <run_address>0x2220</run_address>
         <size>0x68</size>
         <input_file_ref idref="fl-d7"/>
      </object_component>
      <object_component id="oc-35e">
         <name>.text:IntIsEnabled</name>
         <load_address>0x2288</load_address>
         <run_address>0x2288</run_address>
         <size>0x64</size>
         <input_file_ref idref="fl-e"/>
      </object_component>
      <object_component id="oc-379">
         <name>.text:I2CMReadModifyWrite8Callback</name>
         <load_address>0x22ec</load_address>
         <run_address>0x22ec</run_address>
         <size>0x60</size>
         <input_file_ref idref="fl-14"/>
      </object_component>
      <object_component id="oc-86">
         <name>.text:TimerConfigure</name>
         <load_address>0x234c</load_address>
         <run_address>0x234c</run_address>
         <size>0x60</size>
         <input_file_ref idref="fl-11"/>
      </object_component>
      <object_component id="oc-1cb">
         <name>.text:I2CMStateWritePause</name>
         <load_address>0x23ac</load_address>
         <run_address>0x23ac</run_address>
         <size>0x5e</size>
         <input_file_ref idref="fl-14"/>
      </object_component>
      <object_component id="oc-ec">
         <name>.text:MPU6050Init</name>
         <load_address>0x240c</load_address>
         <run_address>0x240c</run_address>
         <size>0x5c</size>
         <input_file_ref idref="fl-15"/>
      </object_component>
      <object_component id="oc-108">
         <name>.text:MPU6050DataRead</name>
         <load_address>0x2468</load_address>
         <run_address>0x2468</run_address>
         <size>0x54</size>
         <input_file_ref idref="fl-15"/>
      </object_component>
      <object_component id="oc-1d1">
         <name>.text:I2CMStateWriteFinal</name>
         <load_address>0x24bc</load_address>
         <run_address>0x24bc</run_address>
         <size>0x50</size>
         <input_file_ref idref="fl-14"/>
      </object_component>
      <object_component id="oc-b0">
         <name>.text:SysCtlPeripheralReset</name>
         <load_address>0x250c</load_address>
         <run_address>0x250c</run_address>
         <size>0x50</size>
         <input_file_ref idref="fl-10"/>
      </object_component>
      <object_component id="oc-ce">
         <name>.text:I2CMasterInitExpClk</name>
         <load_address>0x255c</load_address>
         <run_address>0x255c</run_address>
         <size>0x4c</size>
         <input_file_ref idref="fl-d"/>
      </object_component>
      <object_component id="oc-f2">
         <name>.text:MPU6050ReadModifyWrite</name>
         <load_address>0x25a8</load_address>
         <run_address>0x25a8</run_address>
         <size>0x4c</size>
         <input_file_ref idref="fl-15"/>
      </object_component>
      <object_component id="oc-1b9">
         <name>.text:I2CMStateReadNext</name>
         <load_address>0x25f4</load_address>
         <run_address>0x25f4</run_address>
         <size>0x4a</size>
         <input_file_ref idref="fl-14"/>
      </object_component>
      <object_component id="oc-b6">
         <name>.text:GPIOPinConfigure</name>
         <load_address>0x2640</load_address>
         <run_address>0x2640</run_address>
         <size>0x48</size>
         <input_file_ref idref="fl-c"/>
      </object_component>
      <object_component id="oc-1d7">
         <name>.text:I2CMStateWriteNext</name>
         <load_address>0x2688</load_address>
         <run_address>0x2688</run_address>
         <size>0x48</size>
         <input_file_ref idref="fl-14"/>
      </object_component>
      <object_component id="oc-1a1">
         <name>.text:I2CMStateCallback</name>
         <load_address>0x26d0</load_address>
         <run_address>0x26d0</run_address>
         <size>0x44</size>
         <input_file_ref idref="fl-14"/>
      </object_component>
      <object_component id="oc-2d0">
         <name>.text:__TI_auto_init_nobinit_nopinit:__TI_auto_init_nobinit_nopinit</name>
         <load_address>0x2714</load_address>
         <run_address>0x2714</run_address>
         <size>0x44</size>
         <input_file_ref idref="fl-dd"/>
      </object_component>
      <object_component id="oc-1b3">
         <name>.text:I2CMStateReadFinal</name>
         <load_address>0x2758</load_address>
         <run_address>0x2758</run_address>
         <size>0x42</size>
         <input_file_ref idref="fl-14"/>
      </object_component>
      <object_component id="oc-25b">
         <name>.text</name>
         <load_address>0x279a</load_address>
         <run_address>0x279a</run_address>
         <size>0x40</size>
         <input_file_ref idref="fl-ce"/>
      </object_component>
      <object_component id="oc-1ad">
         <name>.text:I2CMStateReadPause</name>
         <load_address>0x27da</load_address>
         <run_address>0x27da</run_address>
         <size>0x3e</size>
         <input_file_ref idref="fl-14"/>
      </object_component>
      <object_component id="oc-1fd">
         <name>.text:SysCtlPeripheralReady</name>
         <load_address>0x2818</load_address>
         <run_address>0x2818</run_address>
         <size>0x38</size>
         <input_file_ref idref="fl-10"/>
      </object_component>
      <object_component id="oc-11a">
         <name>.text</name>
         <load_address>0x2850</load_address>
         <run_address>0x2850</run_address>
         <size>0x38</size>
         <input_file_ref idref="fl-d4"/>
      </object_component>
      <object_component id="oc-d4">
         <name>.text:I2CMInit</name>
         <load_address>0x2888</load_address>
         <run_address>0x2888</run_address>
         <size>0x34</size>
         <input_file_ref idref="fl-14"/>
      </object_component>
      <object_component id="oc-80">
         <name>.text:SysCtlPeripheralEnable</name>
         <load_address>0x28bc</load_address>
         <run_address>0x28bc</run_address>
         <size>0x34</size>
         <input_file_ref idref="fl-10"/>
      </object_component>
      <object_component id="oc-5f">
         <name>.text:_c_int00_noargs:_c_int00_noargs</name>
         <load_address>0x28f0</load_address>
         <run_address>0x28f0</run_address>
         <size>0x34</size>
         <input_file_ref idref="fl-d9"/>
      </object_component>
      <object_component id="oc-22e">
         <name>.text:GPIODirModeSet</name>
         <load_address>0x2924</load_address>
         <run_address>0x2924</run_address>
         <size>0x2a</size>
         <input_file_ref idref="fl-c"/>
      </object_component>
      <object_component id="oc-1bf">
         <name>.text:I2CMStateReadFirst</name>
         <load_address>0x294e</load_address>
         <run_address>0x294e</run_address>
         <size>0x2a</size>
         <input_file_ref idref="fl-14"/>
      </object_component>
      <object_component id="oc-209">
         <name>.text:PWMGenConfigure</name>
         <load_address>0x2978</load_address>
         <run_address>0x2978</run_address>
         <size>0x22</size>
         <input_file_ref idref="fl-f"/>
      </object_component>
      <object_component id="oc-1c5">
         <name>.text:I2CMStateReadOne</name>
         <load_address>0x299a</load_address>
         <run_address>0x299a</run_address>
         <size>0x20</size>
         <input_file_ref idref="fl-14"/>
      </object_component>
      <object_component id="oc-221">
         <name>.text:PWMPulseWidthSet</name>
         <load_address>0x29ba</load_address>
         <run_address>0x29ba</run_address>
         <size>0x1e</size>
         <input_file_ref idref="fl-f"/>
      </object_component>
      <object_component id="oc-4d">
         <name>.text:decompress:ZI:__TI_zero_init_nomemset:__TI_zero_init_nomemset</name>
         <load_address>0x29d8</load_address>
         <run_address>0x29d8</run_address>
         <size>0x1c</size>
         <input_file_ref idref="fl-d5"/>
      </object_component>
      <object_component id="oc-1a7">
         <name>.text:I2CMStateReadWait</name>
         <load_address>0x29f4</load_address>
         <run_address>0x29f4</run_address>
         <size>0x1a</size>
         <input_file_ref idref="fl-14"/>
      </object_component>
      <object_component id="oc-1f7">
         <name>.text:SysCtlPWMClockSet</name>
         <load_address>0x2a10</load_address>
         <run_address>0x2a10</run_address>
         <size>0x14</size>
         <input_file_ref idref="fl-10"/>
      </object_component>
      <object_component id="oc-c2">
         <name>.text:GPIOPinTypeI2C</name>
         <load_address>0x2a24</load_address>
         <run_address>0x2a24</run_address>
         <size>0x12</size>
         <input_file_ref idref="fl-c"/>
      </object_component>
      <object_component id="oc-bc">
         <name>.text:GPIOPinTypeI2CSCL</name>
         <load_address>0x2a36</load_address>
         <run_address>0x2a36</run_address>
         <size>0x12</size>
         <input_file_ref idref="fl-c"/>
      </object_component>
      <object_component id="oc-203">
         <name>.text:GPIOPinTypePWM</name>
         <load_address>0x2a48</load_address>
         <run_address>0x2a48</run_address>
         <size>0x12</size>
         <input_file_ref idref="fl-c"/>
      </object_component>
      <object_component id="oc-da">
         <name>.text:GPIOPinTypeUART</name>
         <load_address>0x2a5a</load_address>
         <run_address>0x2a5a</run_address>
         <size>0x12</size>
         <input_file_ref idref="fl-c"/>
      </object_component>
      <object_component id="oc-21b">
         <name>.text:PWMOutputState</name>
         <load_address>0x2a6c</load_address>
         <run_address>0x2a6c</run_address>
         <size>0x12</size>
         <input_file_ref idref="fl-f"/>
      </object_component>
      <object_component id="oc-8c">
         <name>.text:TimerLoadSet</name>
         <load_address>0x2a7e</load_address>
         <run_address>0x2a7e</run_address>
         <size>0x12</size>
         <input_file_ref idref="fl-11"/>
      </object_component>
      <object_component id="oc-9e">
         <name>.text:IntMasterEnable</name>
         <load_address>0x2a90</load_address>
         <run_address>0x2a90</run_address>
         <size>0x10</size>
         <input_file_ref idref="fl-e"/>
      </object_component>
      <object_component id="oc-20f">
         <name>.text:PWMGenPeriodSet</name>
         <load_address>0x2aa0</load_address>
         <run_address>0x2aa0</run_address>
         <size>0x10</size>
         <input_file_ref idref="fl-f"/>
      </object_component>
      <object_component id="oc-a4">
         <name>.text:TimerEnable</name>
         <load_address>0x2ab0</load_address>
         <run_address>0x2ab0</run_address>
         <size>0xe</size>
         <input_file_ref idref="fl-11"/>
      </object_component>
      <object_component id="oc-1b">
         <name>.text:decompress:none:__TI_decompress_none</name>
         <load_address>0x2abe</load_address>
         <run_address>0x2abe</run_address>
         <size>0xe</size>
         <input_file_ref idref="fl-d6"/>
      </object_component>
      <object_component id="oc-1ef">
         <name>.text:CPUcpsie</name>
         <load_address>0x2acc</load_address>
         <run_address>0x2acc</run_address>
         <size>0xc</size>
         <input_file_ref idref="fl-13"/>
      </object_component>
      <object_component id="oc-36a">
         <name>.text:IntTrigger</name>
         <load_address>0x2ad8</load_address>
         <run_address>0x2ad8</run_address>
         <size>0xc</size>
         <input_file_ref idref="fl-e"/>
      </object_component>
      <object_component id="oc-215">
         <name>.text:PWMGenEnable</name>
         <load_address>0x2ae4</load_address>
         <run_address>0x2ae4</run_address>
         <size>0xc</size>
         <input_file_ref idref="fl-f"/>
      </object_component>
      <object_component id="oc-27">
         <name>.text</name>
         <load_address>0x2af0</load_address>
         <run_address>0x2af0</run_address>
         <size>0xc</size>
         <input_file_ref idref="fl-4"/>
      </object_component>
      <object_component id="oc-240">
         <name>.text:I2CMasterEnable</name>
         <load_address>0x2afc</load_address>
         <run_address>0x2afc</run_address>
         <size>0xa</size>
         <input_file_ref idref="fl-d"/>
      </object_component>
      <object_component id="oc-195">
         <name>.text:I2CMasterIntClear</name>
         <load_address>0x2b06</load_address>
         <run_address>0x2b06</run_address>
         <size>0x8</size>
         <input_file_ref idref="fl-d"/>
      </object_component>
      <object_component id="oc-248">
         <name>.text:I2CMasterIntEnableEx</name>
         <load_address>0x2b0e</load_address>
         <run_address>0x2b0e</run_address>
         <size>0x8</size>
         <input_file_ref idref="fl-d"/>
      </object_component>
      <object_component id="oc-311">
         <name>.text:I2CMasterSlaveAddrSet</name>
         <load_address>0x2b16</load_address>
         <run_address>0x2b16</run_address>
         <size>0x8</size>
         <input_file_ref idref="fl-d"/>
      </object_component>
      <object_component id="oc-98">
         <name>.text:TimerIntEnable</name>
         <load_address>0x2b1e</load_address>
         <run_address>0x2b1e</run_address>
         <size>0x8</size>
         <input_file_ref idref="fl-11"/>
      </object_component>
      <object_component id="oc-2a6">
         <name>.text:__aeabi_errno_addr</name>
         <load_address>0x2b28</load_address>
         <run_address>0x2b28</run_address>
         <size>0x8</size>
         <input_file_ref idref="fl-d8"/>
      </object_component>
      <object_component id="oc-e0">
         <name>.text:UARTClockSourceSet</name>
         <load_address>0x2b30</load_address>
         <run_address>0x2b30</run_address>
         <size>0x6</size>
         <input_file_ref idref="fl-12"/>
      </object_component>
      <object_component id="oc-19b">
         <name>.text:I2CMasterControl</name>
         <load_address>0x2b36</load_address>
         <run_address>0x2b36</run_address>
         <size>0x4</size>
         <input_file_ref idref="fl-d"/>
      </object_component>
      <object_component id="oc-307">
         <name>.text:I2CMasterDataGet</name>
         <load_address>0x2b3a</load_address>
         <run_address>0x2b3a</run_address>
         <size>0x4</size>
         <input_file_ref idref="fl-d"/>
      </object_component>
      <object_component id="oc-319">
         <name>.text:I2CMasterDataPut</name>
         <load_address>0x2b3e</load_address>
         <run_address>0x2b3e</run_address>
         <size>0x4</size>
         <input_file_ref idref="fl-d"/>
      </object_component>
      <object_component id="oc-74">
         <name>.text:TimerIntClear</name>
         <load_address>0x2b42</load_address>
         <run_address>0x2b42</run_address>
         <size>0x4</size>
         <input_file_ref idref="fl-11"/>
      </object_component>
      <object_component id="oc-17c">
         <name>.text:_system_pre_init</name>
         <load_address>0x2b46</load_address>
         <run_address>0x2b46</run_address>
         <size>0x4</size>
         <input_file_ref idref="fl-de"/>
      </object_component>
      <object_component id="oc-2c4">
         <name>.text:abort:abort</name>
         <load_address>0x2b4a</load_address>
         <run_address>0x2b4a</run_address>
         <size>0x4</size>
         <input_file_ref idref="fl-e0"/>
      </object_component>
      <object_component id="oc-387">
         <name>.const:$O1$$</name>
         <load_address>0x2b50</load_address>
         <run_address>0x2b50</run_address>
         <size>0x98</size>
         <input_file_ref idref="fl-cd"/>
      </object_component>
      <object_component id="oc-229">
         <name>.const:g_pui32GPIOBaseAddrs</name>
         <load_address>0x2be8</load_address>
         <run_address>0x2be8</run_address>
         <size>0x90</size>
         <input_file_ref idref="fl-c"/>
      </object_component>
      <object_component id="oc-1e9">
         <name>.const</name>
         <load_address>0x2c78</load_address>
         <run_address>0x2c78</run_address>
         <size>0x70</size>
         <input_file_ref idref="fl-e"/>
      </object_component>
      <object_component id="oc-23c">
         <name>.const:g_pui32Xtals</name>
         <load_address>0x2ce8</load_address>
         <run_address>0x2ce8</run_address>
         <size>0x6c</size>
         <input_file_ref idref="fl-10"/>
      </object_component>
      <object_component id="oc-290">
         <name>.const</name>
         <load_address>0x2d54</load_address>
         <run_address>0x2d54</run_address>
         <size>0x20</size>
         <input_file_ref idref="fl-15"/>
      </object_component>
      <object_component id="oc-359">
         <name>.const:.string</name>
         <load_address>0x2d74</load_address>
         <run_address>0x2d74</run_address>
         <size>0x12</size>
         <input_file_ref idref="fl-5"/>
      </object_component>
      <object_component id="oc-105">
         <name>.const</name>
         <load_address>0x2d88</load_address>
         <run_address>0x2d88</run_address>
         <size>0x10</size>
         <input_file_ref idref="fl-2"/>
      </object_component>
      <object_component id="oc-258">
         <name>.const:g_ui32UARTBase</name>
         <load_address>0x2d98</load_address>
         <run_address>0x2d98</run_address>
         <size>0xc</size>
         <input_file_ref idref="fl-5"/>
      </object_component>
      <object_component id="oc-252">
         <name>.const:g_ui32UARTPeriph</name>
         <load_address>0x2da4</load_address>
         <run_address>0x2da4</run_address>
         <size>0xc</size>
         <input_file_ref idref="fl-5"/>
      </object_component>
      <object_component id="oc-260">
         <name>.const</name>
         <load_address>0x2db0</load_address>
         <run_address>0x2db0</run_address>
         <size>0x4</size>
         <input_file_ref idref="fl-5"/>
      </object_component>
      <object_component id="oc-429">
         <name>.cinit..data.load</name>
         <load_address>0x2db8</load_address>
         <run_address>0x2db8</run_address>
         <size>0xc</size>
      </object_component>
      <object_component id="oc-427">
         <name>__TI_handler_table</name>
         <load_address>0x2dc4</load_address>
         <run_address>0x2dc4</run_address>
         <size>0xc</size>
      </object_component>
      <object_component id="oc-42a">
         <name>.cinit..bss.load</name>
         <load_address>0x2dd0</load_address>
         <run_address>0x2dd0</run_address>
         <size>0x8</size>
      </object_component>
      <object_component id="oc-428">
         <name>__TI_cinit_table</name>
         <load_address>0x2dd8</load_address>
         <run_address>0x2dd8</run_address>
         <size>0x10</size>
      </object_component>
      <object_component id="oc-fc">
         <name>.data</name>
         <load_address>0x200003b0</load_address>
         <run_address>0x200003b0</run_address>
         <size>0xc</size>
         <input_file_ref idref="fl-2"/>
      </object_component>
      <object_component id="oc-255">
         <name>.data</name>
         <load_address>0x200003bc</load_address>
         <run_address>0x200003bc</run_address>
         <size>0x5</size>
         <input_file_ref idref="fl-5"/>
      </object_component>
      <object_component id="oc-392">
         <name>.data</name>
         <load_address>0x200003c4</load_address>
         <run_address>0x200003c4</run_address>
         <size>0x4</size>
         <input_file_ref idref="fl-d8"/>
      </object_component>
      <object_component id="oc-134">
         <name>.common:g_bMPU6050Done</name>
         <uninitialized>true</uninitialized>
         <run_address>0x200003ac</run_address>
         <size>0x1</size>
      </object_component>
      <object_component id="oc-f8">
         <name>.common:g_sI2CMSimpleInst</name>
         <uninitialized>true</uninitialized>
         <run_address>0x20000200</run_address>
         <size>0x124</size>
      </object_component>
      <object_component id="oc-149">
         <name>.common:ui32Load</name>
         <uninitialized>true</uninitialized>
         <run_address>0x200003a0</run_address>
         <size>0x4</size>
      </object_component>
      <object_component id="oc-101">
         <name>.common:e_k</name>
         <uninitialized>true</uninitialized>
         <run_address>0x2000038c</run_address>
         <size>0x4</size>
      </object_component>
      <object_component id="oc-102">
         <name>.common:w_k</name>
         <uninitialized>true</uninitialized>
         <run_address>0x200003a8</run_address>
         <size>0x4</size>
      </object_component>
      <object_component id="oc-103">
         <name>.common:e_d</name>
         <uninitialized>true</uninitialized>
         <run_address>0x20000388</run_address>
         <size>0x4</size>
      </object_component>
      <object_component id="oc-104">
         <name>.common:E_k</name>
         <uninitialized>true</uninitialized>
         <run_address>0x20000374</run_address>
         <size>0x4</size>
      </object_component>
      <object_component id="oc-140">
         <name>.common:u_k</name>
         <uninitialized>true</uninitialized>
         <run_address>0x2000039c</run_address>
         <size>0x4</size>
      </object_component>
      <object_component id="oc-100">
         <name>.common:e_k_1</name>
         <uninitialized>true</uninitialized>
         <run_address>0x20000390</run_address>
         <size>0x4</size>
      </object_component>
      <object_component id="oc-ff">
         <name>.common:E_k_1</name>
         <uninitialized>true</uninitialized>
         <run_address>0x20000378</run_address>
         <size>0x4</size>
      </object_component>
      <object_component id="oc-fb">
         <name>.common:ui32Period</name>
         <uninitialized>true</uninitialized>
         <run_address>0x200003a4</run_address>
         <size>0x4</size>
      </object_component>
      <object_component id="oc-142">
         <name>.common:fAccel</name>
         <uninitialized>true</uninitialized>
         <run_address>0x2000035c</run_address>
         <size>0xc</size>
      </object_component>
      <object_component id="oc-143">
         <name>.common:fGyro</name>
         <uninitialized>true</uninitialized>
         <run_address>0x20000368</run_address>
         <size>0xc</size>
      </object_component>
      <object_component id="oc-141">
         <name>.common:sMPU6050</name>
         <uninitialized>true</uninitialized>
         <run_address>0x20000324</run_address>
         <size>0x38</size>
      </object_component>
      <object_component id="oc-144">
         <name>.common:axuraw</name>
         <uninitialized>true</uninitialized>
         <run_address>0x2000037c</run_address>
         <size>0x4</size>
      </object_component>
      <object_component id="oc-145">
         <name>.common:ayuraw</name>
         <uninitialized>true</uninitialized>
         <run_address>0x20000380</run_address>
         <size>0x4</size>
      </object_component>
      <object_component id="oc-146">
         <name>.common:azuraw</name>
         <uninitialized>true</uninitialized>
         <run_address>0x20000384</run_address>
         <size>0x4</size>
      </object_component>
      <object_component id="oc-148">
         <name>.common:outtoservo</name>
         <uninitialized>true</uninitialized>
         <run_address>0x20000398</run_address>
         <size>0x4</size>
      </object_component>
      <object_component id="oc-147">
         <name>.common:inservo</name>
         <uninitialized>true</uninitialized>
         <run_address>0x20000394</run_address>
         <size>0x4</size>
      </object_component>
      <object_component id="oc-24">
         <name>.stack</name>
         <uninitialized>true</uninitialized>
         <run_address>0x20000000</run_address>
         <size>0x4</size>
         <input_file_ref idref="fl-d9"/>
      </object_component>
      <object_component id="oc-42c">
         <name>.stack</name>
         <uninitialized>true</uninitialized>
         <run_address>0x20000000</run_address>
         <size>0x0</size>
      </object_component>
      <object_component id="oc-f9">
         <name>.debug_info</name>
         <load_address>0x0</load_address>
         <run_address>0x0</run_address>
         <size>0xcf0</size>
         <input_file_ref idref="fl-2"/>
      </object_component>
      <object_component id="oc-fd">
         <name>.debug_info</name>
         <load_address>0xcf0</load_address>
         <run_address>0xcf0</run_address>
         <size>0x12d</size>
         <input_file_ref idref="fl-2"/>
      </object_component>
      <object_component id="oc-106">
         <name>.debug_info</name>
         <load_address>0xe1d</load_address>
         <run_address>0xe1d</run_address>
         <size>0x10e</size>
         <input_file_ref idref="fl-2"/>
      </object_component>
      <object_component id="oc-2e">
         <name>.debug_info</name>
         <load_address>0xf2b</load_address>
         <run_address>0xf2b</run_address>
         <size>0xa65</size>
         <input_file_ref idref="fl-2"/>
      </object_component>
      <object_component id="oc-281">
         <name>.debug_info</name>
         <load_address>0x1990</load_address>
         <run_address>0x1990</run_address>
         <size>0x4e6</size>
         <input_file_ref idref="fl-2"/>
      </object_component>
      <object_component id="oc-286">
         <name>.debug_info</name>
         <load_address>0x1e76</load_address>
         <run_address>0x1e76</run_address>
         <size>0x158</size>
         <input_file_ref idref="fl-2"/>
      </object_component>
      <object_component id="oc-157">
         <name>.debug_info</name>
         <load_address>0x1fce</load_address>
         <run_address>0x1fce</run_address>
         <size>0x26b</size>
         <input_file_ref idref="fl-2"/>
      </object_component>
      <object_component id="oc-150">
         <name>.debug_info</name>
         <load_address>0x2239</load_address>
         <run_address>0x2239</run_address>
         <size>0x8b</size>
         <input_file_ref idref="fl-2"/>
      </object_component>
      <object_component id="oc-2af">
         <name>.debug_info</name>
         <load_address>0x22c4</load_address>
         <run_address>0x22c4</run_address>
         <size>0x2a4</size>
         <input_file_ref idref="fl-2"/>
      </object_component>
      <object_component id="oc-14b">
         <name>.debug_info</name>
         <load_address>0x2568</load_address>
         <run_address>0x2568</run_address>
         <size>0xef</size>
         <input_file_ref idref="fl-2"/>
      </object_component>
      <object_component id="oc-15c">
         <name>.debug_info</name>
         <load_address>0x2657</load_address>
         <run_address>0x2657</run_address>
         <size>0xbb</size>
         <input_file_ref idref="fl-2"/>
      </object_component>
      <object_component id="oc-265">
         <name>.debug_info</name>
         <load_address>0x2712</load_address>
         <run_address>0x2712</run_address>
         <size>0x2c</size>
         <input_file_ref idref="fl-2"/>
      </object_component>
      <object_component id="oc-ab">
         <name>.debug_info</name>
         <load_address>0x273e</load_address>
         <run_address>0x273e</run_address>
         <size>0x990</size>
         <input_file_ref idref="fl-3"/>
      </object_component>
      <object_component id="oc-35">
         <name>.debug_info</name>
         <load_address>0x30ce</load_address>
         <run_address>0x30ce</run_address>
         <size>0x30a</size>
         <input_file_ref idref="fl-4"/>
      </object_component>
      <object_component id="oc-13">
         <name>.debug_info</name>
         <load_address>0x33d8</load_address>
         <run_address>0x33d8</run_address>
         <size>0xef</size>
         <input_file_ref idref="fl-4"/>
      </object_component>
      <object_component id="oc-2a">
         <name>.debug_info</name>
         <load_address>0x34c7</load_address>
         <run_address>0x34c7</run_address>
         <size>0x26b</size>
         <input_file_ref idref="fl-4"/>
      </object_component>
      <object_component id="oc-3c">
         <name>.debug_info</name>
         <load_address>0x3732</load_address>
         <run_address>0x3732</run_address>
         <size>0x84</size>
         <input_file_ref idref="fl-4"/>
      </object_component>
      <object_component id="oc-264">
         <name>.debug_info</name>
         <load_address>0x37b6</load_address>
         <run_address>0x37b6</run_address>
         <size>0x29a</size>
         <input_file_ref idref="fl-5"/>
      </object_component>
      <object_component id="oc-256">
         <name>.debug_info</name>
         <load_address>0x3a50</load_address>
         <run_address>0x3a50</run_address>
         <size>0xdb</size>
         <input_file_ref idref="fl-5"/>
      </object_component>
      <object_component id="oc-261">
         <name>.debug_info</name>
         <load_address>0x3b2b</load_address>
         <run_address>0x3b2b</run_address>
         <size>0xd5</size>
         <input_file_ref idref="fl-5"/>
      </object_component>
      <object_component id="oc-259">
         <name>.debug_info</name>
         <load_address>0x3c00</load_address>
         <run_address>0x3c00</run_address>
         <size>0xe3</size>
         <input_file_ref idref="fl-5"/>
      </object_component>
      <object_component id="oc-253">
         <name>.debug_info</name>
         <load_address>0x3ce3</load_address>
         <run_address>0x3ce3</run_address>
         <size>0xe7</size>
         <input_file_ref idref="fl-5"/>
      </object_component>
      <object_component id="oc-e9">
         <name>.debug_info</name>
         <load_address>0x3dca</load_address>
         <run_address>0x3dca</run_address>
         <size>0x703</size>
         <input_file_ref idref="fl-5"/>
      </object_component>
      <object_component id="oc-22d">
         <name>.debug_info</name>
         <load_address>0x44cd</load_address>
         <run_address>0x44cd</run_address>
         <size>0x240</size>
         <input_file_ref idref="fl-c"/>
      </object_component>
      <object_component id="oc-22a">
         <name>.debug_info</name>
         <load_address>0x470d</load_address>
         <run_address>0x470d</run_address>
         <size>0x15b</size>
         <input_file_ref idref="fl-c"/>
      </object_component>
      <object_component id="oc-22f">
         <name>.debug_info</name>
         <load_address>0x4868</load_address>
         <run_address>0x4868</run_address>
         <size>0x2b3</size>
         <input_file_ref idref="fl-c"/>
      </object_component>
      <object_component id="oc-235">
         <name>.debug_info</name>
         <load_address>0x4b1b</load_address>
         <run_address>0x4b1b</run_address>
         <size>0x316</size>
         <input_file_ref idref="fl-c"/>
      </object_component>
      <object_component id="oc-db">
         <name>.debug_info</name>
         <load_address>0x4e31</load_address>
         <run_address>0x4e31</run_address>
         <size>0x27b</size>
         <input_file_ref idref="fl-c"/>
      </object_component>
      <object_component id="oc-204">
         <name>.debug_info</name>
         <load_address>0x50ac</load_address>
         <run_address>0x50ac</run_address>
         <size>0x279</size>
         <input_file_ref idref="fl-c"/>
      </object_component>
      <object_component id="oc-bd">
         <name>.debug_info</name>
         <load_address>0x5325</load_address>
         <run_address>0x5325</run_address>
         <size>0x27f</size>
         <input_file_ref idref="fl-c"/>
      </object_component>
      <object_component id="oc-c3">
         <name>.debug_info</name>
         <load_address>0x55a4</load_address>
         <run_address>0x55a4</run_address>
         <size>0x279</size>
         <input_file_ref idref="fl-c"/>
      </object_component>
      <object_component id="oc-b7">
         <name>.debug_info</name>
         <load_address>0x581d</load_address>
         <run_address>0x581d</run_address>
         <size>0x280</size>
         <input_file_ref idref="fl-c"/>
      </object_component>
      <object_component id="oc-18f">
         <name>.debug_info</name>
         <load_address>0x5a9d</load_address>
         <run_address>0x5a9d</run_address>
         <size>0x18b</size>
         <input_file_ref idref="fl-c"/>
      </object_component>
      <object_component id="oc-247">
         <name>.debug_info</name>
         <load_address>0x5c28</load_address>
         <run_address>0x5c28</run_address>
         <size>0x231</size>
         <input_file_ref idref="fl-d"/>
      </object_component>
      <object_component id="oc-312">
         <name>.debug_info</name>
         <load_address>0x5e59</load_address>
         <run_address>0x5e59</run_address>
         <size>0x2ce</size>
         <input_file_ref idref="fl-d"/>
      </object_component>
      <object_component id="oc-249">
         <name>.debug_info</name>
         <load_address>0x6127</load_address>
         <run_address>0x6127</run_address>
         <size>0x29a</size>
         <input_file_ref idref="fl-d"/>
      </object_component>
      <object_component id="oc-196">
         <name>.debug_info</name>
         <load_address>0x63c1</load_address>
         <run_address>0x63c1</run_address>
         <size>0x252</size>
         <input_file_ref idref="fl-d"/>
      </object_component>
      <object_component id="oc-241">
         <name>.debug_info</name>
         <load_address>0x6613</load_address>
         <run_address>0x6613</run_address>
         <size>0x24e</size>
         <input_file_ref idref="fl-d"/>
      </object_component>
      <object_component id="oc-cf">
         <name>.debug_info</name>
         <load_address>0x6861</load_address>
         <run_address>0x6861</run_address>
         <size>0x2d5</size>
         <input_file_ref idref="fl-d"/>
      </object_component>
      <object_component id="oc-31a">
         <name>.debug_info</name>
         <load_address>0x6b36</load_address>
         <run_address>0x6b36</run_address>
         <size>0x27e</size>
         <input_file_ref idref="fl-d"/>
      </object_component>
      <object_component id="oc-308">
         <name>.debug_info</name>
         <load_address>0x6db4</load_address>
         <run_address>0x6db4</run_address>
         <size>0x254</size>
         <input_file_ref idref="fl-d"/>
      </object_component>
      <object_component id="oc-19c">
         <name>.debug_info</name>
         <load_address>0x7008</load_address>
         <run_address>0x7008</run_address>
         <size>0x27e</size>
         <input_file_ref idref="fl-d"/>
      </object_component>
      <object_component id="oc-1ed">
         <name>.debug_info</name>
         <load_address>0x7286</load_address>
         <run_address>0x7286</run_address>
         <size>0x20e</size>
         <input_file_ref idref="fl-e"/>
      </object_component>
      <object_component id="oc-1ea">
         <name>.debug_info</name>
         <load_address>0x7494</load_address>
         <run_address>0x7494</run_address>
         <size>0x210</size>
         <input_file_ref idref="fl-e"/>
      </object_component>
      <object_component id="oc-36c">
         <name>.debug_info</name>
         <load_address>0x76a4</load_address>
         <run_address>0x76a4</run_address>
         <size>0x26a</size>
         <input_file_ref idref="fl-e"/>
      </object_component>
      <object_component id="oc-a0">
         <name>.debug_info</name>
         <load_address>0x790e</load_address>
         <run_address>0x790e</run_address>
         <size>0x23e</size>
         <input_file_ref idref="fl-e"/>
      </object_component>
      <object_component id="oc-360">
         <name>.debug_info</name>
         <load_address>0x7b4c</load_address>
         <run_address>0x7b4c</run_address>
         <size>0x2a1</size>
         <input_file_ref idref="fl-e"/>
      </object_component>
      <object_component id="oc-93">
         <name>.debug_info</name>
         <load_address>0x7ded</load_address>
         <run_address>0x7ded</run_address>
         <size>0x268</size>
         <input_file_ref idref="fl-e"/>
      </object_component>
      <object_component id="oc-366">
         <name>.debug_info</name>
         <load_address>0x8055</load_address>
         <run_address>0x8055</run_address>
         <size>0x26a</size>
         <input_file_ref idref="fl-e"/>
      </object_component>
      <object_component id="oc-33a">
         <name>.debug_info</name>
         <load_address>0x82bf</load_address>
         <run_address>0x82bf</run_address>
         <size>0x1ed</size>
         <input_file_ref idref="fl-f"/>
      </object_component>
      <object_component id="oc-222">
         <name>.debug_info</name>
         <load_address>0x84ac</load_address>
         <run_address>0x84ac</run_address>
         <size>0x2f6</size>
         <input_file_ref idref="fl-f"/>
      </object_component>
      <object_component id="oc-21c">
         <name>.debug_info</name>
         <load_address>0x87a2</load_address>
         <run_address>0x87a2</run_address>
         <size>0x2c4</size>
         <input_file_ref idref="fl-f"/>
      </object_component>
      <object_component id="oc-210">
         <name>.debug_info</name>
         <load_address>0x8a66</load_address>
         <run_address>0x8a66</run_address>
         <size>0x2b6</size>
         <input_file_ref idref="fl-f"/>
      </object_component>
      <object_component id="oc-216">
         <name>.debug_info</name>
         <load_address>0x8d1c</load_address>
         <run_address>0x8d1c</run_address>
         <size>0x276</size>
         <input_file_ref idref="fl-f"/>
      </object_component>
      <object_component id="oc-20a">
         <name>.debug_info</name>
         <load_address>0x8f92</load_address>
         <run_address>0x8f92</run_address>
         <size>0x2b3</size>
         <input_file_ref idref="fl-f"/>
      </object_component>
      <object_component id="oc-1e6">
         <name>.debug_info</name>
         <load_address>0x9245</load_address>
         <run_address>0x9245</run_address>
         <size>0x298</size>
         <input_file_ref idref="fl-10"/>
      </object_component>
      <object_component id="oc-23d">
         <name>.debug_info</name>
         <load_address>0x94dd</load_address>
         <run_address>0x94dd</run_address>
         <size>0x14d</size>
         <input_file_ref idref="fl-10"/>
      </object_component>
      <object_component id="oc-b1">
         <name>.debug_info</name>
         <load_address>0x962a</load_address>
         <run_address>0x962a</run_address>
         <size>0x295</size>
         <input_file_ref idref="fl-10"/>
      </object_component>
      <object_component id="oc-1fe">
         <name>.debug_info</name>
         <load_address>0x98bf</load_address>
         <run_address>0x98bf</run_address>
         <size>0x27f</size>
         <input_file_ref idref="fl-10"/>
      </object_component>
      <object_component id="oc-81">
         <name>.debug_info</name>
         <load_address>0x9b3e</load_address>
         <run_address>0x9b3e</run_address>
         <size>0x27d</size>
         <input_file_ref idref="fl-10"/>
      </object_component>
      <object_component id="oc-1f8">
         <name>.debug_info</name>
         <load_address>0x9dbb</load_address>
         <run_address>0x9dbb</run_address>
         <size>0x263</size>
         <input_file_ref idref="fl-10"/>
      </object_component>
      <object_component id="oc-c9">
         <name>.debug_info</name>
         <load_address>0xa01e</load_address>
         <run_address>0xa01e</run_address>
         <size>0x2b5</size>
         <input_file_ref idref="fl-10"/>
      </object_component>
      <object_component id="oc-32c">
         <name>.debug_info</name>
         <load_address>0xa2d3</load_address>
         <run_address>0xa2d3</run_address>
         <size>0x5f</size>
         <input_file_ref idref="fl-10"/>
      </object_component>
      <object_component id="oc-194">
         <name>.debug_info</name>
         <load_address>0xa332</load_address>
         <run_address>0xa332</run_address>
         <size>0x223</size>
         <input_file_ref idref="fl-11"/>
      </object_component>
      <object_component id="oc-8d">
         <name>.debug_info</name>
         <load_address>0xa555</load_address>
         <run_address>0xa555</run_address>
         <size>0x2ba</size>
         <input_file_ref idref="fl-11"/>
      </object_component>
      <object_component id="oc-9a">
         <name>.debug_info</name>
         <load_address>0xa80f</load_address>
         <run_address>0xa80f</run_address>
         <size>0x294</size>
         <input_file_ref idref="fl-11"/>
      </object_component>
      <object_component id="oc-75">
         <name>.debug_info</name>
         <load_address>0xaaa3</load_address>
         <run_address>0xaaa3</run_address>
         <size>0x292</size>
         <input_file_ref idref="fl-11"/>
      </object_component>
      <object_component id="oc-a6">
         <name>.debug_info</name>
         <load_address>0xad35</load_address>
         <run_address>0xad35</run_address>
         <size>0x27f</size>
         <input_file_ref idref="fl-11"/>
      </object_component>
      <object_component id="oc-89">
         <name>.debug_info</name>
         <load_address>0xafb4</load_address>
         <run_address>0xafb4</run_address>
         <size>0x28c</size>
         <input_file_ref idref="fl-11"/>
      </object_component>
      <object_component id="oc-251">
         <name>.debug_info</name>
         <load_address>0xb240</load_address>
         <run_address>0xb240</run_address>
         <size>0x227</size>
         <input_file_ref idref="fl-12"/>
      </object_component>
      <object_component id="oc-e2">
         <name>.debug_info</name>
         <load_address>0xb467</load_address>
         <run_address>0xb467</run_address>
         <size>0x291</size>
         <input_file_ref idref="fl-12"/>
      </object_component>
      <object_component id="oc-1f0">
         <name>.debug_info</name>
         <load_address>0xb6f8</load_address>
         <run_address>0xb6f8</run_address>
         <size>0x212</size>
         <input_file_ref idref="fl-13"/>
      </object_component>
      <object_component id="oc-1e4">
         <name>.debug_info</name>
         <load_address>0xb90a</load_address>
         <run_address>0xb90a</run_address>
         <size>0x44b</size>
         <input_file_ref idref="fl-14"/>
      </object_component>
      <object_component id="oc-26b">
         <name>.debug_info</name>
         <load_address>0xbd55</load_address>
         <run_address>0xbd55</run_address>
         <size>0x484</size>
         <input_file_ref idref="fl-14"/>
      </object_component>
      <object_component id="oc-37a">
         <name>.debug_info</name>
         <load_address>0xc1d9</load_address>
         <run_address>0xc1d9</run_address>
         <size>0x2f2</size>
         <input_file_ref idref="fl-14"/>
      </object_component>
      <object_component id="oc-279">
         <name>.debug_info</name>
         <load_address>0xc4cb</load_address>
         <run_address>0xc4cb</run_address>
         <size>0x3a4</size>
         <input_file_ref idref="fl-14"/>
      </object_component>
      <object_component id="oc-1a2">
         <name>.debug_info</name>
         <load_address>0xc86f</load_address>
         <run_address>0xc86f</run_address>
         <size>0x32c</size>
         <input_file_ref idref="fl-14"/>
      </object_component>
      <object_component id="oc-1a8">
         <name>.debug_info</name>
         <load_address>0xcb9b</load_address>
         <run_address>0xcb9b</run_address>
         <size>0x2a1</size>
         <input_file_ref idref="fl-14"/>
      </object_component>
      <object_component id="oc-1ae">
         <name>.debug_info</name>
         <load_address>0xce3c</load_address>
         <run_address>0xce3c</run_address>
         <size>0x2ba</size>
         <input_file_ref idref="fl-14"/>
      </object_component>
      <object_component id="oc-1b4">
         <name>.debug_info</name>
         <load_address>0xd0f6</load_address>
         <run_address>0xd0f6</run_address>
         <size>0x2c7</size>
         <input_file_ref idref="fl-14"/>
      </object_component>
      <object_component id="oc-1ba">
         <name>.debug_info</name>
         <load_address>0xd3bd</load_address>
         <run_address>0xd3bd</run_address>
         <size>0x2c5</size>
         <input_file_ref idref="fl-14"/>
      </object_component>
      <object_component id="oc-1c0">
         <name>.debug_info</name>
         <load_address>0xd682</load_address>
         <run_address>0xd682</run_address>
         <size>0x2bf</size>
         <input_file_ref idref="fl-14"/>
      </object_component>
      <object_component id="oc-1c6">
         <name>.debug_info</name>
         <load_address>0xd941</load_address>
         <run_address>0xd941</run_address>
         <size>0x2bb</size>
         <input_file_ref idref="fl-14"/>
      </object_component>
      <object_component id="oc-1cc">
         <name>.debug_info</name>
         <load_address>0xdbfc</load_address>
         <run_address>0xdbfc</run_address>
         <size>0x2ea</size>
         <input_file_ref idref="fl-14"/>
      </object_component>
      <object_component id="oc-1d2">
         <name>.debug_info</name>
         <load_address>0xdee6</load_address>
         <run_address>0xdee6</run_address>
         <size>0x2e0</size>
         <input_file_ref idref="fl-14"/>
      </object_component>
      <object_component id="oc-1d8">
         <name>.debug_info</name>
         <load_address>0xe1c6</load_address>
         <run_address>0xe1c6</run_address>
         <size>0x2c7</size>
         <input_file_ref idref="fl-14"/>
      </object_component>
      <object_component id="oc-1de">
         <name>.debug_info</name>
         <load_address>0xe48d</load_address>
         <run_address>0xe48d</run_address>
         <size>0x32d</size>
         <input_file_ref idref="fl-14"/>
      </object_component>
      <object_component id="oc-7b">
         <name>.debug_info</name>
         <load_address>0xe7ba</load_address>
         <run_address>0xe7ba</run_address>
         <size>0x3f3</size>
         <input_file_ref idref="fl-14"/>
      </object_component>
      <object_component id="oc-d5">
         <name>.debug_info</name>
         <load_address>0xebad</load_address>
         <run_address>0xebad</run_address>
         <size>0x350</size>
         <input_file_ref idref="fl-14"/>
      </object_component>
      <object_component id="oc-325">
         <name>.debug_info</name>
         <load_address>0xeefd</load_address>
         <run_address>0xeefd</run_address>
         <size>0x4e6</size>
         <input_file_ref idref="fl-14"/>
      </object_component>
      <object_component id="oc-277">
         <name>.debug_info</name>
         <load_address>0xf3e3</load_address>
         <run_address>0xf3e3</run_address>
         <size>0x374</size>
         <input_file_ref idref="fl-15"/>
      </object_component>
      <object_component id="oc-291">
         <name>.debug_info</name>
         <load_address>0xf757</load_address>
         <run_address>0xf757</run_address>
         <size>0x19c</size>
         <input_file_ref idref="fl-15"/>
      </object_component>
      <object_component id="oc-f3">
         <name>.debug_info</name>
         <load_address>0xf8f3</load_address>
         <run_address>0xf8f3</run_address>
         <size>0x34f</size>
         <input_file_ref idref="fl-15"/>
      </object_component>
      <object_component id="oc-ed">
         <name>.debug_info</name>
         <load_address>0xfc42</load_address>
         <run_address>0xfc42</run_address>
         <size>0x334</size>
         <input_file_ref idref="fl-15"/>
      </object_component>
      <object_component id="oc-109">
         <name>.debug_info</name>
         <load_address>0xff76</load_address>
         <run_address>0xff76</run_address>
         <size>0x2f0</size>
         <input_file_ref idref="fl-15"/>
      </object_component>
      <object_component id="oc-115">
         <name>.debug_info</name>
         <load_address>0x10266</load_address>
         <run_address>0x10266</run_address>
         <size>0x304</size>
         <input_file_ref idref="fl-15"/>
      </object_component>
      <object_component id="oc-10f">
         <name>.debug_info</name>
         <load_address>0x1056a</load_address>
         <run_address>0x1056a</run_address>
         <size>0x312</size>
         <input_file_ref idref="fl-15"/>
      </object_component>
      <object_component id="oc-271">
         <name>.debug_info</name>
         <load_address>0x1087c</load_address>
         <run_address>0x1087c</run_address>
         <size>0x2c0</size>
         <input_file_ref idref="fl-15"/>
      </object_component>
      <object_component id="oc-374">
         <name>.debug_info</name>
         <load_address>0x10b3c</load_address>
         <run_address>0x10b3c</run_address>
         <size>0x158</size>
         <input_file_ref idref="fl-15"/>
      </object_component>
      <object_component id="oc-29f">
         <name>.debug_info</name>
         <load_address>0x10c94</load_address>
         <run_address>0x10c94</run_address>
         <size>0x2ae</size>
         <input_file_ref idref="fl-cb"/>
      </object_component>
      <object_component id="oc-12b">
         <name>.debug_info</name>
         <load_address>0x10f42</load_address>
         <run_address>0x10f42</run_address>
         <size>0x247</size>
         <input_file_ref idref="fl-cb"/>
      </object_component>
      <object_component id="oc-38d">
         <name>.debug_info</name>
         <load_address>0x11189</load_address>
         <run_address>0x11189</run_address>
         <size>0x46</size>
         <input_file_ref idref="fl-cb"/>
      </object_component>
      <object_component id="oc-2a0">
         <name>.debug_info</name>
         <load_address>0x111cf</load_address>
         <run_address>0x111cf</run_address>
         <size>0x39</size>
         <input_file_ref idref="fl-cb"/>
      </object_component>
      <object_component id="oc-2ad">
         <name>.debug_info</name>
         <load_address>0x11208</load_address>
         <run_address>0x11208</run_address>
         <size>0x2ca</size>
         <input_file_ref idref="fl-cc"/>
      </object_component>
      <object_component id="oc-136">
         <name>.debug_info</name>
         <load_address>0x114d2</load_address>
         <run_address>0x114d2</run_address>
         <size>0x24e</size>
         <input_file_ref idref="fl-cc"/>
      </object_component>
      <object_component id="oc-3c6">
         <name>.debug_info</name>
         <load_address>0x11720</load_address>
         <run_address>0x11720</run_address>
         <size>0x2f7</size>
         <input_file_ref idref="fl-cd"/>
      </object_component>
      <object_component id="oc-388">
         <name>.debug_info</name>
         <load_address>0x11a17</load_address>
         <run_address>0x11a17</run_address>
         <size>0x131</size>
         <input_file_ref idref="fl-cd"/>
      </object_component>
      <object_component id="oc-299">
         <name>.debug_info</name>
         <load_address>0x11b48</load_address>
         <run_address>0x11b48</run_address>
         <size>0x4ac</size>
         <input_file_ref idref="fl-cd"/>
      </object_component>
      <object_component id="oc-25e">
         <name>.debug_info</name>
         <load_address>0x11ff4</load_address>
         <run_address>0x11ff4</run_address>
         <size>0x142</size>
         <input_file_ref idref="fl-ce"/>
      </object_component>
      <object_component id="oc-13e">
         <name>.debug_info</name>
         <load_address>0x12136</load_address>
         <run_address>0x12136</run_address>
         <size>0x14c</size>
         <input_file_ref idref="fl-cf"/>
      </object_component>
      <object_component id="oc-384">
         <name>.debug_info</name>
         <load_address>0x12282</load_address>
         <run_address>0x12282</run_address>
         <size>0x12a</size>
         <input_file_ref idref="fl-d0"/>
      </object_component>
      <object_component id="oc-130">
         <name>.debug_info</name>
         <load_address>0x123ac</load_address>
         <run_address>0x123ac</run_address>
         <size>0x13a</size>
         <input_file_ref idref="fl-d1"/>
      </object_component>
      <object_component id="oc-120">
         <name>.debug_info</name>
         <load_address>0x124e6</load_address>
         <run_address>0x124e6</run_address>
         <size>0x13a</size>
         <input_file_ref idref="fl-d2"/>
      </object_component>
      <object_component id="oc-125">
         <name>.debug_info</name>
         <load_address>0x12620</load_address>
         <run_address>0x12620</run_address>
         <size>0x13e</size>
         <input_file_ref idref="fl-d3"/>
      </object_component>
      <object_component id="oc-11b">
         <name>.debug_info</name>
         <load_address>0x1275e</load_address>
         <run_address>0x1275e</run_address>
         <size>0x12c</size>
         <input_file_ref idref="fl-d4"/>
      </object_component>
      <object_component id="oc-175">
         <name>.debug_info</name>
         <load_address>0x1288a</load_address>
         <run_address>0x1288a</run_address>
         <size>0x2d4</size>
         <input_file_ref idref="fl-d5"/>
      </object_component>
      <object_component id="oc-4e">
         <name>.debug_info</name>
         <load_address>0x12b5e</load_address>
         <run_address>0x12b5e</run_address>
         <size>0x1d2</size>
         <input_file_ref idref="fl-d5"/>
      </object_component>
      <object_component id="oc-170">
         <name>.debug_info</name>
         <load_address>0x12d30</load_address>
         <run_address>0x12d30</run_address>
         <size>0x46</size>
         <input_file_ref idref="fl-d5"/>
      </object_component>
      <object_component id="oc-2bb">
         <name>.debug_info</name>
         <load_address>0x12d76</load_address>
         <run_address>0x12d76</run_address>
         <size>0x2c</size>
         <input_file_ref idref="fl-d5"/>
      </object_component>
      <object_component id="oc-4c">
         <name>.debug_info</name>
         <load_address>0x12da2</load_address>
         <run_address>0x12da2</run_address>
         <size>0x2a8</size>
         <input_file_ref idref="fl-d6"/>
      </object_component>
      <object_component id="oc-1e">
         <name>.debug_info</name>
         <load_address>0x1304a</load_address>
         <run_address>0x1304a</run_address>
         <size>0x1ea</size>
         <input_file_ref idref="fl-d6"/>
      </object_component>
      <object_component id="oc-47">
         <name>.debug_info</name>
         <load_address>0x13234</load_address>
         <run_address>0x13234</run_address>
         <size>0x46</size>
         <input_file_ref idref="fl-d6"/>
      </object_component>
      <object_component id="oc-168">
         <name>.debug_info</name>
         <load_address>0x1327a</load_address>
         <run_address>0x1327a</run_address>
         <size>0x2c</size>
         <input_file_ref idref="fl-d6"/>
      </object_component>
      <object_component id="oc-166">
         <name>.debug_info</name>
         <load_address>0x132a6</load_address>
         <run_address>0x132a6</run_address>
         <size>0x29e</size>
         <input_file_ref idref="fl-d7"/>
      </object_component>
      <object_component id="oc-16">
         <name>.debug_info</name>
         <load_address>0x13544</load_address>
         <run_address>0x13544</run_address>
         <size>0x250</size>
         <input_file_ref idref="fl-d7"/>
      </object_component>
      <object_component id="oc-37">
         <name>.debug_info</name>
         <load_address>0x13794</load_address>
         <run_address>0x13794</run_address>
         <size>0x60</size>
         <input_file_ref idref="fl-d7"/>
      </object_component>
      <object_component id="oc-2b4">
         <name>.debug_info</name>
         <load_address>0x137f4</load_address>
         <run_address>0x137f4</run_address>
         <size>0x46</size>
         <input_file_ref idref="fl-d7"/>
      </object_component>
      <object_component id="oc-161">
         <name>.debug_info</name>
         <load_address>0x1383a</load_address>
         <run_address>0x1383a</run_address>
         <size>0x39</size>
         <input_file_ref idref="fl-d7"/>
      </object_component>
      <object_component id="oc-396">
         <name>.debug_info</name>
         <load_address>0x13873</load_address>
         <run_address>0x13873</run_address>
         <size>0x289</size>
         <input_file_ref idref="fl-d8"/>
      </object_component>
      <object_component id="oc-393">
         <name>.debug_info</name>
         <load_address>0x13afc</load_address>
         <run_address>0x13afc</run_address>
         <size>0x10e</size>
         <input_file_ref idref="fl-d8"/>
      </object_component>
      <object_component id="oc-2aa">
         <name>.debug_info</name>
         <load_address>0x13c0a</load_address>
         <run_address>0x13c0a</run_address>
         <size>0x14e</size>
         <input_file_ref idref="fl-d8"/>
      </object_component>
      <object_component id="oc-25">
         <name>.debug_info</name>
         <load_address>0x13d58</load_address>
         <run_address>0x13d58</run_address>
         <size>0x10b</size>
         <input_file_ref idref="fl-d9"/>
      </object_component>
      <object_component id="oc-63">
         <name>.debug_info</name>
         <load_address>0x13e63</load_address>
         <run_address>0x13e63</run_address>
         <size>0x1a9</size>
         <input_file_ref idref="fl-d9"/>
      </object_component>
      <object_component id="oc-354">
         <name>.debug_info</name>
         <load_address>0x1400c</load_address>
         <run_address>0x1400c</run_address>
         <size>0x115</size>
         <input_file_ref idref="fl-da"/>
      </object_component>
      <object_component id="oc-43">
         <name>.debug_info</name>
         <load_address>0x14121</load_address>
         <run_address>0x14121</run_address>
         <size>0x119</size>
         <input_file_ref idref="fl-dc"/>
      </object_component>
      <object_component id="oc-3a4">
         <name>.debug_info</name>
         <load_address>0x1423a</load_address>
         <run_address>0x1423a</run_address>
         <size>0x4b3</size>
         <input_file_ref idref="fl-dd"/>
      </object_component>
      <object_component id="oc-2d2">
         <name>.debug_info</name>
         <load_address>0x146ed</load_address>
         <run_address>0x146ed</run_address>
         <size>0x1a6</size>
         <input_file_ref idref="fl-dd"/>
      </object_component>
      <object_component id="oc-3dc">
         <name>.debug_info</name>
         <load_address>0x14893</load_address>
         <run_address>0x14893</run_address>
         <size>0x39</size>
         <input_file_ref idref="fl-dd"/>
      </object_component>
      <object_component id="oc-3f2">
         <name>.debug_info</name>
         <load_address>0x148cc</load_address>
         <run_address>0x148cc</run_address>
         <size>0x39</size>
         <input_file_ref idref="fl-dd"/>
      </object_component>
      <object_component id="oc-3e1">
         <name>.debug_info</name>
         <load_address>0x14905</load_address>
         <run_address>0x14905</run_address>
         <size>0x39</size>
         <input_file_ref idref="fl-dd"/>
      </object_component>
      <object_component id="oc-3e6">
         <name>.debug_info</name>
         <load_address>0x1493e</load_address>
         <run_address>0x1493e</run_address>
         <size>0xcd</size>
         <input_file_ref idref="fl-dd"/>
      </object_component>
      <object_component id="oc-17e">
         <name>.debug_info</name>
         <load_address>0x14a0b</load_address>
         <run_address>0x14a0b</run_address>
         <size>0x153</size>
         <input_file_ref idref="fl-de"/>
      </object_component>
      <object_component id="oc-2c5">
         <name>.debug_info</name>
         <load_address>0x14b5e</load_address>
         <run_address>0x14b5e</run_address>
         <size>0x122</size>
         <input_file_ref idref="fl-e0"/>
      </object_component>
      <object_component id="oc-42d">
         <name>.debug_info</name>
         <load_address>0x14c80</load_address>
         <run_address>0x14c80</run_address>
         <size>0xa2</size>
      </object_component>
      <object_component id="oc-280">
         <name>.debug_line</name>
         <load_address>0x0</load_address>
         <run_address>0x0</run_address>
         <size>0x2b7</size>
         <input_file_ref idref="fl-2"/>
      </object_component>
      <object_component id="oc-28c">
         <name>.debug_line</name>
         <load_address>0x2b7</load_address>
         <run_address>0x2b7</run_address>
         <size>0x2d</size>
         <input_file_ref idref="fl-2"/>
      </object_component>
      <object_component id="oc-28e">
         <name>.debug_line</name>
         <load_address>0x2e4</load_address>
         <run_address>0x2e4</run_address>
         <size>0x2d</size>
         <input_file_ref idref="fl-2"/>
      </object_component>
      <object_component id="oc-31">
         <name>.debug_line</name>
         <load_address>0x311</load_address>
         <run_address>0x311</run_address>
         <size>0x203</size>
         <input_file_ref idref="fl-2"/>
      </object_component>
      <object_component id="oc-284">
         <name>.debug_line</name>
         <load_address>0x514</load_address>
         <run_address>0x514</run_address>
         <size>0x5a</size>
         <input_file_ref idref="fl-2"/>
      </object_component>
      <object_component id="oc-289">
         <name>.debug_line</name>
         <load_address>0x56e</load_address>
         <run_address>0x56e</run_address>
         <size>0x59</size>
         <input_file_ref idref="fl-2"/>
      </object_component>
      <object_component id="oc-15a">
         <name>.debug_line</name>
         <load_address>0x5c7</load_address>
         <run_address>0x5c7</run_address>
         <size>0x6f</size>
         <input_file_ref idref="fl-2"/>
      </object_component>
      <object_component id="oc-153">
         <name>.debug_line</name>
         <load_address>0x636</load_address>
         <run_address>0x636</run_address>
         <size>0x20</size>
         <input_file_ref idref="fl-2"/>
      </object_component>
      <object_component id="oc-2b2">
         <name>.debug_line</name>
         <load_address>0x656</load_address>
         <run_address>0x656</run_address>
         <size>0x73</size>
         <input_file_ref idref="fl-2"/>
      </object_component>
      <object_component id="oc-14e">
         <name>.debug_line</name>
         <load_address>0x6c9</load_address>
         <run_address>0x6c9</run_address>
         <size>0x6f</size>
         <input_file_ref idref="fl-2"/>
      </object_component>
      <object_component id="oc-15f">
         <name>.debug_line</name>
         <load_address>0x738</load_address>
         <run_address>0x738</run_address>
         <size>0x70</size>
         <input_file_ref idref="fl-2"/>
      </object_component>
      <object_component id="oc-268">
         <name>.debug_line</name>
         <load_address>0x7a8</load_address>
         <run_address>0x7a8</run_address>
         <size>0x6b</size>
         <input_file_ref idref="fl-2"/>
      </object_component>
      <object_component id="oc-af">
[...]
      <symbol id="sm-c">
         <name>__c_args__</name>
         <value>0xffffffff</value>
      </symbol>
      <symbol id="sm-d">
         <name>__TI_pprof_out_hndl</name>
         <value>0xffffffff</value>
      </symbol>
      <symbol id="sm-e">
         <name>__TI_prof_data_start</name>
         <value>0xffffffff</value>
      </symbol>
      <symbol id="sm-f">
         <name>__TI_prof_data_size</name>
         <value>0xffffffff</value>
      </symbol>
      <symbol id="sm-cd">
         <name>g_bMPU6050Done</name>
         <value>0x200003ac</value>
      </symbol>
      <symbol id="sm-ce">
         <name>g_sI2CMSimpleInst</name>
         <value>0x20000200</value>
      </symbol>
      <symbol id="sm-cf">
         <name>ui32Load</name>
         <value>0x200003a0</value>
      </symbol>
      <symbol id="sm-d0">
         <name>e_k</name>
         <value>0x2000038c</value>
      </symbol>
      <symbol id="sm-d1">
         <name>w_k</name>
         <value>0x200003a8</value>
      </symbol>
      <symbol id="sm-d2">
         <name>e_d</name>
         <value>0x20000388</value>
      </symbol>
      <symbol id="sm-d3">
         <name>E_k</name>
         <value>0x20000374</value>
      </symbol>
      <symbol id="sm-d4">
         <name>u_k</name>
         <value>0x2000039c</value>
      </symbol>
      <symbol id="sm-d5">
         <name>e_k_1</name>
         <value>0x20000390</value>
      </symbol>
      <symbol id="sm-d6">
         <name>E_k_1</name>
         <value>0x20000378</value>
      </symbol>
      <symbol id="sm-d7">
         <name>ui32Period</name>
         <value>0x200003a4</value>
      </symbol>
      <symbol id="sm-d8">
         <name>fAccel</name>
         <value>0x2000035c</value>
      </symbol>
      <symbol id="sm-d9">
         <name>fGyro</name>
         <value>0x20000368</value>
      </symbol>
      <symbol id="sm-da">
         <name>sMPU6050</name>
         <value>0x20000324</value>
      </symbol>
      <symbol id="sm-db">
         <name>axuraw</name>
         <value>0x2000037c</value>
      </symbol>
      <symbol id="sm-dc">
         <name>ayuraw</name>
         <value>0x20000380</value>
      </symbol>
      <symbol id="sm-dd">
         <name>azuraw</name>
         <value>0x20000384</value>
      </symbol>
      <symbol id="sm-de">
         <name>outtoservo</name>
         <value>0x20000398</value>
      </symbol>
      <symbol id="sm-df">
         <name>inservo</name>
         <value>0x20000394</value>
      </symbol>
      <symbol id="sm-e0">
         <name>deltat</name>
         <value>0x2d88</value>
         <object_component_ref idref="oc-105"/>
      </symbol>
      <symbol id="sm-e1">
         <name>PIDflag</name>
         <value>0x200003b2</value>
         <object_component_ref idref="oc-fc"/>
      </symbol>
      <symbol id="sm-e2">
         <name>PIDblock</name>
         <value>0x397</value>
         <object_component_ref idref="oc-2d"/>
      </symbol>
      <symbol id="sm-e3">
         <name>y</name>
         <value>0x200003b8</value>
         <object_component_ref idref="oc-fc"/>
      </symbol>
      <symbol id="sm-e4">
         <name>x</name>
         <value>0x200003b4</value>
         <object_component_ref idref="oc-fc"/>
      </symbol>
      <symbol id="sm-e5">
         <name>Ek_1f</name>
         <value>0x200003b0</value>
         <object_component_ref idref="oc-fc"/>
      </symbol>
      <symbol id="sm-e6">
         <name>MPU6050Callback</name>
         <value>0x385</value>
         <object_component_ref idref="oc-2d"/>
      </symbol>
      <symbol id="sm-e7">
         <name>ek_1f</name>
         <value>0x200003b1</value>
         <object_component_ref idref="oc-fc"/>
      </symbol>
      <symbol id="sm-e8">
         <name>Kp</name>
         <value>0x2d8c</value>
         <object_component_ref idref="oc-105"/>
      </symbol>
      <symbol id="sm-e9">
         <name>Kd</name>
         <value>0x2d94</value>
         <object_component_ref idref="oc-105"/>
      </symbol>
      <symbol id="sm-ea">
         <name>KI</name>
         <value>0x2d90</value>
         <object_component_ref idref="oc-105"/>
      </symbol>
      <symbol id="sm-eb">
         <name>Timer0IntHandlerA</name>
         <value>0x26d</value>
         <object_component_ref idref="oc-2d"/>
      </symbol>
      <symbol id="sm-ec">
         <name>main</name>
         <value>0x571</value>
         <object_component_ref idref="oc-2d"/>
      </symbol>
      <symbol id="sm-ed">
         <name>InitI2C0</name>
         <value>0x2ed</value>
         <object_component_ref idref="oc-2d"/>
      </symbol>
      <symbol id="sm-ee">
         <name>ConfigureUART</name>
         <value>0x349</value>
         <object_component_ref idref="oc-2d"/>
      </symbol>
      <symbol id="sm-ef">
         <name>MPU6050init</name>
         <value>0x44f</value>
         <object_component_ref idref="oc-2d"/>
      </symbol>
      <symbol id="sm-f0">
         <name>PWMinit</name>
         <value>0x2c9</value>
         <object_component_ref idref="oc-2d"/>
      </symbol>
      <symbol id="sm-f1">
         <name>TIMER0en</name>
         <value>0x2d5</value>
         <object_component_ref idref="oc-2d"/>
      </symbol>
      <symbol id="sm-f2">
         <name>I2CMSimpleIntHandler</name>
         <value>0x27d</value>
         <object_component_ref idref="oc-2d"/>
      </symbol>
      <symbol id="sm-f3">
         <name>TIMER0init</name>
         <value>0x287</value>
         <object_component_ref idref="oc-2d"/>
      </symbol>
      <symbol id="sm-117">
         <name>motor1_configure</name>
         <value>0x101d</value>
         <object_component_ref idref="oc-aa"/>
      </symbol>
      <symbol id="sm-118">
         <name>motor2_configure</name>
         <value>0x108f</value>
         <object_component_ref idref="oc-aa"/>
      </symbol>
      <symbol id="sm-119">
         <name>motor_velocity_write</name>
         <value>0x1101</value>
         <object_component_ref idref="oc-aa"/>
      </symbol>
      <symbol id="sm-13a">
         <name>ResetISR</name>
         <value>0x2af1</value>
         <object_component_ref idref="oc-27"/>
      </symbol>
      <symbol id="sm-13b">
         <name>g_pfnVectors</name>
         <value>0x0</value>
         <object_component_ref idref="oc-12"/>
      </symbol>
      <symbol id="sm-1ac">
         <name>UARTgetc</name>
         <value>0x9cd</value>
         <object_component_ref idref="oc-e6"/>
      </symbol>
      <symbol id="sm-1ad">
         <name>UARTgets</name>
         <value>0x907</value>
         <object_component_ref idref="oc-e6"/>
      </symbol>
      <symbol id="sm-1ae">
         <name>UARTStdioConfig</name>
         <value>0x855</value>
         <object_component_ref idref="oc-e6"/>
      </symbol>
      <symbol id="sm-1af">
         <name>UARTwrite</name>
         <value>0x8b5</value>
         <object_component_ref idref="oc-e6"/>
      </symbol>
      <symbol id="sm-1b0">
         <name>UARTprintf</name>
         <value>0xcfb</value>
         <object_component_ref idref="oc-e6"/>
      </symbol>
      <symbol id="sm-1b1">
         <name>UARTvprintf</name>
         <value>0xa01</value>
         <object_component_ref idref="oc-e6"/>
      </symbol>
      <symbol id="sm-200">
         <name>GPIOPinTypePWM</name>
         <value>0x2a49</value>
         <object_component_ref idref="oc-203"/>
      </symbol>
      <symbol id="sm-201">
         <name>GPIOPinConfigure</name>
         <value>0x2641</value>
         <object_component_ref idref="oc-b6"/>
      </symbol>
      <symbol id="sm-202">
         <name>GPIOPinTypeI2CSCL</name>
         <value>0x2a37</value>
         <object_component_ref idref="oc-bc"/>
      </symbol>
      <symbol id="sm-203">
         <name>GPIOPinTypeI2C</name>
         <value>0x2a25</value>
         <object_component_ref idref="oc-c2"/>
      </symbol>
      <symbol id="sm-204">
         <name>GPIOPinTypeUART</name>
         <value>0x2a5b</value>
         <object_component_ref idref="oc-da"/>
      </symbol>
      <symbol id="sm-205">
         <name>GPIODirModeSet</name>
         <value>0x2925</value>
         <object_component_ref idref="oc-22e"/>
      </symbol>
      <symbol id="sm-206">
         <name>GPIOPadConfigSet</name>
         <value>0x1823</value>
         <object_component_ref idref="oc-234"/>
      </symbol>
      <symbol id="sm-24f">
         <name>I2CMasterDataPut</name>
         <value>0x2b3f</value>
         <object_component_ref idref="oc-319"/>
      </symbol>
      <symbol id="sm-250">
         <name>I2CMasterInitExpClk</name>
         <value>0x255d</value>
         <object_component_ref idref="oc-ce"/>
      </symbol>
      <symbol id="sm-251">
         <name>I2CMasterSlaveAddrSet</name>
         <value>0x2b17</value>
         <object_component_ref idref="oc-311"/>
      </symbol>
      <symbol id="sm-252">
         <name>I2CMasterDataGet</name>
         <value>0x2b3b</value>
         <object_component_ref idref="oc-307"/>
      </symbol>
      <symbol id="sm-253">
         <name>I2CMasterIntEnableEx</name>
         <value>0x2b0f</value>
         <object_component_ref idref="oc-248"/>
      </symbol>
      <symbol id="sm-254">
         <name>I2CMasterControl</name>
         <value>0x2b37</value>
         <object_component_ref idref="oc-19b"/>
      </symbol>
      <symbol id="sm-255">
         <name>I2CMasterEnable</name>
         <value>0x2afd</value>
         <object_component_ref idref="oc-240"/>
      </symbol>
      <symbol id="sm-256">
         <name>I2CMasterIntClear</name>
         <value>0x2b07</value>
         <object_component_ref idref="oc-195"/>
      </symbol>
      <symbol id="sm-2b4">
         <name>IntIsEnabled</name>
         <value>0x2289</value>
         <object_component_ref idref="oc-35e"/>
      </symbol>
      <symbol id="sm-2b5">
         <name>IntEnable</name>
         <value>0x21b9</value>
         <object_component_ref idref="oc-92"/>
      </symbol>
      <symbol id="sm-2b6">
         <name>IntTrigger</name>
         <value>0x2ad9</value>
         <object_component_ref idref="oc-36a"/>
      </symbol>
      <symbol id="sm-2b7">
         <name>IntDisable</name>
         <value>0x2151</value>
         <object_component_ref idref="oc-364"/>
      </symbol>
      <symbol id="sm-2b8">
         <name>IntMasterEnable</name>
         <value>0x2a91</value>
         <object_component_ref idref="oc-9e"/>
      </symbol>
      <symbol id="sm-2e5">
         <name>PWMGenPeriodSet</name>
         <value>0x2aa1</value>
         <object_component_ref idref="oc-20f"/>
      </symbol>
      <symbol id="sm-2e6">
         <name>PWMPulseWidthSet</name>
         <value>0x29bb</value>
         <object_component_ref idref="oc-221"/>
      </symbol>
      <symbol id="sm-2e7">
         <name>PWMOutputState</name>
         <value>0x2a6d</value>
         <object_component_ref idref="oc-21b"/>
      </symbol>
      <symbol id="sm-2e8">
         <name>PWMGenEnable</name>
         <value>0x2ae5</value>
         <object_component_ref idref="oc-215"/>
      </symbol>
      <symbol id="sm-2e9">
         <name>PWMGenConfigure</name>
         <value>0x2979</value>
         <object_component_ref idref="oc-209"/>
      </symbol>
      <symbol id="sm-344">
         <name>SysCtlPeripheralEnable</name>
         <value>0x28bd</value>
         <object_component_ref idref="oc-80"/>
      </symbol>
      <symbol id="sm-345">
         <name>SysCtlClockGet</name>
         <value>0x1955</value>
         <object_component_ref idref="oc-c8"/>
      </symbol>
      <symbol id="sm-346">
         <name>SysCtlPWMClockSet</name>
         <value>0x2a11</value>
         <object_component_ref idref="oc-1f7"/>
      </symbol>
      <symbol id="sm-347">
         <name>SysCtlPeripheralReady</name>
         <value>0x2819</value>
         <object_component_ref idref="oc-1fd"/>
      </symbol>
      <symbol id="sm-348">
         <name>SysCtlPeripheralReset</name>
         <value>0x250d</value>
         <object_component_ref idref="oc-b0"/>
      </symbol>
      <symbol id="sm-37c">
         <name>TimerLoadSet</name>
         <value>0x2a7f</value>
         <object_component_ref idref="oc-8c"/>
      </symbol>
      <symbol id="sm-37d">
         <name>TimerEnable</name>
         <value>0x2ab1</value>
         <object_component_ref idref="oc-a4"/>
      </symbol>
      <symbol id="sm-37e">
         <name>TimerIntEnable</name>
         <value>0x2b1f</value>
         <object_component_ref idref="oc-98"/>
      </symbol>
      <symbol id="sm-37f">
         <name>TimerConfigure</name>
         <value>0x234d</value>
         <object_component_ref idref="oc-86"/>
      </symbol>
      <symbol id="sm-380">
         <name>TimerIntClear</name>
         <value>0x2b43</value>
         <object_component_ref idref="oc-74"/>
      </symbol>
      <symbol id="sm-38d">
         <name>UARTClockSourceSet</name>
         <value>0x2b31</value>
         <object_component_ref idref="oc-e0"/>
      </symbol>
      <symbol id="sm-397">
         <name>CPUcpsie</name>
         <value>0x2acd</value>
         <object_component_ref idref="oc-1ef"/>
      </symbol>
      <symbol id="sm-46d">
         <name>I2CMCommand</name>
         <value>0x1e79</value>
         <object_component_ref idref="oc-26a"/>
      </symbol>
      <symbol id="sm-46e">
         <name>I2CMInit</name>
         <value>0x2889</value>
         <object_component_ref idref="oc-d4"/>
      </symbol>
      <symbol id="sm-46f">
         <name>I2CMReadModifyWrite8</name>
         <value>0x1f89</value>
         <object_component_ref idref="oc-278"/>
      </symbol>
      <symbol id="sm-470">
         <name>I2CMIntHandler</name>
         <value>0x1b61</value>
         <object_component_ref idref="oc-7a"/>
      </symbol>
      <symbol id="sm-4d3">
         <name>MPU6050DataGyroGetFloat</name>
         <value>0x2071</value>
         <object_component_ref idref="oc-114"/>
      </symbol>
      <symbol id="sm-4d4">
         <name>MPU6050DataAccelGetFloat</name>
         <value>0x2001</value>
         <object_component_ref idref="oc-10e"/>
      </symbol>
      <symbol id="sm-4d5">
         <name>MPU6050DataRead</name>
         <value>0x2469</value>
         <object_component_ref idref="oc-108"/>
      </symbol>
      <symbol id="sm-4d6">
         <name>MPU6050Init</name>
         <value>0x240d</value>
         <object_component_ref idref="oc-ec"/>
      </symbol>
      <symbol id="sm-4d7">
         <name>MPU6050ReadModifyWrite</name>
         <value>0x25a9</value>
         <object_component_ref idref="oc-f2"/>
      </symbol>
      <symbol id="sm-519">
         <name>atan2</name>
         <value>0x1205</value>
         <object_component_ref idref="oc-129"/>
      </symbol>
      <symbol id="sm-51a">
         <name>atan2l</name>
         <value>0x1205</value>
         <object_component_ref idref="oc-129"/>
      </symbol>
      <symbol id="sm-53c">
         <name>sqrtl</name>
         <value>0x1595</value>
         <object_component_ref idref="oc-135"/>
      </symbol>
      <symbol id="sm-53d">
         <name>sqrt</name>
         <value>0x1595</value>
         <object_component_ref idref="oc-135"/>
      </symbol>
      <symbol id="sm-573">
         <name>atanl</name>
         <value>0xd31</value>
         <object_component_ref idref="oc-298"/>
      </symbol>
      <symbol id="sm-574">
         <name>atan</name>
         <value>0xd31</value>
         <object_component_ref idref="oc-298"/>
      </symbol>
      <symbol id="sm-583">
         <name>__aeabi_uidivmod</name>
         <value>0x279b</value>
         <object_component_ref idref="oc-25b"/>
      </symbol>
      <symbol id="sm-584">
         <name>__aeabi_uidiv</name>
         <value>0x279b</value>
         <object_component_ref idref="oc-25b"/>
      </symbol>
      <symbol id="sm-59b">
         <name>__aeabi_dsub</name>
         <value>0x13dd</value>
         <object_component_ref idref="oc-13b"/>
      </symbol>
      <symbol id="sm-59c">
         <name>__aeabi_dadd</name>
         <value>0x13e7</value>
         <object_component_ref idref="oc-13b"/>
      </symbol>
      <symbol id="sm-5ae">
         <name>__aeabi_cdrcmple</name>
         <value>0x1f01</value>
         <object_component_ref idref="oc-382"/>
      </symbol>
      <symbol id="sm-5c2">
         <name>__aeabi_ddiv</name>
         <value>0x16ed</value>
         <object_component_ref idref="oc-12f"/>
      </symbol>
      <symbol id="sm-5cd">
         <name>__aeabi_dmul</name>
         <value>0x1a65</value>
         <object_component_ref idref="oc-11f"/>
      </symbol>
      <symbol id="sm-5d9">
         <name>__aeabi_d2f</name>
         <value>0x20e1</value>
         <object_component_ref idref="oc-124"/>
      </symbol>
      <symbol id="sm-5e4">
         <name>__aeabi_f2d</name>
         <value>0x2851</value>
         <object_component_ref idref="oc-11a"/>
      </symbol>
      <symbol id="sm-5fd">
         <name>__TI_zero_init_nomemset</name>
         <value>0x29d9</value>
         <object_component_ref idref="oc-4d"/>
      </symbol>
      <symbol id="sm-614">
         <name>__TI_decompress_none</name>
         <value>0x2abf</value>
         <object_component_ref idref="oc-1b"/>
      </symbol>
      <symbol id="sm-637">
         <name>__TI_decompress_lzss</name>
         <value>0x2221</value>
         <object_component_ref idref="oc-15"/>
      </symbol>
      <symbol id="sm-64d">
         <name>__aeabi_errno_addr</name>
         <value>0x2b29</value>
         <object_component_ref idref="oc-2a6"/>
      </symbol>
      <symbol id="sm-64e">
         <name>errno</name>
         <value>0x200003c4</value>
         <object_component_ref idref="oc-392"/>
      </symbol>
      <symbol id="sm-661">
         <name>__stack</name>
         <value>0x20000000</value>
         <object_component_ref idref="oc-24"/>
      </symbol>
      <symbol id="sm-662">
         <name>_c_int00_noargs</name>
         <value>0x28f1</value>
         <object_component_ref idref="oc-5f"/>
      </symbol>
      <symbol id="sm-66c">
         <name>__aeabi_idiv0</name>
         <value>0x1593</value>
         <object_component_ref idref="oc-353"/>
      </symbol>
      <symbol id="sm-66d">
         <name>__aeabi_ldiv0</name>
         <value>0x1593</value>
         <object_component_ref idref="oc-353"/>
      </symbol>
      <symbol id="sm-689">
         <name>memcpy</name>
         <value>0x1d45</value>
         <object_component_ref idref="oc-41"/>
      </symbol>
      <symbol id="sm-68a">
         <name>__aeabi_memcpy</name>
         <value>0x1d45</value>
         <object_component_ref idref="oc-41"/>
      </symbol>
      <symbol id="sm-68b">
         <name>__aeabi_memcpy8</name>
         <value>0x1d45</value>
         <object_component_ref idref="oc-41"/>
      </symbol>
      <symbol id="sm-68c">
         <name>__aeabi_memcpy4</name>
         <value>0x1d45</value>
         <object_component_ref idref="oc-41"/>
      </symbol>
      <symbol id="sm-6b4">
         <name>__TI_auto_init_nobinit_nopinit</name>
         <value>0x2715</value>
         <object_component_ref idref="oc-2d0"/>
      </symbol>
      <symbol id="sm-6be">
         <name>_system_pre_init</name>
         <value>0x2b47</value>
         <object_component_ref idref="oc-17c"/>
      </symbol>
      <symbol id="sm-6ca">
         <name>C$$EXIT</name>
         <value>0x2b4b</value>
         <object_component_ref idref="oc-2c4"/>
      </symbol>
      <symbol id="sm-6cb">
         <name>abort</name>
         <value>0x2b4b</value>
         <object_component_ref idref="oc-2c4"/>
      </symbol>
      <symbol id="sm-6ce">
         <name>__TI_static_base__</name>
         <value>0x0</value>
      </symbol>
      <symbol id="sm-6d1">
         <name>__mpu_init</name>
         <value>0x0</value>
      </symbol>
      <symbol id="sm-6d2">
         <name>_system_post_cinit</name>
         <value>0x0</value>
      </symbol>
   </symbol_table>
   <title>Link successful</title>
</link_info>
